Archive member included to satisfy reference by file (symbol)

.\CortexM3\ARM_GCC_541\Debug\Group17Robot.a(TIA_1.o)
                              .\CortexM3\ARM_GCC_541\Debug\main.o (TIA_1_Start)
.\CortexM3\ARM_GCC_541\Debug\Group17Robot.a(CyLib.o)
                              .\CortexM3\ARM_GCC_541\Debug\Cm3Start.o (CyHalt)
.\CortexM3\ARM_GCC_541\Debug\Group17Robot.a(cyPm.o)
                              .\CortexM3\ARM_GCC_541\Debug\Group17Robot.a(CyLib.o) (CyPmReadStatus)
.\CortexM3\ARM_GCC_541\Debug\Group17Robot.a(UART_1.o)
                              .\CortexM3\ARM_GCC_541\Debug\main.o (UART_1_Start)
.\CortexM3\ARM_GCC_541\Debug\Group17Robot.a(UART_1_IntClock.o)
                              .\CortexM3\ARM_GCC_541\Debug\Group17Robot.a(UART_1.o) (UART_1_IntClock_Start)
.\CortexM3\ARM_GCC_541\Debug\Group17Robot.a(ADC.o)
                              .\CortexM3\ARM_GCC_541\Debug\main.o (ADC_Start)
.\CortexM3\ARM_GCC_541\Debug\Group17Robot.a(ADC_INT.o)
                              .\CortexM3\ARM_GCC_541\Debug\Group17Robot.a(ADC.o) (ADC_ISR1)
.\CortexM3\ARM_GCC_541\Debug\Group17Robot.a(ADC_Ext_CP_Clk.o)
                              .\CortexM3\ARM_GCC_541\Debug\Group17Robot.a(ADC.o) (ADC_Ext_CP_Clk_SetModeRegister)
.\CortexM3\ARM_GCC_541\Debug\Group17Robot.a(ADC_theACLK.o)
                              .\CortexM3\ARM_GCC_541\Debug\Group17Robot.a(ADC.o) (ADC_theACLK_SetModeRegister)
.\CortexM3\ARM_GCC_541\Debug\Group17Robot.a(IDAC8_1.o)
                              .\CortexM3\ARM_GCC_541\Debug\main.o (IDAC8_1_SetValue)
.\CortexM3\ARM_GCC_541\Debug\Group17Robot.a(LED_Blue.o)
                              .\CortexM3\ARM_GCC_541\Debug\colour.o (LED_Blue_Write)
.\CortexM3\ARM_GCC_541\Debug\Group17Robot.a(LED_Red.o)
                              .\CortexM3\ARM_GCC_541\Debug\colour.o (LED_Red_Write)
.\CortexM3\ARM_GCC_541\Debug\Group17Robot.a(LED_Green.o)
                              .\CortexM3\ARM_GCC_541\Debug\colour.o (LED_Green_Write)
.\CortexM3\ARM_GCC_541\Debug\Group17Robot.a(RGB_Green.o)
                              .\CortexM3\ARM_GCC_541\Debug\colour.o (RGB_Green_Write)
.\CortexM3\ARM_GCC_541\Debug\Group17Robot.a(RGB_Red.o)
                              .\CortexM3\ARM_GCC_541\Debug\colour.o (RGB_Red_Write)
.\CortexM3\ARM_GCC_541\Debug\Group17Robot.a(RGB_Blue.o)
                              .\CortexM3\ARM_GCC_541\Debug\colour.o (RGB_Blue_Write)
.\CortexM3\ARM_GCC_541\Debug\Group17Robot.a(Timer_1.o)
                              .\CortexM3\ARM_GCC_541\Debug\ultrasonic.o (Timer_1_Stop)
.\CortexM3\ARM_GCC_541\Debug\Group17Robot.a(Trigger_1.o)
                              .\CortexM3\ARM_GCC_541\Debug\ultrasonic.o (Trigger_1_Write)
.\CortexM3\ARM_GCC_541\Debug\Group17Robot.a(Trigger_2.o)
                              .\CortexM3\ARM_GCC_541\Debug\ultrasonic.o (Trigger_2_Write)
.\CortexM3\ARM_GCC_541\Debug\Group17Robot.a(Trigger_3.o)
                              .\CortexM3\ARM_GCC_541\Debug\ultrasonic.o (Trigger_3_Write)
.\CortexM3\ARM_GCC_541\Debug\Group17Robot.a(Trigger_4.o)
                              .\CortexM3\ARM_GCC_541\Debug\ultrasonic.o (Trigger_4_Write)
.\CortexM3\ARM_GCC_541\Debug\Group17Robot.a(Trigger_5.o)
                              .\CortexM3\ARM_GCC_541\Debug\ultrasonic.o (Trigger_5_Write)
.\CortexM3\ARM_GCC_541\Debug\Group17Robot.a(Ultrasonic_Mux_Control.o)
                              .\CortexM3\ARM_GCC_541\Debug\ultrasonic.o (Ultrasonic_Mux_Control_Write)
.\CortexM3\ARM_GCC_541\Debug\Group17Robot.a(Motor_2_driver.o)
                              .\CortexM3\ARM_GCC_541\Debug\dcmotor.o (Motor_2_driver_WriteCompare1)
.\CortexM3\ARM_GCC_541\Debug\Group17Robot.a(Motor_2_driver_PM.o)
                              .\CortexM3\ARM_GCC_541\Debug\main.o (Motor_2_driver_Sleep)
.\CortexM3\ARM_GCC_541\Debug\Group17Robot.a(Motor_1_driver.o)
                              .\CortexM3\ARM_GCC_541\Debug\dcmotor.o (Motor_1_driver_WriteCompare1)
.\CortexM3\ARM_GCC_541\Debug\Group17Robot.a(Motor_1_driver_PM.o)
                              .\CortexM3\ARM_GCC_541\Debug\main.o (Motor_1_driver_Sleep)
.\CortexM3\ARM_GCC_541\Debug\Group17Robot.a(Gripper_Servo_PWM.o)
                              .\CortexM3\ARM_GCC_541\Debug\servo.o (Gripper_Servo_PWM_WriteCompare)
.\CortexM3\ARM_GCC_541\Debug\Group17Robot.a(Rack_Servo_PWM.o)
                              .\CortexM3\ARM_GCC_541\Debug\servo.o (Rack_Servo_PWM_WriteCompare)
.\CortexM3\ARM_GCC_541\Debug\Group17Robot.a(PWM_colour.o)
                              .\CortexM3\ARM_GCC_541\Debug\colour.o (PWM_colour_WriteCompare)
.\CortexM3\ARM_GCC_541\Debug\Group17Robot.a(PWM_colour_PM.o)
                              .\CortexM3\ARM_GCC_541\Debug\main.o (PWM_colour_Sleep)
.\CortexM3\ARM_GCC_541\Debug\Group17Robot.a(control_led.o)
                              .\CortexM3\ARM_GCC_541\Debug\colour.o (control_led_Write)
.\CortexM3\ARM_GCC_541\Debug\Group17Robot.a(control_photodiode.o)
[...]
Memory Configuration

Name             Origin             Length             Attributes
rom              0x00000000         0x00040000         xr
ram              0x1fff8000         0x00010000         xrw
*default*        0x00000000         0xffffffff

Linker script and memory map

LOAD d:/program files (x86)/cyprus/psoc creator/4.2/psoc creator/import/gnu/arm/5.4.1/bin/../lib/gcc/arm-none-eabi/5.4.1/armv7-m/crti.o
LOAD d:/program files (x86)/cyprus/psoc creator/4.2/psoc creator/import/gnu/arm/5.4.1/bin/../lib/gcc/arm-none-eabi/5.4.1/armv7-m/crtbegin.o
LOAD d:/program files (x86)/cyprus/psoc creator/4.2/psoc creator/import/gnu/arm/5.4.1/bin/../lib/gcc/arm-none-eabi/5.4.1/../../../../arm-none-eabi/lib/armv7-m/crt0.o
START GROUP
LOAD .\CortexM3\ARM_GCC_541\Debug\main.o
LOAD .\CortexM3\ARM_GCC_541\Debug\colour.o
LOAD .\CortexM3\ARM_GCC_541\Debug\ultrasonic.o
LOAD .\CortexM3\ARM_GCC_541\Debug\dcmotor.o
LOAD .\CortexM3\ARM_GCC_541\Debug\servo.o
LOAD .\CortexM3\ARM_GCC_541\Debug\customMath.o
LOAD .\CortexM3\ARM_GCC_541\Debug\cyfitter_cfg.o
LOAD .\CortexM3\ARM_GCC_541\Debug\cymetadata.o
LOAD .\CortexM3\ARM_GCC_541\Debug\Cm3Start.o
LOAD .\CortexM3\ARM_GCC_541\Debug\Group17Robot.a
LOAD D:\Program Files (x86)\Cyprus\PSoC Creator\4.2\PSoC Creator\psoc\content\cycomponentlibrary\CyComponentLibrary.cylib\CortexM3\ARM_GCC_541\Debug\CyComponentLibrary.a
LOAD d:/program files (x86)/cyprus/psoc creator/4.2/psoc creator/import/gnu/arm/5.4.1/bin/../lib/gcc/arm-none-eabi/5.4.1/../../../../arm-none-eabi/lib/armv7-m\libm.a
END GROUP
START GROUP
LOAD d:/program files (x86)/cyprus/psoc creator/4.2/psoc creator/import/gnu/arm/5.4.1/bin/../lib/gcc/arm-none-eabi/5.4.1/armv7-m\libgcc.a
LOAD d:/program files (x86)/cyprus/psoc creator/4.2/psoc creator/import/gnu/arm/5.4.1/bin/../lib/gcc/arm-none-eabi/5.4.1/../../../../arm-none-eabi/lib/armv7-m\libg_nano.a
LOAD d:/program files (x86)/cyprus/psoc creator/4.2/psoc creator/import/gnu/arm/5.4.1/bin/../lib/gcc/arm-none-eabi/5.4.1/../../../../arm-none-eabi/lib/armv7-m\libc_nano.a
END GROUP
START GROUP
LOAD d:/program files (x86)/cyprus/psoc creator/4.2/psoc creator/import/gnu/arm/5.4.1/bin/../lib/gcc/arm-none-eabi/5.4.1/armv7-m\libgcc.a
LOAD d:/program files (x86)/cyprus/psoc creator/4.2/psoc creator/import/gnu/arm/5.4.1/bin/../lib/gcc/arm-none-eabi/5.4.1/../../../../arm-none-eabi/lib/armv7-m\libc_nano.a
END GROUP
LOAD d:/program files (x86)/cyprus/psoc creator/4.2/psoc creator/import/gnu/arm/5.4.1/bin/../lib/gcc/arm-none-eabi/5.4.1/armv7-m/crtend.o
LOAD d:/program files (x86)/cyprus/psoc creator/4.2/psoc creator/import/gnu/arm/5.4.1/bin/../lib/gcc/arm-none-eabi/5.4.1/armv7-m/crtn.o
START GROUP
LOAD d:/program files (x86)/cyprus/psoc creator/4.2/psoc creator/import/gnu/arm/5.4.1/bin/../lib/gcc/arm-none-eabi/5.4.1/armv7-m\libgcc.a
LOAD d:/program files (x86)/cyprus/psoc creator/4.2/psoc creator/import/gnu/arm/5.4.1/bin/../lib/gcc/arm-none-eabi/5.4.1/../../../../arm-none-eabi/lib/armv7-m\libc.a
LOAD d:/program files (x86)/cyprus/psoc creator/4.2/psoc creator/import/gnu/arm/5.4.1/bin/../lib/gcc/arm-none-eabi/5.4.1/../../../../arm-none-eabi/lib/armv7-m\libnosys.a
END GROUP
                0x00000000                CY_APPL_ORIGIN = 0x0
                0x00000100                CY_FLASH_ROW_SIZE = 0x100
                0x00000020                CY_ECC_ROW_SIZE = 0x20
                0x00000000                CY_EE_IN_BTLDR = 0x0
                0x00000000                CY_APPL_LOADABLE = 0x0
                0x00000800                CY_EE_SIZE = 0x800
                0x00000001                CY_APPL_NUM = 0x1
                0x00000001                CY_APPL_MAX = 0x1
                0x00000040                CY_METADATA_SIZE = 0x40
                0x00000000                CY_APPL_LOADABLE = 0x0
                0x00000000                CY_CHECKSUM_EXCLUDE_SIZE = ALIGN (0x0, CY_FLASH_ROW_SIZE)
                [!provide]                PROVIDE (__cy_heap_start, _end)
                0x00000001                PROVIDE (__cy_region_num, ((__cy_regions_end - __cy_regions) / 0x10))
                0x20008000                PROVIDE (__cy_stack, (ORIGIN (ram) + LENGTH (ram)))
                [!provide]                PROVIDE (__cy_heap_end, (__cy_stack - 0x800))

.cybootloader   0x00000000        0x0
 *(.cybootloader)
                0x00000000                appl1_start = CY_APPL_ORIGIN?CY_APPL_ORIGIN:ALIGN (CY_FLASH_ROW_SIZE)
                0x0001ff00                appl2_start = (appl1_start + ALIGN ((((LENGTH (rom) - appl1_start) - (0x2 * CY_FLASH_ROW_SIZE)) / 0x2), CY_FLASH_ROW_SIZE))
                0x00000000                appl_start = (CY_APPL_NUM == 0x1)?appl1_start:appl2_start
                0x00000000                ecc_offset = ((appl_start / CY_FLASH_ROW_SIZE) * CY_ECC_ROW_SIZE)
                0x00000000                ee_offset = (CY_APPL_LOADABLE && ! (CY_EE_IN_BTLDR))?((CY_EE_SIZE / CY_APPL_MAX) * (CY_APPL_NUM - 0x1)):0x0
                0x00000800                ee_size = (CY_APPL_LOADABLE && ! (CY_EE_IN_BTLDR))?(CY_EE_SIZE / CY_APPL_MAX):CY_EE_SIZE
                [!provide]                PROVIDE (CY_ECC_OFFSET, ecc_offset)

.text           0x00000000     0x68f4
 CREATE_OBJECT_SYMBOLS
                0x00000000                PROVIDE (__cy_interrupt_vector, RomVectors)
 *(.romvectors)
 .romvectors    0x00000000       0x10 .\CortexM3\ARM_GCC_541\Debug\Cm3Start.o
                0x00000000                RomVectors
                0x00000001                ASSERT ((. != __cy_interrupt_vector), No interrupt vector)
                0x00000001                ASSERT (CY_APPL_ORIGIN?(SIZEOF (.cybootloader) <= CY_APPL_ORIGIN):0x1, Wrong image location)
                0x00000010                PROVIDE (__cy_reset, Reset)
 *(.text.Reset)
 .text.Reset    0x00000010       0x18 .\CortexM3\ARM_GCC_541\Debug\Cm3Start.o
                0x00000010                Reset
                0x00000001                ASSERT ((. != __cy_reset), No reset code)
 *(.dma_init)
                0x00000001                ASSERT ((((appl_start + .) <= 0x10000) || 0x1), DMA Init must be within the first 64k of flash)
 *(.text .text.* .gnu.linkonce.t.*)
 .text          0x00000028       0x5c d:/program files (x86)/cyprus/psoc creator/4.2/psoc creator/import/gnu/arm/5.4.1/bin/../lib/gcc/arm-none-eabi/5.4.1/armv7-m/crtbegin.o
 .text.TIH      0x00000084        0x8 .\CortexM3\ARM_GCC_541\Debug\main.o
                0x00000084                TIH
 .text.StartIH  0x0000008c       0x20 .\CortexM3\ARM_GCC_541\Debug\main.o
                0x0000008c                StartIH
 .text.main     0x000000ac      0x18c .\CortexM3\ARM_GCC_541\Debug\main.o
                0x000000ac                main
 .text.ColourIntialiseViaHardware
                0x00000238       0x94 .\CortexM3\ARM_GCC_541\Debug\colour.o
                0x00000238                ColourIntialiseViaHardware
 .text.ColourSensingViaHardware
                0x000002cc       0x88 .\CortexM3\ARM_GCC_541\Debug\colour.o
                0x000002cc                ColourSensingViaHardware
 .text.takeColourMeasurement
                0x00000354        0x4 .\CortexM3\ARM_GCC_541\Debug\ultrasonic.o
                0x00000354                takeColourMeasurement
 .text.printSensorToUART
                0x00000358       0x30 .\CortexM3\ARM_GCC_541\Debug\ultrasonic.o
                0x00000358                printSensorToUART
 .text.ultrasonicInterruptHandler
                0x00000388      0x120 .\CortexM3\ARM_GCC_541\Debug\ultrasonic.o
                0x00000388                ultrasonicInterruptHandler
 .text.distanceSensor
                0x000004a8       0x80 .\CortexM3\ARM_GCC_541\Debug\ultrasonic.o
                0x000004a8                distanceSensor
 .text.distanceCheck
                0x00000528       0x2c .\CortexM3\ARM_GCC_541\Debug\ultrasonic.o
                0x00000528                distanceCheck
 .text.moveForwardABit
                0x00000554       0x34 .\CortexM3\ARM_GCC_541\Debug\dcmotor.o
                0x00000554                moveForwardABit
 .text.moveBackwardABit
                0x00000588       0x34 .\CortexM3\ARM_GCC_541\Debug\dcmotor.o
                0x00000588                moveBackwardABit
 .text.turnLeftABit
                0x000005bc       0x34 .\CortexM3\ARM_GCC_541\Debug\dcmotor.o
                0x000005bc                turnLeftABit
 .text.turnRightABit
                0x000005f0       0x34 .\CortexM3\ARM_GCC_541\Debug\dcmotor.o
                0x000005f0                turnRightABit
 .text.moveForward
                0x00000624       0x14 .\CortexM3\ARM_GCC_541\Debug\dcmotor.o
                0x00000624                moveForward
 .text.moveBackward
                0x00000638       0x14 .\CortexM3\ARM_GCC_541\Debug\dcmotor.o
                0x00000638                moveBackward
 .text.turnRight
                0x0000064c       0x14 .\CortexM3\ARM_GCC_541\Debug\dcmotor.o
                0x0000064c                turnRight
 .text.turnLeft
                0x00000660       0x14 .\CortexM3\ARM_GCC_541\Debug\dcmotor.o
                0x00000660                turnLeft
 *fill*         0x00000674        0x4 
 .text.displaceRight
                0x00000678       0x78 .\CortexM3\ARM_GCC_541\Debug\dcmotor.o
                0x00000678                displaceRight
 .text.moveForwardIndefinitely
                0x000006f0       0x3c .\CortexM3\ARM_GCC_541\Debug\dcmotor.o
                0x000006f0                moveForwardIndefinitely
 .text.moveBackwardIndefinitely
                0x0000072c       0x3c .\CortexM3\ARM_GCC_541\Debug\dcmotor.o
                0x0000072c                moveBackwardIndefinitely
 .text.armOpen  0x00000768       0x20 .\CortexM3\ARM_GCC_541\Debug\servo.o
                0x00000768                armOpen
 .text.armClose
                0x00000788       0x20 .\CortexM3\ARM_GCC_541\Debug\servo.o
                0x00000788                armClose
 .text.armUp    0x000007a8       0x3c .\CortexM3\ARM_GCC_541\Debug\servo.o
                0x000007a8                armUp
 .text.armDown  0x000007e4       0x3c .\CortexM3\ARM_GCC_541\Debug\servo.o
                0x000007e4                armDown
 .text.averageSensor
                0x00000820       0x10 .\CortexM3\ARM_GCC_541\Debug\customMath.o
                0x00000820                averageSensor
 .text.CyClockStartupError
                0x00000830        0x4 .\CortexM3\ARM_GCC_541\Debug\cyfitter_cfg.o
 .text.cfg_write_bytes32
                0x00000834       0x34 .\CortexM3\ARM_GCC_541\Debug\cyfitter_cfg.o
 .text.AnalogSetDefault
                0x00000868       0x8c .\CortexM3\ARM_GCC_541\Debug\cyfitter_cfg.o
 .text.CYMEMZERO
                0x000008f4        0xc .\CortexM3\ARM_GCC_541\Debug\cyfitter_cfg.o
 .text.CYCONFIGCPY
                0x00000900        0x8 .\CortexM3\ARM_GCC_541\Debug\cyfitter_cfg.o
 .text.ClockSetup
                0x00000908      0x120 .\CortexM3\ARM_GCC_541\Debug\cyfitter_cfg.o
 .text.cyfitter_cfg
                0x00000a28      0x164 .\CortexM3\ARM_GCC_541\Debug\cyfitter_cfg.o
                0x00000a28                cyfitter_cfg
 .text.IntDefaultHandler
                0x00000b8c       0x10 .\CortexM3\ARM_GCC_541\Debug\Cm3Start.o
                0x00000b8c                IntDefaultHandler
 .text._sbrk    0x00000b9c       0x30 .\CortexM3\ARM_GCC_541\Debug\Cm3Start.o
                0x00000b9c                _sbrk
 .text.Start_c  0x00000bcc       0x4c .\CortexM3\ARM_GCC_541\Debug\Cm3Start.o
                0x00000bcc                Start_c
 .text.initialize_psoc
                0x00000c18       0x68 .\CortexM3\ARM_GCC_541\Debug\Cm3Start.o
                0x00000c18                initialize_psoc
 .text.TIA_1_Enable
                0x00000c80       0x28 .\CortexM3\ARM_GCC_541\Debug\Group17Robot.a(TIA_1.o)
                0x00000c80                TIA_1_Enable
 .text.TIA_1_SetPower
                0x00000ca8       0x18 .\CortexM3\ARM_GCC_541\Debug\Group17Robot.a(TIA_1.o)
                0x00000ca8                TIA_1_SetPower
 .text.TIA_1_SetResFB
                0x00000cc0       0x20 .\CortexM3\ARM_GCC_541\Debug\Group17Robot.a(TIA_1.o)
                0x00000cc0                TIA_1_SetResFB
 .text.TIA_1_SetCapFB
                0x00000ce0       0x20 .\CortexM3\ARM_GCC_541\Debug\Group17Robot.a(TIA_1.o)
                0x00000ce0                TIA_1_SetCapFB
 .text.TIA_1_Init
                0x00000d00       0x2c .\CortexM3\ARM_GCC_541\Debug\Group17Robot.a(TIA_1.o)
                0x00000d00                TIA_1_Init
 .text.TIA_1_Start
                0x00000d2c       0x1c .\CortexM3\ARM_GCC_541\Debug\Group17Robot.a(TIA_1.o)
                0x00000d2c                TIA_1_Start
 .text.CyHalt   0x00000d48        0x4 .\CortexM3\ARM_GCC_541\Debug\Group17Robot.a(CyLib.o)
                0x00000d48                CyHalt
 .text.CyDelay  0x00000d4c       0x2c .\CortexM3\ARM_GCC_541\Debug\Group17Robot.a(CyLib.o)
                0x00000d4c                CyDelay
 .text.CyDelayUs
                0x00000d78       0x14 .\CortexM3\ARM_GCC_541\Debug\Group17Robot.a(CyLib.o)
                0x00000d78                CyDelayUs
 .text.CyIntSetVector
                0x00000d8c       0x28 .\CortexM3\ARM_GCC_541\Debug\Group17Robot.a(CyLib.o)
                0x00000d8c                CyIntSetVector
 .text.CyIntSetPriority
                0x00000db4       0x30 .\CortexM3\ARM_GCC_541\Debug\Group17Robot.a(CyLib.o)
                0x00000db4                CyIntSetPriority
 .text.UART_1_Init
                0x00000de4       0x28 .\CortexM3\ARM_GCC_541\Debug\Group17Robot.a(UART_1.o)
                0x00000de4                UART_1_Init
 .text.UART_1_Enable
                0x00000e0c       0x38 .\CortexM3\ARM_GCC_541\Debug\Group17Robot.a(UART_1.o)
                0x00000e0c                UART_1_Enable
 .text.UART_1_Start
                0x00000e44       0x1c .\CortexM3\ARM_GCC_541\Debug\Group17Robot.a(UART_1.o)
                0x00000e44                UART_1_Start
 .text.UART_1_PutChar
                0x00000e60       0x18 .\CortexM3\ARM_GCC_541\Debug\Group17Robot.a(UART_1.o)
                0x00000e60                UART_1_PutChar
 .text.UART_1_PutString
                0x00000e78       0x24 .\CortexM3\ARM_GCC_541\Debug\Group17Robot.a(UART_1.o)
                0x00000e78                UART_1_PutString
 .text.UART_1_IntClock_Start
                0x00000e9c       0x1c .\CortexM3\ARM_GCC_541\Debug\Group17Robot.a(UART_1_IntClock.o)
                0x00000e9c                UART_1_IntClock_Start
 .text.ADC_GainCompensation
                0x00000eb8       0xe0 .\CortexM3\ARM_GCC_541\Debug\Group17Robot.a(ADC.o)
 .text.ADC_SetDSMRef0Reg
                0x00000f98       0x4c .\CortexM3\ARM_GCC_541\Debug\Group17Robot.a(ADC.o)
 .text.ADC_InitConfig
                0x00000fe4      0x314 .\CortexM3\ARM_GCC_541\Debug\Group17Robot.a(ADC.o)
 .text.ADC_Init
                0x000012f8      0x108 .\CortexM3\ARM_GCC_541\Debug\Group17Robot.a(ADC.o)
                0x000012f8                ADC_Init
 .text.ADC_Enable
                0x00001400       0xd8 .\CortexM3\ARM_GCC_541\Debug\Group17Robot.a(ADC.o)
                0x00001400                ADC_Enable
 .text.ADC_Start
                0x000014d8       0x28 .\CortexM3\ARM_GCC_541\Debug\Group17Robot.a(ADC.o)
                0x000014d8                ADC_Start
 .text.ADC_StartConvert
                0x00001500       0x10 .\CortexM3\ARM_GCC_541\Debug\Group17Robot.a(ADC.o)
                0x00001500                ADC_StartConvert
 .text.ADC_StopConvert
                0x00001510       0x10 .\CortexM3\ARM_GCC_541\Debug\Group17Robot.a(ADC.o)
                0x00001510                ADC_StopConvert
 .text.ADC_IsEndConversion
                0x00001520       0x30 .\CortexM3\ARM_GCC_541\Debug\Group17Robot.a(ADC.o)
                0x00001520                ADC_IsEndConversion
 .text.ADC_GetResult32
                0x00001550       0x6c .\CortexM3\ARM_GCC_541\Debug\Group17Robot.a(ADC.o)
                0x00001550                ADC_GetResult32
 .text.ADC_Read32
                0x000015bc       0x28 .\CortexM3\ARM_GCC_541\Debug\Group17Robot.a(ADC.o)
                0x000015bc                ADC_Read32
 .text.ADC_ISR1
                0x000015e4        0x4 .\CortexM3\ARM_GCC_541\Debug\Group17Robot.a(ADC_INT.o)
                0x000015e4                ADC_ISR1
 .text.ADC_ISR2
                0x000015e8        0x4 .\CortexM3\ARM_GCC_541\Debug\Group17Robot.a(ADC_INT.o)
                0x000015e8                ADC_ISR2
 .text.ADC_ISR3
                0x000015ec        0x4 .\CortexM3\ARM_GCC_541\Debug\Group17Robot.a(ADC_INT.o)
                0x000015ec                ADC_ISR3
 .text.ADC_ISR4
                0x000015f0        0x4 .\CortexM3\ARM_GCC_541\Debug\Group17Robot.a(ADC_INT.o)
                0x000015f0                ADC_ISR4
 .text.ADC_Ext_CP_Clk_GetDividerRegister
                0x000015f4        0xc .\CortexM3\ARM_GCC_541\Debug\Group17Robot.a(ADC_Ext_CP_Clk.o)
                0x000015f4                ADC_Ext_CP_Clk_GetDividerRegister
 .text.ADC_Ext_CP_Clk_SetModeRegister
                0x00001600       0x14 .\CortexM3\ARM_GCC_541\Debug\Group17Robot.a(ADC_Ext_CP_Clk.o)
                0x00001600                ADC_Ext_CP_Clk_SetModeRegister
 .text.ADC_Ext_CP_Clk_GetSourceRegister
                0x00001614       0x10 .\CortexM3\ARM_GCC_541\Debug\Group17Robot.a(ADC_Ext_CP_Clk.o)
                0x00001614                ADC_Ext_CP_Clk_GetSourceRegister
 .text.ADC_Ext_CP_Clk_SetDividerRegister
                0x00001624       0xd8 .\CortexM3\ARM_GCC_541\Debug\Group17Robot.a(ADC_Ext_CP_Clk.o)
                0x00001624                ADC_Ext_CP_Clk_SetDividerRegister
 .text.ADC_theACLK_GetDividerRegister
                0x000016fc        0xc .\CortexM3\ARM_GCC_541\Debug\Group17Robot.a(ADC_theACLK.o)
                0x000016fc                ADC_theACLK_GetDividerRegister
 .text.ADC_theACLK_SetModeRegister
                0x00001708       0x14 .\CortexM3\ARM_GCC_541\Debug\Group17Robot.a(ADC_theACLK.o)
                0x00001708                ADC_theACLK_SetModeRegister
 .text.ADC_theACLK_GetSourceRegister
                0x0000171c       0x10 .\CortexM3\ARM_GCC_541\Debug\Group17Robot.a(ADC_theACLK.o)
                0x0000171c                ADC_theACLK_GetSourceRegister
 .text.ADC_theACLK_SetDividerRegister
                0x0000172c       0xd8 .\CortexM3\ARM_GCC_541\Debug\Group17Robot.a(ADC_theACLK.o)
                0x0000172c                ADC_theACLK_SetDividerRegister
 .text.IDAC8_1_Enable
                0x00001804       0x1c .\CortexM3\ARM_GCC_541\Debug\Group17Robot.a(IDAC8_1.o)
                0x00001804                IDAC8_1_Enable
 .text.IDAC8_1_SetSpeed
                0x00001820       0x1c .\CortexM3\ARM_GCC_541\Debug\Group17Robot.a(IDAC8_1.o)
                0x00001820                IDAC8_1_SetSpeed
 .text.IDAC8_1_SetValue
                0x0000183c        0xc .\CortexM3\ARM_GCC_541\Debug\Group17Robot.a(IDAC8_1.o)
                0x0000183c                IDAC8_1_SetValue
 .text.IDAC8_1_DacTrim
                0x00001848       0x34 .\CortexM3\ARM_GCC_541\Debug\Group17Robot.a(IDAC8_1.o)
                0x00001848                IDAC8_1_DacTrim
 .text.IDAC8_1_Init
                0x0000187c       0x24 .\CortexM3\ARM_GCC_541\Debug\Group17Robot.a(IDAC8_1.o)
                0x0000187c                IDAC8_1_Init
 .text.IDAC8_1_Start
                0x000018a0       0x24 .\CortexM3\ARM_GCC_541\Debug\Group17Robot.a(IDAC8_1.o)
                0x000018a0                IDAC8_1_Start
 .text.IDAC8_1_SetRange
                0x000018c4       0x20 .\CortexM3\ARM_GCC_541\Debug\Group17Robot.a(IDAC8_1.o)
                0x000018c4                IDAC8_1_SetRange
 .text.Timer_1_Enable
                0x000018e4       0x10 .\CortexM3\ARM_GCC_541\Debug\Group17Robot.a(Timer_1.o)
                0x000018e4                Timer_1_Enable
 .text.Timer_1_Stop
                0x000018f4       0x10 .\CortexM3\ARM_GCC_541\Debug\Group17Robot.a(Timer_1.o)
                0x000018f4                Timer_1_Stop
 .text.Timer_1_SetInterruptMode
                0x00001904        0xc .\CortexM3\ARM_GCC_541\Debug\Group17Robot.a(Timer_1.o)
                0x00001904                Timer_1_SetInterruptMode
 .text.Timer_1_ReadStatusRegister
                0x00001910        0xc .\CortexM3\ARM_GCC_541\Debug\Group17Robot.a(Timer_1.o)
                0x00001910                Timer_1_ReadStatusRegister
 .text.Timer_1_WritePeriod
                0x0000191c        0xc .\CortexM3\ARM_GCC_541\Debug\Group17Robot.a(Timer_1.o)
                0x0000191c                Timer_1_WritePeriod
 .text.Timer_1_ReadCapture
                0x00001928        0xc .\CortexM3\ARM_GCC_541\Debug\Group17Robot.a(Timer_1.o)
                0x00001928                Timer_1_ReadCapture
 .text.Timer_1_WriteCounter
                0x00001934        0xc .\CortexM3\ARM_GCC_541\Debug\Group17Robot.a(Timer_1.o)
                0x00001934                Timer_1_WriteCounter
 .text.Timer_1_ReadCounter
                0x00001940       0x14 .\CortexM3\ARM_GCC_541\Debug\Group17Robot.a(Timer_1.o)
                0x00001940                Timer_1_ReadCounter
 .text.Timer_1_SetInterruptCount
                0x00001954       0x1c .\CortexM3\ARM_GCC_541\Debug\Group17Robot.a(Timer_1.o)
                0x00001954                Timer_1_SetInterruptCount
 .text.Timer_1_ClearFIFO
                0x00001970       0x14 .\CortexM3\ARM_GCC_541\Debug\Group17Robot.a(Timer_1.o)
                0x00001970                Timer_1_ClearFIFO
 .text.Timer_1_Init
                0x00001984       0x3c .\CortexM3\ARM_GCC_541\Debug\Group17Robot.a(Timer_1.o)
                0x00001984                Timer_1_Init
 .text.Timer_1_Start
                0x000019c0       0x1c .\CortexM3\ARM_GCC_541\Debug\Group17Robot.a(Timer_1.o)
                0x000019c0                Timer_1_Start
 .text.Trigger_1_Write
                0x000019dc       0x18 .\CortexM3\ARM_GCC_541\Debug\Group17Robot.a(Trigger_1.o)
                0x000019dc                Trigger_1_Write
 .text.Trigger_2_Write
                0x000019f4       0x18 .\CortexM3\ARM_GCC_541\Debug\Group17Robot.a(Trigger_2.o)
                0x000019f4                Trigger_2_Write
 .text.Trigger_3_Write
                0x00001a0c       0x18 .\CortexM3\ARM_GCC_541\Debug\Group17Robot.a(Trigger_3.o)
                0x00001a0c                Trigger_3_Write
 .text.Trigger_4_Write
                0x00001a24       0x18 .\CortexM3\ARM_GCC_541\Debug\Group17Robot.a(Trigger_4.o)
                0x00001a24                Trigger_4_Write
 .text.Trigger_5_Write
                0x00001a3c       0x18 .\CortexM3\ARM_GCC_541\Debug\Group17Robot.a(Trigger_5.o)
                0x00001a3c                Trigger_5_Write
 .text.Ultrasonic_Mux_Control_Write
                0x00001a54        0xc .\CortexM3\ARM_GCC_541\Debug\Group17Robot.a(Ultrasonic_Mux_Control.o)
                0x00001a54                Ultrasonic_Mux_Control_Write
 .text.Motor_2_driver_Enable
                0x00001a60       0x10 .\CortexM3\ARM_GCC_541\Debug\Group17Robot.a(Motor_2_driver.o)
                0x00001a60                Motor_2_driver_Enable
 .text.Motor_2_driver_Stop
                0x00001a70       0x10 .\CortexM3\ARM_GCC_541\Debug\Group17Robot.a(Motor_2_driver.o)
                0x00001a70                Motor_2_driver_Stop
 .text.Motor_2_driver_WriteCounter
                0x00001a80        0xc .\CortexM3\ARM_GCC_541\Debug\Group17Robot.a(Motor_2_driver.o)
                0x00001a80                Motor_2_driver_WriteCounter
 .text.Motor_2_driver_ReadCounter
                0x00001a8c       0x14 .\CortexM3\ARM_GCC_541\Debug\Group17Robot.a(Motor_2_driver.o)
                0x00001a8c                Motor_2_driver_ReadCounter
 .text.Motor_2_driver_WritePeriod
                0x00001aa0        0xc .\CortexM3\ARM_GCC_541\Debug\Group17Robot.a(Motor_2_driver.o)
                0x00001aa0                Motor_2_driver_WritePeriod
 .text.Motor_2_driver_WriteCompare1
                0x00001aac        0xc .\CortexM3\ARM_GCC_541\Debug\Group17Robot.a(Motor_2_driver.o)
                0x00001aac                Motor_2_driver_WriteCompare1
 .text.Motor_2_driver_WriteCompare2
                0x00001ab8        0xc .\CortexM3\ARM_GCC_541\Debug\Group17Robot.a(Motor_2_driver.o)
                0x00001ab8                Motor_2_driver_WriteCompare2
 .text.Motor_2_driver_SetInterruptMode
                0x00001ac4        0xc .\CortexM3\ARM_GCC_541\Debug\Group17Robot.a(Motor_2_driver.o)
                0x00001ac4                Motor_2_driver_SetInterruptMode
 .text.Motor_2_driver_ReadStatusRegister
                0x00001ad0        0xc .\CortexM3\ARM_GCC_541\Debug\Group17Robot.a(Motor_2_driver.o)
                0x00001ad0                Motor_2_driver_ReadStatusRegister
 .text.Motor_2_driver_ReadControlRegister
                0x00001adc        0xc .\CortexM3\ARM_GCC_541\Debug\Group17Robot.a(Motor_2_driver.o)
                0x00001adc                Motor_2_driver_ReadControlRegister
 .text.Motor_2_driver_WriteControlRegister
                0x00001ae8        0xc .\CortexM3\ARM_GCC_541\Debug\Group17Robot.a(Motor_2_driver.o)
                0x00001ae8                Motor_2_driver_WriteControlRegister
 .text.Motor_2_driver_ReadCapture
                0x00001af4        0xc .\CortexM3\ARM_GCC_541\Debug\Group17Robot.a(Motor_2_driver.o)
                0x00001af4                Motor_2_driver_ReadCapture
 .text.Motor_2_driver_ClearFIFO
                0x00001b00       0x14 .\CortexM3\ARM_GCC_541\Debug\Group17Robot.a(Motor_2_driver.o)
                0x00001b00                Motor_2_driver_ClearFIFO
 .text.Motor_2_driver_Init
                0x00001b14       0x64 .\CortexM3\ARM_GCC_541\Debug\Group17Robot.a(Motor_2_driver.o)
                0x00001b14                Motor_2_driver_Init
 .text.Motor_2_driver_Start
                0x00001b78       0x1c .\CortexM3\ARM_GCC_541\Debug\Group17Robot.a(Motor_2_driver.o)
                0x00001b78                Motor_2_driver_Start
 .text.Motor_2_driver_ReadPeriod
                0x00001b94        0xc .\CortexM3\ARM_GCC_541\Debug\Group17Robot.a(Motor_2_driver.o)
                0x00001b94                Motor_2_driver_ReadPeriod
 .text.Motor_2_driver_SaveConfig
                0x00001ba0       0x28 .\CortexM3\ARM_GCC_541\Debug\Group17Robot.a(Motor_2_driver_PM.o)
                0x00001ba0                Motor_2_driver_SaveConfig
 .text.Motor_2_driver_RestoreConfig
                0x00001bc8       0x28 .\CortexM3\ARM_GCC_541\Debug\Group17Robot.a(Motor_2_driver_PM.o)
                0x00001bc8                Motor_2_driver_RestoreConfig
 .text.Motor_2_driver_Sleep
                0x00001bf0       0x2c .\CortexM3\ARM_GCC_541\Debug\Group17Robot.a(Motor_2_driver_PM.o)
                0x00001bf0                Motor_2_driver_Sleep
 .text.Motor_2_driver_Wakeup
                0x00001c1c       0x18 .\CortexM3\ARM_GCC_541\Debug\Group17Robot.a(Motor_2_driver_PM.o)
                0x00001c1c                Motor_2_driver_Wakeup
 .text.Motor_1_driver_Enable
                0x00001c34       0x10 .\CortexM3\ARM_GCC_541\Debug\Group17Robot.a(Motor_1_driver.o)
                0x00001c34                Motor_1_driver_Enable
 .text.Motor_1_driver_Stop
                0x00001c44       0x10 .\CortexM3\ARM_GCC_541\Debug\Group17Robot.a(Motor_1_driver.o)
                0x00001c44                Motor_1_driver_Stop
 .text.Motor_1_driver_WriteCounter
                0x00001c54        0xc .\CortexM3\ARM_GCC_541\Debug\Group17Robot.a(Motor_1_driver.o)
                0x00001c54                Motor_1_driver_WriteCounter
 .text.Motor_1_driver_ReadCounter
                0x00001c60       0x14 .\CortexM3\ARM_GCC_541\Debug\Group17Robot.a(Motor_1_driver.o)
                0x00001c60                Motor_1_driver_ReadCounter
 .text.Motor_1_driver_WritePeriod
                0x00001c74        0xc .\CortexM3\ARM_GCC_541\Debug\Group17Robot.a(Motor_1_driver.o)
                0x00001c74                Motor_1_driver_WritePeriod
 .text.Motor_1_driver_WriteCompare1
                0x00001c80        0xc .\CortexM3\ARM_GCC_541\Debug\Group17Robot.a(Motor_1_driver.o)
                0x00001c80                Motor_1_driver_WriteCompare1
 .text.Motor_1_driver_WriteCompare2
                0x00001c8c        0xc .\CortexM3\ARM_GCC_541\Debug\Group17Robot.a(Motor_1_driver.o)
                0x00001c8c                Motor_1_driver_WriteCompare2
 .text.Motor_1_driver_SetInterruptMode
                0x00001c98        0xc .\CortexM3\ARM_GCC_541\Debug\Group17Robot.a(Motor_1_driver.o)
                0x00001c98                Motor_1_driver_SetInterruptMode
 .text.Motor_1_driver_ReadStatusRegister
                0x00001ca4        0xc .\CortexM3\ARM_GCC_541\Debug\Group17Robot.a(Motor_1_driver.o)
                0x00001ca4                Motor_1_driver_ReadStatusRegister
 .text.Motor_1_driver_ReadControlRegister
                0x00001cb0        0xc .\CortexM3\ARM_GCC_541\Debug\Group17Robot.a(Motor_1_driver.o)
                0x00001cb0                Motor_1_driver_ReadControlRegister
 .text.Motor_1_driver_WriteControlRegister
                0x00001cbc        0xc .\CortexM3\ARM_GCC_541\Debug\Group17Robot.a(Motor_1_driver.o)
                0x00001cbc                Motor_1_driver_WriteControlRegister
 .text.Motor_1_driver_ReadCapture
                0x00001cc8        0xc .\CortexM3\ARM_GCC_541\Debug\Group17Robot.a(Motor_1_driver.o)
                0x00001cc8                Motor_1_driver_ReadCapture
 .text.Motor_1_driver_ClearFIFO
                0x00001cd4       0x14 .\CortexM3\ARM_GCC_541\Debug\Group17Robot.a(Motor_1_driver.o)
                0x00001cd4                Motor_1_driver_ClearFIFO
 .text.Motor_1_driver_Init
                0x00001ce8       0x68 .\CortexM3\ARM_GCC_541\Debug\Group17Robot.a(Motor_1_driver.o)
                0x00001ce8                Motor_1_driver_Init
 .text.Motor_1_driver_Start
                0x00001d50       0x1c .\CortexM3\ARM_GCC_541\Debug\Group17Robot.a(Motor_1_driver.o)
                0x00001d50                Motor_1_driver_Start
 .text.Motor_1_driver_ReadPeriod
                0x00001d6c        0xc .\CortexM3\ARM_GCC_541\Debug\Group17Robot.a(Motor_1_driver.o)
                0x00001d6c                Motor_1_driver_ReadPeriod
 .text.Motor_1_driver_SaveConfig
                0x00001d78       0x28 .\CortexM3\ARM_GCC_541\Debug\Group17Robot.a(Motor_1_driver_PM.o)
                0x00001d78                Motor_1_driver_SaveConfig
 .text.Motor_1_driver_RestoreConfig
                0x00001da0       0x28 .\CortexM3\ARM_GCC_541\Debug\Group17Robot.a(Motor_1_driver_PM.o)
                0x00001da0                Motor_1_driver_RestoreConfig
 .text.Motor_1_driver_Sleep
                0x00001dc8       0x2c .\CortexM3\ARM_GCC_541\Debug\Group17Robot.a(Motor_1_driver_PM.o)
                0x00001dc8                Motor_1_driver_Sleep
 .text.Motor_1_driver_Wakeup
                0x00001df4       0x18 .\CortexM3\ARM_GCC_541\Debug\Group17Robot.a(Motor_1_driver_PM.o)
                0x00001df4                Motor_1_driver_Wakeup
 .text.Gripper_Servo_PWM_Enable
                0x00001e0c       0x28 .\CortexM3\ARM_GCC_541\Debug\Group17Robot.a(Gripper_Servo_PWM.o)
                0x00001e0c                Gripper_Servo_PWM_Enable
 .text.Gripper_Servo_PWM_WritePeriod
                0x00001e34        0xc .\CortexM3\ARM_GCC_541\Debug\Group17Robot.a(Gripper_Servo_PWM.o)
                0x00001e34                Gripper_Servo_PWM_WritePeriod
 .text.Gripper_Servo_PWM_WriteCompare
                0x00001e40        0xc .\CortexM3\ARM_GCC_541\Debug\Group17Robot.a(Gripper_Servo_PWM.o)
                0x00001e40                Gripper_Servo_PWM_WriteCompare
 .text.Gripper_Servo_PWM_SetInterruptMode
                0x00001e4c        0xc .\CortexM3\ARM_GCC_541\Debug\Group17Robot.a(Gripper_Servo_PWM.o)
                0x00001e4c                Gripper_Servo_PWM_SetInterruptMode
 .text.Gripper_Servo_PWM_Init
                0x00001e58       0x78 .\CortexM3\ARM_GCC_541\Debug\Group17Robot.a(Gripper_Servo_PWM.o)
                0x00001e58                Gripper_Servo_PWM_Init
 .text.Gripper_Servo_PWM_Start
                0x00001ed0       0x1c .\CortexM3\ARM_GCC_541\Debug\Group17Robot.a(Gripper_Servo_PWM.o)
                0x00001ed0                Gripper_Servo_PWM_Start
 .text.Rack_Servo_PWM_Enable
                0x00001eec       0x28 .\CortexM3\ARM_GCC_541\Debug\Group17Robot.a(Rack_Servo_PWM.o)
                0x00001eec                Rack_Servo_PWM_Enable
 .text.Rack_Servo_PWM_WritePeriod
                0x00001f14        0xc .\CortexM3\ARM_GCC_541\Debug\Group17Robot.a(Rack_Servo_PWM.o)
                0x00001f14                Rack_Servo_PWM_WritePeriod
 .text.Rack_Servo_PWM_WriteCompare
                0x00001f20        0xc .\CortexM3\ARM_GCC_541\Debug\Group17Robot.a(Rack_Servo_PWM.o)
                0x00001f20                Rack_Servo_PWM_WriteCompare
 .text.Rack_Servo_PWM_SetInterruptMode
                0x00001f2c        0xc .\CortexM3\ARM_GCC_541\Debug\Group17Robot.a(Rack_Servo_PWM.o)
                0x00001f2c                Rack_Servo_PWM_SetInterruptMode
 .text.Rack_Servo_PWM_Init
                0x00001f38       0x78 .\CortexM3\ARM_GCC_541\Debug\Group17Robot.a(Rack_Servo_PWM.o)
                0x00001f38                Rack_Servo_PWM_Init
 .text.Rack_Servo_PWM_Start
                0x00001fb0       0x1c .\CortexM3\ARM_GCC_541\Debug\Group17Robot.a(Rack_Servo_PWM.o)
                0x00001fb0                Rack_Servo_PWM_Start
 .text.Rack_Servo_PWM_ReadCompare
                0x00001fcc        0xc .\CortexM3\ARM_GCC_541\Debug\Group17Robot.a(Rack_Servo_PWM.o)
                0x00001fcc                Rack_Servo_PWM_ReadCompare
 .text.PWM_colour_Enable
                0x00001fd8       0x10 .\CortexM3\ARM_GCC_541\Debug\Group17Robot.a(PWM_colour.o)
                0x00001fd8                PWM_colour_Enable
 .text.PWM_colour_Stop
                0x00001fe8       0x10 .\CortexM3\ARM_GCC_541\Debug\Group17Robot.a(PWM_colour.o)
                0x00001fe8                PWM_colour_Stop
 .text.PWM_colour_WriteCounter
                0x00001ff8        0xc .\CortexM3\ARM_GCC_541\Debug\Group17Robot.a(PWM_colour.o)
                0x00001ff8                PWM_colour_WriteCounter
 .text.PWM_colour_ReadCounter
                0x00002004       0x14 .\CortexM3\ARM_GCC_541\Debug\Group17Robot.a(PWM_colour.o)
                0x00002004                PWM_colour_ReadCounter
 .text.PWM_colour_WritePeriod
                0x00002018        0xc .\CortexM3\ARM_GCC_541\Debug\Group17Robot.a(PWM_colour.o)
                0x00002018                PWM_colour_WritePeriod
 .text.PWM_colour_WriteCompare
                0x00002024        0xc .\CortexM3\ARM_GCC_541\Debug\Group17Robot.a(PWM_colour.o)
                0x00002024                PWM_colour_WriteCompare
 .text.PWM_colour_SetInterruptMode
                0x00002030        0xc .\CortexM3\ARM_GCC_541\Debug\Group17Robot.a(PWM_colour.o)
                0x00002030                PWM_colour_SetInterruptMode
 .text.PWM_colour_ReadStatusRegister
                0x0000203c        0xc .\CortexM3\ARM_GCC_541\Debug\Group17Robot.a(PWM_colour.o)
                0x0000203c                PWM_colour_ReadStatusRegister
 .text.PWM_colour_ReadControlRegister
                0x00002048        0xc .\CortexM3\ARM_GCC_541\Debug\Group17Robot.a(PWM_colour.o)
                0x00002048                PWM_colour_ReadControlRegister
 .text.PWM_colour_WriteControlRegister
                0x00002054        0xc .\CortexM3\ARM_GCC_541\Debug\Group17Robot.a(PWM_colour.o)
                0x00002054                PWM_colour_WriteControlRegister
 .text.PWM_colour_ReadCapture
                0x00002060        0xc .\CortexM3\ARM_GCC_541\Debug\Group17Robot.a(PWM_colour.o)
                0x00002060                PWM_colour_ReadCapture
 .text.PWM_colour_ClearFIFO
                0x0000206c       0x14 .\CortexM3\ARM_GCC_541\Debug\Group17Robot.a(PWM_colour.o)
                0x0000206c                PWM_colour_ClearFIFO
 .text.PWM_colour_Init
                0x00002080       0x54 .\CortexM3\ARM_GCC_541\Debug\Group17Robot.a(PWM_colour.o)
                0x00002080                PWM_colour_Init
 .text.PWM_colour_Start
                0x000020d4       0x1c .\CortexM3\ARM_GCC_541\Debug\Group17Robot.a(PWM_colour.o)
                0x000020d4                PWM_colour_Start
 .text.PWM_colour_ReadPeriod
                0x000020f0        0xc .\CortexM3\ARM_GCC_541\Debug\Group17Robot.a(PWM_colour.o)
                0x000020f0                PWM_colour_ReadPeriod
 .text.PWM_colour_SaveConfig
                0x000020fc       0x28 .\CortexM3\ARM_GCC_541\Debug\Group17Robot.a(PWM_colour_PM.o)
                0x000020fc                PWM_colour_SaveConfig
 .text.PWM_colour_RestoreConfig
                0x00002124       0x28 .\CortexM3\ARM_GCC_541\Debug\Group17Robot.a(PWM_colour_PM.o)
                0x00002124                PWM_colour_RestoreConfig
 .text.PWM_colour_Sleep
                0x0000214c       0x2c .\CortexM3\ARM_GCC_541\Debug\Group17Robot.a(PWM_colour_PM.o)
                0x0000214c                PWM_colour_Sleep
 .text.PWM_colour_Wakeup
                0x00002178       0x18 .\CortexM3\ARM_GCC_541\Debug\Group17Robot.a(PWM_colour_PM.o)
                0x00002178                PWM_colour_Wakeup
 .text.control_led_Write
                0x00002190        0xc .\CortexM3\ARM_GCC_541\Debug\Group17Robot.a(control_led.o)
                0x00002190                control_led_Write
 .text.control_photodiode_Write
                0x0000219c        0xc .\CortexM3\ARM_GCC_541\Debug\Group17Robot.a(control_photodiode.o)
                0x0000219c                control_photodiode_Write
 .text.Start_SetVector
                0x000021a8        0xc .\CortexM3\ARM_GCC_541\Debug\Group17Robot.a(Start.o)
                0x000021a8                Start_SetVector
 .text.Start_SetPriority
                0x000021b4       0x10 .\CortexM3\ARM_GCC_541\Debug\Group17Robot.a(Start.o)
                0x000021b4                Start_SetPriority
 .text.Start_Enable
                0x000021c4        0xc .\CortexM3\ARM_GCC_541\Debug\Group17Robot.a(Start.o)
                0x000021c4                Start_Enable
 .text.Start_Disable
                0x000021d0        0xc .\CortexM3\ARM_GCC_541\Debug\Group17Robot.a(Start.o)
                0x000021d0                Start_Disable
 .text.Start_StartEx
                0x000021dc       0x1c .\CortexM3\ARM_GCC_541\Debug\Group17Robot.a(Start.o)
                0x000021dc                Start_StartEx
 .text.Sonic_SetVector
                0x000021f8        0xc .\CortexM3\ARM_GCC_541\Debug\Group17Robot.a(Sonic.o)
                0x000021f8                Sonic_SetVector
 .text.Sonic_SetPriority
                0x00002204       0x10 .\CortexM3\ARM_GCC_541\Debug\Group17Robot.a(Sonic.o)
                0x00002204                Sonic_SetPriority
 .text.Sonic_Enable
                0x00002214        0xc .\CortexM3\ARM_GCC_541\Debug\Group17Robot.a(Sonic.o)
                0x00002214                Sonic_Enable
 .text.Sonic_Disable
                0x00002220        0xc .\CortexM3\ARM_GCC_541\Debug\Group17Robot.a(Sonic.o)
                0x00002220                Sonic_Disable
 .text.Sonic_StartEx
                0x0000222c       0x1c .\CortexM3\ARM_GCC_541\Debug\Group17Robot.a(Sonic.o)
                0x0000222c                Sonic_StartEx
 .text.Gripper_Servo_Disable_Write
                0x00002248       0x18 .\CortexM3\ARM_GCC_541\Debug\Group17Robot.a(Gripper_Servo_Disable.o)
                0x00002248                Gripper_Servo_Disable_Write
 .text          0x00002260       0x20 .\CortexM3\ARM_GCC_541\Debug\Group17Robot.a(CyBootAsmGnu.o)
                0x00002260                CyDelayCycles
                0x00002270                CyEnterCriticalSection
                0x00002278                CyExitCriticalSection
 .text.sin      0x00002280       0x90 d:/program files (x86)/cyprus/psoc creator/4.2/psoc creator/import/gnu/arm/5.4.1/bin/../lib/gcc/arm-none-eabi/5.4.1/../../../../arm-none-eabi/lib/armv7-m\libm.a(lib_a-s_sin.o)
                0x00002280                sin
 .text.tan      0x00002310       0x60 d:/program files (x86)/cyprus/psoc creator/4.2/psoc creator/import/gnu/arm/5.4.1/bin/../lib/gcc/arm-none-eabi/5.4.1/../../../../arm-none-eabi/lib/armv7-m\libm.a(lib_a-s_tan.o)
                0x00002310                tan
 .text.__ieee754_rem_pio2
                0x00002370      0x42c d:/program files (x86)/cyprus/psoc creator/4.2/psoc creator/import/gnu/arm/5.4.1/bin/../lib/gcc/arm-none-eabi/5.4.1/../../../../arm-none-eabi/lib/armv7-m\libm.a(lib_a-e_rem_pio2.o)
                0x00002370                __ieee754_rem_pio2
 *fill*         0x0000279c        0x4 
 .text.__kernel_cos
                0x000027a0      0x248 d:/program files (x86)/cyprus/psoc creator/4.2/psoc creator/import/gnu/arm/5.4.1/bin/../lib/gcc/arm-none-eabi/5.4.1/../../../../arm-none-eabi/lib/armv7-m\libm.a(lib_a-k_cos.o)
                0x000027a0                __kernel_cos
 .text.__kernel_rem_pio2
                0x000029e8      0x7f0 d:/program files (x86)/cyprus/psoc creator/4.2/psoc creator/import/gnu/arm/5.4.1/bin/../lib/gcc/arm-none-eabi/5.4.1/../../../../arm-none-eabi/lib/armv7-m\libm.a(lib_a-k_rem_pio2.o)
                0x000029e8                __kernel_rem_pio2
 .text.__kernel_sin
                0x000031d8      0x16c d:/program files (x86)/cyprus/psoc creator/4.2/psoc creator/import/gnu/arm/5.4.1/bin/../lib/gcc/arm-none-eabi/5.4.1/../../../../arm-none-eabi/lib/armv7-m\libm.a(lib_a-k_sin.o)
                0x000031d8                __kernel_sin
 *fill*         0x00003344        0x4 
 .text.__kernel_tan
                0x00003348      0x390 d:/program files (x86)/cyprus/psoc creator/4.2/psoc creator/import/gnu/arm/5.4.1/bin/../lib/gcc/arm-none-eabi/5.4.1/../../../../arm-none-eabi/lib/armv7-m\libm.a(lib_a-k_tan.o)
                0x00003348                __kernel_tan
 .text.fabs     0x000036d8        0x8 d:/program files (x86)/cyprus/psoc creator/4.2/psoc creator/import/gnu/arm/5.4.1/bin/../lib/gcc/arm-none-eabi/5.4.1/../../../../arm-none-eabi/lib/armv7-m\libm.a(lib_a-s_fabs.o)
                0x000036d8                fabs
 .text.floor    0x000036e0      0x110 d:/program files (x86)/cyprus/psoc creator/4.2/psoc creator/import/gnu/arm/5.4.1/bin/../lib/gcc/arm-none-eabi/5.4.1/../../../../arm-none-eabi/lib/armv7-m\libm.a(lib_a-s_floor.o)
                0x000036e0                floor
 .text.scalbn   0x000037f0       0xe4 d:/program files (x86)/cyprus/psoc creator/4.2/psoc creator/import/gnu/arm/5.4.1/bin/../lib/gcc/arm-none-eabi/5.4.1/../../../../arm-none-eabi/lib/armv7-m\libm.a(lib_a-s_scalbn.o)
                0x000037f0                scalbn
 .text.copysign
                0x000038d4       0x10 d:/program files (x86)/cyprus/psoc creator/4.2/psoc creator/import/gnu/arm/5.4.1/bin/../lib/gcc/arm-none-eabi/5.4.1/../../../../arm-none-eabi/lib/armv7-m\libm.a(lib_a-s_copysign.o)
                0x000038d4                copysign
 .text          0x000038e4      0x370 d:/program files (x86)/cyprus/psoc creator/4.2/psoc creator/import/gnu/arm/5.4.1/bin/../lib/gcc/arm-none-eabi/5.4.1/armv7-m\libgcc.a(_arm_addsubdf3.o)
                0x000038e4                __aeabi_drsub
                0x000038ec                __aeabi_dsub
                0x000038ec                __subdf3
                0x000038f0                __aeabi_dadd
                0x000038f0                __adddf3
                0x00003b68                __floatunsidf
                0x00003b68                __aeabi_ui2d
                0x00003b88                __floatsidf
                0x00003b88                __aeabi_i2d
                0x00003bac                __aeabi_f2d
                0x00003bac                __extendsfdf2
                0x00003be8                __floatundidf
                0x00003be8                __aeabi_ul2d
                0x00003bf8                __floatdidf
                0x00003bf8                __aeabi_l2d
 .text          0x00003c54      0x424 d:/program files (x86)/cyprus/psoc creator/4.2/psoc creator/import/gnu/arm/5.4.1/bin/../lib/gcc/arm-none-eabi/5.4.1/armv7-m\libgcc.a(_arm_muldivdf3.o)
                0x00003c54                __aeabi_dmul
                0x00003c54                __muldf3
                0x00003ea8                __divdf3
                0x00003ea8                __aeabi_ddiv
 .text          0x00004078      0x110 d:/program files (x86)/cyprus/psoc creator/4.2/psoc creator/import/gnu/arm/5.4.1/bin/../lib/gcc/arm-none-eabi/5.4.1/armv7-m\libgcc.a(_arm_cmpdf2.o)
                0x00004078                __gtdf2
                0x00004078                __gedf2
                0x00004080                __ltdf2
                0x00004080                __ledf2
                0x00004088                __nedf2
                0x00004088                __eqdf2
                0x00004088                __cmpdf2
                0x00004104                __aeabi_cdrcmple
                0x00004114                __aeabi_cdcmpeq
                0x00004114                __aeabi_cdcmple
                0x00004124                __aeabi_dcmpeq
                0x00004138                __aeabi_dcmplt
                0x0000414c                __aeabi_dcmple
                0x00004160                __aeabi_dcmpge
                0x00004174                __aeabi_dcmpgt
 .text          0x00004188       0x50 d:/program files (x86)/cyprus/psoc creator/4.2/psoc creator/import/gnu/arm/5.4.1/bin/../lib/gcc/arm-none-eabi/5.4.1/armv7-m\libgcc.a(_arm_fixdfsi.o)
                0x00004188                __aeabi_d2iz
                0x00004188                __fixdfsi
 .text          0x000041d8       0xa0 d:/program files (x86)/cyprus/psoc creator/4.2/psoc creator/import/gnu/arm/5.4.1/bin/../lib/gcc/arm-none-eabi/5.4.1/armv7-m\libgcc.a(_arm_truncdfsf2.o)
                0x000041d8                __truncdfsf2
                0x000041d8                __aeabi_d2f
 .text          0x00004278      0x21c d:/program files (x86)/cyprus/psoc creator/4.2/psoc creator/import/gnu/arm/5.4.1/bin/../lib/gcc/arm-none-eabi/5.4.1/armv7-m\libgcc.a(_arm_addsubsf3.o)
                0x00004278                __aeabi_frsub
                0x00004280                __subsf3
                0x00004280                __aeabi_fsub
                0x00004284                __aeabi_fadd
                0x00004284                __addsf3
                0x000043e4                __aeabi_ui2f
                0x000043e4                __floatunsisf
                0x000043ec                __aeabi_i2f
                0x000043ec                __floatsisf
                0x00004408                __aeabi_ul2f
                0x00004408                __floatundisf
                0x00004418                __aeabi_l2f
                0x00004418                __floatdisf
 .text          0x00004494      0x2a0 d:/program files (x86)/cyprus/psoc creator/4.2/psoc creator/import/gnu/arm/5.4.1/bin/../lib/gcc/arm-none-eabi/5.4.1/armv7-m\libgcc.a(_arm_muldivsf3.o)
                0x00004494                __mulsf3
                0x00004494                __aeabi_fmul
                0x000045fc                __aeabi_fdiv
                0x000045fc                __divsf3
 .text          0x00004734       0xec d:/program files (x86)/cyprus/psoc creator/4.2/psoc creator/import/gnu/arm/5.4.1/bin/../lib/gcc/arm-none-eabi/5.4.1/armv7-m\libgcc.a(_arm_cmpsf2.o)
                0x00004734                __gesf2
                0x00004734                __gtsf2
                0x0000473c                __lesf2
                0x0000473c                __ltsf2
                0x00004744                __nesf2
                0x00004744                __eqsf2
                0x00004744                __cmpsf2
                0x000047a4                __aeabi_cfrcmple
                0x000047ac                __aeabi_cfcmpeq
                0x000047ac                __aeabi_cfcmple
                0x000047bc                __aeabi_fcmpeq
                0x000047d0                __aeabi_fcmplt
                0x000047e4                __aeabi_fcmple
                0x000047f8                __aeabi_fcmpge
                0x0000480c                __aeabi_fcmpgt
 .text.__errno  0x00004820        0xc d:/program files (x86)/cyprus/psoc creator/4.2/psoc creator/import/gnu/arm/5.4.1/bin/../lib/gcc/arm-none-eabi/5.4.1/../../../../arm-none-eabi/lib/armv7-m\libg_nano.a(lib_a-errno.o)
                0x00004820                __errno
 .text.__libc_init_array
                0x0000482c       0x4c d:/program files (x86)/cyprus/psoc creator/4.2/psoc creator/import/gnu/arm/5.4.1/bin/../lib/gcc/arm-none-eabi/5.4.1/../../../../arm-none-eabi/lib/armv7-m\libg_nano.a(lib_a-init.o)
                0x0000482c                __libc_init_array
 .text.memcpy   0x00004878       0x16 d:/program files (x86)/cyprus/psoc creator/4.2/psoc creator/import/gnu/arm/5.4.1/bin/../lib/gcc/arm-none-eabi/5.4.1/../../../../arm-none-eabi/lib/armv7-m\libg_nano.a(lib_a-memcpy-stub.o)
                0x00004878                memcpy
 .text.memset   0x0000488e       0x10 d:/program files (x86)/cyprus/psoc creator/4.2/psoc creator/import/gnu/arm/5.4.1/bin/../lib/gcc/arm-none-eabi/5.4.1/../../../../arm-none-eabi/lib/armv7-m\libg_nano.a(lib_a-memset.o)
                0x0000488e                memset
 .text.__cvt    0x0000489e       0xc0 d:/program files (x86)/cyprus/psoc creator/4.2/psoc creator/import/gnu/arm/5.4.1/bin/../lib/gcc/arm-none-eabi/5.4.1/../../../../arm-none-eabi/lib/armv7-m\libg_nano.a(lib_a-nano-vfprintf_float.o)
                0x0000489e                __cvt
 .text.__exponent
                0x0000495e       0x62 d:/program files (x86)/cyprus/psoc creator/4.2/psoc creator/import/gnu/arm/5.4.1/bin/../lib/gcc/arm-none-eabi/5.4.1/../../../../arm-none-eabi/lib/armv7-m\libg_nano.a(lib_a-nano-vfprintf_float.o)
                0x0000495e                __exponent
 .text._printf_float
                0x000049c0      0x488 d:/program files (x86)/cyprus/psoc creator/4.2/psoc creator/import/gnu/arm/5.4.1/bin/../lib/gcc/arm-none-eabi/5.4.1/../../../../arm-none-eabi/lib/armv7-m\libg_nano.a(lib_a-nano-vfprintf_float.o)
                0x000049c0                _printf_float
 .text._printf_common
                0x00004e48       0xec d:/program files (x86)/cyprus/psoc creator/4.2/psoc creator/import/gnu/arm/5.4.1/bin/../lib/gcc/arm-none-eabi/5.4.1/../../../../arm-none-eabi/lib/armv7-m\libg_nano.a(lib_a-nano-vfprintf_i.o)
                0x00004e48                _printf_common
 .text._printf_i
                0x00004f34      0x24c d:/program files (x86)/cyprus/psoc creator/4.2/psoc creator/import/gnu/arm/5.4.1/bin/../lib/gcc/arm-none-eabi/5.4.1/../../../../arm-none-eabi/lib/armv7-m\libg_nano.a(lib_a-nano-vfprintf_i.o)
                0x00004f34                _printf_i
 .text.sprintf  0x00005180       0x48 d:/program files (x86)/cyprus/psoc creator/4.2/psoc creator/import/gnu/arm/5.4.1/bin/../lib/gcc/arm-none-eabi/5.4.1/../../../../arm-none-eabi/lib/armv7-m\libg_nano.a(lib_a-sprintf.o)
                0x00005180                siprintf
                0x00005180                sprintf
 .text          0x000051c8       0x10 d:/program files (x86)/cyprus/psoc creator/4.2/psoc creator/import/gnu/arm/5.4.1/bin/../lib/gcc/arm-none-eabi/5.4.1/../../../../arm-none-eabi/lib/armv7-m\libg_nano.a(lib_a-strlen.o)
                0x000051c8                strlen
 .text.quorem   0x000051d8      0x116 d:/program files (x86)/cyprus/psoc creator/4.2/psoc creator/import/gnu/arm/5.4.1/bin/../lib/gcc/arm-none-eabi/5.4.1/../../../../arm-none-eabi/lib/armv7-m\libg_nano.a(lib_a-dtoa.o)
 *fill*         0x000052ee        0x2 
 .text._dtoa_r  0x000052f0      0xb30 d:/program files (x86)/cyprus/psoc creator/4.2/psoc creator/import/gnu/arm/5.4.1/bin/../lib/gcc/arm-none-eabi/5.4.1/../../../../arm-none-eabi/lib/armv7-m\libg_nano.a(lib_a-dtoa.o)
                0x000052f0                _dtoa_r
 .text._localeconv_r
                0x00005e20        0x8 d:/program files (x86)/cyprus/psoc creator/4.2/psoc creator/import/gnu/arm/5.4.1/bin/../lib/gcc/arm-none-eabi/5.4.1/../../../../arm-none-eabi/lib/armv7-m\libg_nano.a(lib_a-locale.o)
                0x00005e20                _localeconv_r
 .text.malloc   0x00005e28       0x10 d:/program files (x86)/cyprus/psoc creator/4.2/psoc creator/import/gnu/arm/5.4.1/bin/../lib/gcc/arm-none-eabi/5.4.1/../../../../arm-none-eabi/lib/armv7-m\libg_nano.a(lib_a-malloc.o)
                0x00005e28                malloc
 .text.memchr   0x00005e38       0x1c d:/program files (x86)/cyprus/psoc creator/4.2/psoc creator/import/gnu/arm/5.4.1/bin/../lib/gcc/arm-none-eabi/5.4.1/../../../../arm-none-eabi/lib/armv7-m\libg_nano.a(lib_a-memchr-stub.o)
                0x00005e38                memchr
 .text._Balloc  0x00005e54       0x6a d:/program files (x86)/cyprus/psoc creator/4.2/psoc creator/import/gnu/arm/5.4.1/bin/../lib/gcc/arm-none-eabi/5.4.1/../../../../arm-none-eabi/lib/armv7-m\libg_nano.a(lib_a-mprec.o)
                0x00005e54                _Balloc
 .text._Bfree   0x00005ebe       0x2e d:/program files (x86)/cyprus/psoc creator/4.2/psoc creator/import/gnu/arm/5.4.1/bin/../lib/gcc/arm-none-eabi/5.4.1/../../../../arm-none-eabi/lib/armv7-m\libg_nano.a(lib_a-mprec.o)
                0x00005ebe                _Bfree
 .text.__multadd
                0x00005eec       0x76 d:/program files (x86)/cyprus/psoc creator/4.2/psoc creator/import/gnu/arm/5.4.1/bin/../lib/gcc/arm-none-eabi/5.4.1/../../../../arm-none-eabi/lib/armv7-m\libg_nano.a(lib_a-mprec.o)
                0x00005eec                __multadd
 .text.__hi0bits
                0x00005f62       0x40 d:/program files (x86)/cyprus/psoc creator/4.2/psoc creator/import/gnu/arm/5.4.1/bin/../lib/gcc/arm-none-eabi/5.4.1/../../../../arm-none-eabi/lib/armv7-m\libg_nano.a(lib_a-mprec.o)
                0x00005f62                __hi0bits
 .text.__lo0bits
                0x00005fa2       0x5a d:/program files (x86)/cyprus/psoc creator/4.2/psoc creator/import/gnu/arm/5.4.1/bin/../lib/gcc/arm-none-eabi/5.4.1/../../../../arm-none-eabi/lib/armv7-m\libg_nano.a(lib_a-mprec.o)
                0x00005fa2                __lo0bits
 .text.__i2b    0x00005ffc       0x12 d:/program files (x86)/cyprus/psoc creator/4.2/psoc creator/import/gnu/arm/5.4.1/bin/../lib/gcc/arm-none-eabi/5.4.1/../../../../arm-none-eabi/lib/armv7-m\libg_nano.a(lib_a-mprec.o)
                0x00005ffc                __i2b
 .text.__multiply
                0x0000600e      0x120 d:/program files (x86)/cyprus/psoc creator/4.2/psoc creator/import/gnu/arm/5.4.1/bin/../lib/gcc/arm-none-eabi/5.4.1/../../../../arm-none-eabi/lib/armv7-m\libg_nano.a(lib_a-mprec.o)
                0x0000600e                __multiply
 *fill*         0x0000612e        0x2 
 .text.__pow5mult
                0x00006130       0x9c d:/program files (x86)/cyprus/psoc creator/4.2/psoc creator/import/gnu/arm/5.4.1/bin/../lib/gcc/arm-none-eabi/5.4.1/../../../../arm-none-eabi/lib/armv7-m\libg_nano.a(lib_a-mprec.o)
                0x00006130                __pow5mult
 .text.__lshift
                0x000061cc       0xa2 d:/program files (x86)/cyprus/psoc creator/4.2/psoc creator/import/gnu/arm/5.4.1/bin/../lib/gcc/arm-none-eabi/5.4.1/../../../../arm-none-eabi/lib/armv7-m\libg_nano.a(lib_a-mprec.o)
                0x000061cc                __lshift
 .text.__mcmp   0x0000626e       0x38 d:/program files (x86)/cyprus/psoc creator/4.2/psoc creator/import/gnu/arm/5.4.1/bin/../lib/gcc/arm-none-eabi/5.4.1/../../../../arm-none-eabi/lib/armv7-m\libg_nano.a(lib_a-mprec.o)
                0x0000626e                __mcmp
 .text.__mdiff  0x000062a6       0xbe d:/program files (x86)/cyprus/psoc creator/4.2/psoc creator/import/gnu/arm/5.4.1/bin/../lib/gcc/arm-none-eabi/5.4.1/../../../../arm-none-eabi/lib/armv7-m\libg_nano.a(lib_a-mprec.o)
                0x000062a6                __mdiff
 .text.__d2b    0x00006364       0x9c d:/program files (x86)/cyprus/psoc creator/4.2/psoc creator/import/gnu/arm/5.4.1/bin/../lib/gcc/arm-none-eabi/5.4.1/../../../../arm-none-eabi/lib/armv7-m\libg_nano.a(lib_a-mprec.o)
                0x00006364                __d2b
 .text._calloc_r
                0x00006400       0x1c d:/program files (x86)/cyprus/psoc creator/4.2/psoc creator/import/gnu/arm/5.4.1/bin/../lib/gcc/arm-none-eabi/5.4.1/../../../../arm-none-eabi/lib/armv7-m\libg_nano.a(lib_a-nano-callocr.o)
                0x00006400                _calloc_r
 .text._free_r  0x0000641c       0x98 d:/program files (x86)/cyprus/psoc creator/4.2/psoc creator/import/gnu/arm/5.4.1/bin/../lib/gcc/arm-none-eabi/5.4.1/../../../../arm-none-eabi/lib/armv7-m\libg_nano.a(lib_a-nano-freer.o)
                0x0000641c                _free_r
 .text._malloc_r
                0x000064b4       0xbc d:/program files (x86)/cyprus/psoc creator/4.2/psoc creator/import/gnu/arm/5.4.1/bin/../lib/gcc/arm-none-eabi/5.4.1/../../../../arm-none-eabi/lib/armv7-m\libg_nano.a(lib_a-nano-mallocr.o)
                0x000064b4                _malloc_r
 .text.__ssputs_r
                0x00006570       0xb2 d:/program files (x86)/cyprus/psoc creator/4.2/psoc creator/import/gnu/arm/5.4.1/bin/../lib/gcc/arm-none-eabi/5.4.1/../../../../arm-none-eabi/lib/armv7-m\libg_nano.a(lib_a-nano-svfprintf.o)
                0x00006570                __ssputs_r
 *fill*         0x00006622        0x2 
 .text._svfprintf_r
                0x00006624      0x1e8 d:/program files (x86)/cyprus/psoc creator/4.2/psoc creator/import/gnu/arm/5.4.1/bin/../lib/gcc/arm-none-eabi/5.4.1/../../../../arm-none-eabi/lib/armv7-m\libg_nano.a(lib_a-nano-svfprintf.o)
                0x00006624                _svfiprintf_r
                0x00006624                _svfprintf_r
 .text._sbrk_r  0x0000680c       0x20 d:/program files (x86)/cyprus/psoc creator/4.2/psoc creator/import/gnu/arm/5.4.1/bin/../lib/gcc/arm-none-eabi/5.4.1/../../../../arm-none-eabi/lib/armv7-m\libg_nano.a(lib_a-sbrkr.o)
                0x0000680c                _sbrk_r
 .text.memmove  0x0000682c       0x36 d:/program files (x86)/cyprus/psoc creator/4.2/psoc creator/import/gnu/arm/5.4.1/bin/../lib/gcc/arm-none-eabi/5.4.1/../../../../arm-none-eabi/lib/armv7-m\libg_nano.a(lib_a-memmove.o)
                0x0000682c                memmove
 .text.__malloc_lock
                0x00006862        0x2 d:/program files (x86)/cyprus/psoc creator/4.2/psoc creator/import/gnu/arm/5.4.1/bin/../lib/gcc/arm-none-eabi/5.4.1/../../../../arm-none-eabi/lib/armv7-m\libg_nano.a(lib_a-mlock.o)
                0x00006862                __malloc_lock
 .text.__malloc_unlock
                0x00006864        0x2 d:/program files (x86)/cyprus/psoc creator/4.2/psoc creator/import/gnu/arm/5.4.1/bin/../lib/gcc/arm-none-eabi/5.4.1/../../../../arm-none-eabi/lib/armv7-m\libg_nano.a(lib_a-mlock.o)
                0x00006864                __malloc_unlock
 .text._realloc_r
                0x00006866       0x4c d:/program files (x86)/cyprus/psoc creator/4.2/psoc creator/import/gnu/arm/5.4.1/bin/../lib/gcc/arm-none-eabi/5.4.1/../../../../arm-none-eabi/lib/armv7-m\libg_nano.a(lib_a-nano-reallocr.o)
                0x00006866                _realloc_r
 .text._malloc_usable_size_r
                0x000068b2       0x14 d:/program files (x86)/cyprus/psoc creator/4.2/psoc creator/import/gnu/arm/5.4.1/bin/../lib/gcc/arm-none-eabi/5.4.1/../../../../arm-none-eabi/lib/armv7-m\libg_nano.a(lib_a-nano-msizer.o)
                0x000068b2                _malloc_usable_size_r
 *fill*         0x000068c6        0x2 
 .text          0x000068c8       0x2c d:/program files (x86)/cyprus/psoc creator/4.2/psoc creator/import/gnu/arm/5.4.1/bin/../lib/gcc/arm-none-eabi/5.4.1/armv7-m\libgcc.a(_arm_unorddf2.o)
                0x000068c8                __unorddf2
                0x000068c8                __aeabi_dcmpun
 *(.plt)
 *(.gnu.warning)
 *(.glue_7t)
 .glue_7t       0x000068f4        0x0 linker stubs
 *(.glue_7)
 .glue_7        0x000068f4        0x0 linker stubs
 *(.vfp11_veneer)
 .vfp11_veneer  0x000068f4        0x0 linker stubs
 *(.bootloader)
 *(.ARM.extab* .gnu.linkonce.armextab.*)
 *(.gcc_except_table)

.v4_bx          0x000068f4        0x0
 .v4_bx         0x000068f4        0x0 linker stubs

.iplt           0x000068f4        0x0
 .iplt          0x000068f4        0x0 d:/program files (x86)/cyprus/psoc creator/4.2/psoc creator/import/gnu/arm/5.4.1/bin/../lib/gcc/arm-none-eabi/5.4.1/armv7-m/crtbegin.o

.eh_frame_hdr
 *(.eh_frame_hdr)

.eh_frame       0x000068f4        0x4
 *(.eh_frame)
 .eh_frame      0x000068f4        0x0 d:/program files (x86)/cyprus/psoc creator/4.2/psoc creator/import/gnu/arm/5.4.1/bin/../lib/gcc/arm-none-eabi/5.4.1/armv7-m/crtbegin.o
 .eh_frame      0x000068f4        0x4 d:/program files (x86)/cyprus/psoc creator/4.2/psoc creator/import/gnu/arm/5.4.1/bin/../lib/gcc/arm-none-eabi/5.4.1/armv7-m/crtend.o
                [!provide]                PROVIDE (__exidx_start, .)

.ARM.exidx
 *(.ARM.exidx* .gnu.linkonce.armexidx.*)
                0x000068f8                __exidx_end = .

.rodata         0x000068f8      0x3d8
 *(.rodata .rodata.* .gnu.linkonce.r.*)
 .rodata.str1.4
                0x000068f8       0x15 .\CortexM3\ARM_GCC_541\Debug\main.o
 *fill*         0x0000690d        0x3 
 .rodata.str1.4
                0x00006910        0xc .\CortexM3\ARM_GCC_541\Debug\ultrasonic.o
                                  0xa (size before relaxing)
 .rodata        0x0000691c       0x44 .\CortexM3\ARM_GCC_541\Debug\cyfitter_cfg.o
 .rodata.npio2_hw
                0x00006960       0x80 d:/program files (x86)/cyprus/psoc creator/4.2/psoc creator/import/gnu/arm/5.4.1/bin/../lib/gcc/arm-none-eabi/5.4.1/../../../../arm-none-eabi/lib/armv7-m\libm.a(lib_a-e_rem_pio2.o)
 .rodata.two_over_pi
                0x000069e0      0x108 d:/program files (x86)/cyprus/psoc creator/4.2/psoc creator/import/gnu/arm/5.4.1/bin/../lib/gcc/arm-none-eabi/5.4.1/../../../../arm-none-eabi/lib/armv7-m\libm.a(lib_a-e_rem_pio2.o)
 .rodata.init_jk
                0x00006ae8       0x10 d:/program files (x86)/cyprus/psoc creator/4.2/psoc creator/import/gnu/arm/5.4.1/bin/../lib/gcc/arm-none-eabi/5.4.1/../../../../arm-none-eabi/lib/armv7-m\libm.a(lib_a-k_rem_pio2.o)
 .rodata.PIo2   0x00006af8       0x40 d:/program files (x86)/cyprus/psoc creator/4.2/psoc creator/import/gnu/arm/5.4.1/bin/../lib/gcc/arm-none-eabi/5.4.1/../../../../arm-none-eabi/lib/armv7-m\libm.a(lib_a-k_rem_pio2.o)
 .rodata.str1.1
                0x00006b38        0x2 d:/program files (x86)/cyprus/psoc creator/4.2/psoc creator/import/gnu/arm/5.4.1/bin/../lib/gcc/arm-none-eabi/5.4.1/../../../../arm-none-eabi/lib/armv7-m\libg_nano.a(lib_a-impure.o)
 .rodata.str1.1
                0x00006b3a       0x12 d:/program files (x86)/cyprus/psoc creator/4.2/psoc creator/import/gnu/arm/5.4.1/bin/../lib/gcc/arm-none-eabi/5.4.1/../../../../arm-none-eabi/lib/armv7-m\libg_nano.a(lib_a-nano-vfprintf_float.o)
 .rodata.str1.1
                0x00006b4c       0x22 d:/program files (x86)/cyprus/psoc creator/4.2/psoc creator/import/gnu/arm/5.4.1/bin/../lib/gcc/arm-none-eabi/5.4.1/../../../../arm-none-eabi/lib/armv7-m\libg_nano.a(lib_a-nano-vfprintf_i.o)
 .rodata.str1.1
                0x00006b6e        0xd d:/program files (x86)/cyprus/psoc creator/4.2/psoc creator/import/gnu/arm/5.4.1/bin/../lib/gcc/arm-none-eabi/5.4.1/../../../../arm-none-eabi/lib/armv7-m\libg_nano.a(lib_a-dtoa.o)
                                  0xf (size before relaxing)
 .rodata.str1.1
                0x00006b7b        0x8 d:/program files (x86)/cyprus/psoc creator/4.2/psoc creator/import/gnu/arm/5.4.1/bin/../lib/gcc/arm-none-eabi/5.4.1/../../../../arm-none-eabi/lib/armv7-m\libg_nano.a(lib_a-locale.o)
                                  0xb (size before relaxing)
 *fill*         0x00006b83        0x5 
 .rodata.__mprec_tens
                0x00006b88       0xc8 d:/program files (x86)/cyprus/psoc creator/4.2/psoc creator/import/gnu/arm/5.4.1/bin/../lib/gcc/arm-none-eabi/5.4.1/../../../../arm-none-eabi/lib/armv7-m\libg_nano.a(lib_a-mprec.o)
                0x00006b88                __mprec_tens
 .rodata.p05.5408
                0x00006c50        0xc d:/program files (x86)/cyprus/psoc creator/4.2/psoc creator/import/gnu/arm/5.4.1/bin/../lib/gcc/arm-none-eabi/5.4.1/../../../../arm-none-eabi/lib/armv7-m\libg_nano.a(lib_a-mprec.o)
 *fill*         0x00006c5c        0x4 
 .rodata.__mprec_bigtens
                0x00006c60       0x28 d:/program files (x86)/cyprus/psoc creator/4.2/psoc creator/import/gnu/arm/5.4.1/bin/../lib/gcc/arm-none-eabi/5.4.1/../../../../arm-none-eabi/lib/armv7-m\libg_nano.a(lib_a-mprec.o)
                0x00006c60                __mprec_bigtens
 .rodata.str1.1
                0x00006c88       0x11 d:/program files (x86)/cyprus/psoc creator/4.2/psoc creator/import/gnu/arm/5.4.1/bin/../lib/gcc/arm-none-eabi/5.4.1/../../../../arm-none-eabi/lib/armv7-m\libg_nano.a(lib_a-nano-svfprintf.o)
                0x00006c9c                . = ALIGN (0x4)
 *fill*         0x00006c99        0x3 
 *(.init)
 .init          0x00006c9c        0x4 d:/program files (x86)/cyprus/psoc creator/4.2/psoc creator/import/gnu/arm/5.4.1/bin/../lib/gcc/arm-none-eabi/5.4.1/armv7-m/crti.o
                0x00006c9c                _init
 .init          0x00006ca0        0x8 d:/program files (x86)/cyprus/psoc creator/4.2/psoc creator/import/gnu/arm/5.4.1/bin/../lib/gcc/arm-none-eabi/5.4.1/armv7-m/crtn.o
                0x00006ca8                . = ALIGN (0x4)
                0x00006ca8                __preinit_array_start = .
 *(.preinit_array)
                0x00006ca8                __preinit_array_end = .
                0x00006ca8                . = ALIGN (0x4)
                0x00006ca8                __init_array_start = .
 *(SORT(.init_array.*))
 *(.init_array)
 .init_array    0x00006ca8        0x4 d:/program files (x86)/cyprus/psoc creator/4.2/psoc creator/import/gnu/arm/5.4.1/bin/../lib/gcc/arm-none-eabi/5.4.1/armv7-m/crtbegin.o
 .init_array    0x00006cac        0x4 .\CortexM3\ARM_GCC_541\Debug\Cm3Start.o
                0x00006cb0                __init_array_end = .
                0x00006cb0                . = ALIGN (0x4)
 *(.fini)
 .fini          0x00006cb0        0x4 d:/program files (x86)/cyprus/psoc creator/4.2/psoc creator/import/gnu/arm/5.4.1/bin/../lib/gcc/arm-none-eabi/5.4.1/armv7-m/crti.o
                0x00006cb0                _fini
 .fini          0x00006cb4        0x8 d:/program files (x86)/cyprus/psoc creator/4.2/psoc creator/import/gnu/arm/5.4.1/bin/../lib/gcc/arm-none-eabi/5.4.1/armv7-m/crtn.o
                0x00006cbc                . = ALIGN (0x4)
                0x00006cbc                __fini_array_start = .
 *(.fini_array)
 .fini_array    0x00006cbc        0x4 d:/program files (x86)/cyprus/psoc creator/4.2/psoc creator/import/gnu/arm/5.4.1/bin/../lib/gcc/arm-none-eabi/5.4.1/armv7-m/crtbegin.o
 *(SORT(.fini_array.*))
                0x00006cc0                __fini_array_end = .
                0x00006cc0                . = ALIGN (0x4)
 *crtbegin.o(.ctors)
 *(EXCLUDE_FILE(*crtend.o) .ctors)
 *(SORT(.ctors.*))
 *crtend.o(.ctors)
                0x00006cc0                . = ALIGN (0x4)
 *crtbegin.o(.dtors)
 *(EXCLUDE_FILE(*crtend.o) .dtors)
 *(SORT(.dtors.*))
 *crtend.o(.dtors)
                0x00006cc0                . = ALIGN (0x4)
                0x00006cc0                __cy_regions = .
                0x00006cc0        0x4 LONG 0x6cd0 __cy_region_init_ram
                0x00006cc4        0x4 LONG 0x1fff80c8 __cy_region_start_data
                0x00006cc8        0x4 LONG 0xe8 __cy_region_init_size_ram
                0x00006ccc        0x4 LONG 0x168 __cy_region_zero_size_ram
                0x00006cd0                __cy_regions_end = .
                0x00006cd0                . = ALIGN (0x8)
                0x00006cd0                _etext = .

.cy_checksum_exclude
                0x00006cd0        0x0
 *(.cy_checksum_exclude)

.ramvectors     0x1fff8000       0xc0
                0x1fff8000                __cy_region_start_ram = .
 *(.ramvectors)
 .ramvectors    0x1fff8000       0xc0 .\CortexM3\ARM_GCC_541\Debug\Cm3Start.o
                0x1fff8000                CyRamVectors

.noinit         0x1fff80c0        0x1
 *(.noinit)
 .noinit        0x1fff80c0        0x1 .\CortexM3\ARM_GCC_541\Debug\Group17Robot.a(CyLib.o)
                0x1fff80c0                CyResetStatus

.data           0x1fff80c8       0xe8 load address 0x00006cd0
                0x1fff80c8                __cy_region_start_data = .
 *(.jcr)
 .jcr           0x1fff80c8        0x0 d:/program files (x86)/cyprus/psoc creator/4.2/psoc creator/import/gnu/arm/5.4.1/bin/../lib/gcc/arm-none-eabi/5.4.1/armv7-m/crtbegin.o
 .jcr           0x1fff80c8        0x4 d:/program files (x86)/cyprus/psoc creator/4.2/psoc creator/import/gnu/arm/5.4.1/bin/../lib/gcc/arm-none-eabi/5.4.1/armv7-m/crtend.o
 *(.got.plt)
 *(.got)
 *(.shdata)
 *(.data .data.* .gnu.linkonce.d.*)
 .data          0x1fff80cc       0x30 .\CortexM3\ARM_GCC_541\Debug\main.o
                0x1fff80cc                colour_flag
                0x1fff80d0                setup
                0x1fff80d4                running
                0x1fff80d8                northWall
                0x1fff80dc                southWall
                0x1fff80e0                homeToNW
                0x1fff80e4                findingPuck
                0x1fff80e8                puckRackOffsetsFromWest
 .data          0x1fff80fc        0x4 .\CortexM3\ARM_GCC_541\Debug\Cm3Start.o
 .data          0x1fff8100       0x10 .\CortexM3\ARM_GCC_541\Debug\Group17Robot.a(CyLib.o)
                0x1fff8100                cydelay_32k_ms
                0x1fff8104                cydelay_freq_khz
                0x1fff8108                cydelay_freq_mhz
                0x1fff810c                cydelay_freq_hz
 .data          0x1fff8110        0x1 .\CortexM3\ARM_GCC_541\Debug\Group17Robot.a(ADC.o)
                0x1fff8110                ADC_Config
 *fill*         0x1fff8111        0x3 
 .data.impure_data
                0x1fff8114       0x60 d:/program files (x86)/cyprus/psoc creator/4.2/psoc creator/import/gnu/arm/5.4.1/bin/../lib/gcc/arm-none-eabi/5.4.1/../../../../arm-none-eabi/lib/armv7-m\libg_nano.a(lib_a-impure.o)
 .data._impure_ptr
                0x1fff8174        0x4 d:/program files (x86)/cyprus/psoc creator/4.2/psoc creator/import/gnu/arm/5.4.1/bin/../lib/gcc/arm-none-eabi/5.4.1/../../../../arm-none-eabi/lib/armv7-m\libg_nano.a(lib_a-impure.o)
                0x1fff8174                _impure_ptr
 .data.lconv    0x1fff8178       0x38 d:/program files (x86)/cyprus/psoc creator/4.2/psoc creator/import/gnu/arm/5.4.1/bin/../lib/gcc/arm-none-eabi/5.4.1/../../../../arm-none-eabi/lib/armv7-m\libg_nano.a(lib_a-locale.o)
                0x1fff81b0                . = ALIGN (0x8)
 *(.ram)
                0x1fff81b0                _edata = .

.igot.plt       0x1fff81b0        0x0 load address 0x00006db8
 .igot.plt      0x1fff81b0        0x0 d:/program files (x86)/cyprus/psoc creator/4.2/psoc creator/import/gnu/arm/5.4.1/bin/../lib/gcc/arm-none-eabi/5.4.1/armv7-m/crtbegin.o

.bss            0x1fff81b0      0x168 load address 0x00006db8
                0x1fff81b0                PROVIDE (__bss_start__, .)
 *(.shbss)
 *(.bss .bss.* .gnu.linkonce.b.*)
 .bss           0x1fff81b0       0x1c d:/program files (x86)/cyprus/psoc creator/4.2/psoc creator/import/gnu/arm/5.4.1/bin/../lib/gcc/arm-none-eabi/5.4.1/armv7-m/crtbegin.o
 .bss           0x1fff81cc       0x54 .\CortexM3\ARM_GCC_541\Debug\main.o
                0x1fff81cc                beginNavigation
                0x1fff81d0                idac_value
                0x1fff81d4                state
                0x1fff81d8                driveStraightEnable
                0x1fff81dc                eastWall
                0x1fff81e0                westWall
                0x1fff81e4                NEToHome
                0x1fff81e8                homeToNE
                0x1fff81ec                NWToHome
                0x1fff81f0                returningHome
                0x1fff81f4                block_location
                0x1fff8204                sweeping
                0x1fff8208                puckRackColours
                0x1fff821c                currentPuckRackScanningIndex
 .bss           0x1fff8220       0x28 .\CortexM3\ARM_GCC_541\Debug\ultrasonic.o
                0x1fff8220                count
                0x1fff8224                ultrasonic_mux_control
                0x1fff8228                ultrasonic_distances
                0x1fff823c                block_start
                0x1fff8240                distance_measured
                0x1fff8244                i
 .bss           0x1fff8248        0x1 .\CortexM3\ARM_GCC_541\Debug\Group17Robot.a(TIA_1.o)
                0x1fff8248                TIA_1_initVar
 .bss           0x1fff8249        0x2 .\CortexM3\ARM_GCC_541\Debug\Group17Robot.a(UART_1.o)
                0x1fff8249                UART_1_initVar
 *fill*         0x1fff824b        0x1 
 .bss           0x1fff824c       0x18 .\CortexM3\ARM_GCC_541\Debug\Group17Robot.a(ADC.o)
                0x1fff825c                ADC_stopConversion
                0x1fff825d                ADC_convDone
                0x1fff825e                ADC_initVar
                0x1fff825f                ADC_started
                0x1fff8260                ADC_Offset
 .bss           0x1fff8264        0x1 .\CortexM3\ARM_GCC_541\Debug\Group17Robot.a(IDAC8_1.o)
                0x1fff8264                IDAC8_1_initVar
 .bss           0x1fff8265        0x1 .\CortexM3\ARM_GCC_541\Debug\Group17Robot.a(Timer_1.o)
                0x1fff8265                Timer_1_initVar
 .bss           0x1fff8266        0x1 .\CortexM3\ARM_GCC_541\Debug\Group17Robot.a(Motor_2_driver.o)
                0x1fff8266                Motor_2_driver_initVar
 *fill*         0x1fff8267        0x1 
 .bss           0x1fff8268        0x8 .\CortexM3\ARM_GCC_541\Debug\Group17Robot.a(Motor_2_driver_PM.o)
 .bss           0x1fff8270        0x1 .\CortexM3\ARM_GCC_541\Debug\Group17Robot.a(Motor_1_driver.o)
                0x1fff8270                Motor_1_driver_initVar
 *fill*         0x1fff8271        0x3 
 .bss           0x1fff8274        0x8 .\CortexM3\ARM_GCC_541\Debug\Group17Robot.a(Motor_1_driver_PM.o)
 .bss           0x1fff827c        0x1 .\CortexM3\ARM_GCC_541\Debug\Group17Robot.a(Gripper_Servo_PWM.o)
                0x1fff827c                Gripper_Servo_PWM_initVar
 .bss           0x1fff827d        0x1 .\CortexM3\ARM_GCC_541\Debug\Group17Robot.a(Rack_Servo_PWM.o)
                0x1fff827d                Rack_Servo_PWM_initVar
 .bss           0x1fff827e        0x1 .\CortexM3\ARM_GCC_541\Debug\Group17Robot.a(PWM_colour.o)
                0x1fff827e                PWM_colour_initVar
 *fill*         0x1fff827f        0x1 
 .bss           0x1fff8280        0x5 .\CortexM3\ARM_GCC_541\Debug\Group17Robot.a(PWM_colour_PM.o)
 *fill*         0x1fff8285        0x3 
 .bss.__malloc_sbrk_start
                0x1fff8288        0x4 d:/program files (x86)/cyprus/psoc creator/4.2/psoc creator/import/gnu/arm/5.4.1/bin/../lib/gcc/arm-none-eabi/5.4.1/../../../../arm-none-eabi/lib/armv7-m\libg_nano.a(lib_a-nano-mallocr.o)
                0x1fff8288                __malloc_sbrk_start
 .bss.__malloc_free_list
                0x1fff828c        0x4 d:/program files (x86)/cyprus/psoc creator/4.2/psoc creator/import/gnu/arm/5.4.1/bin/../lib/gcc/arm-none-eabi/5.4.1/../../../../arm-none-eabi/lib/armv7-m\libg_nano.a(lib_a-nano-mallocr.o)
                0x1fff828c                __malloc_free_list
 *(COMMON)
 COMMON         0x1fff8290       0x54 .\CortexM3\ARM_GCC_541\Debug\colour.o
                0x1fff8290                test_white
                0x1fff8294                test_red
                0x1fff8298                ambient_current
                0x1fff829c                input_current
                0x1fff82a0                colour_output
                0x1fff82a4                ambient_green
                0x1fff82a8                ambient_white
                0x1fff82ac                ambient_red
                0x1fff82b0                test_blue
                0x1fff82b4                ambient_blue
                0x1fff82b8                pd_voltage
                0x1fff82bc                stored
                0x1fff82e0                test_green
 COMMON         0x1fff82e4       0x28 .\CortexM3\ARM_GCC_541\Debug\ultrasonic.o
                0x1fff82e4                output
 COMMON         0x1fff830c        0x4 .\CortexM3\ARM_GCC_541\Debug\Group17Robot.a(ADC.o)
                0x1fff830c                ADC_CountsPerVolt
 COMMON         0x1fff8310        0x4 d:/program files (x86)/cyprus/psoc creator/4.2/psoc creator/import/gnu/arm/5.4.1/bin/../lib/gcc/arm-none-eabi/5.4.1/../../../../arm-none-eabi/lib/armv7-m\libg_nano.a(lib_a-reent.o)
                0x1fff8310                errno
                0x1fff8318                . = ALIGN (0x8)
 *fill*         0x1fff8314        0x4 
 *(.ram.b)
                0x1fff8318                _end = .
                0x1fff8318                __end = .
                0x1fff8318                PROVIDE (end, .)
                0x1fff8318                PROVIDE (__bss_end__, .)
                0x00006cd0                __cy_region_init_ram = LOADADDR (.data)
                0x000000e8                __cy_region_init_size_ram = (_edata - ADDR (.data))
                0x00000168                __cy_region_zero_size_ram = (_end - _edata)

.heap           0x1fff8318      0x200 load address 0x00006db8
                0x1fff8318                . = _end
                0x1fff8518                . = (. + 0x200)
 *fill*         0x1fff8318      0x200 
                0x1fff8518                __cy_heap_limit = .

.stack          0x20007800      0x800
                0x20007800                __cy_stack_limit = .
                0x20008000                . = (. + 0x800)
 *fill*         0x20007800      0x800 
                0x00000001                ASSERT ((__cy_stack_limit >= __cy_heap_limit), region RAM overflowed with stack)
                0x00000000                cy_checksum_exclude_size = (CY_APPL_LOADABLE == 0x1)?SIZEOF (.cy_checksum_exclude):0x0
                0x00000001                ASSERT ((cy_checksum_exclude_size <= CY_CHECKSUM_EXCLUDE_SIZE), CY_BOOT: Section .cy_checksum_exclude size exceedes specified limit.)

.cyloadermeta
 *(.cyloadermeta)

.cyloadablemeta
 *(.cyloadablemeta)

.cyconfigecc    0x80000000      0xb78
 *(.cyconfigecc)
 .cyconfigecc   0x80000000      0xb78 .\CortexM3\ARM_GCC_541\Debug\cymetadata.o
                0x80000000                cy_meta_configecc

.cycustnvl      0x90000000        0x4
 *(.cycustnvl)
 .cycustnvl     0x90000000        0x4 .\CortexM3\ARM_GCC_541\Debug\cymetadata.o
                0x90000000                cy_meta_custnvl

.cywolatch      0x90100000        0x4
 *(.cywolatch)
 .cywolatch     0x90100000        0x4 .\CortexM3\ARM_GCC_541\Debug\cymetadata.o
                0x90100000                cy_meta_wonvl

.cyeeprom       0x90200000        0x0
 *(.cyeeprom)
                0x00000001                ASSERT ((. <= ((0x90200000 + ee_offset) + ee_size)), .cyeeprom data will not fit in EEPROM)

.cyflashprotect
                0x90400000      0x100
 *(.cyflashprotect)
 .cyflashprotect
                0x90400000      0x100 .\CortexM3\ARM_GCC_541\Debug\cymetadata.o
                0x90400000                cy_meta_flashprotect

.cymeta         0x90500000        0xc
 *(.cymeta)
 .cymeta        0x90500000        0xc .\CortexM3\ARM_GCC_541\Debug\cymetadata.o
                0x90500000                cy_metadata

.rel.dyn        0x00006db8        0x0 load address 0x9050000c
 .rel.iplt      0x00006db8        0x0 d:/program files (x86)/cyprus/psoc creator/4.2/psoc creator/import/gnu/arm/5.4.1/bin/../lib/gcc/arm-none-eabi/5.4.1/armv7-m/crtbegin.o

.stab
 *(.stab)

.stabstr
 *(.stabstr)

.debug
 *(.debug)

.line
 *(.line)

.debug_srcinfo
 *(.debug_srcinfo)

.debug_sfnames
 *(.debug_sfnames)

.debug_aranges  0x00000000     0x1330
 *(.debug_aranges)
 .debug_aranges
                0x00000000       0x30 .\CortexM3\ARM_GCC_541\Debug\main.o
 .debug_aranges
                0x00000030       0x70 .\CortexM3\ARM_GCC_541\Debug\colour.o
 .debug_aranges
                0x000000a0       0x40 .\CortexM3\ARM_GCC_541\Debug\ultrasonic.o
 .debug_aranges
                0x000000e0       0x78 .\CortexM3\ARM_GCC_541\Debug\dcmotor.o
 .debug_aranges
                0x00000158       0x50 .\CortexM3\ARM_GCC_541\Debug\servo.o
 .debug_aranges
                0x000001a8       0x20 .\CortexM3\ARM_GCC_541\Debug\customMath.o
 .debug_aranges
                0x000001c8       0x58 .\CortexM3\ARM_GCC_541\Debug\cyfitter_cfg.o
 .debug_aranges
                0x00000220       0x18 .\CortexM3\ARM_GCC_541\Debug\cymetadata.o
 .debug_aranges
                0x00000238       0x48 .\CortexM3\ARM_GCC_541\Debug\Cm3Start.o
 .debug_aranges
                0x00000280       0x50 .\CortexM3\ARM_GCC_541\Debug\Group17Robot.a(TIA_1.o)
 .debug_aranges
                0x000002d0      0x2a0 .\CortexM3\ARM_GCC_541\Debug\Group17Robot.a(CyLib.o)
 .debug_aranges
                0x00000570       0x98 .\CortexM3\ARM_GCC_541\Debug\Group17Robot.a(cyPm.o)
 .debug_aranges
                0x00000608       0xf0 .\CortexM3\ARM_GCC_541\Debug\Group17Robot.a(UART_1.o)
 .debug_aranges
                0x000006f8       0x70 .\CortexM3\ARM_GCC_541\Debug\Group17Robot.a(UART_1_IntClock.o)
 .debug_aranges
                0x00000768       0xe8 .\CortexM3\ARM_GCC_541\Debug\Group17Robot.a(ADC.o)
 .debug_aranges
                0x00000850       0x38 .\CortexM3\ARM_GCC_541\Debug\Group17Robot.a(ADC_INT.o)
 .debug_aranges
                0x00000888       0x70 .\CortexM3\ARM_GCC_541\Debug\Group17Robot.a(ADC_Ext_CP_Clk.o)
 .debug_aranges
                0x000008f8       0x80 .\CortexM3\ARM_GCC_541\Debug\Group17Robot.a(ADC_theACLK.o)
 .debug_aranges
                0x00000978       0x60 .\CortexM3\ARM_GCC_541\Debug\Group17Robot.a(IDAC8_1.o)
 .debug_aranges
                0x000009d8       0x38 .\CortexM3\ARM_GCC_541\Debug\Group17Robot.a(LED_Blue.o)
 .debug_aranges
                0x00000a10       0x38 .\CortexM3\ARM_GCC_541\Debug\Group17Robot.a(LED_Red.o)
 .debug_aranges
                0x00000a48       0x38 .\CortexM3\ARM_GCC_541\Debug\Group17Robot.a(LED_Green.o)
 .debug_aranges
                0x00000a80       0x38 .\CortexM3\ARM_GCC_541\Debug\Group17Robot.a(RGB_Green.o)
 .debug_aranges
                0x00000ab8       0x38 .\CortexM3\ARM_GCC_541\Debug\Group17Robot.a(RGB_Red.o)
 .debug_aranges
                0x00000af0       0x38 .\CortexM3\ARM_GCC_541\Debug\Group17Robot.a(RGB_Blue.o)
 .debug_aranges
                0x00000b28       0x98 .\CortexM3\ARM_GCC_541\Debug\Group17Robot.a(Timer_1.o)
 .debug_aranges
                0x00000bc0       0x38 .\CortexM3\ARM_GCC_541\Debug\Group17Robot.a(Trigger_1.o)
 .debug_aranges
                0x00000bf8       0x38 .\CortexM3\ARM_GCC_541\Debug\Group17Robot.a(Trigger_2.o)
 .debug_aranges
                0x00000c30       0x38 .\CortexM3\ARM_GCC_541\Debug\Group17Robot.a(Trigger_3.o)
 .debug_aranges
                0x00000c68       0x38 .\CortexM3\ARM_GCC_541\Debug\Group17Robot.a(Trigger_4.o)
 .debug_aranges
                0x00000ca0       0x38 .\CortexM3\ARM_GCC_541\Debug\Group17Robot.a(Trigger_5.o)
 .debug_aranges
                0x00000cd8       0x28 .\CortexM3\ARM_GCC_541\Debug\Group17Robot.a(Ultrasonic_Mux_Control.o)
 .debug_aranges
                0x00000d00       0xa8 .\CortexM3\ARM_GCC_541\Debug\Group17Robot.a(Motor_2_driver.o)
 .debug_aranges
                0x00000da8       0x38 .\CortexM3\ARM_GCC_541\Debug\Group17Robot.a(Motor_2_driver_PM.o)
 .debug_aranges
                0x00000de0       0xa8 .\CortexM3\ARM_GCC_541\Debug\Group17Robot.a(Motor_1_driver.o)
 .debug_aranges
                0x00000e88       0x38 .\CortexM3\ARM_GCC_541\Debug\Group17Robot.a(Motor_1_driver_PM.o)
 .debug_aranges
                0x00000ec0       0x78 .\CortexM3\ARM_GCC_541\Debug\Group17Robot.a(Gripper_Servo_PWM.o)
 .debug_aranges
                0x00000f38       0x78 .\CortexM3\ARM_GCC_541\Debug\Group17Robot.a(Rack_Servo_PWM.o)
 .debug_aranges
                0x00000fb0       0x98 .\CortexM3\ARM_GCC_541\Debug\Group17Robot.a(PWM_colour.o)
 .debug_aranges
                0x00001048       0x38 .\CortexM3\ARM_GCC_541\Debug\Group17Robot.a(PWM_colour_PM.o)
 .debug_aranges
                0x00001080       0x28 .\CortexM3\ARM_GCC_541\Debug\Group17Robot.a(control_led.o)
 .debug_aranges
                0x000010a8       0x28 .\CortexM3\ARM_GCC_541\Debug\Group17Robot.a(control_photodiode.o)
 .debug_aranges
                0x000010d0       0x80 .\CortexM3\ARM_GCC_541\Debug\Group17Robot.a(Start.o)
 .debug_aranges
                0x00001150       0x80 .\CortexM3\ARM_GCC_541\Debug\Group17Robot.a(Sonic.o)
 .debug_aranges
                0x000011d0       0x38 .\CortexM3\ARM_GCC_541\Debug\Group17Robot.a(Gripper_Servo_Disable.o)
 .debug_aranges
                0x00001208       0x20 .\CortexM3\ARM_GCC_541\Debug\Group17Robot.a(CyBootAsmGnu.o)
 .debug_aranges
                0x00001228       0x88 .\CortexM3\ARM_GCC_541\Debug\Group17Robot.a(CyFlash.o)
 .debug_aranges
                0x000012b0       0x80 .\CortexM3\ARM_GCC_541\Debug\Group17Robot.a(CySpc.o)

.debug_pubnames
 *(.debug_pubnames)

.debug_info     0x00000000     0xb074
 *(.debug_info .gnu.linkonce.wi.*)
 .debug_info    0x00000000      0x6b2 .\CortexM3\ARM_GCC_541\Debug\main.o
 .debug_info    0x000006b2     0x153e .\CortexM3\ARM_GCC_541\Debug\colour.o
 .debug_info    0x00001bf0      0x4fc .\CortexM3\ARM_GCC_541\Debug\ultrasonic.o
 .debug_info    0x000020ec      0x92c .\CortexM3\ARM_GCC_541\Debug\dcmotor.o
 .debug_info    0x00002a18      0x418 .\CortexM3\ARM_GCC_541\Debug\servo.o
 .debug_info    0x00002e30       0x61 .\CortexM3\ARM_GCC_541\Debug\customMath.o
 .debug_info    0x00002e91      0x650 .\CortexM3\ARM_GCC_541\Debug\cyfitter_cfg.o
 .debug_info    0x000034e1      0x139 .\CortexM3\ARM_GCC_541\Debug\cymetadata.o
 .debug_info    0x0000361a      0x3bb .\CortexM3\ARM_GCC_541\Debug\Cm3Start.o
 .debug_info    0x000039d5      0x1d6 .\CortexM3\ARM_GCC_541\Debug\Group17Robot.a(TIA_1.o)
 .debug_info    0x00003bab     0x1374 .\CortexM3\ARM_GCC_541\Debug\Group17Robot.a(CyLib.o)
 .debug_info    0x00004f1f      0xa2a .\CortexM3\ARM_GCC_541\Debug\Group17Robot.a(cyPm.o)
 .debug_info    0x00005949      0x60c .\CortexM3\ARM_GCC_541\Debug\Group17Robot.a(UART_1.o)
 .debug_info    0x00005f55      0x283 .\CortexM3\ARM_GCC_541\Debug\Group17Robot.a(UART_1_IntClock.o)
 .debug_info    0x000061d8      0xb94 .\CortexM3\ARM_GCC_541\Debug\Group17Robot.a(ADC.o)
 .debug_info    0x00006d6c       0xd3 .\CortexM3\ARM_GCC_541\Debug\Group17Robot.a(ADC_INT.o)
 .debug_info    0x00006e3f      0x283 .\CortexM3\ARM_GCC_541\Debug\Group17Robot.a(ADC_Ext_CP_Clk.o)
 .debug_info    0x000070c2      0x2c4 .\CortexM3\ARM_GCC_541\Debug\Group17Robot.a(ADC_theACLK.o)
 .debug_info    0x00007386      0x20a .\CortexM3\ARM_GCC_541\Debug\Group17Robot.a(IDAC8_1.o)
 .debug_info    0x00007590      0x11f .\CortexM3\ARM_GCC_541\Debug\Group17Robot.a(LED_Blue.o)
 .debug_info    0x000076af      0x11f .\CortexM3\ARM_GCC_541\Debug\Group17Robot.a(LED_Red.o)
 .debug_info    0x000077ce      0x11f .\CortexM3\ARM_GCC_541\Debug\Group17Robot.a(LED_Green.o)
 .debug_info    0x000078ed      0x11f .\CortexM3\ARM_GCC_541\Debug\Group17Robot.a(RGB_Green.o)
 .debug_info    0x00007a0c      0x11f .\CortexM3\ARM_GCC_541\Debug\Group17Robot.a(RGB_Red.o)
 .debug_info    0x00007b2b      0x11f .\CortexM3\ARM_GCC_541\Debug\Group17Robot.a(RGB_Blue.o)
 .debug_info    0x00007c4a      0x328 .\CortexM3\ARM_GCC_541\Debug\Group17Robot.a(Timer_1.o)
 .debug_info    0x00007f72      0x11f .\CortexM3\ARM_GCC_541\Debug\Group17Robot.a(Trigger_1.o)
 .debug_info    0x00008091      0x11f .\CortexM3\ARM_GCC_541\Debug\Group17Robot.a(Trigger_2.o)
 .debug_info    0x000081b0      0x11f .\CortexM3\ARM_GCC_541\Debug\Group17Robot.a(Trigger_3.o)
 .debug_info    0x000082cf      0x11f .\CortexM3\ARM_GCC_541\Debug\Group17Robot.a(Trigger_4.o)
 .debug_info    0x000083ee      0x11f .\CortexM3\ARM_GCC_541\Debug\Group17Robot.a(Trigger_5.o)
 .debug_info    0x0000850d       0xd6 .\CortexM3\ARM_GCC_541\Debug\Group17Robot.a(Ultrasonic_Mux_Control.o)
 .debug_info    0x000085e3      0x3a0 .\CortexM3\ARM_GCC_541\Debug\Group17Robot.a(Motor_2_driver.o)
 .debug_info    0x00008983      0x223 .\CortexM3\ARM_GCC_541\Debug\Group17Robot.a(Motor_2_driver_PM.o)
 .debug_info    0x00008ba6      0x3a0 .\CortexM3\ARM_GCC_541\Debug\Group17Robot.a(Motor_1_driver.o)
 .debug_info    0x00008f46      0x223 .\CortexM3\ARM_GCC_541\Debug\Group17Robot.a(Motor_1_driver_PM.o)
 .debug_info    0x00009169      0x281 .\CortexM3\ARM_GCC_541\Debug\Group17Robot.a(Gripper_Servo_PWM.o)
 .debug_info    0x000093ea      0x281 .\CortexM3\ARM_GCC_541\Debug\Group17Robot.a(Rack_Servo_PWM.o)
 .debug_info    0x0000966b      0x333 .\CortexM3\ARM_GCC_541\Debug\Group17Robot.a(PWM_colour.o)
 .debug_info    0x0000999e      0x217 .\CortexM3\ARM_GCC_541\Debug\Group17Robot.a(PWM_colour_PM.o)
 .debug_info    0x00009bb5       0xd6 .\CortexM3\ARM_GCC_541\Debug\Group17Robot.a(control_led.o)
 .debug_info    0x00009c8b       0xd6 .\CortexM3\ARM_GCC_541\Debug\Group17Robot.a(control_photodiode.o)
 .debug_info    0x00009d61      0x2d2 .\CortexM3\ARM_GCC_541\Debug\Group17Robot.a(Start.o)
 .debug_info    0x0000a033      0x2d2 .\CortexM3\ARM_GCC_541\Debug\Group17Robot.a(Sonic.o)
 .debug_info    0x0000a305      0x11f .\CortexM3\ARM_GCC_541\Debug\Group17Robot.a(Gripper_Servo_Disable.o)
 .debug_info    0x0000a424       0xb3 .\CortexM3\ARM_GCC_541\Debug\Group17Robot.a(CyBootAsmGnu.o)
 .debug_info    0x0000a4d7      0x64d .\CortexM3\ARM_GCC_541\Debug\Group17Robot.a(CyFlash.o)
 .debug_info    0x0000ab24      0x550 .\CortexM3\ARM_GCC_541\Debug\Group17Robot.a(CySpc.o)

.debug_abbrev   0x00000000     0x3013
 *(.debug_abbrev)
 .debug_abbrev  0x00000000      0x125 .\CortexM3\ARM_GCC_541\Debug\main.o
 .debug_abbrev  0x00000125      0x17d .\CortexM3\ARM_GCC_541\Debug\colour.o
 .debug_abbrev  0x000002a2      0x167 .\CortexM3\ARM_GCC_541\Debug\ultrasonic.o
 .debug_abbrev  0x00000409      0x165 .\CortexM3\ARM_GCC_541\Debug\dcmotor.o
 .debug_abbrev  0x0000056e      0x117 .\CortexM3\ARM_GCC_541\Debug\servo.o
 .debug_abbrev  0x00000685       0x48 .\CortexM3\ARM_GCC_541\Debug\customMath.o
 .debug_abbrev  0x000006cd      0x20d .\CortexM3\ARM_GCC_541\Debug\cyfitter_cfg.o
 .debug_abbrev  0x000008da       0x77 .\CortexM3\ARM_GCC_541\Debug\cymetadata.o
 .debug_abbrev  0x00000951      0x1e8 .\CortexM3\ARM_GCC_541\Debug\Cm3Start.o
 .debug_abbrev  0x00000b39       0xf7 .\CortexM3\ARM_GCC_541\Debug\Group17Robot.a(TIA_1.o)
 .debug_abbrev  0x00000c30      0x254 .\CortexM3\ARM_GCC_541\Debug\Group17Robot.a(CyLib.o)
 .debug_abbrev  0x00000e84      0x1ab .\CortexM3\ARM_GCC_541\Debug\Group17Robot.a(cyPm.o)
 .debug_abbrev  0x0000102f      0x175 .\CortexM3\ARM_GCC_541\Debug\Group17Robot.a(UART_1.o)
 .debug_abbrev  0x000011a4      0x139 .\CortexM3\ARM_GCC_541\Debug\Group17Robot.a(UART_1_IntClock.o)
 .debug_abbrev  0x000012dd      0x1eb .\CortexM3\ARM_GCC_541\Debug\Group17Robot.a(ADC.o)
 .debug_abbrev  0x000014c8       0x42 .\CortexM3\ARM_GCC_541\Debug\Group17Robot.a(ADC_INT.o)
 .debug_abbrev  0x0000150a      0x139 .\CortexM3\ARM_GCC_541\Debug\Group17Robot.a(ADC_Ext_CP_Clk.o)
 .debug_abbrev  0x00001643      0x121 .\CortexM3\ARM_GCC_541\Debug\Group17Robot.a(ADC_theACLK.o)
 .debug_abbrev  0x00001764      0x106 .\CortexM3\ARM_GCC_541\Debug\Group17Robot.a(IDAC8_1.o)
 .debug_abbrev  0x0000186a       0x90 .\CortexM3\ARM_GCC_541\Debug\Group17Robot.a(LED_Blue.o)
 .debug_abbrev  0x000018fa       0x90 .\CortexM3\ARM_GCC_541\Debug\Group17Robot.a(LED_Red.o)
 .debug_abbrev  0x0000198a       0x90 .\CortexM3\ARM_GCC_541\Debug\Group17Robot.a(LED_Green.o)
 .debug_abbrev  0x00001a1a       0x90 .\CortexM3\ARM_GCC_541\Debug\Group17Robot.a(RGB_Green.o)
 .debug_abbrev  0x00001aaa       0x90 .\CortexM3\ARM_GCC_541\Debug\Group17Robot.a(RGB_Red.o)
 .debug_abbrev  0x00001b3a       0x90 .\CortexM3\ARM_GCC_541\Debug\Group17Robot.a(RGB_Blue.o)
 .debug_abbrev  0x00001bca      0x13a .\CortexM3\ARM_GCC_541\Debug\Group17Robot.a(Timer_1.o)
 .debug_abbrev  0x00001d04       0x90 .\CortexM3\ARM_GCC_541\Debug\Group17Robot.a(Trigger_1.o)
 .debug_abbrev  0x00001d94       0x90 .\CortexM3\ARM_GCC_541\Debug\Group17Robot.a(Trigger_2.o)
 .debug_abbrev  0x00001e24       0x90 .\CortexM3\ARM_GCC_541\Debug\Group17Robot.a(Trigger_3.o)
 .debug_abbrev  0x00001eb4       0x90 .\CortexM3\ARM_GCC_541\Debug\Group17Robot.a(Trigger_4.o)
 .debug_abbrev  0x00001f44       0x90 .\CortexM3\ARM_GCC_541\Debug\Group17Robot.a(Trigger_5.o)
 .debug_abbrev  0x00001fd4       0x81 .\CortexM3\ARM_GCC_541\Debug\Group17Robot.a(Ultrasonic_Mux_Control.o)
 .debug_abbrev  0x00002055      0x133 .\CortexM3\ARM_GCC_541\Debug\Group17Robot.a(Motor_2_driver.o)
 .debug_abbrev  0x00002188       0xac .\CortexM3\ARM_GCC_541\Debug\Group17Robot.a(Motor_2_driver_PM.o)
 .debug_abbrev  0x00002234      0x133 .\CortexM3\ARM_GCC_541\Debug\Group17Robot.a(Motor_1_driver.o)
 .debug_abbrev  0x00002367       0xac .\CortexM3\ARM_GCC_541\Debug\Group17Robot.a(Motor_1_driver_PM.o)
 .debug_abbrev  0x00002413      0x12d .\CortexM3\ARM_GCC_541\Debug\Group17Robot.a(Gripper_Servo_PWM.o)