Archive member included to satisfy reference by file (symbol)

.\CortexM3\ARM_GCC_541\Debug\Group17Robot.a(TIA_1.o)
                              .\CortexM3\ARM_GCC_541\Debug\main.o (TIA_1_Start)
.\CortexM3\ARM_GCC_541\Debug\Group17Robot.a(CyLib.o)
                              .\CortexM3\ARM_GCC_541\Debug\Cm3Start.o (CyHalt)
.\CortexM3\ARM_GCC_541\Debug\Group17Robot.a(cyPm.o)
                              .\CortexM3\ARM_GCC_541\Debug\Group17Robot.a(CyLib.o) (CyPmReadStatus)
.\CortexM3\ARM_GCC_541\Debug\Group17Robot.a(UART_1.o)
                              .\CortexM3\ARM_GCC_541\Debug\main.o (UART_1_Start)
.\CortexM3\ARM_GCC_541\Debug\Group17Robot.a(UART_1_IntClock.o)
                              .\CortexM3\ARM_GCC_541\Debug\Group17Robot.a(UART_1.o) (UART_1_IntClock_Start)
.\CortexM3\ARM_GCC_541\Debug\Group17Robot.a(ADC.o)
                              .\CortexM3\ARM_GCC_541\Debug\main.o (ADC_Start)
.\CortexM3\ARM_GCC_541\Debug\Group17Robot.a(ADC_INT.o)
                              .\CortexM3\ARM_GCC_541\Debug\Group17Robot.a(ADC.o) (ADC_ISR1)
.\CortexM3\ARM_GCC_541\Debug\Group17Robot.a(ADC_Ext_CP_Clk.o)
                              .\CortexM3\ARM_GCC_541\Debug\Group17Robot.a(ADC.o) (ADC_Ext_CP_Clk_SetModeRegister)
.\CortexM3\ARM_GCC_541\Debug\Group17Robot.a(ADC_theACLK.o)
                              .\CortexM3\ARM_GCC_541\Debug\Group17Robot.a(ADC.o) (ADC_theACLK_SetModeRegister)
.\CortexM3\ARM_GCC_541\Debug\Group17Robot.a(IDAC8_1.o)
                              .\CortexM3\ARM_GCC_541\Debug\main.o (IDAC8_1_SetValue)
.\CortexM3\ARM_GCC_541\Debug\Group17Robot.a(LED_Blue.o)
                              .\CortexM3\ARM_GCC_541\Debug\colour.o (LED_Blue_Write)
.\CortexM3\ARM_GCC_541\Debug\Group17Robot.a(LED_Red.o)
                              .\CortexM3\ARM_GCC_541\Debug\colour.o (LED_Red_Write)
.\CortexM3\ARM_GCC_541\Debug\Group17Robot.a(LED_Green.o)
                              .\CortexM3\ARM_GCC_541\Debug\colour.o (LED_Green_Write)
.\CortexM3\ARM_GCC_541\Debug\Group17Robot.a(RGB_Green.o)
                              .\CortexM3\ARM_GCC_541\Debug\colour.o (RGB_Green_Write)
.\CortexM3\ARM_GCC_541\Debug\Group17Robot.a(RGB_Red.o)
                              .\CortexM3\ARM_GCC_541\Debug\colour.o (RGB_Red_Write)
.\CortexM3\ARM_GCC_541\Debug\Group17Robot.a(RGB_Blue.o)
                              .\CortexM3\ARM_GCC_541\Debug\colour.o (RGB_Blue_Write)
.\CortexM3\ARM_GCC_541\Debug\Group17Robot.a(Timer_1.o)
                              .\CortexM3\ARM_GCC_541\Debug\ultrasonic.o (Timer_1_Stop)
.\CortexM3\ARM_GCC_541\Debug\Group17Robot.a(Trigger_1.o)
                              .\CortexM3\ARM_GCC_541\Debug\ultrasonic.o (Trigger_1_Write)
.\CortexM3\ARM_GCC_541\Debug\Group17Robot.a(Trigger_2.o)
                              .\CortexM3\ARM_GCC_541\Debug\ultrasonic.o (Trigger_2_Write)
.\CortexM3\ARM_GCC_541\Debug\Group17Robot.a(Trigger_3.o)
                              .\CortexM3\ARM_GCC_541\Debug\ultrasonic.o (Trigger_3_Write)
.\CortexM3\ARM_GCC_541\Debug\Group17Robot.a(Trigger_4.o)
                              .\CortexM3\ARM_GCC_541\Debug\ultrasonic.o (Trigger_4_Write)
.\CortexM3\ARM_GCC_541\Debug\Group17Robot.a(Trigger_5.o)
                              .\CortexM3\ARM_GCC_541\Debug\ultrasonic.o (Trigger_5_Write)
.\CortexM3\ARM_GCC_541\Debug\Group17Robot.a(Ultrasonic_Mux_Control.o)
                              .\CortexM3\ARM_GCC_541\Debug\ultrasonic.o (Ultrasonic_Mux_Control_Write)
.\CortexM3\ARM_GCC_541\Debug\Group17Robot.a(Motor_2_driver.o)
                              .\CortexM3\ARM_GCC_541\Debug\dcmotor.o (Motor_2_driver_WriteCompare1)
.\CortexM3\ARM_GCC_541\Debug\Group17Robot.a(Motor_1_driver.o)
                              .\CortexM3\ARM_GCC_541\Debug\dcmotor.o (Motor_1_driver_WriteCompare1)
.\CortexM3\ARM_GCC_541\Debug\Group17Robot.a(Motor_2_Encoder_Counts.o)
                              .\CortexM3\ARM_GCC_541\Debug\dcmotor.o (Motor_2_Encoder_Counts_Stop)
.\CortexM3\ARM_GCC_541\Debug\Group17Robot.a(Motor_1_Encoder_Counts.o)
                              .\CortexM3\ARM_GCC_541\Debug\dcmotor.o (Motor_1_Encoder_Counts_Stop)
.\CortexM3\ARM_GCC_541\Debug\Group17Robot.a(Gripper_Servo_PWM.o)
                              .\CortexM3\ARM_GCC_541\Debug\servo.o (Gripper_Servo_PWM_WriteCompare)
.\CortexM3\ARM_GCC_541\Debug\Group17Robot.a(Rack_Servo_PWM.o)
                              .\CortexM3\ARM_GCC_541\Debug\servo.o (Rack_Servo_PWM_WriteCompare)
.\CortexM3\ARM_GCC_541\Debug\Group17Robot.a(PWM_colour.o)
                              .\CortexM3\ARM_GCC_541\Debug\colour.o (PWM_colour_WriteCompare)
.\CortexM3\ARM_GCC_541\Debug\Group17Robot.a(PWM_colour_PM.o)
                              .\CortexM3\ARM_GCC_541\Debug\main.o (PWM_colour_Sleep)
.\CortexM3\ARM_GCC_541\Debug\Group17Robot.a(control_led.o)
                              .\CortexM3\ARM_GCC_541\Debug\colour.o (control_led_Write)
[...]
Memory Configuration

Name             Origin             Length             Attributes
rom              0x00000000         0x00040000         xr
ram              0x1fff8000         0x00010000         xrw
*default*        0x00000000         0xffffffff

Linker script and memory map

LOAD c:/program files (x86)/cypress/psoc creator/4.2/psoc creator/import/gnu/arm/5.4.1/bin/../lib/gcc/arm-none-eabi/5.4.1/armv7-m/crti.o
LOAD c:/program files (x86)/cypress/psoc creator/4.2/psoc creator/import/gnu/arm/5.4.1/bin/../lib/gcc/arm-none-eabi/5.4.1/armv7-m/crtbegin.o
LOAD c:/program files (x86)/cypress/psoc creator/4.2/psoc creator/import/gnu/arm/5.4.1/bin/../lib/gcc/arm-none-eabi/5.4.1/../../../../arm-none-eabi/lib/armv7-m/crt0.o
START GROUP
LOAD .\CortexM3\ARM_GCC_541\Debug\main.o
LOAD .\CortexM3\ARM_GCC_541\Debug\colour.o
LOAD .\CortexM3\ARM_GCC_541\Debug\ultrasonic.o
LOAD .\CortexM3\ARM_GCC_541\Debug\dcmotor.o
LOAD .\CortexM3\ARM_GCC_541\Debug\servo.o
LOAD .\CortexM3\ARM_GCC_541\Debug\customMath.o
LOAD .\CortexM3\ARM_GCC_541\Debug\cyfitter_cfg.o
LOAD .\CortexM3\ARM_GCC_541\Debug\cymetadata.o
LOAD .\CortexM3\ARM_GCC_541\Debug\Cm3Start.o
LOAD .\CortexM3\ARM_GCC_541\Debug\Group17Robot.a
LOAD C:\Program Files (x86)\Cypress\PSoC Creator\4.2\PSoC Creator\psoc\content\cycomponentlibrary\CyComponentLibrary.cylib\CortexM3\ARM_GCC_541\Debug\CyComponentLibrary.a
LOAD c:/program files (x86)/cypress/psoc creator/4.2/psoc creator/import/gnu/arm/5.4.1/bin/../lib/gcc/arm-none-eabi/5.4.1/../../../../arm-none-eabi/lib/armv7-m\libm.a
END GROUP
START GROUP
LOAD c:/program files (x86)/cypress/psoc creator/4.2/psoc creator/import/gnu/arm/5.4.1/bin/../lib/gcc/arm-none-eabi/5.4.1/armv7-m\libgcc.a
LOAD c:/program files (x86)/cypress/psoc creator/4.2/psoc creator/import/gnu/arm/5.4.1/bin/../lib/gcc/arm-none-eabi/5.4.1/../../../../arm-none-eabi/lib/armv7-m\libg_nano.a
LOAD c:/program files (x86)/cypress/psoc creator/4.2/psoc creator/import/gnu/arm/5.4.1/bin/../lib/gcc/arm-none-eabi/5.4.1/../../../../arm-none-eabi/lib/armv7-m\libc_nano.a
END GROUP
START GROUP
LOAD c:/program files (x86)/cypress/psoc creator/4.2/psoc creator/import/gnu/arm/5.4.1/bin/../lib/gcc/arm-none-eabi/5.4.1/armv7-m\libgcc.a
LOAD c:/program files (x86)/cypress/psoc creator/4.2/psoc creator/import/gnu/arm/5.4.1/bin/../lib/gcc/arm-none-eabi/5.4.1/../../../../arm-none-eabi/lib/armv7-m\libc_nano.a
END GROUP
LOAD c:/program files (x86)/cypress/psoc creator/4.2/psoc creator/import/gnu/arm/5.4.1/bin/../lib/gcc/arm-none-eabi/5.4.1/armv7-m/crtend.o
LOAD c:/program files (x86)/cypress/psoc creator/4.2/psoc creator/import/gnu/arm/5.4.1/bin/../lib/gcc/arm-none-eabi/5.4.1/armv7-m/crtn.o
START GROUP
LOAD c:/program files (x86)/cypress/psoc creator/4.2/psoc creator/import/gnu/arm/5.4.1/bin/../lib/gcc/arm-none-eabi/5.4.1/armv7-m\libgcc.a
LOAD c:/program files (x86)/cypress/psoc creator/4.2/psoc creator/import/gnu/arm/5.4.1/bin/../lib/gcc/arm-none-eabi/5.4.1/../../../../arm-none-eabi/lib/armv7-m\libc.a
LOAD c:/program files (x86)/cypress/psoc creator/4.2/psoc creator/import/gnu/arm/5.4.1/bin/../lib/gcc/arm-none-eabi/5.4.1/../../../../arm-none-eabi/lib/armv7-m\libnosys.a
END GROUP
                0x00000000                CY_APPL_ORIGIN = 0x0
                0x00000100                CY_FLASH_ROW_SIZE = 0x100
                0x00000020                CY_ECC_ROW_SIZE = 0x20
                0x00000000                CY_EE_IN_BTLDR = 0x0
                0x00000000                CY_APPL_LOADABLE = 0x0
                0x00000800                CY_EE_SIZE = 0x800
                0x00000001                CY_APPL_NUM = 0x1
                0x00000001                CY_APPL_MAX = 0x1
                0x00000040                CY_METADATA_SIZE = 0x40
                0x00000000                CY_APPL_LOADABLE = 0x0
                0x00000000                CY_CHECKSUM_EXCLUDE_SIZE = ALIGN (0x0, CY_FLASH_ROW_SIZE)
                [!provide]                PROVIDE (__cy_heap_start, _end)
                0x00000001                PROVIDE (__cy_region_num, ((__cy_regions_end - __cy_regions) / 0x10))
                0x20008000                PROVIDE (__cy_stack, (ORIGIN (ram) + LENGTH (ram)))
                [!provide]                PROVIDE (__cy_heap_end, (__cy_stack - 0x800))

.cybootloader   0x00000000        0x0
 *(.cybootloader)
                0x00000000                appl1_start = CY_APPL_ORIGIN?CY_APPL_ORIGIN:ALIGN (CY_FLASH_ROW_SIZE)
                0x0001ff00                appl2_start = (appl1_start + ALIGN ((((LENGTH (rom) - appl1_start) - (0x2 * CY_FLASH_ROW_SIZE)) / 0x2), CY_FLASH_ROW_SIZE))
                0x00000000                appl_start = (CY_APPL_NUM == 0x1)?appl1_start:appl2_start
                0x00000000                ecc_offset = ((appl_start / CY_FLASH_ROW_SIZE) * CY_ECC_ROW_SIZE)
                0x00000000                ee_offset = (CY_APPL_LOADABLE && ! (CY_EE_IN_BTLDR))?((CY_EE_SIZE / CY_APPL_MAX) * (CY_APPL_NUM - 0x1)):0x0
                0x00000800                ee_size = (CY_APPL_LOADABLE && ! (CY_EE_IN_BTLDR))?(CY_EE_SIZE / CY_APPL_MAX):CY_EE_SIZE
                [!provide]                PROVIDE (CY_ECC_OFFSET, ecc_offset)

.text           0x00000000     0x6cc4
 CREATE_OBJECT_SYMBOLS
                0x00000000                PROVIDE (__cy_interrupt_vector, RomVectors)
 *(.romvectors)
 .romvectors    0x00000000       0x10 .\CortexM3\ARM_GCC_541\Debug\Cm3Start.o
                0x00000000                RomVectors
                0x00000001                ASSERT ((. != __cy_interrupt_vector), No interrupt vector)
                0x00000001                ASSERT (CY_APPL_ORIGIN?(SIZEOF (.cybootloader) <= CY_APPL_ORIGIN):0x1, Wrong image location)
                0x00000010                PROVIDE (__cy_reset, Reset)
 *(.text.Reset)
 .text.Reset    0x00000010       0x18 .\CortexM3\ARM_GCC_541\Debug\Cm3Start.o
                0x00000010                Reset
                0x00000001                ASSERT ((. != __cy_reset), No reset code)
 *(.dma_init)
                0x00000001                ASSERT ((((appl_start + .) <= 0x10000) || 0x1), DMA Init must be within the first 64k of flash)
 *(.text .text.* .gnu.linkonce.t.*)
 .text          0x00000028       0x5c c:/program files (x86)/cypress/psoc creator/4.2/psoc creator/import/gnu/arm/5.4.1/bin/../lib/gcc/arm-none-eabi/5.4.1/armv7-m/crtbegin.o
 .text.Encoder_Counts_1_IH
                0x00000084        0x8 .\CortexM3\ARM_GCC_541\Debug\main.o
                0x00000084                Encoder_Counts_1_IH
 .text.Encoder_Counts_2_IH
                0x0000008c        0x8 .\CortexM3\ARM_GCC_541\Debug\main.o
                0x0000008c                Encoder_Counts_2_IH
 .text.Drift_Check_IH
                0x00000094       0x28 .\CortexM3\ARM_GCC_541\Debug\main.o
                0x00000094                Drift_Check_IH
 .text.TIH      0x000000bc        0x8 .\CortexM3\ARM_GCC_541\Debug\main.o
                0x000000bc                TIH
 .text.StartIH  0x000000c4       0x20 .\CortexM3\ARM_GCC_541\Debug\main.o
                0x000000c4                StartIH
 .text.main     0x000000e4      0x1b8 .\CortexM3\ARM_GCC_541\Debug\main.o
                0x000000e4                main
 .text.ColourIntialiseViaHardware
                0x0000029c       0xbc .\CortexM3\ARM_GCC_541\Debug\colour.o
                0x0000029c                ColourIntialiseViaHardware
 .text.printSensorToUART
                0x00000358       0x30 .\CortexM3\ARM_GCC_541\Debug\ultrasonic.o
                0x00000358                printSensorToUART
 .text.ultrasonicInterruptHandler
                0x00000388      0x1ac .\CortexM3\ARM_GCC_541\Debug\ultrasonic.o
                0x00000388                ultrasonicInterruptHandler
 *fill*         0x00000534        0x4 
 .text.positionUpdate
                0x00000538      0x15c .\CortexM3\ARM_GCC_541\Debug\dcmotor.o
                0x00000538                positionUpdate
 *fill*         0x00000694        0x4 
 .text.orientationUpdate
                0x00000698       0x78 .\CortexM3\ARM_GCC_541\Debug\dcmotor.o
                0x00000698                orientationUpdate
 .text.stopMotion
                0x00000710       0xb4 .\CortexM3\ARM_GCC_541\Debug\dcmotor.o
                0x00000710                stopMotion
 .text.motorDutyCycleUpdate
                0x000007c4       0x70 .\CortexM3\ARM_GCC_541\Debug\dcmotor.o
                0x000007c4                motorDutyCycleUpdate
 .text.driftCorrect
                0x00000834      0x1a0 .\CortexM3\ARM_GCC_541\Debug\dcmotor.o
                0x00000834                driftCorrect
 .text.counterInitialise
                0x000009d4       0x20 .\CortexM3\ARM_GCC_541\Debug\dcmotor.o
                0x000009d4                counterInitialise
 .text.moveForwardIndefinitely
                0x000009f4       0x9c .\CortexM3\ARM_GCC_541\Debug\dcmotor.o
                0x000009f4                moveForwardIndefinitely
 .text.moveBackwardIndefinitely
                0x00000a90       0x94 .\CortexM3\ARM_GCC_541\Debug\dcmotor.o
                0x00000a90                moveBackwardIndefinitely
 *fill*         0x00000b24        0x4 
 .text.turnRight
                0x00000b28       0xc4 .\CortexM3\ARM_GCC_541\Debug\dcmotor.o
                0x00000b28                turnRight
 .text.stopMotor1AndUpdate
                0x00000bec       0x40 .\CortexM3\ARM_GCC_541\Debug\dcmotor.o
                0x00000bec                stopMotor1AndUpdate
 .text.stopMotor2AndUpdate
                0x00000c2c       0x40 .\CortexM3\ARM_GCC_541\Debug\dcmotor.o
                0x00000c2c                stopMotor2AndUpdate
 .text.moveAndAngle
                0x00000c6c       0x10 .\CortexM3\ARM_GCC_541\Debug\dcmotor.o
                0x00000c6c                moveAndAngle
 .text.armOpen  0x00000c7c       0x20 .\CortexM3\ARM_GCC_541\Debug\servo.o
                0x00000c7c                armOpen
 .text.changeHeightToPuck
                0x00000c9c        0x4 .\CortexM3\ARM_GCC_541\Debug\servo.o
                0x00000c9c                changeHeightToPuck
 .text.lowerAndOpen
                0x00000ca0        0x8 .\CortexM3\ARM_GCC_541\Debug\servo.o
                0x00000ca0                lowerAndOpen
 .text.averageSensor
                0x00000ca8       0x10 .\CortexM3\ARM_GCC_541\Debug\customMath.o
                0x00000ca8                averageSensor
 .text.CyClockStartupError
                0x00000cb8        0x4 .\CortexM3\ARM_GCC_541\Debug\cyfitter_cfg.o
 .text.cfg_write_bytes32
                0x00000cbc       0x34 .\CortexM3\ARM_GCC_541\Debug\cyfitter_cfg.o
 .text.AnalogSetDefault
                0x00000cf0       0x84 .\CortexM3\ARM_GCC_541\Debug\cyfitter_cfg.o
 .text.CYMEMZERO
                0x00000d74        0xc .\CortexM3\ARM_GCC_541\Debug\cyfitter_cfg.o
 .text.CYCONFIGCPY
                0x00000d80        0x8 .\CortexM3\ARM_GCC_541\Debug\cyfitter_cfg.o
 .text.ClockSetup
                0x00000d88      0x138 .\CortexM3\ARM_GCC_541\Debug\cyfitter_cfg.o
 .text.cyfitter_cfg
                0x00000ec0      0x164 .\CortexM3\ARM_GCC_541\Debug\cyfitter_cfg.o
                0x00000ec0                cyfitter_cfg
 .text.IntDefaultHandler
                0x00001024       0x10 .\CortexM3\ARM_GCC_541\Debug\Cm3Start.o
                0x00001024                IntDefaultHandler
 .text._sbrk    0x00001034       0x30 .\CortexM3\ARM_GCC_541\Debug\Cm3Start.o
                0x00001034                _sbrk
 .text.Start_c  0x00001064       0x4c .\CortexM3\ARM_GCC_541\Debug\Cm3Start.o
                0x00001064                Start_c
 .text.initialize_psoc
                0x000010b0       0x68 .\CortexM3\ARM_GCC_541\Debug\Cm3Start.o
                0x000010b0                initialize_psoc
 .text.TIA_1_Enable
                0x00001118       0x28 .\CortexM3\ARM_GCC_541\Debug\Group17Robot.a(TIA_1.o)
                0x00001118                TIA_1_Enable
 .text.TIA_1_SetPower
                0x00001140       0x18 .\CortexM3\ARM_GCC_541\Debug\Group17Robot.a(TIA_1.o)
                0x00001140                TIA_1_SetPower
 .text.TIA_1_SetResFB
                0x00001158       0x20 .\CortexM3\ARM_GCC_541\Debug\Group17Robot.a(TIA_1.o)
                0x00001158                TIA_1_SetResFB
 .text.TIA_1_SetCapFB
                0x00001178       0x20 .\CortexM3\ARM_GCC_541\Debug\Group17Robot.a(TIA_1.o)
                0x00001178                TIA_1_SetCapFB
 .text.TIA_1_Init
                0x00001198       0x2c .\CortexM3\ARM_GCC_541\Debug\Group17Robot.a(TIA_1.o)
                0x00001198                TIA_1_Init
 .text.TIA_1_Start
                0x000011c4       0x1c .\CortexM3\ARM_GCC_541\Debug\Group17Robot.a(TIA_1.o)
                0x000011c4                TIA_1_Start
 .text.CyHalt   0x000011e0        0x4 .\CortexM3\ARM_GCC_541\Debug\Group17Robot.a(CyLib.o)
                0x000011e0                CyHalt
 .text.CyDelay  0x000011e4       0x2c .\CortexM3\ARM_GCC_541\Debug\Group17Robot.a(CyLib.o)
                0x000011e4                CyDelay
 .text.CyDelayUs
                0x00001210       0x14 .\CortexM3\ARM_GCC_541\Debug\Group17Robot.a(CyLib.o)
                0x00001210                CyDelayUs
 .text.CyIntSetVector
                0x00001224       0x28 .\CortexM3\ARM_GCC_541\Debug\Group17Robot.a(CyLib.o)
                0x00001224                CyIntSetVector
 .text.CyIntSetPriority
                0x0000124c       0x30 .\CortexM3\ARM_GCC_541\Debug\Group17Robot.a(CyLib.o)
                0x0000124c                CyIntSetPriority
 .text.UART_1_Init
                0x0000127c       0x28 .\CortexM3\ARM_GCC_541\Debug\Group17Robot.a(UART_1.o)
                0x0000127c                UART_1_Init
 .text.UART_1_Enable
                0x000012a4       0x38 .\CortexM3\ARM_GCC_541\Debug\Group17Robot.a(UART_1.o)
                0x000012a4                UART_1_Enable
 .text.UART_1_Start
                0x000012dc       0x1c .\CortexM3\ARM_GCC_541\Debug\Group17Robot.a(UART_1.o)
                0x000012dc                UART_1_Start
 .text.UART_1_PutChar
                0x000012f8       0x18 .\CortexM3\ARM_GCC_541\Debug\Group17Robot.a(UART_1.o)
                0x000012f8                UART_1_PutChar
 .text.UART_1_PutString
                0x00001310       0x24 .\CortexM3\ARM_GCC_541\Debug\Group17Robot.a(UART_1.o)
                0x00001310                UART_1_PutString
 .text.UART_1_IntClock_Start
                0x00001334       0x1c .\CortexM3\ARM_GCC_541\Debug\Group17Robot.a(UART_1_IntClock.o)
                0x00001334                UART_1_IntClock_Start
 .text.ADC_GainCompensation
                0x00001350       0xe0 .\CortexM3\ARM_GCC_541\Debug\Group17Robot.a(ADC.o)
 .text.ADC_SetDSMRef0Reg
                0x00001430       0x4c .\CortexM3\ARM_GCC_541\Debug\Group17Robot.a(ADC.o)
 .text.ADC_InitConfig
                0x0000147c      0x314 .\CortexM3\ARM_GCC_541\Debug\Group17Robot.a(ADC.o)
 .text.ADC_Init
                0x00001790      0x108 .\CortexM3\ARM_GCC_541\Debug\Group17Robot.a(ADC.o)
                0x00001790                ADC_Init
 .text.ADC_Enable
                0x00001898       0xd8 .\CortexM3\ARM_GCC_541\Debug\Group17Robot.a(ADC.o)
                0x00001898                ADC_Enable
 .text.ADC_Start
                0x00001970       0x28 .\CortexM3\ARM_GCC_541\Debug\Group17Robot.a(ADC.o)
                0x00001970                ADC_Start
 .text.ADC_StartConvert
                0x00001998       0x10 .\CortexM3\ARM_GCC_541\Debug\Group17Robot.a(ADC.o)
                0x00001998                ADC_StartConvert
 .text.ADC_StopConvert
                0x000019a8       0x10 .\CortexM3\ARM_GCC_541\Debug\Group17Robot.a(ADC.o)
                0x000019a8                ADC_StopConvert
 .text.ADC_IsEndConversion
                0x000019b8       0x30 .\CortexM3\ARM_GCC_541\Debug\Group17Robot.a(ADC.o)
                0x000019b8                ADC_IsEndConversion
 .text.ADC_GetResult32
                0x000019e8       0x6c .\CortexM3\ARM_GCC_541\Debug\Group17Robot.a(ADC.o)
                0x000019e8                ADC_GetResult32
 .text.ADC_Read32
                0x00001a54       0x28 .\CortexM3\ARM_GCC_541\Debug\Group17Robot.a(ADC.o)
                0x00001a54                ADC_Read32
 .text.ADC_ISR1
                0x00001a7c        0x4 .\CortexM3\ARM_GCC_541\Debug\Group17Robot.a(ADC_INT.o)
                0x00001a7c                ADC_ISR1
 .text.ADC_ISR2
                0x00001a80        0x4 .\CortexM3\ARM_GCC_541\Debug\Group17Robot.a(ADC_INT.o)
                0x00001a80                ADC_ISR2
 .text.ADC_ISR3
                0x00001a84        0x4 .\CortexM3\ARM_GCC_541\Debug\Group17Robot.a(ADC_INT.o)
                0x00001a84                ADC_ISR3
 .text.ADC_ISR4
                0x00001a88        0x4 .\CortexM3\ARM_GCC_541\Debug\Group17Robot.a(ADC_INT.o)
                0x00001a88                ADC_ISR4
 .text.ADC_Ext_CP_Clk_GetDividerRegister
                0x00001a8c        0xc .\CortexM3\ARM_GCC_541\Debug\Group17Robot.a(ADC_Ext_CP_Clk.o)
                0x00001a8c                ADC_Ext_CP_Clk_GetDividerRegister
 .text.ADC_Ext_CP_Clk_SetModeRegister
                0x00001a98       0x14 .\CortexM3\ARM_GCC_541\Debug\Group17Robot.a(ADC_Ext_CP_Clk.o)
                0x00001a98                ADC_Ext_CP_Clk_SetModeRegister
 .text.ADC_Ext_CP_Clk_GetSourceRegister
                0x00001aac       0x10 .\CortexM3\ARM_GCC_541\Debug\Group17Robot.a(ADC_Ext_CP_Clk.o)
                0x00001aac                ADC_Ext_CP_Clk_GetSourceRegister
 .text.ADC_Ext_CP_Clk_SetDividerRegister
                0x00001abc       0xd8 .\CortexM3\ARM_GCC_541\Debug\Group17Robot.a(ADC_Ext_CP_Clk.o)
                0x00001abc                ADC_Ext_CP_Clk_SetDividerRegister
 .text.ADC_theACLK_GetDividerRegister
                0x00001b94        0xc .\CortexM3\ARM_GCC_541\Debug\Group17Robot.a(ADC_theACLK.o)
                0x00001b94                ADC_theACLK_GetDividerRegister
 .text.ADC_theACLK_SetModeRegister
                0x00001ba0       0x14 .\CortexM3\ARM_GCC_541\Debug\Group17Robot.a(ADC_theACLK.o)
                0x00001ba0                ADC_theACLK_SetModeRegister
 .text.ADC_theACLK_GetSourceRegister
                0x00001bb4       0x10 .\CortexM3\ARM_GCC_541\Debug\Group17Robot.a(ADC_theACLK.o)
                0x00001bb4                ADC_theACLK_GetSourceRegister
 .text.ADC_theACLK_SetDividerRegister
                0x00001bc4       0xd8 .\CortexM3\ARM_GCC_541\Debug\Group17Robot.a(ADC_theACLK.o)
                0x00001bc4                ADC_theACLK_SetDividerRegister
 .text.IDAC8_1_Enable
                0x00001c9c       0x1c .\CortexM3\ARM_GCC_541\Debug\Group17Robot.a(IDAC8_1.o)
                0x00001c9c                IDAC8_1_Enable
 .text.IDAC8_1_SetSpeed
                0x00001cb8       0x1c .\CortexM3\ARM_GCC_541\Debug\Group17Robot.a(IDAC8_1.o)
                0x00001cb8                IDAC8_1_SetSpeed
 .text.IDAC8_1_SetValue
                0x00001cd4        0xc .\CortexM3\ARM_GCC_541\Debug\Group17Robot.a(IDAC8_1.o)
                0x00001cd4                IDAC8_1_SetValue
 .text.IDAC8_1_DacTrim
                0x00001ce0       0x34 .\CortexM3\ARM_GCC_541\Debug\Group17Robot.a(IDAC8_1.o)
                0x00001ce0                IDAC8_1_DacTrim
 .text.IDAC8_1_Init
                0x00001d14       0x24 .\CortexM3\ARM_GCC_541\Debug\Group17Robot.a(IDAC8_1.o)
                0x00001d14                IDAC8_1_Init
 .text.IDAC8_1_Start
                0x00001d38       0x24 .\CortexM3\ARM_GCC_541\Debug\Group17Robot.a(IDAC8_1.o)
                0x00001d38                IDAC8_1_Start
 .text.IDAC8_1_SetRange
                0x00001d5c       0x20 .\CortexM3\ARM_GCC_541\Debug\Group17Robot.a(IDAC8_1.o)
                0x00001d5c                IDAC8_1_SetRange
 .text.Timer_1_Enable
                0x00001d7c       0x10 .\CortexM3\ARM_GCC_541\Debug\Group17Robot.a(Timer_1.o)
                0x00001d7c                Timer_1_Enable
 .text.Timer_1_Stop
                0x00001d8c       0x10 .\CortexM3\ARM_GCC_541\Debug\Group17Robot.a(Timer_1.o)
                0x00001d8c                Timer_1_Stop
 .text.Timer_1_SetInterruptMode
                0x00001d9c        0xc .\CortexM3\ARM_GCC_541\Debug\Group17Robot.a(Timer_1.o)
                0x00001d9c                Timer_1_SetInterruptMode
 .text.Timer_1_ReadStatusRegister
                0x00001da8        0xc .\CortexM3\ARM_GCC_541\Debug\Group17Robot.a(Timer_1.o)
                0x00001da8                Timer_1_ReadStatusRegister
 .text.Timer_1_WritePeriod
                0x00001db4        0xc .\CortexM3\ARM_GCC_541\Debug\Group17Robot.a(Timer_1.o)
                0x00001db4                Timer_1_WritePeriod
 .text.Timer_1_ReadCapture
                0x00001dc0        0xc .\CortexM3\ARM_GCC_541\Debug\Group17Robot.a(Timer_1.o)
                0x00001dc0                Timer_1_ReadCapture
 .text.Timer_1_WriteCounter
                0x00001dcc        0xc .\CortexM3\ARM_GCC_541\Debug\Group17Robot.a(Timer_1.o)
                0x00001dcc                Timer_1_WriteCounter
 .text.Timer_1_ReadCounter
                0x00001dd8       0x14 .\CortexM3\ARM_GCC_541\Debug\Group17Robot.a(Timer_1.o)
                0x00001dd8                Timer_1_ReadCounter
 .text.Timer_1_SetInterruptCount
                0x00001dec       0x1c .\CortexM3\ARM_GCC_541\Debug\Group17Robot.a(Timer_1.o)
                0x00001dec                Timer_1_SetInterruptCount
 .text.Timer_1_ClearFIFO
                0x00001e08       0x14 .\CortexM3\ARM_GCC_541\Debug\Group17Robot.a(Timer_1.o)
                0x00001e08                Timer_1_ClearFIFO
 .text.Timer_1_Init
                0x00001e1c       0x3c .\CortexM3\ARM_GCC_541\Debug\Group17Robot.a(Timer_1.o)
                0x00001e1c                Timer_1_Init
 .text.Timer_1_Start
                0x00001e58       0x1c .\CortexM3\ARM_GCC_541\Debug\Group17Robot.a(Timer_1.o)
                0x00001e58                Timer_1_Start
 .text.Motor_2_driver_Enable
                0x00001e74       0x10 .\CortexM3\ARM_GCC_541\Debug\Group17Robot.a(Motor_2_driver.o)
                0x00001e74                Motor_2_driver_Enable
 .text.Motor_2_driver_WriteCounter
                0x00001e84        0xc .\CortexM3\ARM_GCC_541\Debug\Group17Robot.a(Motor_2_driver.o)
                0x00001e84                Motor_2_driver_WriteCounter
 .text.Motor_2_driver_WritePeriod
                0x00001e90        0xc .\CortexM3\ARM_GCC_541\Debug\Group17Robot.a(Motor_2_driver.o)
                0x00001e90                Motor_2_driver_WritePeriod
 .text.Motor_2_driver_WriteCompare1
                0x00001e9c        0xc .\CortexM3\ARM_GCC_541\Debug\Group17Robot.a(Motor_2_driver.o)
                0x00001e9c                Motor_2_driver_WriteCompare1
 .text.Motor_2_driver_WriteCompare2
                0x00001ea8        0xc .\CortexM3\ARM_GCC_541\Debug\Group17Robot.a(Motor_2_driver.o)
                0x00001ea8                Motor_2_driver_WriteCompare2
 .text.Motor_2_driver_SetInterruptMode
                0x00001eb4        0xc .\CortexM3\ARM_GCC_541\Debug\Group17Robot.a(Motor_2_driver.o)
                0x00001eb4                Motor_2_driver_SetInterruptMode
 .text.Motor_2_driver_ReadStatusRegister
                0x00001ec0        0xc .\CortexM3\ARM_GCC_541\Debug\Group17Robot.a(Motor_2_driver.o)
                0x00001ec0                Motor_2_driver_ReadStatusRegister
 .text.Motor_2_driver_ReadCapture
                0x00001ecc        0xc .\CortexM3\ARM_GCC_541\Debug\Group17Robot.a(Motor_2_driver.o)
                0x00001ecc                Motor_2_driver_ReadCapture
 .text.Motor_2_driver_ClearFIFO
                0x00001ed8       0x14 .\CortexM3\ARM_GCC_541\Debug\Group17Robot.a(Motor_2_driver.o)
                0x00001ed8                Motor_2_driver_ClearFIFO
 .text.Motor_2_driver_Init
                0x00001eec       0x64 .\CortexM3\ARM_GCC_541\Debug\Group17Robot.a(Motor_2_driver.o)
                0x00001eec                Motor_2_driver_Init
 .text.Motor_2_driver_Start
                0x00001f50       0x1c .\CortexM3\ARM_GCC_541\Debug\Group17Robot.a(Motor_2_driver.o)
                0x00001f50                Motor_2_driver_Start
 .text.Motor_1_driver_Enable
                0x00001f6c       0x10 .\CortexM3\ARM_GCC_541\Debug\Group17Robot.a(Motor_1_driver.o)
                0x00001f6c                Motor_1_driver_Enable
 .text.Motor_1_driver_WriteCounter
                0x00001f7c        0xc .\CortexM3\ARM_GCC_541\Debug\Group17Robot.a(Motor_1_driver.o)
                0x00001f7c                Motor_1_driver_WriteCounter
 .text.Motor_1_driver_WritePeriod
                0x00001f88        0xc .\CortexM3\ARM_GCC_541\Debug\Group17Robot.a(Motor_1_driver.o)
                0x00001f88                Motor_1_driver_WritePeriod
 .text.Motor_1_driver_WriteCompare1
                0x00001f94        0xc .\CortexM3\ARM_GCC_541\Debug\Group17Robot.a(Motor_1_driver.o)
                0x00001f94                Motor_1_driver_WriteCompare1
 .text.Motor_1_driver_WriteCompare2
                0x00001fa0        0xc .\CortexM3\ARM_GCC_541\Debug\Group17Robot.a(Motor_1_driver.o)
                0x00001fa0                Motor_1_driver_WriteCompare2
 .text.Motor_1_driver_SetInterruptMode
                0x00001fac        0xc .\CortexM3\ARM_GCC_541\Debug\Group17Robot.a(Motor_1_driver.o)
                0x00001fac                Motor_1_driver_SetInterruptMode
 .text.Motor_1_driver_ReadStatusRegister
                0x00001fb8        0xc .\CortexM3\ARM_GCC_541\Debug\Group17Robot.a(Motor_1_driver.o)
                0x00001fb8                Motor_1_driver_ReadStatusRegister
 .text.Motor_1_driver_ReadCapture
                0x00001fc4        0xc .\CortexM3\ARM_GCC_541\Debug\Group17Robot.a(Motor_1_driver.o)
                0x00001fc4                Motor_1_driver_ReadCapture
 .text.Motor_1_driver_ClearFIFO
                0x00001fd0       0x14 .\CortexM3\ARM_GCC_541\Debug\Group17Robot.a(Motor_1_driver.o)
                0x00001fd0                Motor_1_driver_ClearFIFO
 .text.Motor_1_driver_Init
                0x00001fe4       0x68 .\CortexM3\ARM_GCC_541\Debug\Group17Robot.a(Motor_1_driver.o)
                0x00001fe4                Motor_1_driver_Init
 .text.Motor_1_driver_Start
                0x0000204c       0x1c .\CortexM3\ARM_GCC_541\Debug\Group17Robot.a(Motor_1_driver.o)
                0x0000204c                Motor_1_driver_Start
 .text.Motor_2_Encoder_Counts_Enable
                0x00002068       0x10 .\CortexM3\ARM_GCC_541\Debug\Group17Robot.a(Motor_2_Encoder_Counts.o)
                0x00002068                Motor_2_Encoder_Counts_Enable
 .text.Motor_2_Encoder_Counts_Stop
                0x00002078       0x10 .\CortexM3\ARM_GCC_541\Debug\Group17Robot.a(Motor_2_Encoder_Counts.o)
                0x00002078                Motor_2_Encoder_Counts_Stop
 .text.Motor_2_Encoder_Counts_SetInterruptMode
                0x00002088        0xc .\CortexM3\ARM_GCC_541\Debug\Group17Robot.a(Motor_2_Encoder_Counts.o)
                0x00002088                Motor_2_Encoder_Counts_SetInterruptMode
 .text.Motor_2_Encoder_Counts_ReadStatusRegister
                0x00002094        0xc .\CortexM3\ARM_GCC_541\Debug\Group17Robot.a(Motor_2_Encoder_Counts.o)
                0x00002094                Motor_2_Encoder_Counts_ReadStatusRegister
 .text.Motor_2_Encoder_Counts_WriteCounter
                0x000020a0        0xc .\CortexM3\ARM_GCC_541\Debug\Group17Robot.a(Motor_2_Encoder_Counts.o)
                0x000020a0                Motor_2_Encoder_Counts_WriteCounter
 .text.Motor_2_Encoder_Counts_ReadCounter
                0x000020ac       0x14 .\CortexM3\ARM_GCC_541\Debug\Group17Robot.a(Motor_2_Encoder_Counts.o)
                0x000020ac                Motor_2_Encoder_Counts_ReadCounter
 .text.Motor_2_Encoder_Counts_ReadCapture
                0x000020c0        0xc .\CortexM3\ARM_GCC_541\Debug\Group17Robot.a(Motor_2_Encoder_Counts.o)
                0x000020c0                Motor_2_Encoder_Counts_ReadCapture
 .text.Motor_2_Encoder_Counts_WritePeriod
                0x000020cc        0xc .\CortexM3\ARM_GCC_541\Debug\Group17Robot.a(Motor_2_Encoder_Counts.o)
                0x000020cc                Motor_2_Encoder_Counts_WritePeriod
 .text.Motor_2_Encoder_Counts_WriteCompare
                0x000020d8        0xc .\CortexM3\ARM_GCC_541\Debug\Group17Robot.a(Motor_2_Encoder_Counts.o)
                0x000020d8                Motor_2_Encoder_Counts_WriteCompare
 .text.Motor_2_Encoder_Counts_ClearFIFO
                0x000020e4       0x14 .\CortexM3\ARM_GCC_541\Debug\Group17Robot.a(Motor_2_Encoder_Counts.o)
                0x000020e4                Motor_2_Encoder_Counts_ClearFIFO
 .text.Motor_2_Encoder_Counts_Init
                0x000020f8       0x54 .\CortexM3\ARM_GCC_541\Debug\Group17Robot.a(Motor_2_Encoder_Counts.o)
                0x000020f8                Motor_2_Encoder_Counts_Init
 .text.Motor_2_Encoder_Counts_Start
                0x0000214c       0x1c .\CortexM3\ARM_GCC_541\Debug\Group17Robot.a(Motor_2_Encoder_Counts.o)
                0x0000214c                Motor_2_Encoder_Counts_Start
 .text.Motor_1_Encoder_Counts_Enable
                0x00002168       0x10 .\CortexM3\ARM_GCC_541\Debug\Group17Robot.a(Motor_1_Encoder_Counts.o)
                0x00002168                Motor_1_Encoder_Counts_Enable
 .text.Motor_1_Encoder_Counts_Stop
                0x00002178       0x10 .\CortexM3\ARM_GCC_541\Debug\Group17Robot.a(Motor_1_Encoder_Counts.o)
                0x00002178                Motor_1_Encoder_Counts_Stop
 .text.Motor_1_Encoder_Counts_SetInterruptMode
                0x00002188        0xc .\CortexM3\ARM_GCC_541\Debug\Group17Robot.a(Motor_1_Encoder_Counts.o)
                0x00002188                Motor_1_Encoder_Counts_SetInterruptMode
 .text.Motor_1_Encoder_Counts_ReadStatusRegister
                0x00002194        0xc .\CortexM3\ARM_GCC_541\Debug\Group17Robot.a(Motor_1_Encoder_Counts.o)
                0x00002194                Motor_1_Encoder_Counts_ReadStatusRegister
 .text.Motor_1_Encoder_Counts_WriteCounter
                0x000021a0        0xc .\CortexM3\ARM_GCC_541\Debug\Group17Robot.a(Motor_1_Encoder_Counts.o)
                0x000021a0                Motor_1_Encoder_Counts_WriteCounter
 .text.Motor_1_Encoder_Counts_ReadCounter
                0x000021ac       0x14 .\CortexM3\ARM_GCC_541\Debug\Group17Robot.a(Motor_1_Encoder_Counts.o)
                0x000021ac                Motor_1_Encoder_Counts_ReadCounter
 .text.Motor_1_Encoder_Counts_ReadCapture
                0x000021c0        0xc .\CortexM3\ARM_GCC_541\Debug\Group17Robot.a(Motor_1_Encoder_Counts.o)
                0x000021c0                Motor_1_Encoder_Counts_ReadCapture
 .text.Motor_1_Encoder_Counts_WritePeriod
                0x000021cc        0xc .\CortexM3\ARM_GCC_541\Debug\Group17Robot.a(Motor_1_Encoder_Counts.o)
                0x000021cc                Motor_1_Encoder_Counts_WritePeriod
 .text.Motor_1_Encoder_Counts_WriteCompare
                0x000021d8        0xc .\CortexM3\ARM_GCC_541\Debug\Group17Robot.a(Motor_1_Encoder_Counts.o)
                0x000021d8                Motor_1_Encoder_Counts_WriteCompare
 .text.Motor_1_Encoder_Counts_ClearFIFO
                0x000021e4       0x14 .\CortexM3\ARM_GCC_541\Debug\Group17Robot.a(Motor_1_Encoder_Counts.o)
                0x000021e4                Motor_1_Encoder_Counts_ClearFIFO
 .text.Motor_1_Encoder_Counts_Init
                0x000021f8       0x54 .\CortexM3\ARM_GCC_541\Debug\Group17Robot.a(Motor_1_Encoder_Counts.o)
                0x000021f8                Motor_1_Encoder_Counts_Init
 .text.Motor_1_Encoder_Counts_Start
                0x0000224c       0x1c .\CortexM3\ARM_GCC_541\Debug\Group17Robot.a(Motor_1_Encoder_Counts.o)
                0x0000224c                Motor_1_Encoder_Counts_Start
 .text.Gripper_Servo_PWM_Enable
                0x00002268       0x28 .\CortexM3\ARM_GCC_541\Debug\Group17Robot.a(Gripper_Servo_PWM.o)
                0x00002268                Gripper_Servo_PWM_Enable
 .text.Gripper_Servo_PWM_WritePeriod
                0x00002290        0xc .\CortexM3\ARM_GCC_541\Debug\Group17Robot.a(Gripper_Servo_PWM.o)
                0x00002290                Gripper_Servo_PWM_WritePeriod
 .text.Gripper_Servo_PWM_WriteCompare
                0x0000229c        0xc .\CortexM3\ARM_GCC_541\Debug\Group17Robot.a(Gripper_Servo_PWM.o)
                0x0000229c                Gripper_Servo_PWM_WriteCompare
 .text.Gripper_Servo_PWM_SetInterruptMode
                0x000022a8        0xc .\CortexM3\ARM_GCC_541\Debug\Group17Robot.a(Gripper_Servo_PWM.o)
                0x000022a8                Gripper_Servo_PWM_SetInterruptMode
 .text.Gripper_Servo_PWM_Init
                0x000022b4       0x78 .\CortexM3\ARM_GCC_541\Debug\Group17Robot.a(Gripper_Servo_PWM.o)
                0x000022b4                Gripper_Servo_PWM_Init
 .text.Gripper_Servo_PWM_Start
                0x0000232c       0x1c .\CortexM3\ARM_GCC_541\Debug\Group17Robot.a(Gripper_Servo_PWM.o)
                0x0000232c                Gripper_Servo_PWM_Start
 .text.Rack_Servo_PWM_Enable
                0x00002348       0x28 .\CortexM3\ARM_GCC_541\Debug\Group17Robot.a(Rack_Servo_PWM.o)
                0x00002348                Rack_Servo_PWM_Enable
 .text.Rack_Servo_PWM_WritePeriod
                0x00002370        0xc .\CortexM3\ARM_GCC_541\Debug\Group17Robot.a(Rack_Servo_PWM.o)
                0x00002370                Rack_Servo_PWM_WritePeriod
 .text.Rack_Servo_PWM_WriteCompare
                0x0000237c        0xc .\CortexM3\ARM_GCC_541\Debug\Group17Robot.a(Rack_Servo_PWM.o)
                0x0000237c                Rack_Servo_PWM_WriteCompare
 .text.Rack_Servo_PWM_SetInterruptMode
                0x00002388        0xc .\CortexM3\ARM_GCC_541\Debug\Group17Robot.a(Rack_Servo_PWM.o)
                0x00002388                Rack_Servo_PWM_SetInterruptMode
 .text.Rack_Servo_PWM_Init
                0x00002394       0x78 .\CortexM3\ARM_GCC_541\Debug\Group17Robot.a(Rack_Servo_PWM.o)
                0x00002394                Rack_Servo_PWM_Init
 .text.Rack_Servo_PWM_Start
                0x0000240c       0x1c .\CortexM3\ARM_GCC_541\Debug\Group17Robot.a(Rack_Servo_PWM.o)
                0x0000240c                Rack_Servo_PWM_Start
 .text.PWM_colour_Enable
                0x00002428       0x10 .\CortexM3\ARM_GCC_541\Debug\Group17Robot.a(PWM_colour.o)
                0x00002428                PWM_colour_Enable
 .text.PWM_colour_Stop
                0x00002438       0x10 .\CortexM3\ARM_GCC_541\Debug\Group17Robot.a(PWM_colour.o)
                0x00002438                PWM_colour_Stop
 .text.PWM_colour_WriteCounter
                0x00002448        0xc .\CortexM3\ARM_GCC_541\Debug\Group17Robot.a(PWM_colour.o)
                0x00002448                PWM_colour_WriteCounter
 .text.PWM_colour_ReadCounter
                0x00002454       0x14 .\CortexM3\ARM_GCC_541\Debug\Group17Robot.a(PWM_colour.o)
                0x00002454                PWM_colour_ReadCounter
 .text.PWM_colour_WritePeriod
                0x00002468        0xc .\CortexM3\ARM_GCC_541\Debug\Group17Robot.a(PWM_colour.o)
                0x00002468                PWM_colour_WritePeriod
 .text.PWM_colour_WriteCompare
                0x00002474        0xc .\CortexM3\ARM_GCC_541\Debug\Group17Robot.a(PWM_colour.o)
                0x00002474                PWM_colour_WriteCompare
 .text.PWM_colour_SetInterruptMode
                0x00002480        0xc .\CortexM3\ARM_GCC_541\Debug\Group17Robot.a(PWM_colour.o)
                0x00002480                PWM_colour_SetInterruptMode
 .text.PWM_colour_ReadStatusRegister
                0x0000248c        0xc .\CortexM3\ARM_GCC_541\Debug\Group17Robot.a(PWM_colour.o)
                0x0000248c                PWM_colour_ReadStatusRegister
 .text.PWM_colour_ReadControlRegister
                0x00002498        0xc .\CortexM3\ARM_GCC_541\Debug\Group17Robot.a(PWM_colour.o)
                0x00002498                PWM_colour_ReadControlRegister
 .text.PWM_colour_WriteControlRegister
                0x000024a4        0xc .\CortexM3\ARM_GCC_541\Debug\Group17Robot.a(PWM_colour.o)
                0x000024a4                PWM_colour_WriteControlRegister
 .text.PWM_colour_ReadCapture
                0x000024b0        0xc .\CortexM3\ARM_GCC_541\Debug\Group17Robot.a(PWM_colour.o)
                0x000024b0                PWM_colour_ReadCapture
 .text.PWM_colour_ClearFIFO
                0x000024bc       0x14 .\CortexM3\ARM_GCC_541\Debug\Group17Robot.a(PWM_colour.o)
                0x000024bc                PWM_colour_ClearFIFO
 .text.PWM_colour_Init
                0x000024d0       0x50 .\CortexM3\ARM_GCC_541\Debug\Group17Robot.a(PWM_colour.o)
                0x000024d0                PWM_colour_Init
 .text.PWM_colour_Start
                0x00002520       0x1c .\CortexM3\ARM_GCC_541\Debug\Group17Robot.a(PWM_colour.o)
                0x00002520                PWM_colour_Start
 .text.PWM_colour_ReadPeriod
                0x0000253c        0xc .\CortexM3\ARM_GCC_541\Debug\Group17Robot.a(PWM_colour.o)
                0x0000253c                PWM_colour_ReadPeriod
 .text.PWM_colour_SaveConfig
                0x00002548       0x28 .\CortexM3\ARM_GCC_541\Debug\Group17Robot.a(PWM_colour_PM.o)
                0x00002548                PWM_colour_SaveConfig
 .text.PWM_colour_RestoreConfig
                0x00002570       0x28 .\CortexM3\ARM_GCC_541\Debug\Group17Robot.a(PWM_colour_PM.o)
                0x00002570                PWM_colour_RestoreConfig
 .text.PWM_colour_Sleep
                0x00002598       0x2c .\CortexM3\ARM_GCC_541\Debug\Group17Robot.a(PWM_colour_PM.o)
                0x00002598                PWM_colour_Sleep
 .text.PWM_colour_Wakeup
                0x000025c4       0x18 .\CortexM3\ARM_GCC_541\Debug\Group17Robot.a(PWM_colour_PM.o)
                0x000025c4                PWM_colour_Wakeup
 .text.control_led_Write
                0x000025dc        0xc .\CortexM3\ARM_GCC_541\Debug\Group17Robot.a(control_led.o)
                0x000025dc                control_led_Write
 .text.control_photodiode_Write
                0x000025e8        0xc .\CortexM3\ARM_GCC_541\Debug\Group17Robot.a(control_photodiode.o)
                0x000025e8                control_photodiode_Write
 .text.Start_SetVector
                0x000025f4        0xc .\CortexM3\ARM_GCC_541\Debug\Group17Robot.a(Start.o)
                0x000025f4                Start_SetVector
 .text.Start_SetPriority
                0x00002600       0x10 .\CortexM3\ARM_GCC_541\Debug\Group17Robot.a(Start.o)
                0x00002600                Start_SetPriority
 .text.Start_Enable
                0x00002610        0xc .\CortexM3\ARM_GCC_541\Debug\Group17Robot.a(Start.o)
                0x00002610                Start_Enable
 .text.Start_Disable
                0x0000261c        0xc .\CortexM3\ARM_GCC_541\Debug\Group17Robot.a(Start.o)
                0x0000261c                Start_Disable
 .text.Start_StartEx
                0x00002628       0x1c .\CortexM3\ARM_GCC_541\Debug\Group17Robot.a(Start.o)
                0x00002628                Start_StartEx
 .text.Sonic_SetVector
                0x00002644        0xc .\CortexM3\ARM_GCC_541\Debug\Group17Robot.a(Sonic.o)
                0x00002644                Sonic_SetVector
 .text.Sonic_SetPriority
                0x00002650       0x10 .\CortexM3\ARM_GCC_541\Debug\Group17Robot.a(Sonic.o)
                0x00002650                Sonic_SetPriority
 .text.Sonic_Enable
                0x00002660        0xc .\CortexM3\ARM_GCC_541\Debug\Group17Robot.a(Sonic.o)
                0x00002660                Sonic_Enable
 .text.Sonic_Disable
                0x0000266c        0xc .\CortexM3\ARM_GCC_541\Debug\Group17Robot.a(Sonic.o)
                0x0000266c                Sonic_Disable
 .text.Sonic_StartEx
                0x00002678       0x1c .\CortexM3\ARM_GCC_541\Debug\Group17Robot.a(Sonic.o)
                0x00002678                Sonic_StartEx
 .text.Gripper_Servo_Disable_Write
                0x00002694       0x18 .\CortexM3\ARM_GCC_541\Debug\Group17Robot.a(Gripper_Servo_Disable.o)
                0x00002694                Gripper_Servo_Disable_Write
 .text.Encoder_Counts_1_Interrupt_SetVector
                0x000026ac        0xc .\CortexM3\ARM_GCC_541\Debug\Group17Robot.a(Encoder_Counts_1_Interrupt.o)
                0x000026ac                Encoder_Counts_1_Interrupt_SetVector
 .text.Encoder_Counts_1_Interrupt_SetPriority
                0x000026b8       0x10 .\CortexM3\ARM_GCC_541\Debug\Group17Robot.a(Encoder_Counts_1_Interrupt.o)
                0x000026b8                Encoder_Counts_1_Interrupt_SetPriority
 .text.Encoder_Counts_1_Interrupt_Enable
                0x000026c8        0xc .\CortexM3\ARM_GCC_541\Debug\Group17Robot.a(Encoder_Counts_1_Interrupt.o)
                0x000026c8                Encoder_Counts_1_Interrupt_Enable
 .text.Encoder_Counts_1_Interrupt_Disable
                0x000026d4        0xc .\CortexM3\ARM_GCC_541\Debug\Group17Robot.a(Encoder_Counts_1_Interrupt.o)
                0x000026d4                Encoder_Counts_1_Interrupt_Disable
 .text.Encoder_Counts_1_Interrupt_StartEx
                0x000026e0       0x1c .\CortexM3\ARM_GCC_541\Debug\Group17Robot.a(Encoder_Counts_1_Interrupt.o)
                0x000026e0                Encoder_Counts_1_Interrupt_StartEx
 .text.Encoder_Counts_2_Interrupt_SetVector
                0x000026fc        0xc .\CortexM3\ARM_GCC_541\Debug\Group17Robot.a(Encoder_Counts_2_Interrupt.o)
                0x000026fc                Encoder_Counts_2_Interrupt_SetVector
 .text.Encoder_Counts_2_Interrupt_SetPriority
                0x00002708       0x10 .\CortexM3\ARM_GCC_541\Debug\Group17Robot.a(Encoder_Counts_2_Interrupt.o)
                0x00002708                Encoder_Counts_2_Interrupt_SetPriority
 .text.Encoder_Counts_2_Interrupt_Enable
                0x00002718        0xc .\CortexM3\ARM_GCC_541\Debug\Group17Robot.a(Encoder_Counts_2_Interrupt.o)
                0x00002718                Encoder_Counts_2_Interrupt_Enable
 .text.Encoder_Counts_2_Interrupt_Disable
                0x00002724        0xc .\CortexM3\ARM_GCC_541\Debug\Group17Robot.a(Encoder_Counts_2_Interrupt.o)
                0x00002724                Encoder_Counts_2_Interrupt_Disable
 .text.Encoder_Counts_2_Interrupt_StartEx
                0x00002730       0x1c .\CortexM3\ARM_GCC_541\Debug\Group17Robot.a(Encoder_Counts_2_Interrupt.o)
                0x00002730                Encoder_Counts_2_Interrupt_StartEx
 .text.Drift_Check_Timer_Enable
                0x0000274c       0x28 .\CortexM3\ARM_GCC_541\Debug\Group17Robot.a(Drift_Check_Timer.o)
                0x0000274c                Drift_Check_Timer_Enable
 .text.Drift_Check_Timer_Stop
                0x00002774       0x28 .\CortexM3\ARM_GCC_541\Debug\Group17Robot.a(Drift_Check_Timer.o)
                0x00002774                Drift_Check_Timer_Stop
 .text.Drift_Check_Timer_SetInterruptMode
                0x0000279c        0xc .\CortexM3\ARM_GCC_541\Debug\Group17Robot.a(Drift_Check_Timer.o)
                0x0000279c                Drift_Check_Timer_SetInterruptMode
 .text.Drift_Check_Timer_ReadStatusRegister
                0x000027a8        0xc .\CortexM3\ARM_GCC_541\Debug\Group17Robot.a(Drift_Check_Timer.o)
                0x000027a8                Drift_Check_Timer_ReadStatusRegister
 .text.Drift_Check_Timer_WritePeriod
                0x000027b4        0xc .\CortexM3\ARM_GCC_541\Debug\Group17Robot.a(Drift_Check_Timer.o)
                0x000027b4                Drift_Check_Timer_WritePeriod
 .text.Drift_Check_Timer_WriteCounter
                0x000027c0        0xc .\CortexM3\ARM_GCC_541\Debug\Group17Robot.a(Drift_Check_Timer.o)
                0x000027c0                Drift_Check_Timer_WriteCounter
 .text.Drift_Check_Timer_Init
                0x000027cc       0x6c .\CortexM3\ARM_GCC_541\Debug\Group17Robot.a(Drift_Check_Timer.o)
                0x000027cc                Drift_Check_Timer_Init
 .text.Drift_Check_Timer_Start
                0x00002838       0x1c .\CortexM3\ARM_GCC_541\Debug\Group17Robot.a(Drift_Check_Timer.o)
                0x00002838                Drift_Check_Timer_Start
 .text.Drift_Check_Interrupt_SetVector
                0x00002854       0x10 .\CortexM3\ARM_GCC_541\Debug\Group17Robot.a(Drift_Check_Interrupt.o)
                0x00002854                Drift_Check_Interrupt_SetVector
 .text.Drift_Check_Interrupt_SetPriority
                0x00002864       0x10 .\CortexM3\ARM_GCC_541\Debug\Group17Robot.a(Drift_Check_Interrupt.o)
                0x00002864                Drift_Check_Interrupt_SetPriority
 .text.Drift_Check_Interrupt_Enable
                0x00002874       0x10 .\CortexM3\ARM_GCC_541\Debug\Group17Robot.a(Drift_Check_Interrupt.o)
                0x00002874                Drift_Check_Interrupt_Enable
 .text.Drift_Check_Interrupt_Disable
                0x00002884       0x10 .\CortexM3\ARM_GCC_541\Debug\Group17Robot.a(Drift_Check_Interrupt.o)
                0x00002884                Drift_Check_Interrupt_Disable
 .text.Drift_Check_Interrupt_StartEx
                0x00002894       0x1c .\CortexM3\ARM_GCC_541\Debug\Group17Robot.a(Drift_Check_Interrupt.o)
                0x00002894                Drift_Check_Interrupt_StartEx
 .text          0x000028b0       0x20 .\CortexM3\ARM_GCC_541\Debug\Group17Robot.a(CyBootAsmGnu.o)
                0x000028b0                CyDelayCycles
                0x000028c0                CyEnterCriticalSection
                0x000028c8                CyExitCriticalSection
 .text.cos      0x000028d0       0x90 c:/program files (x86)/cypress/psoc creator/4.2/psoc creator/import/gnu/arm/5.4.1/bin/../lib/gcc/arm-none-eabi/5.4.1/../../../../arm-none-eabi/lib/armv7-m\libm.a(lib_a-s_cos.o)
                0x000028d0                cos
 .text.round    0x00002960       0xa0 c:/program files (x86)/cypress/psoc creator/4.2/psoc creator/import/gnu/arm/5.4.1/bin/../lib/gcc/arm-none-eabi/5.4.1/../../../../arm-none-eabi/lib/armv7-m\libm.a(lib_a-s_round.o)
                0x00002960                round
 .text.sin      0x00002a00       0x90 c:/program files (x86)/cypress/psoc creator/4.2/psoc creator/import/gnu/arm/5.4.1/bin/../lib/gcc/arm-none-eabi/5.4.1/../../../../arm-none-eabi/lib/armv7-m\libm.a(lib_a-s_sin.o)
                0x00002a00                sin
 .text.__ieee754_rem_pio2
                0x00002a90      0x42c c:/program files (x86)/cypress/psoc creator/4.2/psoc creator/import/gnu/arm/5.4.1/bin/../lib/gcc/arm-none-eabi/5.4.1/../../../../arm-none-eabi/lib/armv7-m\libm.a(lib_a-e_rem_pio2.o)
                0x00002a90                __ieee754_rem_pio2
 *fill*         0x00002ebc        0x4 
 .text.__kernel_cos
                0x00002ec0      0x248 c:/program files (x86)/cypress/psoc creator/4.2/psoc creator/import/gnu/arm/5.4.1/bin/../lib/gcc/arm-none-eabi/5.4.1/../../../../arm-none-eabi/lib/armv7-m\libm.a(lib_a-k_cos.o)
                0x00002ec0                __kernel_cos
 .text.__kernel_rem_pio2
                0x00003108      0x7f0 c:/program files (x86)/cypress/psoc creator/4.2/psoc creator/import/gnu/arm/5.4.1/bin/../lib/gcc/arm-none-eabi/5.4.1/../../../../arm-none-eabi/lib/armv7-m\libm.a(lib_a-k_rem_pio2.o)
                0x00003108                __kernel_rem_pio2
 .text.__kernel_sin
                0x000038f8      0x16c c:/program files (x86)/cypress/psoc creator/4.2/psoc creator/import/gnu/arm/5.4.1/bin/../lib/gcc/arm-none-eabi/5.4.1/../../../../arm-none-eabi/lib/armv7-m\libm.a(lib_a-k_sin.o)
                0x000038f8                __kernel_sin
 .text.fabs     0x00003a64        0x8 c:/program files (x86)/cypress/psoc creator/4.2/psoc creator/import/gnu/arm/5.4.1/bin/../lib/gcc/arm-none-eabi/5.4.1/../../../../arm-none-eabi/lib/armv7-m\libm.a(lib_a-s_fabs.o)
                0x00003a64                fabs
 *fill*         0x00003a6c        0x4 
 .text.floor    0x00003a70      0x110 c:/program files (x86)/cypress/psoc creator/4.2/psoc creator/import/gnu/arm/5.4.1/bin/../lib/gcc/arm-none-eabi/5.4.1/../../../../arm-none-eabi/lib/armv7-m\libm.a(lib_a-s_floor.o)
                0x00003a70                floor
 .text.scalbn   0x00003b80       0xe4 c:/program files (x86)/cypress/psoc creator/4.2/psoc creator/import/gnu/arm/5.4.1/bin/../lib/gcc/arm-none-eabi/5.4.1/../../../../arm-none-eabi/lib/armv7-m\libm.a(lib_a-s_scalbn.o)
                0x00003b80                scalbn
 .text.copysign
                0x00003c64       0x10 c:/program files (x86)/cypress/psoc creator/4.2/psoc creator/import/gnu/arm/5.4.1/bin/../lib/gcc/arm-none-eabi/5.4.1/../../../../arm-none-eabi/lib/armv7-m\libm.a(lib_a-s_copysign.o)
                0x00003c64                copysign
 .text          0x00003c74      0x370 c:/program files (x86)/cypress/psoc creator/4.2/psoc creator/import/gnu/arm/5.4.1/bin/../lib/gcc/arm-none-eabi/5.4.1/armv7-m\libgcc.a(_arm_addsubdf3.o)
                0x00003c74                __aeabi_drsub
                0x00003c7c                __aeabi_dsub
                0x00003c7c                __subdf3
                0x00003c80                __aeabi_dadd
                0x00003c80                __adddf3
                0x00003ef8                __floatunsidf
                0x00003ef8                __aeabi_ui2d
                0x00003f18                __floatsidf
                0x00003f18                __aeabi_i2d
                0x00003f3c                __aeabi_f2d
                0x00003f3c                __extendsfdf2
                0x00003f78                __floatundidf
                0x00003f78                __aeabi_ul2d
                0x00003f88                __floatdidf
                0x00003f88                __aeabi_l2d
 .text          0x00003fe4      0x424 c:/program files (x86)/cypress/psoc creator/4.2/psoc creator/import/gnu/arm/5.4.1/bin/../lib/gcc/arm-none-eabi/5.4.1/armv7-m\libgcc.a(_arm_muldivdf3.o)
                0x00003fe4                __aeabi_dmul
                0x00003fe4                __muldf3
                0x00004238                __divdf3
                0x00004238                __aeabi_ddiv
 .text          0x00004408      0x110 c:/program files (x86)/cypress/psoc creator/4.2/psoc creator/import/gnu/arm/5.4.1/bin/../lib/gcc/arm-none-eabi/5.4.1/armv7-m\libgcc.a(_arm_cmpdf2.o)
                0x00004408                __gtdf2
                0x00004408                __gedf2
                0x00004410                __ltdf2
                0x00004410                __ledf2
                0x00004418                __nedf2
                0x00004418                __eqdf2
                0x00004418                __cmpdf2
                0x00004494                __aeabi_cdrcmple
                0x000044a4                __aeabi_cdcmpeq
                0x000044a4                __aeabi_cdcmple
                0x000044b4                __aeabi_dcmpeq
                0x000044c8                __aeabi_dcmplt
                0x000044dc                __aeabi_dcmple
                0x000044f0                __aeabi_dcmpge
                0x00004504                __aeabi_dcmpgt
 .text          0x00004518       0x50 c:/program files (x86)/cypress/psoc creator/4.2/psoc creator/import/gnu/arm/5.4.1/bin/../lib/gcc/arm-none-eabi/5.4.1/armv7-m\libgcc.a(_arm_fixdfsi.o)
                0x00004518                __aeabi_d2iz
                0x00004518                __fixdfsi
 .text          0x00004568       0xa0 c:/program files (x86)/cypress/psoc creator/4.2/psoc creator/import/gnu/arm/5.4.1/bin/../lib/gcc/arm-none-eabi/5.4.1/armv7-m\libgcc.a(_arm_truncdfsf2.o)
                0x00004568                __truncdfsf2
                0x00004568                __aeabi_d2f
 .text          0x00004608      0x21c c:/program files (x86)/cypress/psoc creator/4.2/psoc creator/import/gnu/arm/5.4.1/bin/../lib/gcc/arm-none-eabi/5.4.1/armv7-m\libgcc.a(_arm_addsubsf3.o)
                0x00004608                __aeabi_frsub
                0x00004610                __subsf3
                0x00004610                __aeabi_fsub
                0x00004614                __aeabi_fadd
                0x00004614                __addsf3
                0x00004774                __aeabi_ui2f
                0x00004774                __floatunsisf
                0x0000477c                __aeabi_i2f
                0x0000477c                __floatsisf
                0x00004798                __aeabi_ul2f
                0x00004798                __floatundisf
                0x000047a8                __aeabi_l2f
                0x000047a8                __floatdisf
 .text          0x00004824      0x2a0 c:/program files (x86)/cypress/psoc creator/4.2/psoc creator/import/gnu/arm/5.4.1/bin/../lib/gcc/arm-none-eabi/5.4.1/armv7-m\libgcc.a(_arm_muldivsf3.o)
                0x00004824                __mulsf3
                0x00004824                __aeabi_fmul
                0x0000498c                __aeabi_fdiv
                0x0000498c                __divsf3
 .text          0x00004ac4       0xec c:/program files (x86)/cypress/psoc creator/4.2/psoc creator/import/gnu/arm/5.4.1/bin/../lib/gcc/arm-none-eabi/5.4.1/armv7-m\libgcc.a(_arm_cmpsf2.o)
                0x00004ac4                __gesf2
                0x00004ac4                __gtsf2
                0x00004acc                __lesf2
                0x00004acc                __ltsf2
                0x00004ad4                __nesf2
                0x00004ad4                __eqsf2
                0x00004ad4                __cmpsf2
                0x00004b34                __aeabi_cfrcmple
                0x00004b3c                __aeabi_cfcmpeq
                0x00004b3c                __aeabi_cfcmple
                0x00004b4c                __aeabi_fcmpeq
                0x00004b60                __aeabi_fcmplt
                0x00004b74                __aeabi_fcmple
                0x00004b88                __aeabi_fcmpge
                0x00004b9c                __aeabi_fcmpgt
 .text          0x00004bb0       0x40 c:/program files (x86)/cypress/psoc creator/4.2/psoc creator/import/gnu/arm/5.4.1/bin/../lib/gcc/arm-none-eabi/5.4.1/armv7-m\libgcc.a(_arm_fixunssfsi.o)
                0x00004bb0                __fixunssfsi
                0x00004bb0                __aeabi_f2uiz
 .text.__errno  0x00004bf0        0xc c:/program files (x86)/cypress/psoc creator/4.2/psoc creator/import/gnu/arm/5.4.1/bin/../lib/gcc/arm-none-eabi/5.4.1/../../../../arm-none-eabi/lib/armv7-m\libg_nano.a(lib_a-errno.o)
                0x00004bf0                __errno
 .text.__libc_init_array
                0x00004bfc       0x4c c:/program files (x86)/cypress/psoc creator/4.2/psoc creator/import/gnu/arm/5.4.1/bin/../lib/gcc/arm-none-eabi/5.4.1/../../../../arm-none-eabi/lib/armv7-m\libg_nano.a(lib_a-init.o)
                0x00004bfc                __libc_init_array
 .text.memcpy   0x00004c48       0x16 c:/program files (x86)/cypress/psoc creator/4.2/psoc creator/import/gnu/arm/5.4.1/bin/../lib/gcc/arm-none-eabi/5.4.1/../../../../arm-none-eabi/lib/armv7-m\libg_nano.a(lib_a-memcpy-stub.o)
                0x00004c48                memcpy
 .text.memset   0x00004c5e       0x10 c:/program files (x86)/cypress/psoc creator/4.2/psoc creator/import/gnu/arm/5.4.1/bin/../lib/gcc/arm-none-eabi/5.4.1/../../../../arm-none-eabi/lib/armv7-m\libg_nano.a(lib_a-memset.o)
                0x00004c5e                memset
 .text.__cvt    0x00004c6e       0xc0 c:/program files (x86)/cypress/psoc creator/4.2/psoc creator/import/gnu/arm/5.4.1/bin/../lib/gcc/arm-none-eabi/5.4.1/../../../../arm-none-eabi/lib/armv7-m\libg_nano.a(lib_a-nano-vfprintf_float.o)
                0x00004c6e                __cvt
 .text.__exponent
                0x00004d2e       0x62 c:/program files (x86)/cypress/psoc creator/4.2/psoc creator/import/gnu/arm/5.4.1/bin/../lib/gcc/arm-none-eabi/5.4.1/../../../../arm-none-eabi/lib/armv7-m\libg_nano.a(lib_a-nano-vfprintf_float.o)
                0x00004d2e                __exponent
 .text._printf_float
                0x00004d90      0x488 c:/program files (x86)/cypress/psoc creator/4.2/psoc creator/import/gnu/arm/5.4.1/bin/../lib/gcc/arm-none-eabi/5.4.1/../../../../arm-none-eabi/lib/armv7-m\libg_nano.a(lib_a-nano-vfprintf_float.o)
                0x00004d90                _printf_float
 .text._printf_common
                0x00005218       0xec c:/program files (x86)/cypress/psoc creator/4.2/psoc creator/import/gnu/arm/5.4.1/bin/../lib/gcc/arm-none-eabi/5.4.1/../../../../arm-none-eabi/lib/armv7-m\libg_nano.a(lib_a-nano-vfprintf_i.o)
                0x00005218                _printf_common
 .text._printf_i
                0x00005304      0x24c c:/program files (x86)/cypress/psoc creator/4.2/psoc creator/import/gnu/arm/5.4.1/bin/../lib/gcc/arm-none-eabi/5.4.1/../../../../arm-none-eabi/lib/armv7-m\libg_nano.a(lib_a-nano-vfprintf_i.o)
                0x00005304                _printf_i
 .text.sprintf  0x00005550       0x48 c:/program files (x86)/cypress/psoc creator/4.2/psoc creator/import/gnu/arm/5.4.1/bin/../lib/gcc/arm-none-eabi/5.4.1/../../../../arm-none-eabi/lib/armv7-m\libg_nano.a(lib_a-sprintf.o)
                0x00005550                siprintf
                0x00005550                sprintf
 .text          0x00005598       0x10 c:/program files (x86)/cypress/psoc creator/4.2/psoc creator/import/gnu/arm/5.4.1/bin/../lib/gcc/arm-none-eabi/5.4.1/../../../../arm-none-eabi/lib/armv7-m\libg_nano.a(lib_a-strlen.o)
                0x00005598                strlen
 .text.quorem   0x000055a8      0x116 c:/program files (x86)/cypress/psoc creator/4.2/psoc creator/import/gnu/arm/5.4.1/bin/../lib/gcc/arm-none-eabi/5.4.1/../../../../arm-none-eabi/lib/armv7-m\libg_nano.a(lib_a-dtoa.o)
 *fill*         0x000056be        0x2 
 .text._dtoa_r  0x000056c0      0xb30 c:/program files (x86)/cypress/psoc creator/4.2/psoc creator/import/gnu/arm/5.4.1/bin/../lib/gcc/arm-none-eabi/5.4.1/../../../../arm-none-eabi/lib/armv7-m\libg_nano.a(lib_a-dtoa.o)
                0x000056c0                _dtoa_r
 .text._localeconv_r
                0x000061f0        0x8 c:/program files (x86)/cypress/psoc creator/4.2/psoc creator/import/gnu/arm/5.4.1/bin/../lib/gcc/arm-none-eabi/5.4.1/../../../../arm-none-eabi/lib/armv7-m\libg_nano.a(lib_a-locale.o)
                0x000061f0                _localeconv_r
 .text.malloc   0x000061f8       0x10 c:/program files (x86)/cypress/psoc creator/4.2/psoc creator/import/gnu/arm/5.4.1/bin/../lib/gcc/arm-none-eabi/5.4.1/../../../../arm-none-eabi/lib/armv7-m\libg_nano.a(lib_a-malloc.o)
                0x000061f8                malloc
 .text.memchr   0x00006208       0x1c c:/program files (x86)/cypress/psoc creator/4.2/psoc creator/import/gnu/arm/5.4.1/bin/../lib/gcc/arm-none-eabi/5.4.1/../../../../arm-none-eabi/lib/armv7-m\libg_nano.a(lib_a-memchr-stub.o)
                0x00006208                memchr
 .text._Balloc  0x00006224       0x6a c:/program files (x86)/cypress/psoc creator/4.2/psoc creator/import/gnu/arm/5.4.1/bin/../lib/gcc/arm-none-eabi/5.4.1/../../../../arm-none-eabi/lib/armv7-m\libg_nano.a(lib_a-mprec.o)
                0x00006224                _Balloc
 .text._Bfree   0x0000628e       0x2e c:/program files (x86)/cypress/psoc creator/4.2/psoc creator/import/gnu/arm/5.4.1/bin/../lib/gcc/arm-none-eabi/5.4.1/../../../../arm-none-eabi/lib/armv7-m\libg_nano.a(lib_a-mprec.o)
                0x0000628e                _Bfree
 .text.__multadd
                0x000062bc       0x76 c:/program files (x86)/cypress/psoc creator/4.2/psoc creator/import/gnu/arm/5.4.1/bin/../lib/gcc/arm-none-eabi/5.4.1/../../../../arm-none-eabi/lib/armv7-m\libg_nano.a(lib_a-mprec.o)
                0x000062bc                __multadd
 .text.__hi0bits
                0x00006332       0x40 c:/program files (x86)/cypress/psoc creator/4.2/psoc creator/import/gnu/arm/5.4.1/bin/../lib/gcc/arm-none-eabi/5.4.1/../../../../arm-none-eabi/lib/armv7-m\libg_nano.a(lib_a-mprec.o)
                0x00006332                __hi0bits
 .text.__lo0bits
                0x00006372       0x5a c:/program files (x86)/cypress/psoc creator/4.2/psoc creator/import/gnu/arm/5.4.1/bin/../lib/gcc/arm-none-eabi/5.4.1/../../../../arm-none-eabi/lib/armv7-m\libg_nano.a(lib_a-mprec.o)
                0x00006372                __lo0bits
 .text.__i2b    0x000063cc       0x12 c:/program files (x86)/cypress/psoc creator/4.2/psoc creator/import/gnu/arm/5.4.1/bin/../lib/gcc/arm-none-eabi/5.4.1/../../../../arm-none-eabi/lib/armv7-m\libg_nano.a(lib_a-mprec.o)
                0x000063cc                __i2b
 .text.__multiply
                0x000063de      0x120 c:/program files (x86)/cypress/psoc creator/4.2/psoc creator/import/gnu/arm/5.4.1/bin/../lib/gcc/arm-none-eabi/5.4.1/../../../../arm-none-eabi/lib/armv7-m\libg_nano.a(lib_a-mprec.o)
                0x000063de                __multiply
 *fill*         0x000064fe        0x2 
 .text.__pow5mult
                0x00006500       0x9c c:/program files (x86)/cypress/psoc creator/4.2/psoc creator/import/gnu/arm/5.4.1/bin/../lib/gcc/arm-none-eabi/5.4.1/../../../../arm-none-eabi/lib/armv7-m\libg_nano.a(lib_a-mprec.o)
                0x00006500                __pow5mult
 .text.__lshift
                0x0000659c       0xa2 c:/program files (x86)/cypress/psoc creator/4.2/psoc creator/import/gnu/arm/5.4.1/bin/../lib/gcc/arm-none-eabi/5.4.1/../../../../arm-none-eabi/lib/armv7-m\libg_nano.a(lib_a-mprec.o)
                0x0000659c                __lshift
 .text.__mcmp   0x0000663e       0x38 c:/program files (x86)/cypress/psoc creator/4.2/psoc creator/import/gnu/arm/5.4.1/bin/../lib/gcc/arm-none-eabi/5.4.1/../../../../arm-none-eabi/lib/armv7-m\libg_nano.a(lib_a-mprec.o)
                0x0000663e                __mcmp
 .text.__mdiff  0x00006676       0xbe c:/program files (x86)/cypress/psoc creator/4.2/psoc creator/import/gnu/arm/5.4.1/bin/../lib/gcc/arm-none-eabi/5.4.1/../../../../arm-none-eabi/lib/armv7-m\libg_nano.a(lib_a-mprec.o)
                0x00006676                __mdiff
 .text.__d2b    0x00006734       0x9c c:/program files (x86)/cypress/psoc creator/4.2/psoc creator/import/gnu/arm/5.4.1/bin/../lib/gcc/arm-none-eabi/5.4.1/../../../../arm-none-eabi/lib/armv7-m\libg_nano.a(lib_a-mprec.o)
                0x00006734                __d2b
 .text._calloc_r
                0x000067d0       0x1c c:/program files (x86)/cypress/psoc creator/4.2/psoc creator/import/gnu/arm/5.4.1/bin/../lib/gcc/arm-none-eabi/5.4.1/../../../../arm-none-eabi/lib/armv7-m\libg_nano.a(lib_a-nano-callocr.o)
                0x000067d0                _calloc_r
 .text._free_r  0x000067ec       0x98 c:/program files (x86)/cypress/psoc creator/4.2/psoc creator/import/gnu/arm/5.4.1/bin/../lib/gcc/arm-none-eabi/5.4.1/../../../../arm-none-eabi/lib/armv7-m\libg_nano.a(lib_a-nano-freer.o)
                0x000067ec                _free_r
 .text._malloc_r
                0x00006884       0xbc c:/program files (x86)/cypress/psoc creator/4.2/psoc creator/import/gnu/arm/5.4.1/bin/../lib/gcc/arm-none-eabi/5.4.1/../../../../arm-none-eabi/lib/armv7-m\libg_nano.a(lib_a-nano-mallocr.o)
                0x00006884                _malloc_r
 .text.__ssputs_r
                0x00006940       0xb2 c:/program files (x86)/cypress/psoc creator/4.2/psoc creator/import/gnu/arm/5.4.1/bin/../lib/gcc/arm-none-eabi/5.4.1/../../../../arm-none-eabi/lib/armv7-m\libg_nano.a(lib_a-nano-svfprintf.o)
                0x00006940                __ssputs_r
 *fill*         0x000069f2        0x2 
 .text._svfprintf_r
                0x000069f4      0x1e8 c:/program files (x86)/cypress/psoc creator/4.2/psoc creator/import/gnu/arm/5.4.1/bin/../lib/gcc/arm-none-eabi/5.4.1/../../../../arm-none-eabi/lib/armv7-m\libg_nano.a(lib_a-nano-svfprintf.o)
                0x000069f4                _svfiprintf_r
                0x000069f4                _svfprintf_r
 .text._sbrk_r  0x00006bdc       0x20 c:/program files (x86)/cypress/psoc creator/4.2/psoc creator/import/gnu/arm/5.4.1/bin/../lib/gcc/arm-none-eabi/5.4.1/../../../../arm-none-eabi/lib/armv7-m\libg_nano.a(lib_a-sbrkr.o)
                0x00006bdc                _sbrk_r
 .text.memmove  0x00006bfc       0x36 c:/program files (x86)/cypress/psoc creator/4.2/psoc creator/import/gnu/arm/5.4.1/bin/../lib/gcc/arm-none-eabi/5.4.1/../../../../arm-none-eabi/lib/armv7-m\libg_nano.a(lib_a-memmove.o)
                0x00006bfc                memmove
 .text.__malloc_lock
                0x00006c32        0x2 c:/program files (x86)/cypress/psoc creator/4.2/psoc creator/import/gnu/arm/5.4.1/bin/../lib/gcc/arm-none-eabi/5.4.1/../../../../arm-none-eabi/lib/armv7-m\libg_nano.a(lib_a-mlock.o)
                0x00006c32                __malloc_lock
 .text.__malloc_unlock
                0x00006c34        0x2 c:/program files (x86)/cypress/psoc creator/4.2/psoc creator/import/gnu/arm/5.4.1/bin/../lib/gcc/arm-none-eabi/5.4.1/../../../../arm-none-eabi/lib/armv7-m\libg_nano.a(lib_a-mlock.o)
                0x00006c34                __malloc_unlock
 .text._realloc_r
                0x00006c36       0x4c c:/program files (x86)/cypress/psoc creator/4.2/psoc creator/import/gnu/arm/5.4.1/bin/../lib/gcc/arm-none-eabi/5.4.1/../../../../arm-none-eabi/lib/armv7-m\libg_nano.a(lib_a-nano-reallocr.o)
                0x00006c36                _realloc_r
 .text._malloc_usable_size_r
                0x00006c82       0x14 c:/program files (x86)/cypress/psoc creator/4.2/psoc creator/import/gnu/arm/5.4.1/bin/../lib/gcc/arm-none-eabi/5.4.1/../../../../arm-none-eabi/lib/armv7-m\libg_nano.a(lib_a-nano-msizer.o)
                0x00006c82                _malloc_usable_size_r
 *fill*         0x00006c96        0x2 
 .text          0x00006c98       0x2c c:/program files (x86)/cypress/psoc creator/4.2/psoc creator/import/gnu/arm/5.4.1/bin/../lib/gcc/arm-none-eabi/5.4.1/armv7-m\libgcc.a(_arm_unorddf2.o)
                0x00006c98                __unorddf2
                0x00006c98                __aeabi_dcmpun
 *(.plt)
 *(.gnu.warning)
 *(.glue_7t)
 .glue_7t       0x00006cc4        0x0 linker stubs
 *(.glue_7)
 .glue_7        0x00006cc4        0x0 linker stubs
 *(.vfp11_veneer)
 .vfp11_veneer  0x00006cc4        0x0 linker stubs
 *(.bootloader)
 *(.ARM.extab* .gnu.linkonce.armextab.*)
 *(.gcc_except_table)

.v4_bx          0x00006cc4        0x0
 .v4_bx         0x00006cc4        0x0 linker stubs

.iplt           0x00006cc4        0x0
 .iplt          0x00006cc4        0x0 c:/program files (x86)/cypress/psoc creator/4.2/psoc creator/import/gnu/arm/5.4.1/bin/../lib/gcc/arm-none-eabi/5.4.1/armv7-m/crtbegin.o

.eh_frame_hdr
 *(.eh_frame_hdr)

.eh_frame       0x00006cc4        0x4
 *(.eh_frame)
 .eh_frame      0x00006cc4        0x0 c:/program files (x86)/cypress/psoc creator/4.2/psoc creator/import/gnu/arm/5.4.1/bin/../lib/gcc/arm-none-eabi/5.4.1/armv7-m/crtbegin.o
 .eh_frame      0x00006cc4        0x4 c:/program files (x86)/cypress/psoc creator/4.2/psoc creator/import/gnu/arm/5.4.1/bin/../lib/gcc/arm-none-eabi/5.4.1/armv7-m/crtend.o
                [!provide]                PROVIDE (__exidx_start, .)

.ARM.exidx
 *(.ARM.exidx* .gnu.linkonce.armexidx.*)
                0x00006cc8                __exidx_end = .

.rodata         0x00006cc8      0x420
 *(.rodata .rodata.* .gnu.linkonce.r.*)
 .rodata.str1.4
                0x00006cc8       0x15 .\CortexM3\ARM_GCC_541\Debug\main.o
 *fill*         0x00006cdd        0x3 
 .rodata.str1.4
                0x00006ce0        0xa .\CortexM3\ARM_GCC_541\Debug\ultrasonic.o
 *fill*         0x00006cea        0x2 
 .rodata.str1.4
                0x00006cec       0x48 .\CortexM3\ARM_GCC_541\Debug\dcmotor.o
                                 0x46 (size before relaxing)
 .rodata        0x00006d34       0x44 .\CortexM3\ARM_GCC_541\Debug\cyfitter_cfg.o
 .rodata.npio2_hw
                0x00006d78       0x80 c:/program files (x86)/cypress/psoc creator/4.2/psoc creator/import/gnu/arm/5.4.1/bin/../lib/gcc/arm-none-eabi/5.4.1/../../../../arm-none-eabi/lib/armv7-m\libm.a(lib_a-e_rem_pio2.o)
 .rodata.two_over_pi
                0x00006df8      0x108 c:/program files (x86)/cypress/psoc creator/4.2/psoc creator/import/gnu/arm/5.4.1/bin/../lib/gcc/arm-none-eabi/5.4.1/../../../../arm-none-eabi/lib/armv7-m\libm.a(lib_a-e_rem_pio2.o)
 .rodata.init_jk
                0x00006f00       0x10 c:/program files (x86)/cypress/psoc creator/4.2/psoc creator/import/gnu/arm/5.4.1/bin/../lib/gcc/arm-none-eabi/5.4.1/../../../../arm-none-eabi/lib/armv7-m\libm.a(lib_a-k_rem_pio2.o)
 .rodata.PIo2   0x00006f10       0x40 c:/program files (x86)/cypress/psoc creator/4.2/psoc creator/import/gnu/arm/5.4.1/bin/../lib/gcc/arm-none-eabi/5.4.1/../../../../arm-none-eabi/lib/armv7-m\libm.a(lib_a-k_rem_pio2.o)
 .rodata.str1.1
                0x00006f50        0x2 c:/program files (x86)/cypress/psoc creator/4.2/psoc creator/import/gnu/arm/5.4.1/bin/../lib/gcc/arm-none-eabi/5.4.1/../../../../arm-none-eabi/lib/armv7-m\libg_nano.a(lib_a-impure.o)
 .rodata.str1.1
                0x00006f52       0x12 c:/program files (x86)/cypress/psoc creator/4.2/psoc creator/import/gnu/arm/5.4.1/bin/../lib/gcc/arm-none-eabi/5.4.1/../../../../arm-none-eabi/lib/armv7-m\libg_nano.a(lib_a-nano-vfprintf_float.o)
 .rodata.str1.1
                0x00006f64       0x22 c:/program files (x86)/cypress/psoc creator/4.2/psoc creator/import/gnu/arm/5.4.1/bin/../lib/gcc/arm-none-eabi/5.4.1/../../../../arm-none-eabi/lib/armv7-m\libg_nano.a(lib_a-nano-vfprintf_i.o)
 .rodata.str1.1
                0x00006f86        0xd c:/program files (x86)/cypress/psoc creator/4.2/psoc creator/import/gnu/arm/5.4.1/bin/../lib/gcc/arm-none-eabi/5.4.1/../../../../arm-none-eabi/lib/armv7-m\libg_nano.a(lib_a-dtoa.o)
                                  0xf (size before relaxing)
 .rodata.str1.1
                0x00006f93        0x8 c:/program files (x86)/cypress/psoc creator/4.2/psoc creator/import/gnu/arm/5.4.1/bin/../lib/gcc/arm-none-eabi/5.4.1/../../../../arm-none-eabi/lib/armv7-m\libg_nano.a(lib_a-locale.o)
                                  0xb (size before relaxing)
 *fill*         0x00006f9b        0x5 
 .rodata.__mprec_tens
                0x00006fa0       0xc8 c:/program files (x86)/cypress/psoc creator/4.2/psoc creator/import/gnu/arm/5.4.1/bin/../lib/gcc/arm-none-eabi/5.4.1/../../../../arm-none-eabi/lib/armv7-m\libg_nano.a(lib_a-mprec.o)
                0x00006fa0                __mprec_tens
 .rodata.p05.5408
                0x00007068        0xc c:/program files (x86)/cypress/psoc creator/4.2/psoc creator/import/gnu/arm/5.4.1/bin/../lib/gcc/arm-none-eabi/5.4.1/../../../../arm-none-eabi/lib/armv7-m\libg_nano.a(lib_a-mprec.o)
 *fill*         0x00007074        0x4 
 .rodata.__mprec_bigtens
                0x00007078       0x28 c:/program files (x86)/cypress/psoc creator/4.2/psoc creator/import/gnu/arm/5.4.1/bin/../lib/gcc/arm-none-eabi/5.4.1/../../../../arm-none-eabi/lib/armv7-m\libg_nano.a(lib_a-mprec.o)
                0x00007078                __mprec_bigtens
 .rodata.str1.1
                0x000070a0       0x11 c:/program files (x86)/cypress/psoc creator/4.2/psoc creator/import/gnu/arm/5.4.1/bin/../lib/gcc/arm-none-eabi/5.4.1/../../../../arm-none-eabi/lib/armv7-m\libg_nano.a(lib_a-nano-svfprintf.o)
                0x000070b4                . = ALIGN (0x4)
 *fill*         0x000070b1        0x3 
 *(.init)
 .init          0x000070b4        0x4 c:/program files (x86)/cypress/psoc creator/4.2/psoc creator/import/gnu/arm/5.4.1/bin/../lib/gcc/arm-none-eabi/5.4.1/armv7-m/crti.o
                0x000070b4                _init
 .init          0x000070b8        0x8 c:/program files (x86)/cypress/psoc creator/4.2/psoc creator/import/gnu/arm/5.4.1/bin/../lib/gcc/arm-none-eabi/5.4.1/armv7-m/crtn.o
                0x000070c0                . = ALIGN (0x4)
                0x000070c0                __preinit_array_start = .
 *(.preinit_array)
                0x000070c0                __preinit_array_end = .
                0x000070c0                . = ALIGN (0x4)
                0x000070c0                __init_array_start = .
 *(SORT(.init_array.*))
 *(.init_array)
 .init_array    0x000070c0        0x4 c:/program files (x86)/cypress/psoc creator/4.2/psoc creator/import/gnu/arm/5.4.1/bin/../lib/gcc/arm-none-eabi/5.4.1/armv7-m/crtbegin.o
 .init_array    0x000070c4        0x4 .\CortexM3\ARM_GCC_541\Debug\Cm3Start.o
                0x000070c8                __init_array_end = .
                0x000070c8                . = ALIGN (0x4)
 *(.fini)
 .fini          0x000070c8        0x4 c:/program files (x86)/cypress/psoc creator/4.2/psoc creator/import/gnu/arm/5.4.1/bin/../lib/gcc/arm-none-eabi/5.4.1/armv7-m/crti.o
                0x000070c8                _fini
 .fini          0x000070cc        0x8 c:/program files (x86)/cypress/psoc creator/4.2/psoc creator/import/gnu/arm/5.4.1/bin/../lib/gcc/arm-none-eabi/5.4.1/armv7-m/crtn.o
                0x000070d4                . = ALIGN (0x4)
                0x000070d4                __fini_array_start = .
 *(.fini_array)
 .fini_array    0x000070d4        0x4 c:/program files (x86)/cypress/psoc creator/4.2/psoc creator/import/gnu/arm/5.4.1/bin/../lib/gcc/arm-none-eabi/5.4.1/armv7-m/crtbegin.o
 *(SORT(.fini_array.*))
                0x000070d8                __fini_array_end = .
                0x000070d8                . = ALIGN (0x4)
 *crtbegin.o(.ctors)
 *(EXCLUDE_FILE(*crtend.o) .ctors)
 *(SORT(.ctors.*))
 *crtend.o(.ctors)
                0x000070d8                . = ALIGN (0x4)
 *crtbegin.o(.dtors)
 *(EXCLUDE_FILE(*crtend.o) .dtors)
 *(SORT(.dtors.*))
 *crtend.o(.dtors)
                0x000070d8                . = ALIGN (0x4)
                0x000070d8                __cy_regions = .
                0x000070d8        0x4 LONG 0x70e8 __cy_region_init_ram
                0x000070dc        0x4 LONG 0x1fff80c8 __cy_region_start_data
                0x000070e0        0x4 LONG 0xe8 __cy_region_init_size_ram
                0x000070e4        0x4 LONG 0x198 __cy_region_zero_size_ram
                0x000070e8                __cy_regions_end = .
                0x000070e8                . = ALIGN (0x8)
                0x000070e8                _etext = .

.cy_checksum_exclude
                0x000070e8        0x0
 *(.cy_checksum_exclude)

.ramvectors     0x1fff8000       0xc0
                0x1fff8000                __cy_region_start_ram = .
 *(.ramvectors)
 .ramvectors    0x1fff8000       0xc0 .\CortexM3\ARM_GCC_541\Debug\Cm3Start.o
                0x1fff8000                CyRamVectors

.noinit         0x1fff80c0        0x1
 *(.noinit)
 .noinit        0x1fff80c0        0x1 .\CortexM3\ARM_GCC_541\Debug\Group17Robot.a(CyLib.o)
                0x1fff80c0                CyResetStatus

.data           0x1fff80c8       0xe8 load address 0x000070e8
                0x1fff80c8                __cy_region_start_data = .
 *(.jcr)
 .jcr           0x1fff80c8        0x0 c:/program files (x86)/cypress/psoc creator/4.2/psoc creator/import/gnu/arm/5.4.1/bin/../lib/gcc/arm-none-eabi/5.4.1/armv7-m/crtbegin.o
 .jcr           0x1fff80c8        0x4 c:/program files (x86)/cypress/psoc creator/4.2/psoc creator/import/gnu/arm/5.4.1/bin/../lib/gcc/arm-none-eabi/5.4.1/armv7-m/crtend.o
 *(.got.plt)
 *(.got)
 *(.shdata)
 *(.data .data.* .gnu.linkonce.d.*)
 .data          0x1fff80cc       0x28 .\CortexM3\ARM_GCC_541\Debug\main.o
                0x1fff80cc                colour_flag
                0x1fff80d0                state
                0x1fff80d4                running
                0x1fff80d8                moveNow
                0x1fff80dc                currentOrientation
                0x1fff80e0                puckRackOffsetsFromWest
 .data          0x1fff80f4        0x4 .\CortexM3\ARM_GCC_541\Debug\ultrasonic.o
                0x1fff80f4                initialisation
 .data          0x1fff80f8        0x4 .\CortexM3\ARM_GCC_541\Debug\Cm3Start.o
 .data          0x1fff80fc       0x10 .\CortexM3\ARM_GCC_541\Debug\Group17Robot.a(CyLib.o)
                0x1fff80fc                cydelay_32k_ms
                0x1fff8100                cydelay_freq_khz
                0x1fff8104                cydelay_freq_mhz
                0x1fff8108                cydelay_freq_hz
 .data          0x1fff810c        0x1 .\CortexM3\ARM_GCC_541\Debug\Group17Robot.a(ADC.o)
                0x1fff810c                ADC_Config
 *fill*         0x1fff810d        0x3 
 .data.impure_data
                0x1fff8110       0x60 c:/program files (x86)/cypress/psoc creator/4.2/psoc creator/import/gnu/arm/5.4.1/bin/../lib/gcc/arm-none-eabi/5.4.1/../../../../arm-none-eabi/lib/armv7-m\libg_nano.a(lib_a-impure.o)
 .data._impure_ptr
                0x1fff8170        0x4 c:/program files (x86)/cypress/psoc creator/4.2/psoc creator/import/gnu/arm/5.4.1/bin/../lib/gcc/arm-none-eabi/5.4.1/../../../../arm-none-eabi/lib/armv7-m\libg_nano.a(lib_a-impure.o)
                0x1fff8170                _impure_ptr
 .data.lconv    0x1fff8174       0x38 c:/program files (x86)/cypress/psoc creator/4.2/psoc creator/import/gnu/arm/5.4.1/bin/../lib/gcc/arm-none-eabi/5.4.1/../../../../arm-none-eabi/lib/armv7-m\libg_nano.a(lib_a-locale.o)
                0x1fff81b0                . = ALIGN (0x8)
 *fill*         0x1fff81ac        0x4 
 *(.ram)
                0x1fff81b0                _edata = .

.igot.plt       0x1fff81b0        0x0 load address 0x000071d0
 .igot.plt      0x1fff81b0        0x0 c:/program files (x86)/cypress/psoc creator/4.2/psoc creator/import/gnu/arm/5.4.1/bin/../lib/gcc/arm-none-eabi/5.4.1/armv7-m/crtbegin.o

.bss            0x1fff81b0      0x198 load address 0x000071d0
                0x1fff81b0                PROVIDE (__bss_start__, .)
 *(.shbss)
 *(.bss .bss.* .gnu.linkonce.b.*)
 .bss           0x1fff81b0       0x1c c:/program files (x86)/cypress/psoc creator/4.2/psoc creator/import/gnu/arm/5.4.1/bin/../lib/gcc/arm-none-eabi/5.4.1/armv7-m/crtbegin.o
 .bss           0x1fff81cc       0x4c .\CortexM3\ARM_GCC_541\Debug\main.o
                0x1fff81cc                beginNavigation
                0x1fff81d0                idac_value
                0x1fff81d4                currentPuckRackScanningIndex
                0x1fff81d8                block_edge_location
                0x1fff81e8                currentPuckStackSize
                0x1fff81ec                turningRightFlag
                0x1fff81ee                turningLeftFlag
                0x1fff81f0                drivingBackwardFlag
                0x1fff81f2                drivingForwardFlag
                0x1fff81f4                motor2Enable
                0x1fff81f6                motor1Enable
                0x1fff81f8                currentPosition
                0x1fff8200                sweeping
                0x1fff8204                puckRackColours
 .bss           0x1fff8218       0x2c .\CortexM3\ARM_GCC_541\Debug\ultrasonic.o
                0x1fff8218                count
                0x1fff821c                ultrasonic_mux_control
                0x1fff8220                ultrasonic_distances
                0x1fff8234                block_start
                0x1fff8238                puck_start
                0x1fff823c                distance_measured
                0x1fff8240                i
 .bss           0x1fff8244        0x1 .\CortexM3\ARM_GCC_541\Debug\Group17Robot.a(TIA_1.o)
                0x1fff8244                TIA_1_initVar
 .bss           0x1fff8245        0x2 .\CortexM3\ARM_GCC_541\Debug\Group17Robot.a(UART_1.o)
                0x1fff8245                UART_1_initVar
 *fill*         0x1fff8247        0x1 
 .bss           0x1fff8248       0x18 .\CortexM3\ARM_GCC_541\Debug\Group17Robot.a(ADC.o)
                0x1fff8258                ADC_stopConversion
                0x1fff8259                ADC_convDone
                0x1fff825a                ADC_initVar
                0x1fff825b                ADC_started
                0x1fff825c                ADC_Offset
 .bss           0x1fff8260        0x1 .\CortexM3\ARM_GCC_541\Debug\Group17Robot.a(IDAC8_1.o)
                0x1fff8260                IDAC8_1_initVar
 .bss           0x1fff8261        0x1 .\CortexM3\ARM_GCC_541\Debug\Group17Robot.a(Timer_1.o)
                0x1fff8261                Timer_1_initVar
 .bss           0x1fff8262        0x1 .\CortexM3\ARM_GCC_541\Debug\Group17Robot.a(Motor_2_driver.o)
                0x1fff8262                Motor_2_driver_initVar
 .bss           0x1fff8263        0x1 .\CortexM3\ARM_GCC_541\Debug\Group17Robot.a(Motor_1_driver.o)
                0x1fff8263                Motor_1_driver_initVar
 .bss           0x1fff8264        0x1 .\CortexM3\ARM_GCC_541\Debug\Group17Robot.a(Motor_2_Encoder_Counts.o)
                0x1fff8264                Motor_2_Encoder_Counts_initVar
 .bss           0x1fff8265        0x1 .\CortexM3\ARM_GCC_541\Debug\Group17Robot.a(Motor_1_Encoder_Counts.o)
                0x1fff8265                Motor_1_Encoder_Counts_initVar
 .bss           0x1fff8266        0x1 .\CortexM3\ARM_GCC_541\Debug\Group17Robot.a(Gripper_Servo_PWM.o)
                0x1fff8266                Gripper_Servo_PWM_initVar
 .bss           0x1fff8267        0x1 .\CortexM3\ARM_GCC_541\Debug\Group17Robot.a(Rack_Servo_PWM.o)
                0x1fff8267                Rack_Servo_PWM_initVar
 .bss           0x1fff8268        0x1 .\CortexM3\ARM_GCC_541\Debug\Group17Robot.a(PWM_colour.o)
                0x1fff8268                PWM_colour_initVar
 *fill*         0x1fff8269        0x3 
 .bss           0x1fff826c        0x5 .\CortexM3\ARM_GCC_541\Debug\Group17Robot.a(PWM_colour_PM.o)
 .bss           0x1fff8271        0x1 .\CortexM3\ARM_GCC_541\Debug\Group17Robot.a(Drift_Check_Timer.o)
                0x1fff8271                Drift_Check_Timer_initVar
 *fill*         0x1fff8272        0x2 
 .bss.__malloc_sbrk_start
                0x1fff8274        0x4 c:/program files (x86)/cypress/psoc creator/4.2/psoc creator/import/gnu/arm/5.4.1/bin/../lib/gcc/arm-none-eabi/5.4.1/../../../../arm-none-eabi/lib/armv7-m\libg_nano.a(lib_a-nano-mallocr.o)
                0x1fff8274                __malloc_sbrk_start
 .bss.__malloc_free_list
                0x1fff8278        0x4 c:/program files (x86)/cypress/psoc creator/4.2/psoc creator/import/gnu/arm/5.4.1/bin/../lib/gcc/arm-none-eabi/5.4.1/../../../../arm-none-eabi/lib/armv7-m\libg_nano.a(lib_a-nano-mallocr.o)
                0x1fff8278                __malloc_free_list
 *(COMMON)
 COMMON         0x1fff827c       0x44 .\CortexM3\ARM_GCC_541\Debug\main.o
                0x1fff827c                moveRightAllowed
                0x1fff8280                M2_BD
                0x1fff8284                desiredOrientation
                0x1fff8288                moveForwardAllowed
                0x1fff828c                pathPastBlock
                0x1fff8290                driveStraightEnable
                0x1fff8294                moveBackwardAllowed
                0x1fff8298                M1_BD
                0x1fff829c                pathToPucks
                0x1fff82a0                M1_FD
                0x1fff82a4                puckPileLocation
                0x1fff82a8                motor1EncoderCounts
                0x1fff82ac                moveLeftAllowed
                0x1fff82b0                motor2EncoderCounts
                0x1fff82b4                desiredPosition
                0x1fff82bc                M2_FD
 COMMON         0x1fff82c0       0x54 .\CortexM3\ARM_GCC_541\Debug\colour.o
                0x1fff82c0                test_white
                0x1fff82c4                test_red
                0x1fff82c8                ambient_current
                0x1fff82cc                input_current
                0x1fff82d0                colour_output
                0x1fff82d4                ambient_green
                0x1fff82d8                ambient_white
                0x1fff82dc                ambient_red
                0x1fff82e0                test_blue
                0x1fff82e4                ambient_blue
                0x1fff82e8                pd_voltage
                0x1fff82ec                stored
                0x1fff8310                test_green
 COMMON         0x1fff8314       0x28 .\CortexM3\ARM_GCC_541\Debug\ultrasonic.o
                0x1fff8314                output
 COMMON         0x1fff833c        0x4 .\CortexM3\ARM_GCC_541\Debug\Group17Robot.a(ADC.o)
                0x1fff833c                ADC_CountsPerVolt
 COMMON         0x1fff8340        0x4 c:/program files (x86)/cypress/psoc creator/4.2/psoc creator/import/gnu/arm/5.4.1/bin/../lib/gcc/arm-none-eabi/5.4.1/../../../../arm-none-eabi/lib/armv7-m\libg_nano.a(lib_a-reent.o)
                0x1fff8340                errno
                0x1fff8348                . = ALIGN (0x8)
 *fill*         0x1fff8344        0x4 
 *(.ram.b)
                0x1fff8348                _end = .
                0x1fff8348                __end = .
                0x1fff8348                PROVIDE (end, .)
                0x1fff8348                PROVIDE (__bss_end__, .)
                0x000070e8                __cy_region_init_ram = LOADADDR (.data)
                0x000000e8                __cy_region_init_size_ram = (_edata - ADDR (.data))
                0x00000198                __cy_region_zero_size_ram = (_end - _edata)

.heap           0x1fff8348      0x200 load address 0x000071d0
                0x1fff8348                . = _end
                0x1fff8548                . = (. + 0x200)
 *fill*         0x1fff8348      0x200 
                0x1fff8548                __cy_heap_limit = .

.stack          0x20007800      0x800
                0x20007800                __cy_stack_limit = .
                0x20008000                . = (. + 0x800)
 *fill*         0x20007800      0x800 
                0x00000001                ASSERT ((__cy_stack_limit >= __cy_heap_limit), region RAM overflowed with stack)
                0x00000000                cy_checksum_exclude_size = (CY_APPL_LOADABLE == 0x1)?SIZEOF (.cy_checksum_exclude):0x0
                0x00000001                ASSERT ((cy_checksum_exclude_size <= CY_CHECKSUM_EXCLUDE_SIZE), CY_BOOT: Section .cy_checksum_exclude size exceedes specified limit.)

.cyloadermeta
 *(.cyloadermeta)

.cyloadablemeta
 *(.cyloadablemeta)

.cyconfigecc    0x80000000      0xea4
 *(.cyconfigecc)
 .cyconfigecc   0x80000000      0xea4 .\CortexM3\ARM_GCC_541\Debug\cymetadata.o
                0x80000000                cy_meta_configecc

.cycustnvl      0x90000000        0x4
 *(.cycustnvl)
 .cycustnvl     0x90000000        0x4 .\CortexM3\ARM_GCC_541\Debug\cymetadata.o
                0x90000000                cy_meta_custnvl

.cywolatch      0x90100000        0x4
 *(.cywolatch)
 .cywolatch     0x90100000        0x4 .\CortexM3\ARM_GCC_541\Debug\cymetadata.o
                0x90100000                cy_meta_wonvl

.cyeeprom       0x90200000        0x0
 *(.cyeeprom)
                0x00000001                ASSERT ((. <= ((0x90200000 + ee_offset) + ee_size)), .cyeeprom data will not fit in EEPROM)

.cyflashprotect
                0x90400000      0x100
 *(.cyflashprotect)
 .cyflashprotect
                0x90400000      0x100 .\CortexM3\ARM_GCC_541\Debug\cymetadata.o
                0x90400000                cy_meta_flashprotect

.cymeta         0x90500000        0xc
 *(.cymeta)
 .cymeta        0x90500000        0xc .\CortexM3\ARM_GCC_541\Debug\cymetadata.o
                0x90500000                cy_metadata

.rel.dyn        0x000071d0        0x0 load address 0x9050000c
 .rel.iplt      0x000071d0        0x0 c:/program files (x86)/cypress/psoc creator/4.2/psoc creator/import/gnu/arm/5.4.1/bin/../lib/gcc/arm-none-eabi/5.4.1/armv7-m/crtbegin.o

.stab
 *(.stab)

.stabstr
 *(.stabstr)

.debug
 *(.debug)

.line
 *(.line)

.debug_srcinfo
 *(.debug_srcinfo)

.debug_sfnames
 *(.debug_sfnames)

.debug_aranges  0x00000000     0x1668
 *(.debug_aranges)
 .debug_aranges
                0x00000000       0x48 .\CortexM3\ARM_GCC_541\Debug\main.o
 .debug_aranges
                0x00000048       0x78 .\CortexM3\ARM_GCC_541\Debug\colour.o
 .debug_aranges
                0x000000c0       0x40 .\CortexM3\ARM_GCC_541\Debug\ultrasonic.o
 .debug_aranges
                0x00000100       0xb0 .\CortexM3\ARM_GCC_541\Debug\dcmotor.o
 .debug_aranges
                0x000001b0       0x68 .\CortexM3\ARM_GCC_541\Debug\servo.o
 .debug_aranges
                0x00000218       0x20 .\CortexM3\ARM_GCC_541\Debug\customMath.o
 .debug_aranges
                0x00000238       0x58 .\CortexM3\ARM_GCC_541\Debug\cyfitter_cfg.o
 .debug_aranges
                0x00000290       0x18 .\CortexM3\ARM_GCC_541\Debug\cymetadata.o
 .debug_aranges
                0x000002a8       0x48 .\CortexM3\ARM_GCC_541\Debug\Cm3Start.o
 .debug_aranges
                0x000002f0       0x50 .\CortexM3\ARM_GCC_541\Debug\Group17Robot.a(TIA_1.o)
 .debug_aranges
                0x00000340      0x2a0 .\CortexM3\ARM_GCC_541\Debug\Group17Robot.a(CyLib.o)
 .debug_aranges
                0x000005e0       0x98 .\CortexM3\ARM_GCC_541\Debug\Group17Robot.a(cyPm.o)
 .debug_aranges
                0x00000678       0xf0 .\CortexM3\ARM_GCC_541\Debug\Group17Robot.a(UART_1.o)
 .debug_aranges
                0x00000768       0x70 .\CortexM3\ARM_GCC_541\Debug\Group17Robot.a(UART_1_IntClock.o)
 .debug_aranges
                0x000007d8       0xe8 .\CortexM3\ARM_GCC_541\Debug\Group17Robot.a(ADC.o)
 .debug_aranges
                0x000008c0       0x38 .\CortexM3\ARM_GCC_541\Debug\Group17Robot.a(ADC_INT.o)
 .debug_aranges
                0x000008f8       0x70 .\CortexM3\ARM_GCC_541\Debug\Group17Robot.a(ADC_Ext_CP_Clk.o)
 .debug_aranges
                0x00000968       0x80 .\CortexM3\ARM_GCC_541\Debug\Group17Robot.a(ADC_theACLK.o)
 .debug_aranges
                0x000009e8       0x60 .\CortexM3\ARM_GCC_541\Debug\Group17Robot.a(IDAC8_1.o)
 .debug_aranges
                0x00000a48       0x38 .\CortexM3\ARM_GCC_541\Debug\Group17Robot.a(LED_Blue.o)
 .debug_aranges
                0x00000a80       0x38 .\CortexM3\ARM_GCC_541\Debug\Group17Robot.a(LED_Red.o)
 .debug_aranges
                0x00000ab8       0x38 .\CortexM3\ARM_GCC_541\Debug\Group17Robot.a(LED_Green.o)
 .debug_aranges
                0x00000af0       0x38 .\CortexM3\ARM_GCC_541\Debug\Group17Robot.a(RGB_Green.o)
 .debug_aranges
                0x00000b28       0x38 .\CortexM3\ARM_GCC_541\Debug\Group17Robot.a(RGB_Red.o)
 .debug_aranges
                0x00000b60       0x38 .\CortexM3\ARM_GCC_541\Debug\Group17Robot.a(RGB_Blue.o)
 .debug_aranges
                0x00000b98       0x98 .\CortexM3\ARM_GCC_541\Debug\Group17Robot.a(Timer_1.o)
 .debug_aranges
                0x00000c30       0x38 .\CortexM3\ARM_GCC_541\Debug\Group17Robot.a(Trigger_1.o)
 .debug_aranges
                0x00000c68       0x38 .\CortexM3\ARM_GCC_541\Debug\Group17Robot.a(Trigger_2.o)
 .debug_aranges
                0x00000ca0       0x38 .\CortexM3\ARM_GCC_541\Debug\Group17Robot.a(Trigger_3.o)
 .debug_aranges
                0x00000cd8       0x38 .\CortexM3\ARM_GCC_541\Debug\Group17Robot.a(Trigger_4.o)
 .debug_aranges
                0x00000d10       0x38 .\CortexM3\ARM_GCC_541\Debug\Group17Robot.a(Trigger_5.o)
 .debug_aranges
                0x00000d48       0x28 .\CortexM3\ARM_GCC_541\Debug\Group17Robot.a(Ultrasonic_Mux_Control.o)
 .debug_aranges
                0x00000d70       0xa8 .\CortexM3\ARM_GCC_541\Debug\Group17Robot.a(Motor_2_driver.o)
 .debug_aranges
                0x00000e18       0xa8 .\CortexM3\ARM_GCC_541\Debug\Group17Robot.a(Motor_1_driver.o)
 .debug_aranges
                0x00000ec0       0x98 .\CortexM3\ARM_GCC_541\Debug\Group17Robot.a(Motor_2_Encoder_Counts.o)
 .debug_aranges
                0x00000f58       0x98 .\CortexM3\ARM_GCC_541\Debug\Group17Robot.a(Motor_1_Encoder_Counts.o)
 .debug_aranges
                0x00000ff0       0x78 .\CortexM3\ARM_GCC_541\Debug\Group17Robot.a(Gripper_Servo_PWM.o)
 .debug_aranges
                0x00001068       0x78 .\CortexM3\ARM_GCC_541\Debug\Group17Robot.a(Rack_Servo_PWM.o)
 .debug_aranges
                0x000010e0       0x98 .\CortexM3\ARM_GCC_541\Debug\Group17Robot.a(PWM_colour.o)
 .debug_aranges
                0x00001178       0x38 .\CortexM3\ARM_GCC_541\Debug\Group17Robot.a(PWM_colour_PM.o)
 .debug_aranges
                0x000011b0       0x28 .\CortexM3\ARM_GCC_541\Debug\Group17Robot.a(control_led.o)
 .debug_aranges
                0x000011d8       0x28 .\CortexM3\ARM_GCC_541\Debug\Group17Robot.a(control_photodiode.o)
 .debug_aranges
                0x00001200       0x80 .\CortexM3\ARM_GCC_541\Debug\Group17Robot.a(Start.o)
 .debug_aranges
                0x00001280       0x80 .\CortexM3\ARM_GCC_541\Debug\Group17Robot.a(Sonic.o)
 .debug_aranges
                0x00001300       0x38 .\CortexM3\ARM_GCC_541\Debug\Group17Robot.a(Gripper_Servo_Disable.o)
 .debug_aranges
                0x00001338       0x80 .\CortexM3\ARM_GCC_541\Debug\Group17Robot.a(Encoder_Counts_1_Interrupt.o)
 .debug_aranges
                0x000013b8       0x80 .\CortexM3\ARM_GCC_541\Debug\Group17Robot.a(Encoder_Counts_2_Interrupt.o)
 .debug_aranges
                0x00001438       0x88 .\CortexM3\ARM_GCC_541\Debug\Group17Robot.a(Drift_Check_Timer.o)
 .debug_aranges
                0x000014c0       0x80 .\CortexM3\ARM_GCC_541\Debug\Group17Robot.a(Drift_Check_Interrupt.o)
 .debug_aranges
                0x00001540       0x20 .\CortexM3\ARM_GCC_541\Debug\Group17Robot.a(CyBootAsmGnu.o)
 .debug_aranges
                0x00001560       0x88 .\CortexM3\ARM_GCC_541\Debug\Group17Robot.a(CyFlash.o)
 .debug_aranges
                0x000015e8       0x80 .\CortexM3\ARM_GCC_541\Debug\Group17Robot.a(CySpc.o)

.debug_pubnames
 *(.debug_pubnames)

.debug_info     0x00000000     0xc43b