Archive member included to satisfy reference by file (symbol)

.\CortexM3\ARM_GCC_541\Debug\Group17Robot.a(TIA_1.o)
                              .\CortexM3\ARM_GCC_541\Debug\main.o (TIA_1_Start)
.\CortexM3\ARM_GCC_541\Debug\Group17Robot.a(CyLib.o)
                              .\CortexM3\ARM_GCC_541\Debug\Cm3Start.o (CyHalt)
.\CortexM3\ARM_GCC_541\Debug\Group17Robot.a(cyPm.o)
                              .\CortexM3\ARM_GCC_541\Debug\Group17Robot.a(CyLib.o) (CyPmReadStatus)
.\CortexM3\ARM_GCC_541\Debug\Group17Robot.a(UART_1.o)
                              .\CortexM3\ARM_GCC_541\Debug\main.o (UART_1_Start)
.\CortexM3\ARM_GCC_541\Debug\Group17Robot.a(UART_1_IntClock.o)
                              .\CortexM3\ARM_GCC_541\Debug\Group17Robot.a(UART_1.o) (UART_1_IntClock_Start)
.\CortexM3\ARM_GCC_541\Debug\Group17Robot.a(ADC.o)
                              .\CortexM3\ARM_GCC_541\Debug\main.o (ADC_Start)
.\CortexM3\ARM_GCC_541\Debug\Group17Robot.a(ADC_INT.o)
                              .\CortexM3\ARM_GCC_541\Debug\Group17Robot.a(ADC.o) (ADC_ISR1)
.\CortexM3\ARM_GCC_541\Debug\Group17Robot.a(ADC_Ext_CP_Clk.o)
                              .\CortexM3\ARM_GCC_541\Debug\Group17Robot.a(ADC.o) (ADC_Ext_CP_Clk_SetModeRegister)
.\CortexM3\ARM_GCC_541\Debug\Group17Robot.a(ADC_theACLK.o)
                              .\CortexM3\ARM_GCC_541\Debug\Group17Robot.a(ADC.o) (ADC_theACLK_SetModeRegister)
.\CortexM3\ARM_GCC_541\Debug\Group17Robot.a(IDAC8_1.o)
                              .\CortexM3\ARM_GCC_541\Debug\main.o (IDAC8_1_SetValue)
.\CortexM3\ARM_GCC_541\Debug\Group17Robot.a(Timer_1.o)
                              .\CortexM3\ARM_GCC_541\Debug\ultrasonic.o (Timer_1_Stop)
.\CortexM3\ARM_GCC_541\Debug\Group17Robot.a(Trigger_1.o)
                              .\CortexM3\ARM_GCC_541\Debug\ultrasonic.o (Trigger_1_Write)
.\CortexM3\ARM_GCC_541\Debug\Group17Robot.a(Trigger_2.o)
                              .\CortexM3\ARM_GCC_541\Debug\ultrasonic.o (Trigger_2_Write)
.\CortexM3\ARM_GCC_541\Debug\Group17Robot.a(Trigger_3.o)
                              .\CortexM3\ARM_GCC_541\Debug\ultrasonic.o (Trigger_3_Write)
.\CortexM3\ARM_GCC_541\Debug\Group17Robot.a(Trigger_4.o)
                              .\CortexM3\ARM_GCC_541\Debug\ultrasonic.o (Trigger_4_Write)
.\CortexM3\ARM_GCC_541\Debug\Group17Robot.a(Trigger_5.o)
                              .\CortexM3\ARM_GCC_541\Debug\ultrasonic.o (Trigger_5_Write)
.\CortexM3\ARM_GCC_541\Debug\Group17Robot.a(Ultrasonic_Mux_Control.o)
                              .\CortexM3\ARM_GCC_541\Debug\ultrasonic.o (Ultrasonic_Mux_Control_Write)
.\CortexM3\ARM_GCC_541\Debug\Group17Robot.a(Gripper_Servo_PWM.o)
                              .\CortexM3\ARM_GCC_541\Debug\main.o (Gripper_Servo_PWM_WriteCompare)
.\CortexM3\ARM_GCC_541\Debug\Group17Robot.a(Gripper_Servo_PWM_PM.o)
                              .\CortexM3\ARM_GCC_541\Debug\main.o (Gripper_Servo_PWM_Sleep)
.\CortexM3\ARM_GCC_541\Debug\Group17Robot.a(Rack_Servo_PWM.o)
                              .\CortexM3\ARM_GCC_541\Debug\main.o (Rack_Servo_PWM_WriteCompare)
.\CortexM3\ARM_GCC_541\Debug\Group17Robot.a(Rack_Servo_PWM_PM.o)
                              .\CortexM3\ARM_GCC_541\Debug\main.o (Rack_Servo_PWM_Sleep)
.\CortexM3\ARM_GCC_541\Debug\Group17Robot.a(control_led.o)
                              .\CortexM3\ARM_GCC_541\Debug\main.o (control_led_Write)
.\CortexM3\ARM_GCC_541\Debug\Group17Robot.a(control_photodiode.o)
                              .\CortexM3\ARM_GCC_541\Debug\main.o (control_photodiode_Write)
.\CortexM3\ARM_GCC_541\Debug\Group17Robot.a(Start.o)
                              .\CortexM3\ARM_GCC_541\Debug\main.o (Start_StartEx)
.\CortexM3\ARM_GCC_541\Debug\Group17Robot.a(Sonic.o)
                              .\CortexM3\ARM_GCC_541\Debug\main.o (Sonic_StartEx)
.\CortexM3\ARM_GCC_541\Debug\Group17Robot.a(Motor_Left_Decoder.o)
                              .\CortexM3\ARM_GCC_541\Debug\main.o (Motor_Left_Decoder_GetCounter)
.\CortexM3\ARM_GCC_541\Debug\Group17Robot.a(Motor_Right_Decoder.o)
                              .\CortexM3\ARM_GCC_541\Debug\main.o (Motor_Right_Decoder_GetCounter)
.\CortexM3\ARM_GCC_541\Debug\Group17Robot.a(Motor_Left_Driver.o)
                              .\CortexM3\ARM_GCC_541\Debug\main.o (Motor_Left_Driver_WriteCompare)
.\CortexM3\ARM_GCC_541\Debug\Group17Robot.a(Motor_Left_Driver_PM.o)
                              .\CortexM3\ARM_GCC_541\Debug\main.o (Motor_Left_Driver_Sleep)
.\CortexM3\ARM_GCC_541\Debug\Group17Robot.a(Motor_Right_Driver.o)
                              .\CortexM3\ARM_GCC_541\Debug\main.o (Motor_Right_Driver_WriteCompare)
.\CortexM3\ARM_GCC_541\Debug\Group17Robot.a(Motor_Right_Driver_PM.o)
                              .\CortexM3\ARM_GCC_541\Debug\main.o (Motor_Right_Driver_Sleep)
.\CortexM3\ARM_GCC_541\Debug\Group17Robot.a(Motor_Left_Control.o)
                              .\CortexM3\ARM_GCC_541\Debug\main.o (Motor_Left_Control_Write)
[...]
Memory Configuration

Name             Origin             Length             Attributes
rom              0x00000000         0x00040000         xr
ram              0x1fff8000         0x00010000         xrw
*default*        0x00000000         0xffffffff

Linker script and memory map

LOAD c:/program files (x86)/cypress/psoc creator/4.2/psoc creator/import/gnu/arm/5.4.1/bin/../lib/gcc/arm-none-eabi/5.4.1/armv7-m/crti.o
LOAD c:/program files (x86)/cypress/psoc creator/4.2/psoc creator/import/gnu/arm/5.4.1/bin/../lib/gcc/arm-none-eabi/5.4.1/armv7-m/crtbegin.o
LOAD c:/program files (x86)/cypress/psoc creator/4.2/psoc creator/import/gnu/arm/5.4.1/bin/../lib/gcc/arm-none-eabi/5.4.1/../../../../arm-none-eabi/lib/armv7-m/crt0.o
START GROUP
LOAD .\CortexM3\ARM_GCC_541\Debug\main.o
LOAD .\CortexM3\ARM_GCC_541\Debug\colour.o
LOAD .\CortexM3\ARM_GCC_541\Debug\ultrasonic.o
LOAD .\CortexM3\ARM_GCC_541\Debug\servo.o
LOAD .\CortexM3\ARM_GCC_541\Debug\customMath.o
LOAD .\CortexM3\ARM_GCC_541\Debug\mishamotor.o
LOAD .\CortexM3\ARM_GCC_541\Debug\cyfitter_cfg.o
LOAD .\CortexM3\ARM_GCC_541\Debug\cymetadata.o
LOAD .\CortexM3\ARM_GCC_541\Debug\Cm3Start.o
LOAD .\CortexM3\ARM_GCC_541\Debug\Group17Robot.a
LOAD C:\Program Files (x86)\Cypress\PSoC Creator\4.2\PSoC Creator\psoc\content\cycomponentlibrary\CyComponentLibrary.cylib\CortexM3\ARM_GCC_541\Debug\CyComponentLibrary.a
LOAD c:/program files (x86)/cypress/psoc creator/4.2/psoc creator/import/gnu/arm/5.4.1/bin/../lib/gcc/arm-none-eabi/5.4.1/../../../../arm-none-eabi/lib/armv7-m\libm.a
END GROUP
START GROUP
LOAD c:/program files (x86)/cypress/psoc creator/4.2/psoc creator/import/gnu/arm/5.4.1/bin/../lib/gcc/arm-none-eabi/5.4.1/armv7-m\libgcc.a
LOAD c:/program files (x86)/cypress/psoc creator/4.2/psoc creator/import/gnu/arm/5.4.1/bin/../lib/gcc/arm-none-eabi/5.4.1/../../../../arm-none-eabi/lib/armv7-m\libg_nano.a
LOAD c:/program files (x86)/cypress/psoc creator/4.2/psoc creator/import/gnu/arm/5.4.1/bin/../lib/gcc/arm-none-eabi/5.4.1/../../../../arm-none-eabi/lib/armv7-m\libc_nano.a
END GROUP
START GROUP
LOAD c:/program files (x86)/cypress/psoc creator/4.2/psoc creator/import/gnu/arm/5.4.1/bin/../lib/gcc/arm-none-eabi/5.4.1/armv7-m\libgcc.a
LOAD c:/program files (x86)/cypress/psoc creator/4.2/psoc creator/import/gnu/arm/5.4.1/bin/../lib/gcc/arm-none-eabi/5.4.1/../../../../arm-none-eabi/lib/armv7-m\libc_nano.a
END GROUP
LOAD c:/program files (x86)/cypress/psoc creator/4.2/psoc creator/import/gnu/arm/5.4.1/bin/../lib/gcc/arm-none-eabi/5.4.1/armv7-m/crtend.o
LOAD c:/program files (x86)/cypress/psoc creator/4.2/psoc creator/import/gnu/arm/5.4.1/bin/../lib/gcc/arm-none-eabi/5.4.1/armv7-m/crtn.o
START GROUP
LOAD c:/program files (x86)/cypress/psoc creator/4.2/psoc creator/import/gnu/arm/5.4.1/bin/../lib/gcc/arm-none-eabi/5.4.1/armv7-m\libgcc.a
LOAD c:/program files (x86)/cypress/psoc creator/4.2/psoc creator/import/gnu/arm/5.4.1/bin/../lib/gcc/arm-none-eabi/5.4.1/../../../../arm-none-eabi/lib/armv7-m\libc.a
LOAD c:/program files (x86)/cypress/psoc creator/4.2/psoc creator/import/gnu/arm/5.4.1/bin/../lib/gcc/arm-none-eabi/5.4.1/../../../../arm-none-eabi/lib/armv7-m\libnosys.a
END GROUP
                0x00000000                CY_APPL_ORIGIN = 0x0
                0x00000100                CY_FLASH_ROW_SIZE = 0x100
                0x00000020                CY_ECC_ROW_SIZE = 0x20
                0x00000000                CY_EE_IN_BTLDR = 0x0
                0x00000000                CY_APPL_LOADABLE = 0x0
                0x00000800                CY_EE_SIZE = 0x800
                0x00000001                CY_APPL_NUM = 0x1
                0x00000001                CY_APPL_MAX = 0x1
                0x00000040                CY_METADATA_SIZE = 0x40
                0x00000000                CY_APPL_LOADABLE = 0x0
                0x00000000                CY_CHECKSUM_EXCLUDE_SIZE = ALIGN (0x0, CY_FLASH_ROW_SIZE)
                [!provide]                PROVIDE (__cy_heap_start, _end)
                0x00000001                PROVIDE (__cy_region_num, ((__cy_regions_end - __cy_regions) / 0x10))
                0x20008000                PROVIDE (__cy_stack, (ORIGIN (ram) + LENGTH (ram)))
                [!provide]                PROVIDE (__cy_heap_end, (__cy_stack - 0x800))

.cybootloader   0x00000000        0x0
 *(.cybootloader)
                0x00000000                appl1_start = CY_APPL_ORIGIN?CY_APPL_ORIGIN:ALIGN (CY_FLASH_ROW_SIZE)
                0x0001ff00                appl2_start = (appl1_start + ALIGN ((((LENGTH (rom) - appl1_start) - (0x2 * CY_FLASH_ROW_SIZE)) / 0x2), CY_FLASH_ROW_SIZE))
                0x00000000                appl_start = (CY_APPL_NUM == 0x1)?appl1_start:appl2_start
                0x00000000                ecc_offset = ((appl_start / CY_FLASH_ROW_SIZE) * CY_ECC_ROW_SIZE)
                0x00000000                ee_offset = (CY_APPL_LOADABLE && ! (CY_EE_IN_BTLDR))?((CY_EE_SIZE / CY_APPL_MAX) * (CY_APPL_NUM - 0x1)):0x0
                0x00000800                ee_size = (CY_APPL_LOADABLE && ! (CY_EE_IN_BTLDR))?(CY_EE_SIZE / CY_APPL_MAX):CY_EE_SIZE
                [!provide]                PROVIDE (CY_ECC_OFFSET, ecc_offset)

.text           0x00000000     0x55dc
 CREATE_OBJECT_SYMBOLS
                0x00000000                PROVIDE (__cy_interrupt_vector, RomVectors)
 *(.romvectors)
 .romvectors    0x00000000       0x10 .\CortexM3\ARM_GCC_541\Debug\Cm3Start.o
                0x00000000                RomVectors
                0x00000001                ASSERT ((. != __cy_interrupt_vector), No interrupt vector)
                0x00000001                ASSERT (CY_APPL_ORIGIN?(SIZEOF (.cybootloader) <= CY_APPL_ORIGIN):0x1, Wrong image location)
                0x00000010                PROVIDE (__cy_reset, Reset)
 *(.text.Reset)
 .text.Reset    0x00000010       0x18 .\CortexM3\ARM_GCC_541\Debug\Cm3Start.o
                0x00000010                Reset
                0x00000001                ASSERT ((. != __cy_reset), No reset code)
 *(.dma_init)
                0x00000001                ASSERT ((((appl_start + .) <= 0x10000) || 0x1), DMA Init must be within the first 64k of flash)
 *(.text .text.* .gnu.linkonce.t.*)
 .text          0x00000028       0x5c c:/program files (x86)/cypress/psoc creator/4.2/psoc creator/import/gnu/arm/5.4.1/bin/../lib/gcc/arm-none-eabi/5.4.1/armv7-m/crtbegin.o
 .text.TIH      0x00000084        0x8 .\CortexM3\ARM_GCC_541\Debug\main.o
                0x00000084                TIH
 .text.StartIH  0x0000008c       0x20 .\CortexM3\ARM_GCC_541\Debug\main.o
                0x0000008c                StartIH
 .text.moveUntilPuck
                0x000000ac       0x60 .\CortexM3\ARM_GCC_541\Debug\main.o
                0x000000ac                moveUntilPuck
 .text.straightAdjust
                0x0000010c      0x1d0 .\CortexM3\ARM_GCC_541\Debug\main.o
                0x0000010c                straightAdjust
 .text.moveUntil
                0x000002dc      0x124 .\CortexM3\ARM_GCC_541\Debug\main.o
                0x000002dc                moveUntil
 .text.main     0x00000400      0x2d0 .\CortexM3\ARM_GCC_541\Debug\main.o
                0x00000400                main
 .text.colourSensingInitialise
                0x000006d0       0x68 .\CortexM3\ARM_GCC_541\Debug\colour.o
                0x000006d0                colourSensingInitialise
 .text.colourSensingOutput
                0x00000738      0x200 .\CortexM3\ARM_GCC_541\Debug\colour.o
                0x00000738                colourSensingOutput
 .text.ultrasonicInterruptHandler
                0x00000938       0x48 .\CortexM3\ARM_GCC_541\Debug\ultrasonic.o
                0x00000938                ultrasonicInterruptHandler
 .text.distanceSensor
                0x00000980       0x94 .\CortexM3\ARM_GCC_541\Debug\ultrasonic.o
                0x00000980                distanceSensor
 .text.armClose
                0x00000a14       0x1c .\CortexM3\ARM_GCC_541\Debug\servo.o
                0x00000a14                armClose
 .text.armTranslate
                0x00000a30       0x54 .\CortexM3\ARM_GCC_541\Debug\servo.o
                0x00000a30                armTranslate
 .text.changeHeightToPuck
                0x00000a84       0x40 .\CortexM3\ARM_GCC_541\Debug\servo.o
                0x00000a84                changeHeightToPuck
 *fill*         0x00000ac4        0x4 
 .text.mishaMoveDynamic
                0x00000ac8       0xc4 .\CortexM3\ARM_GCC_541\Debug\mishamotor.o
                0x00000ac8                mishaMoveDynamic
 *fill*         0x00000b8c        0x4 
 .text.mishaSwivel
                0x00000b90       0xac .\CortexM3\ARM_GCC_541\Debug\mishamotor.o
                0x00000b90                mishaSwivel
 .text.CyClockStartupError
                0x00000c3c        0x4 .\CortexM3\ARM_GCC_541\Debug\cyfitter_cfg.o
 .text.cfg_write_bytes32
                0x00000c40       0x34 .\CortexM3\ARM_GCC_541\Debug\cyfitter_cfg.o
 .text.AnalogSetDefault
                0x00000c74       0x84 .\CortexM3\ARM_GCC_541\Debug\cyfitter_cfg.o
 .text.CYMEMZERO
                0x00000cf8        0xc .\CortexM3\ARM_GCC_541\Debug\cyfitter_cfg.o
 .text.CYCONFIGCPY
                0x00000d04        0x8 .\CortexM3\ARM_GCC_541\Debug\cyfitter_cfg.o
 .text.ClockSetup
                0x00000d0c      0x114 .\CortexM3\ARM_GCC_541\Debug\cyfitter_cfg.o
 .text.cyfitter_cfg
                0x00000e20      0x178 .\CortexM3\ARM_GCC_541\Debug\cyfitter_cfg.o
                0x00000e20                cyfitter_cfg
 .text.IntDefaultHandler
                0x00000f98       0x10 .\CortexM3\ARM_GCC_541\Debug\Cm3Start.o
                0x00000f98                IntDefaultHandler
 .text._sbrk    0x00000fa8       0x30 .\CortexM3\ARM_GCC_541\Debug\Cm3Start.o
                0x00000fa8                _sbrk
 .text.Start_c  0x00000fd8       0x4c .\CortexM3\ARM_GCC_541\Debug\Cm3Start.o
                0x00000fd8                Start_c
 .text.initialize_psoc
                0x00001024       0x68 .\CortexM3\ARM_GCC_541\Debug\Cm3Start.o
                0x00001024                initialize_psoc
 .text.TIA_1_Enable
                0x0000108c       0x28 .\CortexM3\ARM_GCC_541\Debug\Group17Robot.a(TIA_1.o)
                0x0000108c                TIA_1_Enable
 .text.TIA_1_SetPower
                0x000010b4       0x18 .\CortexM3\ARM_GCC_541\Debug\Group17Robot.a(TIA_1.o)
                0x000010b4                TIA_1_SetPower
 .text.TIA_1_SetResFB
                0x000010cc       0x20 .\CortexM3\ARM_GCC_541\Debug\Group17Robot.a(TIA_1.o)
                0x000010cc                TIA_1_SetResFB
 .text.TIA_1_SetCapFB
                0x000010ec       0x20 .\CortexM3\ARM_GCC_541\Debug\Group17Robot.a(TIA_1.o)
                0x000010ec                TIA_1_SetCapFB
 .text.TIA_1_Init
                0x0000110c       0x2c .\CortexM3\ARM_GCC_541\Debug\Group17Robot.a(TIA_1.o)
                0x0000110c                TIA_1_Init
 .text.TIA_1_Start
                0x00001138       0x1c .\CortexM3\ARM_GCC_541\Debug\Group17Robot.a(TIA_1.o)
                0x00001138                TIA_1_Start
 .text.CyHalt   0x00001154        0x4 .\CortexM3\ARM_GCC_541\Debug\Group17Robot.a(CyLib.o)
                0x00001154                CyHalt
 .text.CyDelay  0x00001158       0x2c .\CortexM3\ARM_GCC_541\Debug\Group17Robot.a(CyLib.o)
                0x00001158                CyDelay
 .text.CyDelayUs
                0x00001184       0x14 .\CortexM3\ARM_GCC_541\Debug\Group17Robot.a(CyLib.o)
                0x00001184                CyDelayUs
 .text.CyIntSetVector
                0x00001198       0x28 .\CortexM3\ARM_GCC_541\Debug\Group17Robot.a(CyLib.o)
                0x00001198                CyIntSetVector
 .text.CyIntSetPriority
                0x000011c0       0x30 .\CortexM3\ARM_GCC_541\Debug\Group17Robot.a(CyLib.o)
                0x000011c0                CyIntSetPriority
 .text.UART_1_Init
                0x000011f0       0x24 .\CortexM3\ARM_GCC_541\Debug\Group17Robot.a(UART_1.o)
                0x000011f0                UART_1_Init
 .text.UART_1_Enable
                0x00001214       0x38 .\CortexM3\ARM_GCC_541\Debug\Group17Robot.a(UART_1.o)
                0x00001214                UART_1_Enable
 .text.UART_1_Start
                0x0000124c       0x1c .\CortexM3\ARM_GCC_541\Debug\Group17Robot.a(UART_1.o)
                0x0000124c                UART_1_Start
 .text.UART_1_PutChar
                0x00001268       0x18 .\CortexM3\ARM_GCC_541\Debug\Group17Robot.a(UART_1.o)
                0x00001268                UART_1_PutChar
 .text.UART_1_PutString
                0x00001280       0x24 .\CortexM3\ARM_GCC_541\Debug\Group17Robot.a(UART_1.o)
                0x00001280                UART_1_PutString
 .text.UART_1_IntClock_Start
                0x000012a4       0x1c .\CortexM3\ARM_GCC_541\Debug\Group17Robot.a(UART_1_IntClock.o)
                0x000012a4                UART_1_IntClock_Start
 .text.ADC_GainCompensation
                0x000012c0       0xe0 .\CortexM3\ARM_GCC_541\Debug\Group17Robot.a(ADC.o)
 .text.ADC_SetDSMRef0Reg
                0x000013a0       0x4c .\CortexM3\ARM_GCC_541\Debug\Group17Robot.a(ADC.o)
 .text.ADC_InitConfig
                0x000013ec      0x314 .\CortexM3\ARM_GCC_541\Debug\Group17Robot.a(ADC.o)
 .text.ADC_Init
                0x00001700      0x108 .\CortexM3\ARM_GCC_541\Debug\Group17Robot.a(ADC.o)
                0x00001700                ADC_Init
 .text.ADC_Enable
                0x00001808       0xd8 .\CortexM3\ARM_GCC_541\Debug\Group17Robot.a(ADC.o)
                0x00001808                ADC_Enable
 .text.ADC_Start
                0x000018e0       0x28 .\CortexM3\ARM_GCC_541\Debug\Group17Robot.a(ADC.o)
                0x000018e0                ADC_Start
 .text.ADC_StartConvert
                0x00001908       0x10 .\CortexM3\ARM_GCC_541\Debug\Group17Robot.a(ADC.o)
                0x00001908                ADC_StartConvert
 .text.ADC_StopConvert
                0x00001918       0x10 .\CortexM3\ARM_GCC_541\Debug\Group17Robot.a(ADC.o)
                0x00001918                ADC_StopConvert
 .text.ADC_IsEndConversion
                0x00001928       0x30 .\CortexM3\ARM_GCC_541\Debug\Group17Robot.a(ADC.o)
                0x00001928                ADC_IsEndConversion
 .text.ADC_GetResult32
                0x00001958       0x6c .\CortexM3\ARM_GCC_541\Debug\Group17Robot.a(ADC.o)
                0x00001958                ADC_GetResult32
 .text.ADC_Read32
                0x000019c4       0x28 .\CortexM3\ARM_GCC_541\Debug\Group17Robot.a(ADC.o)
                0x000019c4                ADC_Read32
 .text.ADC_ISR1
                0x000019ec        0x4 .\CortexM3\ARM_GCC_541\Debug\Group17Robot.a(ADC_INT.o)
                0x000019ec                ADC_ISR1
 .text.ADC_ISR2
                0x000019f0        0x4 .\CortexM3\ARM_GCC_541\Debug\Group17Robot.a(ADC_INT.o)
                0x000019f0                ADC_ISR2
 .text.ADC_ISR3
                0x000019f4        0x4 .\CortexM3\ARM_GCC_541\Debug\Group17Robot.a(ADC_INT.o)
                0x000019f4                ADC_ISR3
 .text.ADC_ISR4
                0x000019f8        0x4 .\CortexM3\ARM_GCC_541\Debug\Group17Robot.a(ADC_INT.o)
                0x000019f8                ADC_ISR4
 .text.ADC_Ext_CP_Clk_GetDividerRegister
                0x000019fc        0xc .\CortexM3\ARM_GCC_541\Debug\Group17Robot.a(ADC_Ext_CP_Clk.o)
                0x000019fc                ADC_Ext_CP_Clk_GetDividerRegister
 .text.ADC_Ext_CP_Clk_SetModeRegister
                0x00001a08       0x14 .\CortexM3\ARM_GCC_541\Debug\Group17Robot.a(ADC_Ext_CP_Clk.o)
                0x00001a08                ADC_Ext_CP_Clk_SetModeRegister
 .text.ADC_Ext_CP_Clk_GetSourceRegister
                0x00001a1c       0x10 .\CortexM3\ARM_GCC_541\Debug\Group17Robot.a(ADC_Ext_CP_Clk.o)
                0x00001a1c                ADC_Ext_CP_Clk_GetSourceRegister
 .text.ADC_Ext_CP_Clk_SetDividerRegister
                0x00001a2c       0xd8 .\CortexM3\ARM_GCC_541\Debug\Group17Robot.a(ADC_Ext_CP_Clk.o)
                0x00001a2c                ADC_Ext_CP_Clk_SetDividerRegister
 .text.ADC_theACLK_GetDividerRegister
                0x00001b04        0xc .\CortexM3\ARM_GCC_541\Debug\Group17Robot.a(ADC_theACLK.o)
                0x00001b04                ADC_theACLK_GetDividerRegister
 .text.ADC_theACLK_SetModeRegister
                0x00001b10       0x14 .\CortexM3\ARM_GCC_541\Debug\Group17Robot.a(ADC_theACLK.o)
                0x00001b10                ADC_theACLK_SetModeRegister
 .text.ADC_theACLK_GetSourceRegister
                0x00001b24       0x10 .\CortexM3\ARM_GCC_541\Debug\Group17Robot.a(ADC_theACLK.o)
                0x00001b24                ADC_theACLK_GetSourceRegister
 .text.ADC_theACLK_SetDividerRegister
                0x00001b34       0xd8 .\CortexM3\ARM_GCC_541\Debug\Group17Robot.a(ADC_theACLK.o)
                0x00001b34                ADC_theACLK_SetDividerRegister
 .text.IDAC8_1_Enable
                0x00001c0c       0x1c .\CortexM3\ARM_GCC_541\Debug\Group17Robot.a(IDAC8_1.o)
                0x00001c0c                IDAC8_1_Enable
 .text.IDAC8_1_SetSpeed
                0x00001c28       0x1c .\CortexM3\ARM_GCC_541\Debug\Group17Robot.a(IDAC8_1.o)
                0x00001c28                IDAC8_1_SetSpeed
 .text.IDAC8_1_SetValue
                0x00001c44        0xc .\CortexM3\ARM_GCC_541\Debug\Group17Robot.a(IDAC8_1.o)
                0x00001c44                IDAC8_1_SetValue
 .text.IDAC8_1_DacTrim
                0x00001c50       0x34 .\CortexM3\ARM_GCC_541\Debug\Group17Robot.a(IDAC8_1.o)
                0x00001c50                IDAC8_1_DacTrim
 .text.IDAC8_1_Init
                0x00001c84       0x24 .\CortexM3\ARM_GCC_541\Debug\Group17Robot.a(IDAC8_1.o)
                0x00001c84                IDAC8_1_Init
 .text.IDAC8_1_Start
                0x00001ca8       0x24 .\CortexM3\ARM_GCC_541\Debug\Group17Robot.a(IDAC8_1.o)
                0x00001ca8                IDAC8_1_Start
 .text.IDAC8_1_SetRange
                0x00001ccc       0x20 .\CortexM3\ARM_GCC_541\Debug\Group17Robot.a(IDAC8_1.o)
                0x00001ccc                IDAC8_1_SetRange
 .text.Timer_1_Enable
                0x00001cec       0x10 .\CortexM3\ARM_GCC_541\Debug\Group17Robot.a(Timer_1.o)
                0x00001cec                Timer_1_Enable
 .text.Timer_1_Stop
                0x00001cfc       0x10 .\CortexM3\ARM_GCC_541\Debug\Group17Robot.a(Timer_1.o)
                0x00001cfc                Timer_1_Stop
 .text.Timer_1_SetInterruptMode
                0x00001d0c        0xc .\CortexM3\ARM_GCC_541\Debug\Group17Robot.a(Timer_1.o)
                0x00001d0c                Timer_1_SetInterruptMode
 .text.Timer_1_ReadStatusRegister
                0x00001d18        0xc .\CortexM3\ARM_GCC_541\Debug\Group17Robot.a(Timer_1.o)
                0x00001d18                Timer_1_ReadStatusRegister
 .text.Timer_1_WritePeriod
                0x00001d24        0xc .\CortexM3\ARM_GCC_541\Debug\Group17Robot.a(Timer_1.o)
                0x00001d24                Timer_1_WritePeriod
 .text.Timer_1_ReadCapture
                0x00001d30        0xc .\CortexM3\ARM_GCC_541\Debug\Group17Robot.a(Timer_1.o)
                0x00001d30                Timer_1_ReadCapture
 .text.Timer_1_WriteCounter
                0x00001d3c        0xc .\CortexM3\ARM_GCC_541\Debug\Group17Robot.a(Timer_1.o)
                0x00001d3c                Timer_1_WriteCounter
 .text.Timer_1_ReadCounter
                0x00001d48       0x14 .\CortexM3\ARM_GCC_541\Debug\Group17Robot.a(Timer_1.o)
                0x00001d48                Timer_1_ReadCounter
 .text.Timer_1_SetInterruptCount
                0x00001d5c       0x1c .\CortexM3\ARM_GCC_541\Debug\Group17Robot.a(Timer_1.o)
                0x00001d5c                Timer_1_SetInterruptCount
 .text.Timer_1_ClearFIFO
                0x00001d78       0x14 .\CortexM3\ARM_GCC_541\Debug\Group17Robot.a(Timer_1.o)
                0x00001d78                Timer_1_ClearFIFO
 .text.Timer_1_Init
                0x00001d8c       0x3c .\CortexM3\ARM_GCC_541\Debug\Group17Robot.a(Timer_1.o)
                0x00001d8c                Timer_1_Init
 .text.Timer_1_Start
                0x00001dc8       0x1c .\CortexM3\ARM_GCC_541\Debug\Group17Robot.a(Timer_1.o)
                0x00001dc8                Timer_1_Start
 .text.Trigger_1_Write
                0x00001de4       0x18 .\CortexM3\ARM_GCC_541\Debug\Group17Robot.a(Trigger_1.o)
                0x00001de4                Trigger_1_Write
 .text.Trigger_2_Write
                0x00001dfc       0x18 .\CortexM3\ARM_GCC_541\Debug\Group17Robot.a(Trigger_2.o)
                0x00001dfc                Trigger_2_Write
 .text.Trigger_3_Write
                0x00001e14       0x18 .\CortexM3\ARM_GCC_541\Debug\Group17Robot.a(Trigger_3.o)
                0x00001e14                Trigger_3_Write
 .text.Trigger_4_Write
                0x00001e2c       0x18 .\CortexM3\ARM_GCC_541\Debug\Group17Robot.a(Trigger_4.o)
                0x00001e2c                Trigger_4_Write
 .text.Trigger_5_Write
                0x00001e44       0x18 .\CortexM3\ARM_GCC_541\Debug\Group17Robot.a(Trigger_5.o)
                0x00001e44                Trigger_5_Write
 .text.Ultrasonic_Mux_Control_Write
                0x00001e5c        0xc .\CortexM3\ARM_GCC_541\Debug\Group17Robot.a(Ultrasonic_Mux_Control.o)
                0x00001e5c                Ultrasonic_Mux_Control_Write
 .text.Gripper_Servo_PWM_Enable
                0x00001e68       0x28 .\CortexM3\ARM_GCC_541\Debug\Group17Robot.a(Gripper_Servo_PWM.o)
                0x00001e68                Gripper_Servo_PWM_Enable
 .text.Gripper_Servo_PWM_Stop
                0x00001e90       0x28 .\CortexM3\ARM_GCC_541\Debug\Group17Robot.a(Gripper_Servo_PWM.o)
                0x00001e90                Gripper_Servo_PWM_Stop
 .text.Gripper_Servo_PWM_WritePeriod
                0x00001eb8        0xc .\CortexM3\ARM_GCC_541\Debug\Group17Robot.a(Gripper_Servo_PWM.o)
                0x00001eb8                Gripper_Servo_PWM_WritePeriod
 .text.Gripper_Servo_PWM_WriteCompare
                0x00001ec4        0xc .\CortexM3\ARM_GCC_541\Debug\Group17Robot.a(Gripper_Servo_PWM.o)
                0x00001ec4                Gripper_Servo_PWM_WriteCompare
 .text.Gripper_Servo_PWM_SetInterruptMode
                0x00001ed0        0xc .\CortexM3\ARM_GCC_541\Debug\Group17Robot.a(Gripper_Servo_PWM.o)
                0x00001ed0                Gripper_Servo_PWM_SetInterruptMode
 .text.Gripper_Servo_PWM_Init
                0x00001edc       0x78 .\CortexM3\ARM_GCC_541\Debug\Group17Robot.a(Gripper_Servo_PWM.o)
                0x00001edc                Gripper_Servo_PWM_Init
 .text.Gripper_Servo_PWM_Start
                0x00001f54       0x1c .\CortexM3\ARM_GCC_541\Debug\Group17Robot.a(Gripper_Servo_PWM.o)
                0x00001f54                Gripper_Servo_PWM_Start
 .text.Gripper_Servo_PWM_Sleep
                0x00001f70       0x28 .\CortexM3\ARM_GCC_541\Debug\Group17Robot.a(Gripper_Servo_PWM_PM.o)
                0x00001f70                Gripper_Servo_PWM_Sleep
 .text.Gripper_Servo_PWM_Wakeup
                0x00001f98       0x14 .\CortexM3\ARM_GCC_541\Debug\Group17Robot.a(Gripper_Servo_PWM_PM.o)
                0x00001f98                Gripper_Servo_PWM_Wakeup
 .text.Rack_Servo_PWM_Enable
                0x00001fac       0x28 .\CortexM3\ARM_GCC_541\Debug\Group17Robot.a(Rack_Servo_PWM.o)
                0x00001fac                Rack_Servo_PWM_Enable
 .text.Rack_Servo_PWM_Stop
                0x00001fd4       0x28 .\CortexM3\ARM_GCC_541\Debug\Group17Robot.a(Rack_Servo_PWM.o)
                0x00001fd4                Rack_Servo_PWM_Stop
 .text.Rack_Servo_PWM_WritePeriod
                0x00001ffc        0xc .\CortexM3\ARM_GCC_541\Debug\Group17Robot.a(Rack_Servo_PWM.o)
                0x00001ffc                Rack_Servo_PWM_WritePeriod
 .text.Rack_Servo_PWM_WriteCompare
                0x00002008        0xc .\CortexM3\ARM_GCC_541\Debug\Group17Robot.a(Rack_Servo_PWM.o)
                0x00002008                Rack_Servo_PWM_WriteCompare
 .text.Rack_Servo_PWM_SetInterruptMode
                0x00002014        0xc .\CortexM3\ARM_GCC_541\Debug\Group17Robot.a(Rack_Servo_PWM.o)
                0x00002014                Rack_Servo_PWM_SetInterruptMode
 .text.Rack_Servo_PWM_Init
                0x00002020       0x78 .\CortexM3\ARM_GCC_541\Debug\Group17Robot.a(Rack_Servo_PWM.o)
                0x00002020                Rack_Servo_PWM_Init
 .text.Rack_Servo_PWM_Start
                0x00002098       0x1c .\CortexM3\ARM_GCC_541\Debug\Group17Robot.a(Rack_Servo_PWM.o)
                0x00002098                Rack_Servo_PWM_Start
 .text.Rack_Servo_PWM_ReadCompare
                0x000020b4        0xc .\CortexM3\ARM_GCC_541\Debug\Group17Robot.a(Rack_Servo_PWM.o)
                0x000020b4                Rack_Servo_PWM_ReadCompare
 .text.Rack_Servo_PWM_Sleep
                0x000020c0       0x28 .\CortexM3\ARM_GCC_541\Debug\Group17Robot.a(Rack_Servo_PWM_PM.o)
                0x000020c0                Rack_Servo_PWM_Sleep
 .text.Rack_Servo_PWM_Wakeup
                0x000020e8       0x14 .\CortexM3\ARM_GCC_541\Debug\Group17Robot.a(Rack_Servo_PWM_PM.o)
                0x000020e8                Rack_Servo_PWM_Wakeup
 .text.control_led_Write
                0x000020fc        0xc .\CortexM3\ARM_GCC_541\Debug\Group17Robot.a(control_led.o)
                0x000020fc                control_led_Write
 .text.control_photodiode_Write
                0x00002108        0xc .\CortexM3\ARM_GCC_541\Debug\Group17Robot.a(control_photodiode.o)
                0x00002108                control_photodiode_Write
 .text.Start_SetVector
                0x00002114        0xc .\CortexM3\ARM_GCC_541\Debug\Group17Robot.a(Start.o)
                0x00002114                Start_SetVector
 .text.Start_SetPriority
                0x00002120       0x10 .\CortexM3\ARM_GCC_541\Debug\Group17Robot.a(Start.o)
                0x00002120                Start_SetPriority
 .text.Start_Enable
                0x00002130        0xc .\CortexM3\ARM_GCC_541\Debug\Group17Robot.a(Start.o)
                0x00002130                Start_Enable
 .text.Start_Disable
                0x0000213c        0xc .\CortexM3\ARM_GCC_541\Debug\Group17Robot.a(Start.o)
                0x0000213c                Start_Disable
 .text.Start_StartEx
                0x00002148       0x1c .\CortexM3\ARM_GCC_541\Debug\Group17Robot.a(Start.o)
                0x00002148                Start_StartEx
 .text.Sonic_SetVector
                0x00002164        0xc .\CortexM3\ARM_GCC_541\Debug\Group17Robot.a(Sonic.o)
                0x00002164                Sonic_SetVector
 .text.Sonic_SetPriority
                0x00002170       0x10 .\CortexM3\ARM_GCC_541\Debug\Group17Robot.a(Sonic.o)
                0x00002170                Sonic_SetPriority
 .text.Sonic_Enable
                0x00002180        0xc .\CortexM3\ARM_GCC_541\Debug\Group17Robot.a(Sonic.o)
                0x00002180                Sonic_Enable
 .text.Sonic_Disable
                0x0000218c        0xc .\CortexM3\ARM_GCC_541\Debug\Group17Robot.a(Sonic.o)
                0x0000218c                Sonic_Disable
 .text.Sonic_StartEx
                0x00002198       0x1c .\CortexM3\ARM_GCC_541\Debug\Group17Robot.a(Sonic.o)
                0x00002198                Sonic_StartEx
 .text.Motor_Left_Decoder_GetCounter
                0x000021b4       0x10 .\CortexM3\ARM_GCC_541\Debug\Group17Robot.a(Motor_Left_Decoder.o)
                0x000021b4                Motor_Left_Decoder_GetCounter
 .text.Motor_Left_Decoder_SetCounter
                0x000021c4       0x1c .\CortexM3\ARM_GCC_541\Debug\Group17Robot.a(Motor_Left_Decoder.o)
                0x000021c4                Motor_Left_Decoder_SetCounter
 .text.Motor_Left_Decoder_GetEvents
                0x000021e0       0x10 .\CortexM3\ARM_GCC_541\Debug\Group17Robot.a(Motor_Left_Decoder.o)
                0x000021e0                Motor_Left_Decoder_GetEvents
 .text.Motor_Left_Decoder_SetInterruptMask
                0x000021f0        0xc .\CortexM3\ARM_GCC_541\Debug\Group17Robot.a(Motor_Left_Decoder.o)
                0x000021f0                Motor_Left_Decoder_SetInterruptMask
 .text.Motor_Left_Decoder_Enable
                0x000021fc       0x24 .\CortexM3\ARM_GCC_541\Debug\Group17Robot.a(Motor_Left_Decoder.o)
                0x000021fc                Motor_Left_Decoder_Enable
 .text.Motor_Left_Decoder_Start
                0x00002220       0x24 .\CortexM3\ARM_GCC_541\Debug\Group17Robot.a(Motor_Left_Decoder.o)
                0x00002220                Motor_Left_Decoder_Start
 .text.Motor_Right_Decoder_GetCounter
                0x00002244       0x10 .\CortexM3\ARM_GCC_541\Debug\Group17Robot.a(Motor_Right_Decoder.o)
                0x00002244                Motor_Right_Decoder_GetCounter
 .text.Motor_Right_Decoder_SetCounter
                0x00002254       0x1c .\CortexM3\ARM_GCC_541\Debug\Group17Robot.a(Motor_Right_Decoder.o)
                0x00002254                Motor_Right_Decoder_SetCounter
 .text.Motor_Right_Decoder_GetEvents
                0x00002270       0x10 .\CortexM3\ARM_GCC_541\Debug\Group17Robot.a(Motor_Right_Decoder.o)
                0x00002270                Motor_Right_Decoder_GetEvents
 .text.Motor_Right_Decoder_SetInterruptMask
                0x00002280        0xc .\CortexM3\ARM_GCC_541\Debug\Group17Robot.a(Motor_Right_Decoder.o)
                0x00002280                Motor_Right_Decoder_SetInterruptMask
 .text.Motor_Right_Decoder_Enable
                0x0000228c       0x24 .\CortexM3\ARM_GCC_541\Debug\Group17Robot.a(Motor_Right_Decoder.o)
                0x0000228c                Motor_Right_Decoder_Enable
 .text.Motor_Right_Decoder_Start
                0x000022b0       0x24 .\CortexM3\ARM_GCC_541\Debug\Group17Robot.a(Motor_Right_Decoder.o)
                0x000022b0                Motor_Right_Decoder_Start
 .text.Motor_Left_Driver_Enable
                0x000022d4       0x10 .\CortexM3\ARM_GCC_541\Debug\Group17Robot.a(Motor_Left_Driver.o)
                0x000022d4                Motor_Left_Driver_Enable
 .text.Motor_Left_Driver_Stop
                0x000022e4       0x10 .\CortexM3\ARM_GCC_541\Debug\Group17Robot.a(Motor_Left_Driver.o)
                0x000022e4                Motor_Left_Driver_Stop
 .text.Motor_Left_Driver_WriteCounter
                0x000022f4        0xc .\CortexM3\ARM_GCC_541\Debug\Group17Robot.a(Motor_Left_Driver.o)
                0x000022f4                Motor_Left_Driver_WriteCounter
 .text.Motor_Left_Driver_ReadCounter
                0x00002300       0x14 .\CortexM3\ARM_GCC_541\Debug\Group17Robot.a(Motor_Left_Driver.o)
                0x00002300                Motor_Left_Driver_ReadCounter
 .text.Motor_Left_Driver_WritePeriod
                0x00002314        0xc .\CortexM3\ARM_GCC_541\Debug\Group17Robot.a(Motor_Left_Driver.o)
                0x00002314                Motor_Left_Driver_WritePeriod
 .text.Motor_Left_Driver_WriteCompare
                0x00002320        0xc .\CortexM3\ARM_GCC_541\Debug\Group17Robot.a(Motor_Left_Driver.o)
                0x00002320                Motor_Left_Driver_WriteCompare
 .text.Motor_Left_Driver_SetInterruptMode
                0x0000232c        0xc .\CortexM3\ARM_GCC_541\Debug\Group17Robot.a(Motor_Left_Driver.o)
                0x0000232c                Motor_Left_Driver_SetInterruptMode
 .text.Motor_Left_Driver_ReadStatusRegister
                0x00002338        0xc .\CortexM3\ARM_GCC_541\Debug\Group17Robot.a(Motor_Left_Driver.o)
                0x00002338                Motor_Left_Driver_ReadStatusRegister
 .text.Motor_Left_Driver_ReadControlRegister
                0x00002344        0xc .\CortexM3\ARM_GCC_541\Debug\Group17Robot.a(Motor_Left_Driver.o)
                0x00002344                Motor_Left_Driver_ReadControlRegister
 .text.Motor_Left_Driver_WriteControlRegister
                0x00002350        0xc .\CortexM3\ARM_GCC_541\Debug\Group17Robot.a(Motor_Left_Driver.o)
                0x00002350                Motor_Left_Driver_WriteControlRegister
 .text.Motor_Left_Driver_ReadCapture
                0x0000235c        0xc .\CortexM3\ARM_GCC_541\Debug\Group17Robot.a(Motor_Left_Driver.o)
                0x0000235c                Motor_Left_Driver_ReadCapture
 .text.Motor_Left_Driver_ClearFIFO
                0x00002368       0x14 .\CortexM3\ARM_GCC_541\Debug\Group17Robot.a(Motor_Left_Driver.o)
                0x00002368                Motor_Left_Driver_ClearFIFO
 .text.Motor_Left_Driver_Init
                0x0000237c       0x54 .\CortexM3\ARM_GCC_541\Debug\Group17Robot.a(Motor_Left_Driver.o)
                0x0000237c                Motor_Left_Driver_Init
 .text.Motor_Left_Driver_Start
                0x000023d0       0x1c .\CortexM3\ARM_GCC_541\Debug\Group17Robot.a(Motor_Left_Driver.o)
                0x000023d0                Motor_Left_Driver_Start
 .text.Motor_Left_Driver_ReadPeriod
                0x000023ec        0xc .\CortexM3\ARM_GCC_541\Debug\Group17Robot.a(Motor_Left_Driver.o)
                0x000023ec                Motor_Left_Driver_ReadPeriod
 .text.Motor_Left_Driver_SaveConfig
                0x000023f8       0x28 .\CortexM3\ARM_GCC_541\Debug\Group17Robot.a(Motor_Left_Driver_PM.o)
                0x000023f8                Motor_Left_Driver_SaveConfig
 .text.Motor_Left_Driver_RestoreConfig
                0x00002420       0x28 .\CortexM3\ARM_GCC_541\Debug\Group17Robot.a(Motor_Left_Driver_PM.o)
                0x00002420                Motor_Left_Driver_RestoreConfig
 .text.Motor_Left_Driver_Sleep
                0x00002448       0x2c .\CortexM3\ARM_GCC_541\Debug\Group17Robot.a(Motor_Left_Driver_PM.o)
                0x00002448                Motor_Left_Driver_Sleep
 .text.Motor_Left_Driver_Wakeup
                0x00002474       0x18 .\CortexM3\ARM_GCC_541\Debug\Group17Robot.a(Motor_Left_Driver_PM.o)
                0x00002474                Motor_Left_Driver_Wakeup
 .text.Motor_Right_Driver_Enable
                0x0000248c       0x10 .\CortexM3\ARM_GCC_541\Debug\Group17Robot.a(Motor_Right_Driver.o)
                0x0000248c                Motor_Right_Driver_Enable
 .text.Motor_Right_Driver_Stop
                0x0000249c       0x10 .\CortexM3\ARM_GCC_541\Debug\Group17Robot.a(Motor_Right_Driver.o)
                0x0000249c                Motor_Right_Driver_Stop
 .text.Motor_Right_Driver_WriteCounter
                0x000024ac        0xc .\CortexM3\ARM_GCC_541\Debug\Group17Robot.a(Motor_Right_Driver.o)
                0x000024ac                Motor_Right_Driver_WriteCounter
 .text.Motor_Right_Driver_ReadCounter
                0x000024b8       0x14 .\CortexM3\ARM_GCC_541\Debug\Group17Robot.a(Motor_Right_Driver.o)
                0x000024b8                Motor_Right_Driver_ReadCounter
 .text.Motor_Right_Driver_WritePeriod
                0x000024cc        0xc .\CortexM3\ARM_GCC_541\Debug\Group17Robot.a(Motor_Right_Driver.o)
                0x000024cc                Motor_Right_Driver_WritePeriod
 .text.Motor_Right_Driver_WriteCompare
                0x000024d8        0xc .\CortexM3\ARM_GCC_541\Debug\Group17Robot.a(Motor_Right_Driver.o)
                0x000024d8                Motor_Right_Driver_WriteCompare
 .text.Motor_Right_Driver_SetInterruptMode
                0x000024e4        0xc .\CortexM3\ARM_GCC_541\Debug\Group17Robot.a(Motor_Right_Driver.o)
                0x000024e4                Motor_Right_Driver_SetInterruptMode
 .text.Motor_Right_Driver_ReadStatusRegister
                0x000024f0        0xc .\CortexM3\ARM_GCC_541\Debug\Group17Robot.a(Motor_Right_Driver.o)
                0x000024f0                Motor_Right_Driver_ReadStatusRegister
 .text.Motor_Right_Driver_ReadControlRegister
                0x000024fc        0xc .\CortexM3\ARM_GCC_541\Debug\Group17Robot.a(Motor_Right_Driver.o)
                0x000024fc                Motor_Right_Driver_ReadControlRegister
 .text.Motor_Right_Driver_WriteControlRegister
                0x00002508        0xc .\CortexM3\ARM_GCC_541\Debug\Group17Robot.a(Motor_Right_Driver.o)
                0x00002508                Motor_Right_Driver_WriteControlRegister
 .text.Motor_Right_Driver_ReadCapture
                0x00002514        0xc .\CortexM3\ARM_GCC_541\Debug\Group17Robot.a(Motor_Right_Driver.o)
                0x00002514                Motor_Right_Driver_ReadCapture
 .text.Motor_Right_Driver_ClearFIFO
                0x00002520       0x14 .\CortexM3\ARM_GCC_541\Debug\Group17Robot.a(Motor_Right_Driver.o)
                0x00002520                Motor_Right_Driver_ClearFIFO
 .text.Motor_Right_Driver_Init
                0x00002534       0x54 .\CortexM3\ARM_GCC_541\Debug\Group17Robot.a(Motor_Right_Driver.o)
                0x00002534                Motor_Right_Driver_Init
 .text.Motor_Right_Driver_Start
                0x00002588       0x1c .\CortexM3\ARM_GCC_541\Debug\Group17Robot.a(Motor_Right_Driver.o)
                0x00002588                Motor_Right_Driver_Start
 .text.Motor_Right_Driver_ReadPeriod
                0x000025a4        0xc .\CortexM3\ARM_GCC_541\Debug\Group17Robot.a(Motor_Right_Driver.o)
                0x000025a4                Motor_Right_Driver_ReadPeriod
 .text.Motor_Right_Driver_SaveConfig
                0x000025b0       0x28 .\CortexM3\ARM_GCC_541\Debug\Group17Robot.a(Motor_Right_Driver_PM.o)
                0x000025b0                Motor_Right_Driver_SaveConfig
 .text.Motor_Right_Driver_RestoreConfig
                0x000025d8       0x28 .\CortexM3\ARM_GCC_541\Debug\Group17Robot.a(Motor_Right_Driver_PM.o)
                0x000025d8                Motor_Right_Driver_RestoreConfig
 .text.Motor_Right_Driver_Sleep
                0x00002600       0x2c .\CortexM3\ARM_GCC_541\Debug\Group17Robot.a(Motor_Right_Driver_PM.o)
                0x00002600                Motor_Right_Driver_Sleep
 .text.Motor_Right_Driver_Wakeup
                0x0000262c       0x18 .\CortexM3\ARM_GCC_541\Debug\Group17Robot.a(Motor_Right_Driver_PM.o)
                0x0000262c                Motor_Right_Driver_Wakeup
 .text.Motor_Left_Control_Write
                0x00002644        0xc .\CortexM3\ARM_GCC_541\Debug\Group17Robot.a(Motor_Left_Control.o)
                0x00002644                Motor_Left_Control_Write
 .text.Motor_Right_Control_Write
                0x00002650        0xc .\CortexM3\ARM_GCC_541\Debug\Group17Robot.a(Motor_Right_Control.o)
                0x00002650                Motor_Right_Control_Write
 .text.Motor_Left_Decoder_Cnt16_Enable
                0x0000265c       0x10 .\CortexM3\ARM_GCC_541\Debug\Group17Robot.a(Motor_Left_Decoder_Cnt16.o)
                0x0000265c                Motor_Left_Decoder_Cnt16_Enable
 .text.Motor_Left_Decoder_Cnt16_SetInterruptMode
                0x0000266c        0xc .\CortexM3\ARM_GCC_541\Debug\Group17Robot.a(Motor_Left_Decoder_Cnt16.o)
                0x0000266c                Motor_Left_Decoder_Cnt16_SetInterruptMode
 .text.Motor_Left_Decoder_Cnt16_ReadStatusRegister
                0x00002678        0xc .\CortexM3\ARM_GCC_541\Debug\Group17Robot.a(Motor_Left_Decoder_Cnt16.o)
                0x00002678                Motor_Left_Decoder_Cnt16_ReadStatusRegister
 .text.Motor_Left_Decoder_Cnt16_WriteCounter
                0x00002684        0xc .\CortexM3\ARM_GCC_541\Debug\Group17Robot.a(Motor_Left_Decoder_Cnt16.o)
                0x00002684                Motor_Left_Decoder_Cnt16_WriteCounter
 .text.Motor_Left_Decoder_Cnt16_ReadCounter
                0x00002690       0x14 .\CortexM3\ARM_GCC_541\Debug\Group17Robot.a(Motor_Left_Decoder_Cnt16.o)
                0x00002690                Motor_Left_Decoder_Cnt16_ReadCounter
 .text.Motor_Left_Decoder_Cnt16_ReadCapture
                0x000026a4        0xc .\CortexM3\ARM_GCC_541\Debug\Group17Robot.a(Motor_Left_Decoder_Cnt16.o)
                0x000026a4                Motor_Left_Decoder_Cnt16_ReadCapture
 .text.Motor_Left_Decoder_Cnt16_WritePeriod
                0x000026b0        0xc .\CortexM3\ARM_GCC_541\Debug\Group17Robot.a(Motor_Left_Decoder_Cnt16.o)
                0x000026b0                Motor_Left_Decoder_Cnt16_WritePeriod
 .text.Motor_Left_Decoder_Cnt16_WriteCompare
                0x000026bc        0xc .\CortexM3\ARM_GCC_541\Debug\Group17Robot.a(Motor_Left_Decoder_Cnt16.o)
                0x000026bc                Motor_Left_Decoder_Cnt16_WriteCompare
 .text.Motor_Left_Decoder_Cnt16_ClearFIFO
                0x000026c8       0x14 .\CortexM3\ARM_GCC_541\Debug\Group17Robot.a(Motor_Left_Decoder_Cnt16.o)
                0x000026c8                Motor_Left_Decoder_Cnt16_ClearFIFO
 .text.Motor_Left_Decoder_Cnt16_Init
                0x000026dc       0x58 .\CortexM3\ARM_GCC_541\Debug\Group17Robot.a(Motor_Left_Decoder_Cnt16.o)
                0x000026dc                Motor_Left_Decoder_Cnt16_Init
 .text.Motor_Left_Decoder_Cnt16_Start
                0x00002734       0x1c .\CortexM3\ARM_GCC_541\Debug\Group17Robot.a(Motor_Left_Decoder_Cnt16.o)
                0x00002734                Motor_Left_Decoder_Cnt16_Start
 .text.Motor_Right_Decoder_Cnt16_Enable
                0x00002750       0x10 .\CortexM3\ARM_GCC_541\Debug\Group17Robot.a(Motor_Right_Decoder_Cnt16.o)
                0x00002750                Motor_Right_Decoder_Cnt16_Enable
 .text.Motor_Right_Decoder_Cnt16_SetInterruptMode
                0x00002760        0xc .\CortexM3\ARM_GCC_541\Debug\Group17Robot.a(Motor_Right_Decoder_Cnt16.o)
                0x00002760                Motor_Right_Decoder_Cnt16_SetInterruptMode
 .text.Motor_Right_Decoder_Cnt16_ReadStatusRegister
                0x0000276c        0xc .\CortexM3\ARM_GCC_541\Debug\Group17Robot.a(Motor_Right_Decoder_Cnt16.o)
                0x0000276c                Motor_Right_Decoder_Cnt16_ReadStatusRegister
 .text.Motor_Right_Decoder_Cnt16_WriteCounter
                0x00002778        0xc .\CortexM3\ARM_GCC_541\Debug\Group17Robot.a(Motor_Right_Decoder_Cnt16.o)
                0x00002778                Motor_Right_Decoder_Cnt16_WriteCounter
 .text.Motor_Right_Decoder_Cnt16_ReadCounter
                0x00002784       0x14 .\CortexM3\ARM_GCC_541\Debug\Group17Robot.a(Motor_Right_Decoder_Cnt16.o)
                0x00002784                Motor_Right_Decoder_Cnt16_ReadCounter
 .text.Motor_Right_Decoder_Cnt16_ReadCapture
                0x00002798        0xc .\CortexM3\ARM_GCC_541\Debug\Group17Robot.a(Motor_Right_Decoder_Cnt16.o)
                0x00002798                Motor_Right_Decoder_Cnt16_ReadCapture
 .text.Motor_Right_Decoder_Cnt16_WritePeriod
                0x000027a4        0xc .\CortexM3\ARM_GCC_541\Debug\Group17Robot.a(Motor_Right_Decoder_Cnt16.o)
                0x000027a4                Motor_Right_Decoder_Cnt16_WritePeriod
 .text.Motor_Right_Decoder_Cnt16_WriteCompare
                0x000027b0        0xc .\CortexM3\ARM_GCC_541\Debug\Group17Robot.a(Motor_Right_Decoder_Cnt16.o)
                0x000027b0                Motor_Right_Decoder_Cnt16_WriteCompare
 .text.Motor_Right_Decoder_Cnt16_ClearFIFO
                0x000027bc       0x14 .\CortexM3\ARM_GCC_541\Debug\Group17Robot.a(Motor_Right_Decoder_Cnt16.o)
                0x000027bc                Motor_Right_Decoder_Cnt16_ClearFIFO
 .text.Motor_Right_Decoder_Cnt16_Init
                0x000027d0       0x58 .\CortexM3\ARM_GCC_541\Debug\Group17Robot.a(Motor_Right_Decoder_Cnt16.o)
                0x000027d0                Motor_Right_Decoder_Cnt16_Init
 .text.Motor_Right_Decoder_Cnt16_Start
                0x00002828       0x1c .\CortexM3\ARM_GCC_541\Debug\Group17Robot.a(Motor_Right_Decoder_Cnt16.o)
                0x00002828                Motor_Right_Decoder_Cnt16_Start
 *fill*         0x00002844        0x4 
 .text          0x00002848       0x20 .\CortexM3\ARM_GCC_541\Debug\Group17Robot.a(CyBootAsmGnu.o)
                0x00002848                CyDelayCycles
                0x00002858                CyEnterCriticalSection
                0x00002860                CyExitCriticalSection
 .text.round    0x00002868       0xa0 c:/program files (x86)/cypress/psoc creator/4.2/psoc creator/import/gnu/arm/5.4.1/bin/../lib/gcc/arm-none-eabi/5.4.1/../../../../arm-none-eabi/lib/armv7-m\libm.a(lib_a-s_round.o)
                0x00002868                round
 .text          0x00002908      0x370 c:/program files (x86)/cypress/psoc creator/4.2/psoc creator/import/gnu/arm/5.4.1/bin/../lib/gcc/arm-none-eabi/5.4.1/armv7-m\libgcc.a(_arm_addsubdf3.o)
                0x00002908                __aeabi_drsub
                0x00002910                __aeabi_dsub
                0x00002910                __subdf3
                0x00002914                __aeabi_dadd
                0x00002914                __adddf3
                0x00002b8c                __floatunsidf
                0x00002b8c                __aeabi_ui2d
                0x00002bac                __floatsidf
                0x00002bac                __aeabi_i2d
                0x00002bd0                __aeabi_f2d
                0x00002bd0                __extendsfdf2
                0x00002c0c                __floatundidf
                0x00002c0c                __aeabi_ul2d
                0x00002c1c                __floatdidf
                0x00002c1c                __aeabi_l2d
 .text          0x00002c78      0x424 c:/program files (x86)/cypress/psoc creator/4.2/psoc creator/import/gnu/arm/5.4.1/bin/../lib/gcc/arm-none-eabi/5.4.1/armv7-m\libgcc.a(_arm_muldivdf3.o)
                0x00002c78                __aeabi_dmul
                0x00002c78                __muldf3
                0x00002ecc                __divdf3
                0x00002ecc                __aeabi_ddiv
 .text          0x0000309c      0x110 c:/program files (x86)/cypress/psoc creator/4.2/psoc creator/import/gnu/arm/5.4.1/bin/../lib/gcc/arm-none-eabi/5.4.1/armv7-m\libgcc.a(_arm_cmpdf2.o)
                0x0000309c                __gtdf2
                0x0000309c                __gedf2
                0x000030a4                __ltdf2
                0x000030a4                __ledf2
                0x000030ac                __nedf2
                0x000030ac                __eqdf2
                0x000030ac                __cmpdf2
                0x00003128                __aeabi_cdrcmple
                0x00003138                __aeabi_cdcmpeq
                0x00003138                __aeabi_cdcmple
                0x00003148                __aeabi_dcmpeq
                0x0000315c                __aeabi_dcmplt
                0x00003170                __aeabi_dcmple
                0x00003184                __aeabi_dcmpge
                0x00003198                __aeabi_dcmpgt
 .text          0x000031ac       0x50 c:/program files (x86)/cypress/psoc creator/4.2/psoc creator/import/gnu/arm/5.4.1/bin/../lib/gcc/arm-none-eabi/5.4.1/armv7-m\libgcc.a(_arm_fixdfsi.o)
                0x000031ac                __aeabi_d2iz
                0x000031ac                __fixdfsi
 .text          0x000031fc      0x21c c:/program files (x86)/cypress/psoc creator/4.2/psoc creator/import/gnu/arm/5.4.1/bin/../lib/gcc/arm-none-eabi/5.4.1/armv7-m\libgcc.a(_arm_addsubsf3.o)
                0x000031fc                __aeabi_frsub
                0x00003204                __subsf3
                0x00003204                __aeabi_fsub
                0x00003208                __aeabi_fadd
                0x00003208                __addsf3
                0x00003368                __aeabi_ui2f
                0x00003368                __floatunsisf
                0x00003370                __aeabi_i2f
                0x00003370                __floatsisf
                0x0000338c                __aeabi_ul2f
                0x0000338c                __floatundisf
                0x0000339c                __aeabi_l2f
                0x0000339c                __floatdisf
 .text          0x00003418       0xec c:/program files (x86)/cypress/psoc creator/4.2/psoc creator/import/gnu/arm/5.4.1/bin/../lib/gcc/arm-none-eabi/5.4.1/armv7-m\libgcc.a(_arm_cmpsf2.o)
                0x00003418                __gesf2
                0x00003418                __gtsf2
                0x00003420                __lesf2
                0x00003420                __ltsf2
                0x00003428                __nesf2
                0x00003428                __eqsf2
                0x00003428                __cmpsf2
                0x00003488                __aeabi_cfrcmple
                0x00003490                __aeabi_cfcmpeq
                0x00003490                __aeabi_cfcmple
                0x000034a0                __aeabi_fcmpeq
                0x000034b4                __aeabi_fcmplt
                0x000034c8                __aeabi_fcmple
                0x000034dc                __aeabi_fcmpge
                0x000034f0                __aeabi_fcmpgt
 .text.__errno  0x00003504        0xc c:/program files (x86)/cypress/psoc creator/4.2/psoc creator/import/gnu/arm/5.4.1/bin/../lib/gcc/arm-none-eabi/5.4.1/../../../../arm-none-eabi/lib/armv7-m\libg_nano.a(lib_a-errno.o)
                0x00003504                __errno
 .text.__libc_init_array
                0x00003510       0x4c c:/program files (x86)/cypress/psoc creator/4.2/psoc creator/import/gnu/arm/5.4.1/bin/../lib/gcc/arm-none-eabi/5.4.1/../../../../arm-none-eabi/lib/armv7-m\libg_nano.a(lib_a-init.o)
                0x00003510                __libc_init_array
 .text.memcpy   0x0000355c       0x16 c:/program files (x86)/cypress/psoc creator/4.2/psoc creator/import/gnu/arm/5.4.1/bin/../lib/gcc/arm-none-eabi/5.4.1/../../../../arm-none-eabi/lib/armv7-m\libg_nano.a(lib_a-memcpy-stub.o)
                0x0000355c                memcpy
 .text.memset   0x00003572       0x10 c:/program files (x86)/cypress/psoc creator/4.2/psoc creator/import/gnu/arm/5.4.1/bin/../lib/gcc/arm-none-eabi/5.4.1/../../../../arm-none-eabi/lib/armv7-m\libg_nano.a(lib_a-memset.o)
                0x00003572                memset
 .text.__cvt    0x00003582       0xc0 c:/program files (x86)/cypress/psoc creator/4.2/psoc creator/import/gnu/arm/5.4.1/bin/../lib/gcc/arm-none-eabi/5.4.1/../../../../arm-none-eabi/lib/armv7-m\libg_nano.a(lib_a-nano-vfprintf_float.o)
                0x00003582                __cvt
 .text.__exponent
                0x00003642       0x62 c:/program files (x86)/cypress/psoc creator/4.2/psoc creator/import/gnu/arm/5.4.1/bin/../lib/gcc/arm-none-eabi/5.4.1/../../../../arm-none-eabi/lib/armv7-m\libg_nano.a(lib_a-nano-vfprintf_float.o)
                0x00003642                __exponent
 .text._printf_float
                0x000036a4      0x488 c:/program files (x86)/cypress/psoc creator/4.2/psoc creator/import/gnu/arm/5.4.1/bin/../lib/gcc/arm-none-eabi/5.4.1/../../../../arm-none-eabi/lib/armv7-m\libg_nano.a(lib_a-nano-vfprintf_float.o)
                0x000036a4                _printf_float
 .text._printf_common
                0x00003b2c       0xec c:/program files (x86)/cypress/psoc creator/4.2/psoc creator/import/gnu/arm/5.4.1/bin/../lib/gcc/arm-none-eabi/5.4.1/../../../../arm-none-eabi/lib/armv7-m\libg_nano.a(lib_a-nano-vfprintf_i.o)
                0x00003b2c                _printf_common
 .text._printf_i
                0x00003c18      0x24c c:/program files (x86)/cypress/psoc creator/4.2/psoc creator/import/gnu/arm/5.4.1/bin/../lib/gcc/arm-none-eabi/5.4.1/../../../../arm-none-eabi/lib/armv7-m\libg_nano.a(lib_a-nano-vfprintf_i.o)
                0x00003c18                _printf_i
 .text.sprintf  0x00003e64       0x48 c:/program files (x86)/cypress/psoc creator/4.2/psoc creator/import/gnu/arm/5.4.1/bin/../lib/gcc/arm-none-eabi/5.4.1/../../../../arm-none-eabi/lib/armv7-m\libg_nano.a(lib_a-sprintf.o)
                0x00003e64                siprintf
                0x00003e64                sprintf
 .text          0x00003eac       0x10 c:/program files (x86)/cypress/psoc creator/4.2/psoc creator/import/gnu/arm/5.4.1/bin/../lib/gcc/arm-none-eabi/5.4.1/../../../../arm-none-eabi/lib/armv7-m\libg_nano.a(lib_a-strlen.o)
                0x00003eac                strlen
 .text.quorem   0x00003ebc      0x116 c:/program files (x86)/cypress/psoc creator/4.2/psoc creator/import/gnu/arm/5.4.1/bin/../lib/gcc/arm-none-eabi/5.4.1/../../../../arm-none-eabi/lib/armv7-m\libg_nano.a(lib_a-dtoa.o)
 *fill*         0x00003fd2        0x6 
 .text._dtoa_r  0x00003fd8      0xb30 c:/program files (x86)/cypress/psoc creator/4.2/psoc creator/import/gnu/arm/5.4.1/bin/../lib/gcc/arm-none-eabi/5.4.1/../../../../arm-none-eabi/lib/armv7-m\libg_nano.a(lib_a-dtoa.o)
                0x00003fd8                _dtoa_r
 .text._localeconv_r
                0x00004b08        0x8 c:/program files (x86)/cypress/psoc creator/4.2/psoc creator/import/gnu/arm/5.4.1/bin/../lib/gcc/arm-none-eabi/5.4.1/../../../../arm-none-eabi/lib/armv7-m\libg_nano.a(lib_a-locale.o)
                0x00004b08                _localeconv_r
 .text.malloc   0x00004b10       0x10 c:/program files (x86)/cypress/psoc creator/4.2/psoc creator/import/gnu/arm/5.4.1/bin/../lib/gcc/arm-none-eabi/5.4.1/../../../../arm-none-eabi/lib/armv7-m\libg_nano.a(lib_a-malloc.o)
                0x00004b10                malloc
 .text.memchr   0x00004b20       0x1c c:/program files (x86)/cypress/psoc creator/4.2/psoc creator/import/gnu/arm/5.4.1/bin/../lib/gcc/arm-none-eabi/5.4.1/../../../../arm-none-eabi/lib/armv7-m\libg_nano.a(lib_a-memchr-stub.o)
                0x00004b20                memchr
 .text._Balloc  0x00004b3c       0x6a c:/program files (x86)/cypress/psoc creator/4.2/psoc creator/import/gnu/arm/5.4.1/bin/../lib/gcc/arm-none-eabi/5.4.1/../../../../arm-none-eabi/lib/armv7-m\libg_nano.a(lib_a-mprec.o)
                0x00004b3c                _Balloc
 .text._Bfree   0x00004ba6       0x2e c:/program files (x86)/cypress/psoc creator/4.2/psoc creator/import/gnu/arm/5.4.1/bin/../lib/gcc/arm-none-eabi/5.4.1/../../../../arm-none-eabi/lib/armv7-m\libg_nano.a(lib_a-mprec.o)
                0x00004ba6                _Bfree
 .text.__multadd
                0x00004bd4       0x76 c:/program files (x86)/cypress/psoc creator/4.2/psoc creator/import/gnu/arm/5.4.1/bin/../lib/gcc/arm-none-eabi/5.4.1/../../../../arm-none-eabi/lib/armv7-m\libg_nano.a(lib_a-mprec.o)
                0x00004bd4                __multadd
 .text.__hi0bits
                0x00004c4a       0x40 c:/program files (x86)/cypress/psoc creator/4.2/psoc creator/import/gnu/arm/5.4.1/bin/../lib/gcc/arm-none-eabi/5.4.1/../../../../arm-none-eabi/lib/armv7-m\libg_nano.a(lib_a-mprec.o)
                0x00004c4a                __hi0bits
 .text.__lo0bits
                0x00004c8a       0x5a c:/program files (x86)/cypress/psoc creator/4.2/psoc creator/import/gnu/arm/5.4.1/bin/../lib/gcc/arm-none-eabi/5.4.1/../../../../arm-none-eabi/lib/armv7-m\libg_nano.a(lib_a-mprec.o)
                0x00004c8a                __lo0bits
 .text.__i2b    0x00004ce4       0x12 c:/program files (x86)/cypress/psoc creator/4.2/psoc creator/import/gnu/arm/5.4.1/bin/../lib/gcc/arm-none-eabi/5.4.1/../../../../arm-none-eabi/lib/armv7-m\libg_nano.a(lib_a-mprec.o)
                0x00004ce4                __i2b
 .text.__multiply
                0x00004cf6      0x120 c:/program files (x86)/cypress/psoc creator/4.2/psoc creator/import/gnu/arm/5.4.1/bin/../lib/gcc/arm-none-eabi/5.4.1/../../../../arm-none-eabi/lib/armv7-m\libg_nano.a(lib_a-mprec.o)
                0x00004cf6                __multiply
 *fill*         0x00004e16        0x2 
 .text.__pow5mult
                0x00004e18       0x9c c:/program files (x86)/cypress/psoc creator/4.2/psoc creator/import/gnu/arm/5.4.1/bin/../lib/gcc/arm-none-eabi/5.4.1/../../../../arm-none-eabi/lib/armv7-m\libg_nano.a(lib_a-mprec.o)
                0x00004e18                __pow5mult
 .text.__lshift
                0x00004eb4       0xa2 c:/program files (x86)/cypress/psoc creator/4.2/psoc creator/import/gnu/arm/5.4.1/bin/../lib/gcc/arm-none-eabi/5.4.1/../../../../arm-none-eabi/lib/armv7-m\libg_nano.a(lib_a-mprec.o)
                0x00004eb4                __lshift
 .text.__mcmp   0x00004f56       0x38 c:/program files (x86)/cypress/psoc creator/4.2/psoc creator/import/gnu/arm/5.4.1/bin/../lib/gcc/arm-none-eabi/5.4.1/../../../../arm-none-eabi/lib/armv7-m\libg_nano.a(lib_a-mprec.o)
                0x00004f56                __mcmp
 .text.__mdiff  0x00004f8e       0xbe c:/program files (x86)/cypress/psoc creator/4.2/psoc creator/import/gnu/arm/5.4.1/bin/../lib/gcc/arm-none-eabi/5.4.1/../../../../arm-none-eabi/lib/armv7-m\libg_nano.a(lib_a-mprec.o)
                0x00004f8e                __mdiff
 .text.__d2b    0x0000504c       0x9c c:/program files (x86)/cypress/psoc creator/4.2/psoc creator/import/gnu/arm/5.4.1/bin/../lib/gcc/arm-none-eabi/5.4.1/../../../../arm-none-eabi/lib/armv7-m\libg_nano.a(lib_a-mprec.o)
                0x0000504c                __d2b
 .text._calloc_r
                0x000050e8       0x1c c:/program files (x86)/cypress/psoc creator/4.2/psoc creator/import/gnu/arm/5.4.1/bin/../lib/gcc/arm-none-eabi/5.4.1/../../../../arm-none-eabi/lib/armv7-m\libg_nano.a(lib_a-nano-callocr.o)
                0x000050e8                _calloc_r
 .text._free_r  0x00005104       0x98 c:/program files (x86)/cypress/psoc creator/4.2/psoc creator/import/gnu/arm/5.4.1/bin/../lib/gcc/arm-none-eabi/5.4.1/../../../../arm-none-eabi/lib/armv7-m\libg_nano.a(lib_a-nano-freer.o)
                0x00005104                _free_r
 .text._malloc_r
                0x0000519c       0xbc c:/program files (x86)/cypress/psoc creator/4.2/psoc creator/import/gnu/arm/5.4.1/bin/../lib/gcc/arm-none-eabi/5.4.1/../../../../arm-none-eabi/lib/armv7-m\libg_nano.a(lib_a-nano-mallocr.o)
                0x0000519c                _malloc_r
 .text.__ssputs_r
                0x00005258       0xb2 c:/program files (x86)/cypress/psoc creator/4.2/psoc creator/import/gnu/arm/5.4.1/bin/../lib/gcc/arm-none-eabi/5.4.1/../../../../arm-none-eabi/lib/armv7-m\libg_nano.a(lib_a-nano-svfprintf.o)
                0x00005258                __ssputs_r
 *fill*         0x0000530a        0x2 
 .text._svfprintf_r
                0x0000530c      0x1e8 c:/program files (x86)/cypress/psoc creator/4.2/psoc creator/import/gnu/arm/5.4.1/bin/../lib/gcc/arm-none-eabi/5.4.1/../../../../arm-none-eabi/lib/armv7-m\libg_nano.a(lib_a-nano-svfprintf.o)
                0x0000530c                _svfiprintf_r
                0x0000530c                _svfprintf_r
 .text._sbrk_r  0x000054f4       0x20 c:/program files (x86)/cypress/psoc creator/4.2/psoc creator/import/gnu/arm/5.4.1/bin/../lib/gcc/arm-none-eabi/5.4.1/../../../../arm-none-eabi/lib/armv7-m\libg_nano.a(lib_a-sbrkr.o)
                0x000054f4                _sbrk_r
 .text.memmove  0x00005514       0x36 c:/program files (x86)/cypress/psoc creator/4.2/psoc creator/import/gnu/arm/5.4.1/bin/../lib/gcc/arm-none-eabi/5.4.1/../../../../arm-none-eabi/lib/armv7-m\libg_nano.a(lib_a-memmove.o)
                0x00005514                memmove
 .text.__malloc_lock
                0x0000554a        0x2 c:/program files (x86)/cypress/psoc creator/4.2/psoc creator/import/gnu/arm/5.4.1/bin/../lib/gcc/arm-none-eabi/5.4.1/../../../../arm-none-eabi/lib/armv7-m\libg_nano.a(lib_a-mlock.o)
                0x0000554a                __malloc_lock
 .text.__malloc_unlock
                0x0000554c        0x2 c:/program files (x86)/cypress/psoc creator/4.2/psoc creator/import/gnu/arm/5.4.1/bin/../lib/gcc/arm-none-eabi/5.4.1/../../../../arm-none-eabi/lib/armv7-m\libg_nano.a(lib_a-mlock.o)
                0x0000554c                __malloc_unlock
 .text._realloc_r
                0x0000554e       0x4c c:/program files (x86)/cypress/psoc creator/4.2/psoc creator/import/gnu/arm/5.4.1/bin/../lib/gcc/arm-none-eabi/5.4.1/../../../../arm-none-eabi/lib/armv7-m\libg_nano.a(lib_a-nano-reallocr.o)
                0x0000554e                _realloc_r
 .text._malloc_usable_size_r
                0x0000559a       0x14 c:/program files (x86)/cypress/psoc creator/4.2/psoc creator/import/gnu/arm/5.4.1/bin/../lib/gcc/arm-none-eabi/5.4.1/../../../../arm-none-eabi/lib/armv7-m\libg_nano.a(lib_a-nano-msizer.o)
                0x0000559a                _malloc_usable_size_r
 *fill*         0x000055ae        0x2 
 .text          0x000055b0       0x2c c:/program files (x86)/cypress/psoc creator/4.2/psoc creator/import/gnu/arm/5.4.1/bin/../lib/gcc/arm-none-eabi/5.4.1/armv7-m\libgcc.a(_arm_unorddf2.o)
                0x000055b0                __unorddf2
                0x000055b0                __aeabi_dcmpun
 *(.plt)
 *(.gnu.warning)
 *(.glue_7t)
 .glue_7t       0x000055dc        0x0 linker stubs
 *(.glue_7)
 .glue_7        0x000055dc        0x0 linker stubs
 *(.vfp11_veneer)
 .vfp11_veneer  0x000055dc        0x0 linker stubs
 *(.bootloader)
 *(.ARM.extab* .gnu.linkonce.armextab.*)
 *(.gcc_except_table)

.v4_bx          0x000055dc        0x0
 .v4_bx         0x000055dc        0x0 linker stubs

.iplt           0x000055dc        0x0
 .iplt          0x000055dc        0x0 c:/program files (x86)/cypress/psoc creator/4.2/psoc creator/import/gnu/arm/5.4.1/bin/../lib/gcc/arm-none-eabi/5.4.1/armv7-m/crtbegin.o

.eh_frame_hdr
 *(.eh_frame_hdr)

.eh_frame       0x000055dc        0x4
 *(.eh_frame)
 .eh_frame      0x000055dc        0x0 c:/program files (x86)/cypress/psoc creator/4.2/psoc creator/import/gnu/arm/5.4.1/bin/../lib/gcc/arm-none-eabi/5.4.1/armv7-m/crtbegin.o
 .eh_frame      0x000055dc        0x4 c:/program files (x86)/cypress/psoc creator/4.2/psoc creator/import/gnu/arm/5.4.1/bin/../lib/gcc/arm-none-eabi/5.4.1/armv7-m/crtend.o
                [!provide]                PROVIDE (__exidx_start, .)

.ARM.exidx
 *(.ARM.exidx* .gnu.linkonce.armexidx.*)
                0x000055e0                __exidx_end = .

.rodata         0x000055e0      0x2f0
 *(.rodata .rodata.* .gnu.linkonce.r.*)
 .rodata.str1.4
                0x000055e0       0x7b .\CortexM3\ARM_GCC_541\Debug\main.o
 *fill*         0x0000565b        0x1 
 .rodata.str1.4
                0x0000565c       0x39 .\CortexM3\ARM_GCC_541\Debug\colour.o
 *fill*         0x00005695        0x3 
 .rodata.str1.4
                0x00005698       0x31 .\CortexM3\ARM_GCC_541\Debug\ultrasonic.o
 *fill*         0x000056c9        0x3 
 .rodata.str1.4
                0x000056cc       0x28 .\CortexM3\ARM_GCC_541\Debug\mishamotor.o
                                 0x26 (size before relaxing)
 .rodata        0x000056f4       0x44 .\CortexM3\ARM_GCC_541\Debug\cyfitter_cfg.o
 .rodata.str1.1
                0x00005738        0x2 c:/program files (x86)/cypress/psoc creator/4.2/psoc creator/import/gnu/arm/5.4.1/bin/../lib/gcc/arm-none-eabi/5.4.1/../../../../arm-none-eabi/lib/armv7-m\libg_nano.a(lib_a-impure.o)
 .rodata.str1.1
                0x0000573a       0x12 c:/program files (x86)/cypress/psoc creator/4.2/psoc creator/import/gnu/arm/5.4.1/bin/../lib/gcc/arm-none-eabi/5.4.1/../../../../arm-none-eabi/lib/armv7-m\libg_nano.a(lib_a-nano-vfprintf_float.o)
 .rodata.str1.1
                0x0000574c       0x22 c:/program files (x86)/cypress/psoc creator/4.2/psoc creator/import/gnu/arm/5.4.1/bin/../lib/gcc/arm-none-eabi/5.4.1/../../../../arm-none-eabi/lib/armv7-m\libg_nano.a(lib_a-nano-vfprintf_i.o)
 .rodata.str1.1
                0x0000576e        0xd c:/program files (x86)/cypress/psoc creator/4.2/psoc creator/import/gnu/arm/5.4.1/bin/../lib/gcc/arm-none-eabi/5.4.1/../../../../arm-none-eabi/lib/armv7-m\libg_nano.a(lib_a-dtoa.o)
                                  0xf (size before relaxing)
 .rodata.str1.1
                0x0000577b        0x8 c:/program files (x86)/cypress/psoc creator/4.2/psoc creator/import/gnu/arm/5.4.1/bin/../lib/gcc/arm-none-eabi/5.4.1/../../../../arm-none-eabi/lib/armv7-m\libg_nano.a(lib_a-locale.o)
                                  0xb (size before relaxing)
 *fill*         0x00005783        0x5 
 .rodata.__mprec_tens
                0x00005788       0xc8 c:/program files (x86)/cypress/psoc creator/4.2/psoc creator/import/gnu/arm/5.4.1/bin/../lib/gcc/arm-none-eabi/5.4.1/../../../../arm-none-eabi/lib/armv7-m\libg_nano.a(lib_a-mprec.o)
                0x00005788                __mprec_tens
 .rodata.p05.5408
                0x00005850        0xc c:/program files (x86)/cypress/psoc creator/4.2/psoc creator/import/gnu/arm/5.4.1/bin/../lib/gcc/arm-none-eabi/5.4.1/../../../../arm-none-eabi/lib/armv7-m\libg_nano.a(lib_a-mprec.o)
 *fill*         0x0000585c        0x4 
 .rodata.__mprec_bigtens
                0x00005860       0x28 c:/program files (x86)/cypress/psoc creator/4.2/psoc creator/import/gnu/arm/5.4.1/bin/../lib/gcc/arm-none-eabi/5.4.1/../../../../arm-none-eabi/lib/armv7-m\libg_nano.a(lib_a-mprec.o)
                0x00005860                __mprec_bigtens
 .rodata.str1.1
                0x00005888       0x11 c:/program files (x86)/cypress/psoc creator/4.2/psoc creator/import/gnu/arm/5.4.1/bin/../lib/gcc/arm-none-eabi/5.4.1/../../../../arm-none-eabi/lib/armv7-m\libg_nano.a(lib_a-nano-svfprintf.o)
                0x0000589c                . = ALIGN (0x4)
 *fill*         0x00005899        0x3 
 *(.init)
 .init          0x0000589c        0x4 c:/program files (x86)/cypress/psoc creator/4.2/psoc creator/import/gnu/arm/5.4.1/bin/../lib/gcc/arm-none-eabi/5.4.1/armv7-m/crti.o
                0x0000589c                _init
 .init          0x000058a0        0x8 c:/program files (x86)/cypress/psoc creator/4.2/psoc creator/import/gnu/arm/5.4.1/bin/../lib/gcc/arm-none-eabi/5.4.1/armv7-m/crtn.o
                0x000058a8                . = ALIGN (0x4)
                0x000058a8                __preinit_array_start = .
 *(.preinit_array)
                0x000058a8                __preinit_array_end = .
                0x000058a8                . = ALIGN (0x4)
                0x000058a8                __init_array_start = .
 *(SORT(.init_array.*))
 *(.init_array)
 .init_array    0x000058a8        0x4 c:/program files (x86)/cypress/psoc creator/4.2/psoc creator/import/gnu/arm/5.4.1/bin/../lib/gcc/arm-none-eabi/5.4.1/armv7-m/crtbegin.o
 .init_array    0x000058ac        0x4 .\CortexM3\ARM_GCC_541\Debug\Cm3Start.o
                0x000058b0                __init_array_end = .
                0x000058b0                . = ALIGN (0x4)
 *(.fini)
 .fini          0x000058b0        0x4 c:/program files (x86)/cypress/psoc creator/4.2/psoc creator/import/gnu/arm/5.4.1/bin/../lib/gcc/arm-none-eabi/5.4.1/armv7-m/crti.o
                0x000058b0                _fini
 .fini          0x000058b4        0x8 c:/program files (x86)/cypress/psoc creator/4.2/psoc creator/import/gnu/arm/5.4.1/bin/../lib/gcc/arm-none-eabi/5.4.1/armv7-m/crtn.o
                0x000058bc                . = ALIGN (0x4)
                0x000058bc                __fini_array_start = .
 *(.fini_array)
 .fini_array    0x000058bc        0x4 c:/program files (x86)/cypress/psoc creator/4.2/psoc creator/import/gnu/arm/5.4.1/bin/../lib/gcc/arm-none-eabi/5.4.1/armv7-m/crtbegin.o
 *(SORT(.fini_array.*))
                0x000058c0                __fini_array_end = .
                0x000058c0                . = ALIGN (0x4)
 *crtbegin.o(.ctors)
 *(EXCLUDE_FILE(*crtend.o) .ctors)
 *(SORT(.ctors.*))
 *crtend.o(.ctors)
                0x000058c0                . = ALIGN (0x4)
 *crtbegin.o(.dtors)
 *(EXCLUDE_FILE(*crtend.o) .dtors)
 *(SORT(.dtors.*))
 *crtend.o(.dtors)
                0x000058c0                . = ALIGN (0x4)
                0x000058c0                __cy_regions = .
                0x000058c0        0x4 LONG 0x58d0 __cy_region_init_ram
                0x000058c4        0x4 LONG 0x1fff80c8 __cy_region_start_data
                0x000058c8        0x4 LONG 0xe8 __cy_region_init_size_ram
                0x000058cc        0x4 LONG 0x1b8 __cy_region_zero_size_ram
                0x000058d0                __cy_regions_end = .
                0x000058d0                . = ALIGN (0x8)
                0x000058d0                _etext = .

.cy_checksum_exclude
                0x000058d0        0x0
 *(.cy_checksum_exclude)

.ramvectors     0x1fff8000       0xc0
                0x1fff8000                __cy_region_start_ram = .
 *(.ramvectors)
 .ramvectors    0x1fff8000       0xc0 .\CortexM3\ARM_GCC_541\Debug\Cm3Start.o
                0x1fff8000                CyRamVectors

.noinit         0x1fff80c0        0x1
 *(.noinit)
 .noinit        0x1fff80c0        0x1 .\CortexM3\ARM_GCC_541\Debug\Group17Robot.a(CyLib.o)
                0x1fff80c0                CyResetStatus

.data           0x1fff80c8       0xe8 load address 0x000058d0
                0x1fff80c8                __cy_region_start_data = .
 *(.jcr)
 .jcr           0x1fff80c8        0x0 c:/program files (x86)/cypress/psoc creator/4.2/psoc creator/import/gnu/arm/5.4.1/bin/../lib/gcc/arm-none-eabi/5.4.1/armv7-m/crtbegin.o
 .jcr           0x1fff80c8        0x4 c:/program files (x86)/cypress/psoc creator/4.2/psoc creator/import/gnu/arm/5.4.1/bin/../lib/gcc/arm-none-eabi/5.4.1/armv7-m/crtend.o
 *(.got.plt)
 *(.got)
 *(.shdata)
 *(.data .data.* .gnu.linkonce.d.*)
 .data          0x1fff80cc       0x2c .\CortexM3\ARM_GCC_541\Debug\main.o
                0x1fff80cc                colour_flag
                0x1fff80d0                current_stage
                0x1fff80d4                state
                0x1fff80d8                moveNow
                0x1fff80dc                currentOrientation
                0x1fff80e0                running
                0x1fff80e4                puckRackOffsetsFromWest
 .data          0x1fff80f8        0x4 .\CortexM3\ARM_GCC_541\Debug\Cm3Start.o
 .data          0x1fff80fc       0x10 .\CortexM3\ARM_GCC_541\Debug\Group17Robot.a(CyLib.o)
                0x1fff80fc                cydelay_32k_ms
                0x1fff8100                cydelay_freq_khz
                0x1fff8104                cydelay_freq_mhz
                0x1fff8108                cydelay_freq_hz
 .data          0x1fff810c        0x1 .\CortexM3\ARM_GCC_541\Debug\Group17Robot.a(ADC.o)
                0x1fff810c                ADC_Config
 *fill*         0x1fff810d        0x3 
 .data.impure_data
                0x1fff8110       0x60 c:/program files (x86)/cypress/psoc creator/4.2/psoc creator/import/gnu/arm/5.4.1/bin/../lib/gcc/arm-none-eabi/5.4.1/../../../../arm-none-eabi/lib/armv7-m\libg_nano.a(lib_a-impure.o)
 .data._impure_ptr
                0x1fff8170        0x4 c:/program files (x86)/cypress/psoc creator/4.2/psoc creator/import/gnu/arm/5.4.1/bin/../lib/gcc/arm-none-eabi/5.4.1/../../../../arm-none-eabi/lib/armv7-m\libg_nano.a(lib_a-impure.o)
                0x1fff8170                _impure_ptr
 .data.lconv    0x1fff8174       0x38 c:/program files (x86)/cypress/psoc creator/4.2/psoc creator/import/gnu/arm/5.4.1/bin/../lib/gcc/arm-none-eabi/5.4.1/../../../../arm-none-eabi/lib/armv7-m\libg_nano.a(lib_a-locale.o)
                0x1fff81b0                . = ALIGN (0x8)
 *fill*         0x1fff81ac        0x4 
 *(.ram)
                0x1fff81b0                _edata = .

.igot.plt       0x1fff81b0        0x0 load address 0x000059b8
 .igot.plt      0x1fff81b0        0x0 c:/program files (x86)/cypress/psoc creator/4.2/psoc creator/import/gnu/arm/5.4.1/bin/../lib/gcc/arm-none-eabi/5.4.1/armv7-m/crtbegin.o

.bss            0x1fff81b0      0x1b8 load address 0x000059b8
                0x1fff81b0                PROVIDE (__bss_start__, .)
 *(.shbss)
 *(.bss .bss.* .gnu.linkonce.b.*)
 .bss           0x1fff81b0       0x1c c:/program files (x86)/cypress/psoc creator/4.2/psoc creator/import/gnu/arm/5.4.1/bin/../lib/gcc/arm-none-eabi/5.4.1/armv7-m/crtbegin.o
 .bss           0x1fff81cc       0x68 .\CortexM3\ARM_GCC_541\Debug\main.o
                0x1fff81cc                beginNavigation
                0x1fff81d0                puckConstructionPlan
                0x1fff81dc                colour_sensing_algorithm
                0x1fff81e0                idac_value
                0x1fff81e4                moving
                0x1fff81e8                currentPosition
                0x1fff81f0                puckWestClearance
                0x1fff81f2                puckEastClearance
                0x1fff81f4                blockWestClearance
                0x1fff81f6                blockEastClearance
                0x1fff81f8                horizontalPuckGrid
                0x1fff81fc                currentPuckStackSize
                0x1fff8200                turningRightFlag
                0x1fff8202                turningLeftFlag
                0x1fff8204                drivingBackwardFlag
                0x1fff8206                drivingForwardFlag
                0x1fff8208                block_edge_location
                0x1fff8218                sweeping
                0x1fff821c                puckRackColours
                0x1fff8230                currentPuckRackScanningIndex
 .bss           0x1fff8234       0x3c .\CortexM3\ARM_GCC_541\Debug\ultrasonic.o
                0x1fff8234                count
                0x1fff8238                ultrasonic_distances_mm
                0x1fff824c                puck_start
                0x1fff8250                block_start
                0x1fff8254                ultrasonic_distances
                0x1fff8268                distance_measured
                0x1fff826c                i
 .bss           0x1fff8270        0x1 .\CortexM3\ARM_GCC_541\Debug\Group17Robot.a(TIA_1.o)
                0x1fff8270                TIA_1_initVar
 .bss           0x1fff8271        0x2 .\CortexM3\ARM_GCC_541\Debug\Group17Robot.a(UART_1.o)
                0x1fff8271                UART_1_initVar
 *fill*         0x1fff8273        0x1 
 .bss           0x1fff8274       0x18 .\CortexM3\ARM_GCC_541\Debug\Group17Robot.a(ADC.o)
                0x1fff8284                ADC_stopConversion
                0x1fff8285                ADC_convDone
                0x1fff8286                ADC_initVar
                0x1fff8287                ADC_started
                0x1fff8288                ADC_Offset
 .bss           0x1fff828c        0x1 .\CortexM3\ARM_GCC_541\Debug\Group17Robot.a(IDAC8_1.o)
                0x1fff828c                IDAC8_1_initVar
 .bss           0x1fff828d        0x1 .\CortexM3\ARM_GCC_541\Debug\Group17Robot.a(Timer_1.o)
                0x1fff828d                Timer_1_initVar
 .bss           0x1fff828e        0x1 .\CortexM3\ARM_GCC_541\Debug\Group17Robot.a(Gripper_Servo_PWM.o)
                0x1fff828e                Gripper_Servo_PWM_initVar
 *fill*         0x1fff828f        0x1 
 .bss           0x1fff8290        0x1 .\CortexM3\ARM_GCC_541\Debug\Group17Robot.a(Gripper_Servo_PWM_PM.o)
 .bss           0x1fff8291        0x1 .\CortexM3\ARM_GCC_541\Debug\Group17Robot.a(Rack_Servo_PWM.o)
                0x1fff8291                Rack_Servo_PWM_initVar
 *fill*         0x1fff8292        0x2 
 .bss           0x1fff8294        0x1 .\CortexM3\ARM_GCC_541\Debug\Group17Robot.a(Rack_Servo_PWM_PM.o)
 .bss           0x1fff8295        0x1 .\CortexM3\ARM_GCC_541\Debug\Group17Robot.a(Motor_Left_Decoder.o)
                0x1fff8295                Motor_Left_Decoder_initVar
 .bss           0x1fff8296        0x1 .\CortexM3\ARM_GCC_541\Debug\Group17Robot.a(Motor_Right_Decoder.o)
                0x1fff8296                Motor_Right_Decoder_initVar
 .bss           0x1fff8297        0x1 .\CortexM3\ARM_GCC_541\Debug\Group17Robot.a(Motor_Left_Driver.o)
                0x1fff8297                Motor_Left_Driver_initVar
 .bss           0x1fff8298        0x5 .\CortexM3\ARM_GCC_541\Debug\Group17Robot.a(Motor_Left_Driver_PM.o)
 .bss           0x1fff829d        0x1 .\CortexM3\ARM_GCC_541\Debug\Group17Robot.a(Motor_Right_Driver.o)
                0x1fff829d                Motor_Right_Driver_initVar
 *fill*         0x1fff829e        0x2 
 .bss           0x1fff82a0        0x5 .\CortexM3\ARM_GCC_541\Debug\Group17Robot.a(Motor_Right_Driver_PM.o)
 .bss           0x1fff82a5        0x1 .\CortexM3\ARM_GCC_541\Debug\Group17Robot.a(Motor_Left_Decoder_Cnt16.o)
                0x1fff82a5                Motor_Left_Decoder_Cnt16_initVar
 .bss           0x1fff82a6        0x1 .\CortexM3\ARM_GCC_541\Debug\Group17Robot.a(Motor_Right_Decoder_Cnt16.o)
                0x1fff82a6                Motor_Right_Decoder_Cnt16_initVar
 *fill*         0x1fff82a7        0x1 
 .bss.__malloc_sbrk_start
                0x1fff82a8        0x4 c:/program files (x86)/cypress/psoc creator/4.2/psoc creator/import/gnu/arm/5.4.1/bin/../lib/gcc/arm-none-eabi/5.4.1/../../../../arm-none-eabi/lib/armv7-m\libg_nano.a(lib_a-nano-mallocr.o)
                0x1fff82a8                __malloc_sbrk_start
 .bss.__malloc_free_list
                0x1fff82ac        0x4 c:/program files (x86)/cypress/psoc creator/4.2/psoc creator/import/gnu/arm/5.4.1/bin/../lib/gcc/arm-none-eabi/5.4.1/../../../../arm-none-eabi/lib/armv7-m\libg_nano.a(lib_a-nano-mallocr.o)
                0x1fff82ac                __malloc_free_list
 *(COMMON)
 COMMON         0x1fff82b0       0x54 .\CortexM3\ARM_GCC_541\Debug\main.o
                0x1fff82b0                moveRightAllowed
                0x1fff82b4                output
                0x1fff82d4                desiredOrientation
                0x1fff82d8                moveForwardAllowed
                0x1fff82dc                pathPastBlock
                0x1fff82e0                driveStraightEnable
                0x1fff82e4                distance_returned_global
                0x1fff82e8                ultrasonic_flag
                0x1fff82ec                moveBackwardAllowed
                0x1fff82f0                pathToPucks
                0x1fff82f4                puckPileLocation
                0x1fff82f8                moveLeftAllowed
                0x1fff82fc                desiredPosition
 COMMON         0x1fff8304       0x54 .\CortexM3\ARM_GCC_541\Debug\colour.o
                0x1fff8304                test_white
                0x1fff8308                test_red
                0x1fff830c                ambient_current
                0x1fff8310                input_current
                0x1fff8314                colour_output
                0x1fff8318                ambient_green
                0x1fff831c                ambient_white
                0x1fff8320                ambient_red
                0x1fff8324                test_blue
                0x1fff8328                ambient_blue
                0x1fff832c                pd_voltage
                0x1fff8330                stored
                0x1fff8354                test_green
 COMMON         0x1fff8358        0x4 .\CortexM3\ARM_GCC_541\Debug\ultrasonic.o
                0x1fff8358                ultrasonic_mux_control
 COMMON         0x1fff835c        0x4 .\CortexM3\ARM_GCC_541\Debug\Group17Robot.a(ADC.o)
                0x1fff835c                ADC_CountsPerVolt
 COMMON         0x1fff8360        0x4 c:/program files (x86)/cypress/psoc creator/4.2/psoc creator/import/gnu/arm/5.4.1/bin/../lib/gcc/arm-none-eabi/5.4.1/../../../../arm-none-eabi/lib/armv7-m\libg_nano.a(lib_a-reent.o)
                0x1fff8360                errno
                0x1fff8368                . = ALIGN (0x8)
 *fill*         0x1fff8364        0x4 
 *(.ram.b)
                0x1fff8368                _end = .
                0x1fff8368                __end = .
                0x1fff8368                PROVIDE (end, .)
                0x1fff8368                PROVIDE (__bss_end__, .)
                0x000058d0                __cy_region_init_ram = LOADADDR (.data)
                0x000000e8                __cy_region_init_size_ram = (_edata - ADDR (.data))
                0x000001b8                __cy_region_zero_size_ram = (_end - _edata)

.heap           0x1fff8368      0x200 load address 0x000059b8
                0x1fff8368                . = _end
                0x1fff8568                . = (. + 0x200)
 *fill*         0x1fff8368      0x200 
                0x1fff8568                __cy_heap_limit = .

.stack          0x20007800      0x800
                0x20007800                __cy_stack_limit = .
                0x20008000                . = (. + 0x800)
 *fill*         0x20007800      0x800 
                0x00000001                ASSERT ((__cy_stack_limit >= __cy_heap_limit), region RAM overflowed with stack)
                0x00000000                cy_checksum_exclude_size = (CY_APPL_LOADABLE == 0x1)?SIZEOF (.cy_checksum_exclude):0x0
                0x00000001                ASSERT ((cy_checksum_exclude_size <= CY_CHECKSUM_EXCLUDE_SIZE), CY_BOOT: Section .cy_checksum_exclude size exceedes specified limit.)

.cyloadermeta
 *(.cyloadermeta)

.cyloadablemeta
 *(.cyloadablemeta)

.cyconfigecc    0x80000000     0x1070
 *(.cyconfigecc)
 .cyconfigecc   0x80000000     0x1070 .\CortexM3\ARM_GCC_541\Debug\cymetadata.o
                0x80000000                cy_meta_configecc

.cycustnvl      0x90000000        0x4
 *(.cycustnvl)
 .cycustnvl     0x90000000        0x4 .\CortexM3\ARM_GCC_541\Debug\cymetadata.o
                0x90000000                cy_meta_custnvl

.cywolatch      0x90100000        0x4
 *(.cywolatch)
 .cywolatch     0x90100000        0x4 .\CortexM3\ARM_GCC_541\Debug\cymetadata.o
                0x90100000                cy_meta_wonvl

.cyeeprom       0x90200000        0x0
 *(.cyeeprom)
                0x00000001                ASSERT ((. <= ((0x90200000 + ee_offset) + ee_size)), .cyeeprom data will not fit in EEPROM)

.cyflashprotect
                0x90400000      0x100
 *(.cyflashprotect)
 .cyflashprotect
                0x90400000      0x100 .\CortexM3\ARM_GCC_541\Debug\cymetadata.o
                0x90400000                cy_meta_flashprotect

.cymeta         0x90500000        0xc
 *(.cymeta)
 .cymeta        0x90500000        0xc .\CortexM3\ARM_GCC_541\Debug\cymetadata.o
                0x90500000                cy_metadata

.rel.dyn        0x000059b8        0x0 load address 0x9050000c
 .rel.iplt      0x000059b8        0x0 c:/program files (x86)/cypress/psoc creator/4.2/psoc creator/import/gnu/arm/5.4.1/bin/../lib/gcc/arm-none-eabi/5.4.1/armv7-m/crtbegin.o

.stab
 *(.stab)

.stabstr
 *(.stabstr)

.debug
 *(.debug)

.line
 *(.line)

.debug_srcinfo
 *(.debug_srcinfo)

.debug_sfnames
 *(.debug_sfnames)

.debug_aranges  0x00000000     0x1320
 *(.debug_aranges)
 .debug_aranges
                0x00000000       0x58 .\CortexM3\ARM_GCC_541\Debug\main.o
 .debug_aranges
                0x00000058       0x38 .\CortexM3\ARM_GCC_541\Debug\colour.o
 .debug_aranges
                0x00000090       0x48 .\CortexM3\ARM_GCC_541\Debug\ultrasonic.o
 .debug_aranges
                0x000000d8       0x50 .\CortexM3\ARM_GCC_541\Debug\servo.o
 .debug_aranges
                0x00000128       0x28 .\CortexM3\ARM_GCC_541\Debug\customMath.o
 .debug_aranges
                0x00000150       0x30 .\CortexM3\ARM_GCC_541\Debug\mishamotor.o
 .debug_aranges
                0x00000180       0x58 .\CortexM3\ARM_GCC_541\Debug\cyfitter_cfg.o
 .debug_aranges
                0x000001d8       0x18 .\CortexM3\ARM_GCC_541\Debug\cymetadata.o
 .debug_aranges
                0x000001f0       0x48 .\CortexM3\ARM_GCC_541\Debug\Cm3Start.o
 .debug_aranges
                0x00000238       0x50 .\CortexM3\ARM_GCC_541\Debug\Group17Robot.a(TIA_1.o)
 .debug_aranges
                0x00000288      0x2a0 .\CortexM3\ARM_GCC_541\Debug\Group17Robot.a(CyLib.o)
 .debug_aranges
                0x00000528       0x98 .\CortexM3\ARM_GCC_541\Debug\Group17Robot.a(cyPm.o)
 .debug_aranges
                0x000005c0       0xf0 .\CortexM3\ARM_GCC_541\Debug\Group17Robot.a(UART_1.o)
 .debug_aranges
                0x000006b0       0x70 .\CortexM3\ARM_GCC_541\Debug\Group17Robot.a(UART_1_IntClock.o)
 .debug_aranges
                0x00000720       0xe8 .\CortexM3\ARM_GCC_541\Debug\Group17Robot.a(ADC.o)
 .debug_aranges
                0x00000808       0x38 .\CortexM3\ARM_GCC_541\Debug\Group17Robot.a(ADC_INT.o)
 .debug_aranges
                0x00000840       0x70 .\CortexM3\ARM_GCC_541\Debug\Group17Robot.a(ADC_Ext_CP_Clk.o)
 .debug_aranges
                0x000008b0       0x80 .\CortexM3\ARM_GCC_541\Debug\Group17Robot.a(ADC_theACLK.o)
 .debug_aranges
                0x00000930       0x60 .\CortexM3\ARM_GCC_541\Debug\Group17Robot.a(IDAC8_1.o)
 .debug_aranges
                0x00000990       0x98 .\CortexM3\ARM_GCC_541\Debug\Group17Robot.a(Timer_1.o)
 .debug_aranges
                0x00000a28       0x38 .\CortexM3\ARM_GCC_541\Debug\Group17Robot.a(Trigger_1.o)
 .debug_aranges
                0x00000a60       0x38 .\CortexM3\ARM_GCC_541\Debug\Group17Robot.a(Trigger_2.o)
 .debug_aranges
                0x00000a98       0x38 .\CortexM3\ARM_GCC_541\Debug\Group17Robot.a(Trigger_3.o)
 .debug_aranges
                0x00000ad0       0x38 .\CortexM3\ARM_GCC_541\Debug\Group17Robot.a(Trigger_4.o)
 .debug_aranges
                0x00000b08       0x38 .\CortexM3\ARM_GCC_541\Debug\Group17Robot.a(Trigger_5.o)
 .debug_aranges
                0x00000b40       0x28 .\CortexM3\ARM_GCC_541\Debug\Group17Robot.a(Ultrasonic_Mux_Control.o)
 .debug_aranges
                0x00000b68       0x78 .\CortexM3\ARM_GCC_541\Debug\Group17Robot.a(Gripper_Servo_PWM.o)
 .debug_aranges
                0x00000be0       0x38 .\CortexM3\ARM_GCC_541\Debug\Group17Robot.a(Gripper_Servo_PWM_PM.o)
 .debug_aranges
                0x00000c18       0x78 .\CortexM3\ARM_GCC_541\Debug\Group17Robot.a(Rack_Servo_PWM.o)
 .debug_aranges
                0x00000c90       0x38 .\CortexM3\ARM_GCC_541\Debug\Group17Robot.a(Rack_Servo_PWM_PM.o)
 .debug_aranges
                0x00000cc8       0x28 .\CortexM3\ARM_GCC_541\Debug\Group17Robot.a(control_led.o)
 .debug_aranges
                0x00000cf0       0x28 .\CortexM3\ARM_GCC_541\Debug\Group17Robot.a(control_photodiode.o)
 .debug_aranges
                0x00000d18       0x80 .\CortexM3\ARM_GCC_541\Debug\Group17Robot.a(Start.o)
 .debug_aranges
                0x00000d98       0x80 .\CortexM3\ARM_GCC_541\Debug\Group17Robot.a(Sonic.o)
 .debug_aranges
                0x00000e18       0x60 .\CortexM3\ARM_GCC_541\Debug\Group17Robot.a(Motor_Left_Decoder.o)
 .debug_aranges
                0x00000e78       0x60 .\CortexM3\ARM_GCC_541\Debug\Group17Robot.a(Motor_Right_Decoder.o)
 .debug_aranges
                0x00000ed8       0x98 .\CortexM3\ARM_GCC_541\Debug\Group17Robot.a(Motor_Left_Driver.o)
 .debug_aranges
                0x00000f70       0x38 .\CortexM3\ARM_GCC_541\Debug\Group17Robot.a(Motor_Left_Driver_PM.o)
 .debug_aranges
                0x00000fa8       0x98 .\CortexM3\ARM_GCC_541\Debug\Group17Robot.a(Motor_Right_Driver.o)
 .debug_aranges
                0x00001040       0x38 .\CortexM3\ARM_GCC_541\Debug\Group17Robot.a(Motor_Right_Driver_PM.o)
 .debug_aranges
                0x00001078       0x28 .\CortexM3\ARM_GCC_541\Debug\Group17Robot.a(Motor_Left_Control.o)
 .debug_aranges
                0x000010a0       0x28 .\CortexM3\ARM_GCC_541\Debug\Group17Robot.a(Motor_Right_Control.o)
 .debug_aranges
                0x000010c8       0x98 .\CortexM3\ARM_GCC_541\Debug\Group17Robot.a(Motor_Left_Decoder_Cnt16.o)
 .debug_aranges
                0x00001160       0x98 .\CortexM3\ARM_GCC_541\Debug\Group17Robot.a(Motor_Right_Decoder_Cnt16.o)
 .debug_aranges
                0x000011f8       0x20 .\CortexM3\ARM_GCC_541\Debug\Group17Robot.a(CyBootAsmGnu.o)
 .debug_aranges
                0x00001218       0x88 .\CortexM3\ARM_GCC_541\Debug\Group17Robot.a(CyFlash.o)
 .debug_aranges
                0x000012a0       0x80 .\CortexM3\ARM_GCC_541\Debug\Group17Robot.a(CySpc.o)

.debug_pubnames
 *(.debug_pubnames)

.debug_info     0x00000000     0xb30e
 *(.debug_info .gnu.linkonce.wi.*)
 .debug_info    0x00000000     0x15a1 .\CortexM3\ARM_GCC_541\Debug\main.o
 .debug_info    0x000015a1      0x658 .\CortexM3\ARM_GCC_541\Debug\colour.o
 .debug_info    0x00001bf9      0x5ef .\CortexM3\ARM_GCC_541\Debug\ultrasonic.o
 .debug_info    0x000021e8      0x4d5 .\CortexM3\ARM_GCC_541\Debug\servo.o
 .debug_info    0x000026bd      0x22c .\CortexM3\ARM_GCC_541\Debug\customMath.o
 .debug_info    0x000028e9      0x5e3 .\CortexM3\ARM_GCC_541\Debug\mishamotor.o
 .debug_info    0x00002ecc      0x651 .\CortexM3\ARM_GCC_541\Debug\cyfitter_cfg.o
 .debug_info    0x0000351d      0x139 .\CortexM3\ARM_GCC_541\Debug\cymetadata.o
 .debug_info    0x00003656      0x3bb .\CortexM3\ARM_GCC_541\Debug\Cm3Start.o
 .debug_info    0x00003a11      0x1d6 .\CortexM3\ARM_GCC_541\Debug\Group17Robot.a(TIA_1.o)
 .debug_info    0x00003be7     0x1374 .\CortexM3\ARM_GCC_541\Debug\Group17Robot.a(CyLib.o)
 .debug_info    0x00004f5b      0xa2a .\CortexM3\ARM_GCC_541\Debug\Group17Robot.a(cyPm.o)
 .debug_info    0x00005985      0x60c .\CortexM3\ARM_GCC_541\Debug\Group17Robot.a(UART_1.o)
 .debug_info    0x00005f91      0x283 .\CortexM3\ARM_GCC_541\Debug\Group17Robot.a(UART_1_IntClock.o)
 .debug_info    0x00006214      0xb94 .\CortexM3\ARM_GCC_541\Debug\Group17Robot.a(ADC.o)
 .debug_info    0x00006da8       0xd3 .\CortexM3\ARM_GCC_541\Debug\Group17Robot.a(ADC_INT.o)
 .debug_info    0x00006e7b      0x283 .\CortexM3\ARM_GCC_541\Debug\Group17Robot.a(ADC_Ext_CP_Clk.o)
 .debug_info    0x000070fe      0x2c4 .\CortexM3\ARM_GCC_541\Debug\Group17Robot.a(ADC_theACLK.o)
 .debug_info    0x000073c2      0x20a .\CortexM3\ARM_GCC_541\Debug\Group17Robot.a(IDAC8_1.o)
 .debug_info    0x000075cc      0x328 .\CortexM3\ARM_GCC_541\Debug\Group17Robot.a(Timer_1.o)
 .debug_info    0x000078f4      0x11f .\CortexM3\ARM_GCC_541\Debug\Group17Robot.a(Trigger_1.o)
 .debug_info    0x00007a13      0x11f .\CortexM3\ARM_GCC_541\Debug\Group17Robot.a(Trigger_2.o)
 .debug_info    0x00007b32      0x11f .\CortexM3\ARM_GCC_541\Debug\Group17Robot.a(Trigger_3.o)
 .debug_info    0x00007c51      0x11f .\CortexM3\ARM_GCC_541\Debug\Group17Robot.a(Trigger_4.o)
 .debug_info    0x00007d70      0x11f .\CortexM3\ARM_GCC_541\Debug\Group17Robot.a(Trigger_5.o)
 .debug_info    0x00007e8f       0xd6 .\CortexM3\ARM_GCC_541\Debug\Group17Robot.a(Ultrasonic_Mux_Control.o)
 .debug_info    0x00007f65      0x281 .\CortexM3\ARM_GCC_541\Debug\Group17Robot.a(Gripper_Servo_PWM.o)
 .debug_info    0x000081e6      0x153 .\CortexM3\ARM_GCC_541\Debug\Group17Robot.a(Gripper_Servo_PWM_PM.o)
 .debug_info    0x00008339      0x281 .\CortexM3\ARM_GCC_541\Debug\Group17Robot.a(Rack_Servo_PWM.o)
 .debug_info    0x000085ba      0x153 .\CortexM3\ARM_GCC_541\Debug\Group17Robot.a(Rack_Servo_PWM_PM.o)
 .debug_info    0x0000870d       0xd6 .\CortexM3\ARM_GCC_541\Debug\Group17Robot.a(control_led.o)
 .debug_info    0x000087e3       0xd6 .\CortexM3\ARM_GCC_541\Debug\Group17Robot.a(control_photodiode.o)
 .debug_info    0x000088b9      0x2d2 .\CortexM3\ARM_GCC_541\Debug\Group17Robot.a(Start.o)
 .debug_info    0x00008b8b      0x2d2 .\CortexM3\ARM_GCC_541\Debug\Group17Robot.a(Sonic.o)
 .debug_info    0x00008e5d      0x2d4 .\CortexM3\ARM_GCC_541\Debug\Group17Robot.a(Motor_Left_Decoder.o)
 .debug_info    0x00009131      0x2d4 .\CortexM3\ARM_GCC_541\Debug\Group17Robot.a(Motor_Right_Decoder.o)
 .debug_info    0x00009405      0x334 .\CortexM3\ARM_GCC_541\Debug\Group17Robot.a(Motor_Left_Driver.o)
 .debug_info    0x00009739      0x217 .\CortexM3\ARM_GCC_541\Debug\Group17Robot.a(Motor_Left_Driver_PM.o)
 .debug_info    0x00009950      0x334 .\CortexM3\ARM_GCC_541\Debug\Group17Robot.a(Motor_Right_Driver.o)
 .debug_info    0x00009c84      0x217 .\CortexM3\ARM_GCC_541\Debug\Group17Robot.a(Motor_Right_Driver_PM.o)
 .debug_info    0x00009e9b       0xd6 .\CortexM3\ARM_GCC_541\Debug\Group17Robot.a(Motor_Left_Control.o)
 .debug_info    0x00009f71       0xd6 .\CortexM3\ARM_GCC_541\Debug\Group17Robot.a(Motor_Right_Control.o)
 .debug_info    0x0000a047      0x348 .\CortexM3\ARM_GCC_541\Debug\Group17Robot.a(Motor_Left_Decoder_Cnt16.o)
 .debug_info    0x0000a38f      0x348 .\CortexM3\ARM_GCC_541\Debug\Group17Robot.a(Motor_Right_Decoder_Cnt16.o)
 .debug_info    0x0000a6d7       0x9a .\CortexM3\ARM_GCC_541\Debug\Group17Robot.a(CyBootAsmGnu.o)
 .debug_info    0x0000a771      0x64d .\CortexM3\ARM_GCC_541\Debug\Group17Robot.a(CyFlash.o)
 .debug_info    0x0000adbe      0x550 .\CortexM3\ARM_GCC_541\Debug\Group17Robot.a(CySpc.o)

.debug_abbrev   0x00000000     0x324d
 *(.debug_abbrev)
 .debug_abbrev  0x00000000      0x1bb .\CortexM3\ARM_GCC_541\Debug\main.o
 .debug_abbrev  0x000001bb      0x169 .\CortexM3\ARM_GCC_541\Debug\colour.o
 .debug_abbrev  0x00000324      0x150 .\CortexM3\ARM_GCC_541\Debug\ultrasonic.o
 .debug_abbrev  0x00000474      0x12b .\CortexM3\ARM_GCC_541\Debug\servo.o
 .debug_abbrev  0x0000059f       0xc6 .\CortexM3\ARM_GCC_541\Debug\customMath.o
 .debug_abbrev  0x00000665      0x117 .\CortexM3\ARM_GCC_541\Debug\mishamotor.o
 .debug_abbrev  0x0000077c      0x20d .\CortexM3\ARM_GCC_541\Debug\cyfitter_cfg.o
 .debug_abbrev  0x00000989       0x77 .\CortexM3\ARM_GCC_541\Debug\cymetadata.o
 .debug_abbrev  0x00000a00      0x1e8 .\CortexM3\ARM_GCC_541\Debug\Cm3Start.o
 .debug_abbrev  0x00000be8       0xf7 .\CortexM3\ARM_GCC_541\Debug\Group17Robot.a(TIA_1.o)
 .debug_abbrev  0x00000cdf      0x254 .\CortexM3\ARM_GCC_541\Debug\Group17Robot.a(CyLib.o)
 .debug_abbrev  0x00000f33      0x1ab .\CortexM3\ARM_GCC_541\Debug\Group17Robot.a(cyPm.o)
 .debug_abbrev  0x000010de      0x175 .\CortexM3\ARM_GCC_541\Debug\Group17Robot.a(UART_1.o)
 .debug_abbrev  0x00001253      0x139 .\CortexM3\ARM_GCC_541\Debug\Group17Robot.a(UART_1_IntClock.o)
 .debug_abbrev  0x0000138c      0x1eb .\CortexM3\ARM_GCC_541\Debug\Group17Robot.a(ADC.o)
 .debug_abbrev  0x00001577       0x42 .\CortexM3\ARM_GCC_541\Debug\Group17Robot.a(ADC_INT.o)
 .debug_abbrev  0x000015b9      0x139 .\CortexM3\ARM_GCC_541\Debug\Group17Robot.a(ADC_Ext_CP_Clk.o)
 .debug_abbrev  0x000016f2      0x121 .\CortexM3\ARM_GCC_541\Debug\Group17Robot.a(ADC_theACLK.o)
 .debug_abbrev  0x00001813      0x106 .\CortexM3\ARM_GCC_541\Debug\Group17Robot.a(IDAC8_1.o)
 .debug_abbrev  0x00001919      0x13a .\CortexM3\ARM_GCC_541\Debug\Group17Robot.a(Timer_1.o)
 .debug_abbrev  0x00001a53       0x90 .\CortexM3\ARM_GCC_541\Debug\Group17Robot.a(Trigger_1.o)
 .debug_abbrev  0x00001ae3       0x90 .\CortexM3\ARM_GCC_541\Debug\Group17Robot.a(Trigger_2.o)
 .debug_abbrev  0x00001b73       0x90 .\CortexM3\ARM_GCC_541\Debug\Group17Robot.a(Trigger_3.o)
 .debug_abbrev  0x00001c03       0x90 .\CortexM3\ARM_GCC_541\Debug\Group17Robot.a(Trigger_4.o)
 .debug_abbrev  0x00001c93       0x90 .\CortexM3\ARM_GCC_541\Debug\Group17Robot.a(Trigger_5.o)
 .debug_abbrev  0x00001d23       0x81 .\CortexM3\ARM_GCC_541\Debug\Group17Robot.a(Ultrasonic_Mux_Control.o)
 .debug_abbrev  0x00001da4      0x12d .\CortexM3\ARM_GCC_541\Debug\Group17Robot.a(Gripper_Servo_PWM.o)
 .debug_abbrev  0x00001ed1       0xc4 .\CortexM3\ARM_GCC_541\Debug\Group17Robot.a(Gripper_Servo_PWM_PM.o)
 .debug_abbrev  0x00001f95      0x12d .\CortexM3\ARM_GCC_541\Debug\Group17Robot.a(Rack_Servo_PWM.o)
 .debug_abbrev  0x000020c2       0xc4 .\CortexM3\ARM_GCC_541\Debug\Group17Robot.a(Rack_Servo_PWM_PM.o)
 .debug_abbrev  0x00002186       0x81 .\CortexM3\ARM_GCC_541\Debug\Group17Robot.a(control_led.o)
 .debug_abbrev  0x00002207       0x81 .\CortexM3\ARM_GCC_541\Debug\Group17Robot.a(control_photodiode.o)
 .debug_abbrev  0x00002288      0x173 .\CortexM3\ARM_GCC_541\Debug\Group17Robot.a(Start.o)
 .debug_abbrev  0x000023fb      0x173 .\CortexM3\ARM_GCC_541\Debug\Group17Robot.a(Sonic.o)