Archive member included to satisfy reference by file (symbol)

.\CortexM3\ARM_GCC_541\Debug\Group17Robot.a(TIA_1.o)
                              .\CortexM3\ARM_GCC_541\Debug\main.o (TIA_1_Start)
.\CortexM3\ARM_GCC_541\Debug\Group17Robot.a(CyLib.o)
                              .\CortexM3\ARM_GCC_541\Debug\Cm3Start.o (CyHalt)
.\CortexM3\ARM_GCC_541\Debug\Group17Robot.a(cyPm.o)
                              .\CortexM3\ARM_GCC_541\Debug\Group17Robot.a(CyLib.o) (CyPmReadStatus)
.\CortexM3\ARM_GCC_541\Debug\Group17Robot.a(UART_1.o)
                              .\CortexM3\ARM_GCC_541\Debug\main.o (UART_1_Start)
.\CortexM3\ARM_GCC_541\Debug\Group17Robot.a(UART_1_IntClock.o)
                              .\CortexM3\ARM_GCC_541\Debug\Group17Robot.a(UART_1.o) (UART_1_IntClock_Start)
.\CortexM3\ARM_GCC_541\Debug\Group17Robot.a(ADC.o)
                              .\CortexM3\ARM_GCC_541\Debug\main.o (ADC_Start)
.\CortexM3\ARM_GCC_541\Debug\Group17Robot.a(ADC_INT.o)
                              .\CortexM3\ARM_GCC_541\Debug\Group17Robot.a(ADC.o) (ADC_ISR1)
.\CortexM3\ARM_GCC_541\Debug\Group17Robot.a(ADC_Ext_CP_Clk.o)
                              .\CortexM3\ARM_GCC_541\Debug\Group17Robot.a(ADC.o) (ADC_Ext_CP_Clk_SetModeRegister)
.\CortexM3\ARM_GCC_541\Debug\Group17Robot.a(ADC_theACLK.o)
                              .\CortexM3\ARM_GCC_541\Debug\Group17Robot.a(ADC.o) (ADC_theACLK_SetModeRegister)
.\CortexM3\ARM_GCC_541\Debug\Group17Robot.a(IDAC8_1.o)
                              .\CortexM3\ARM_GCC_541\Debug\main.o (IDAC8_1_SetValue)
.\CortexM3\ARM_GCC_541\Debug\Group17Robot.a(Timer_1.o)
                              .\CortexM3\ARM_GCC_541\Debug\ultrasonic.o (Timer_1_Stop)
.\CortexM3\ARM_GCC_541\Debug\Group17Robot.a(Trigger_1.o)
                              .\CortexM3\ARM_GCC_541\Debug\ultrasonic.o (Trigger_1_Write)
.\CortexM3\ARM_GCC_541\Debug\Group17Robot.a(Trigger_2.o)
                              .\CortexM3\ARM_GCC_541\Debug\ultrasonic.o (Trigger_2_Write)
.\CortexM3\ARM_GCC_541\Debug\Group17Robot.a(Trigger_3.o)
                              .\CortexM3\ARM_GCC_541\Debug\ultrasonic.o (Trigger_3_Write)
.\CortexM3\ARM_GCC_541\Debug\Group17Robot.a(Trigger_4.o)
                              .\CortexM3\ARM_GCC_541\Debug\ultrasonic.o (Trigger_4_Write)
.\CortexM3\ARM_GCC_541\Debug\Group17Robot.a(Trigger_5.o)
                              .\CortexM3\ARM_GCC_541\Debug\ultrasonic.o (Trigger_5_Write)
.\CortexM3\ARM_GCC_541\Debug\Group17Robot.a(Ultrasonic_Mux_Control.o)
                              .\CortexM3\ARM_GCC_541\Debug\ultrasonic.o (Ultrasonic_Mux_Control_Write)
.\CortexM3\ARM_GCC_541\Debug\Group17Robot.a(Motor_2_driver.o)
                              .\CortexM3\ARM_GCC_541\Debug\dcmotor.o (Motor_2_driver_WriteCompare1)
.\CortexM3\ARM_GCC_541\Debug\Group17Robot.a(Motor_1_driver.o)
                              .\CortexM3\ARM_GCC_541\Debug\dcmotor.o (Motor_1_driver_WriteCompare1)
.\CortexM3\ARM_GCC_541\Debug\Group17Robot.a(Motor_2_Encoder_Counts.o)
                              .\CortexM3\ARM_GCC_541\Debug\dcmotor.o (Motor_2_Encoder_Counts_Stop)
.\CortexM3\ARM_GCC_541\Debug\Group17Robot.a(Motor_1_Encoder_Counts.o)
                              .\CortexM3\ARM_GCC_541\Debug\dcmotor.o (Motor_1_Encoder_Counts_Stop)
.\CortexM3\ARM_GCC_541\Debug\Group17Robot.a(Gripper_Servo_PWM.o)
                              .\CortexM3\ARM_GCC_541\Debug\servo.o (Gripper_Servo_PWM_WriteCompare)
.\CortexM3\ARM_GCC_541\Debug\Group17Robot.a(Rack_Servo_PWM.o)
                              .\CortexM3\ARM_GCC_541\Debug\servo.o (Rack_Servo_PWM_WriteCompare)
.\CortexM3\ARM_GCC_541\Debug\Group17Robot.a(control_led.o)
                              .\CortexM3\ARM_GCC_541\Debug\main.o (control_led_Write)
.\CortexM3\ARM_GCC_541\Debug\Group17Robot.a(Start.o)
                              .\CortexM3\ARM_GCC_541\Debug\main.o (Start_StartEx)
.\CortexM3\ARM_GCC_541\Debug\Group17Robot.a(Sonic.o)
                              .\CortexM3\ARM_GCC_541\Debug\main.o (Sonic_StartEx)
.\CortexM3\ARM_GCC_541\Debug\Group17Robot.a(Gripper_Servo_Disable.o)
                              .\CortexM3\ARM_GCC_541\Debug\servo.o (Gripper_Servo_Disable_Write)
.\CortexM3\ARM_GCC_541\Debug\Group17Robot.a(Encoder_Counts_1_Interrupt.o)
                              .\CortexM3\ARM_GCC_541\Debug\main.o (Encoder_Counts_1_Interrupt_StartEx)
.\CortexM3\ARM_GCC_541\Debug\Group17Robot.a(Encoder_Counts_2_Interrupt.o)
                              .\CortexM3\ARM_GCC_541\Debug\main.o (Encoder_Counts_2_Interrupt_StartEx)
.\CortexM3\ARM_GCC_541\Debug\Group17Robot.a(Drift_Check_Timer.o)
                              .\CortexM3\ARM_GCC_541\Debug\main.o (Drift_Check_Timer_Stop)
.\CortexM3\ARM_GCC_541\Debug\Group17Robot.a(Drift_Check_Interrupt.o)
                              .\CortexM3\ARM_GCC_541\Debug\main.o (Drift_Check_Interrupt_StartEx)
.\CortexM3\ARM_GCC_541\Debug\Group17Robot.a(CyBootAsmGnu.o)
[...]
Memory Configuration

Name             Origin             Length             Attributes
rom              0x00000000         0x00040000         xr
ram              0x1fff8000         0x00010000         xrw
*default*        0x00000000         0xffffffff

Linker script and memory map

LOAD c:/program files (x86)/cypress/psoc creator/4.2/psoc creator/import/gnu/arm/5.4.1/bin/../lib/gcc/arm-none-eabi/5.4.1/armv7-m/crti.o
LOAD c:/program files (x86)/cypress/psoc creator/4.2/psoc creator/import/gnu/arm/5.4.1/bin/../lib/gcc/arm-none-eabi/5.4.1/armv7-m/crtbegin.o
LOAD c:/program files (x86)/cypress/psoc creator/4.2/psoc creator/import/gnu/arm/5.4.1/bin/../lib/gcc/arm-none-eabi/5.4.1/../../../../arm-none-eabi/lib/armv7-m/crt0.o
START GROUP
LOAD .\CortexM3\ARM_GCC_541\Debug\main.o
LOAD .\CortexM3\ARM_GCC_541\Debug\colour.o
LOAD .\CortexM3\ARM_GCC_541\Debug\ultrasonic.o
LOAD .\CortexM3\ARM_GCC_541\Debug\dcmotor.o
LOAD .\CortexM3\ARM_GCC_541\Debug\servo.o
LOAD .\CortexM3\ARM_GCC_541\Debug\customMath.o
LOAD .\CortexM3\ARM_GCC_541\Debug\cyfitter_cfg.o
LOAD .\CortexM3\ARM_GCC_541\Debug\cymetadata.o
LOAD .\CortexM3\ARM_GCC_541\Debug\Cm3Start.o
LOAD .\CortexM3\ARM_GCC_541\Debug\Group17Robot.a
LOAD C:\Program Files (x86)\Cypress\PSoC Creator\4.2\PSoC Creator\psoc\content\cycomponentlibrary\CyComponentLibrary.cylib\CortexM3\ARM_GCC_541\Debug\CyComponentLibrary.a
LOAD c:/program files (x86)/cypress/psoc creator/4.2/psoc creator/import/gnu/arm/5.4.1/bin/../lib/gcc/arm-none-eabi/5.4.1/../../../../arm-none-eabi/lib/armv7-m\libm.a
END GROUP
START GROUP
LOAD c:/program files (x86)/cypress/psoc creator/4.2/psoc creator/import/gnu/arm/5.4.1/bin/../lib/gcc/arm-none-eabi/5.4.1/armv7-m\libgcc.a
LOAD c:/program files (x86)/cypress/psoc creator/4.2/psoc creator/import/gnu/arm/5.4.1/bin/../lib/gcc/arm-none-eabi/5.4.1/../../../../arm-none-eabi/lib/armv7-m\libg_nano.a
LOAD c:/program files (x86)/cypress/psoc creator/4.2/psoc creator/import/gnu/arm/5.4.1/bin/../lib/gcc/arm-none-eabi/5.4.1/../../../../arm-none-eabi/lib/armv7-m\libc_nano.a
END GROUP
START GROUP
LOAD c:/program files (x86)/cypress/psoc creator/4.2/psoc creator/import/gnu/arm/5.4.1/bin/../lib/gcc/arm-none-eabi/5.4.1/armv7-m\libgcc.a
LOAD c:/program files (x86)/cypress/psoc creator/4.2/psoc creator/import/gnu/arm/5.4.1/bin/../lib/gcc/arm-none-eabi/5.4.1/../../../../arm-none-eabi/lib/armv7-m\libc_nano.a
END GROUP
LOAD c:/program files (x86)/cypress/psoc creator/4.2/psoc creator/import/gnu/arm/5.4.1/bin/../lib/gcc/arm-none-eabi/5.4.1/armv7-m/crtend.o
LOAD c:/program files (x86)/cypress/psoc creator/4.2/psoc creator/import/gnu/arm/5.4.1/bin/../lib/gcc/arm-none-eabi/5.4.1/armv7-m/crtn.o
START GROUP
LOAD c:/program files (x86)/cypress/psoc creator/4.2/psoc creator/import/gnu/arm/5.4.1/bin/../lib/gcc/arm-none-eabi/5.4.1/armv7-m\libgcc.a
LOAD c:/program files (x86)/cypress/psoc creator/4.2/psoc creator/import/gnu/arm/5.4.1/bin/../lib/gcc/arm-none-eabi/5.4.1/../../../../arm-none-eabi/lib/armv7-m\libc.a
LOAD c:/program files (x86)/cypress/psoc creator/4.2/psoc creator/import/gnu/arm/5.4.1/bin/../lib/gcc/arm-none-eabi/5.4.1/../../../../arm-none-eabi/lib/armv7-m\libnosys.a
END GROUP
                0x00000000                CY_APPL_ORIGIN = 0x0
                0x00000100                CY_FLASH_ROW_SIZE = 0x100
                0x00000020                CY_ECC_ROW_SIZE = 0x20
                0x00000000                CY_EE_IN_BTLDR = 0x0
                0x00000000                CY_APPL_LOADABLE = 0x0
                0x00000800                CY_EE_SIZE = 0x800
                0x00000001                CY_APPL_NUM = 0x1
                0x00000001                CY_APPL_MAX = 0x1
                0x00000040                CY_METADATA_SIZE = 0x40
                0x00000000                CY_APPL_LOADABLE = 0x0
                0x00000000                CY_CHECKSUM_EXCLUDE_SIZE = ALIGN (0x0, CY_FLASH_ROW_SIZE)
                [!provide]                PROVIDE (__cy_heap_start, _end)
                0x00000001                PROVIDE (__cy_region_num, ((__cy_regions_end - __cy_regions) / 0x10))
                0x20008000                PROVIDE (__cy_stack, (ORIGIN (ram) + LENGTH (ram)))
                [!provide]                PROVIDE (__cy_heap_end, (__cy_stack - 0x800))

.cybootloader   0x00000000        0x0
 *(.cybootloader)
                0x00000000                appl1_start = CY_APPL_ORIGIN?CY_APPL_ORIGIN:ALIGN (CY_FLASH_ROW_SIZE)
                0x0001ff00                appl2_start = (appl1_start + ALIGN ((((LENGTH (rom) - appl1_start) - (0x2 * CY_FLASH_ROW_SIZE)) / 0x2), CY_FLASH_ROW_SIZE))
                0x00000000                appl_start = (CY_APPL_NUM == 0x1)?appl1_start:appl2_start
                0x00000000                ecc_offset = ((appl_start / CY_FLASH_ROW_SIZE) * CY_ECC_ROW_SIZE)
                0x00000000                ee_offset = (CY_APPL_LOADABLE && ! (CY_EE_IN_BTLDR))?((CY_EE_SIZE / CY_APPL_MAX) * (CY_APPL_NUM - 0x1)):0x0
                0x00000800                ee_size = (CY_APPL_LOADABLE && ! (CY_EE_IN_BTLDR))?(CY_EE_SIZE / CY_APPL_MAX):CY_EE_SIZE
                [!provide]                PROVIDE (CY_ECC_OFFSET, ecc_offset)

.text           0x00000000     0x6b44
 CREATE_OBJECT_SYMBOLS
                0x00000000                PROVIDE (__cy_interrupt_vector, RomVectors)
 *(.romvectors)
 .romvectors    0x00000000       0x10 .\CortexM3\ARM_GCC_541\Debug\Cm3Start.o
                0x00000000                RomVectors
                0x00000001                ASSERT ((. != __cy_interrupt_vector), No interrupt vector)
                0x00000001                ASSERT (CY_APPL_ORIGIN?(SIZEOF (.cybootloader) <= CY_APPL_ORIGIN):0x1, Wrong image location)
                0x00000010                PROVIDE (__cy_reset, Reset)
 *(.text.Reset)
 .text.Reset    0x00000010       0x18 .\CortexM3\ARM_GCC_541\Debug\Cm3Start.o
                0x00000010                Reset
                0x00000001                ASSERT ((. != __cy_reset), No reset code)
 *(.dma_init)
                0x00000001                ASSERT ((((appl_start + .) <= 0x10000) || 0x1), DMA Init must be within the first 64k of flash)
 *(.text .text.* .gnu.linkonce.t.*)
 .text          0x00000028       0x5c c:/program files (x86)/cypress/psoc creator/4.2/psoc creator/import/gnu/arm/5.4.1/bin/../lib/gcc/arm-none-eabi/5.4.1/armv7-m/crtbegin.o
 .text.Encoder_Counts_1_IH
                0x00000084        0x8 .\CortexM3\ARM_GCC_541\Debug\main.o
                0x00000084                Encoder_Counts_1_IH
 .text.Encoder_Counts_2_IH
                0x0000008c        0x8 .\CortexM3\ARM_GCC_541\Debug\main.o
                0x0000008c                Encoder_Counts_2_IH
 .text.Drift_Check_IH
                0x00000094       0x28 .\CortexM3\ARM_GCC_541\Debug\main.o
                0x00000094                Drift_Check_IH
 .text.TIH      0x000000bc        0x8 .\CortexM3\ARM_GCC_541\Debug\main.o
                0x000000bc                TIH
 .text.StartIH  0x000000c4       0x20 .\CortexM3\ARM_GCC_541\Debug\main.o
                0x000000c4                StartIH
 .text.main     0x000000e4      0x1c4 .\CortexM3\ARM_GCC_541\Debug\main.o
                0x000000e4                main
 .text.ColourSensingInitialise
                0x000002a8       0x68 .\CortexM3\ARM_GCC_541\Debug\colour.o
                0x000002a8                ColourSensingInitialise
 .text.ColourSensingDebug
                0x00000310      0x134 .\CortexM3\ARM_GCC_541\Debug\colour.o
                0x00000310                ColourSensingDebug
 .text.printSensorToUART
                0x00000444       0x30 .\CortexM3\ARM_GCC_541\Debug\ultrasonic.o
                0x00000444                printSensorToUART
 *fill*         0x00000474        0x4 
 .text.ultrasonicInterruptHandler
                0x00000478      0x1ac .\CortexM3\ARM_GCC_541\Debug\ultrasonic.o
                0x00000478                ultrasonicInterruptHandler
 *fill*         0x00000624        0x4 
 .text.positionUpdate
                0x00000628      0x15c .\CortexM3\ARM_GCC_541\Debug\dcmotor.o
                0x00000628                positionUpdate
 *fill*         0x00000784        0x4 
 .text.orientationUpdate
                0x00000788       0x78 .\CortexM3\ARM_GCC_541\Debug\dcmotor.o
                0x00000788                orientationUpdate
 .text.stopMotion
                0x00000800       0xb4 .\CortexM3\ARM_GCC_541\Debug\dcmotor.o
                0x00000800                stopMotion
 .text.motorDutyCycleUpdate
                0x000008b4       0x70 .\CortexM3\ARM_GCC_541\Debug\dcmotor.o
                0x000008b4                motorDutyCycleUpdate
 .text.driftCorrect
                0x00000924      0x1a0 .\CortexM3\ARM_GCC_541\Debug\dcmotor.o
                0x00000924                driftCorrect
 .text.counterInitialise
                0x00000ac4       0x20 .\CortexM3\ARM_GCC_541\Debug\dcmotor.o
                0x00000ac4                counterInitialise
 .text.moveForwardIndefinitely
                0x00000ae4       0x9c .\CortexM3\ARM_GCC_541\Debug\dcmotor.o
                0x00000ae4                moveForwardIndefinitely
 .text.turnRight
                0x00000b80       0xc4 .\CortexM3\ARM_GCC_541\Debug\dcmotor.o
                0x00000b80                turnRight
 .text.stopMotor1AndUpdate
                0x00000c44       0x40 .\CortexM3\ARM_GCC_541\Debug\dcmotor.o
                0x00000c44                stopMotor1AndUpdate
 .text.stopMotor2AndUpdate
                0x00000c84       0x40 .\CortexM3\ARM_GCC_541\Debug\dcmotor.o
                0x00000c84                stopMotor2AndUpdate
 .text.moveAndAngle
                0x00000cc4       0x10 .\CortexM3\ARM_GCC_541\Debug\dcmotor.o
                0x00000cc4                moveAndAngle
 .text.armOpen  0x00000cd4       0x20 .\CortexM3\ARM_GCC_541\Debug\servo.o
                0x00000cd4                armOpen
 .text.changeHeightToPuck
                0x00000cf4        0x4 .\CortexM3\ARM_GCC_541\Debug\servo.o
                0x00000cf4                changeHeightToPuck
 .text.lowerAndOpen
                0x00000cf8        0x8 .\CortexM3\ARM_GCC_541\Debug\servo.o
                0x00000cf8                lowerAndOpen
 .text.averageSensor
                0x00000d00       0x10 .\CortexM3\ARM_GCC_541\Debug\customMath.o
                0x00000d00                averageSensor
 .text.CyClockStartupError
                0x00000d10        0x4 .\CortexM3\ARM_GCC_541\Debug\cyfitter_cfg.o
 .text.cfg_write_bytes32
                0x00000d14       0x34 .\CortexM3\ARM_GCC_541\Debug\cyfitter_cfg.o
 .text.AnalogSetDefault
                0x00000d48       0x84 .\CortexM3\ARM_GCC_541\Debug\cyfitter_cfg.o
 .text.CYMEMZERO
                0x00000dcc        0xc .\CortexM3\ARM_GCC_541\Debug\cyfitter_cfg.o
 .text.CYCONFIGCPY
                0x00000dd8        0x8 .\CortexM3\ARM_GCC_541\Debug\cyfitter_cfg.o
 .text.ClockSetup
                0x00000de0      0x130 .\CortexM3\ARM_GCC_541\Debug\cyfitter_cfg.o
 .text.cyfitter_cfg
                0x00000f10      0x158 .\CortexM3\ARM_GCC_541\Debug\cyfitter_cfg.o
                0x00000f10                cyfitter_cfg
 .text.IntDefaultHandler
                0x00001068       0x10 .\CortexM3\ARM_GCC_541\Debug\Cm3Start.o
                0x00001068                IntDefaultHandler
 .text._sbrk    0x00001078       0x30 .\CortexM3\ARM_GCC_541\Debug\Cm3Start.o
                0x00001078                _sbrk
 .text.Start_c  0x000010a8       0x4c .\CortexM3\ARM_GCC_541\Debug\Cm3Start.o
                0x000010a8                Start_c
 .text.initialize_psoc
                0x000010f4       0x68 .\CortexM3\ARM_GCC_541\Debug\Cm3Start.o
                0x000010f4                initialize_psoc
 .text.TIA_1_Enable
                0x0000115c       0x28 .\CortexM3\ARM_GCC_541\Debug\Group17Robot.a(TIA_1.o)
                0x0000115c                TIA_1_Enable
 .text.TIA_1_SetPower
                0x00001184       0x18 .\CortexM3\ARM_GCC_541\Debug\Group17Robot.a(TIA_1.o)
                0x00001184                TIA_1_SetPower
 .text.TIA_1_SetResFB
                0x0000119c       0x20 .\CortexM3\ARM_GCC_541\Debug\Group17Robot.a(TIA_1.o)
                0x0000119c                TIA_1_SetResFB
 .text.TIA_1_SetCapFB
                0x000011bc       0x20 .\CortexM3\ARM_GCC_541\Debug\Group17Robot.a(TIA_1.o)
                0x000011bc                TIA_1_SetCapFB
 .text.TIA_1_Init
                0x000011dc       0x2c .\CortexM3\ARM_GCC_541\Debug\Group17Robot.a(TIA_1.o)
                0x000011dc                TIA_1_Init
 .text.TIA_1_Start
                0x00001208       0x1c .\CortexM3\ARM_GCC_541\Debug\Group17Robot.a(TIA_1.o)
                0x00001208                TIA_1_Start
 .text.CyHalt   0x00001224        0x4 .\CortexM3\ARM_GCC_541\Debug\Group17Robot.a(CyLib.o)
                0x00001224                CyHalt
 .text.CyDelay  0x00001228       0x2c .\CortexM3\ARM_GCC_541\Debug\Group17Robot.a(CyLib.o)
                0x00001228                CyDelay
 .text.CyDelayUs
                0x00001254       0x14 .\CortexM3\ARM_GCC_541\Debug\Group17Robot.a(CyLib.o)
                0x00001254                CyDelayUs
 .text.CyIntSetVector
                0x00001268       0x28 .\CortexM3\ARM_GCC_541\Debug\Group17Robot.a(CyLib.o)
                0x00001268                CyIntSetVector
 .text.CyIntSetPriority
                0x00001290       0x30 .\CortexM3\ARM_GCC_541\Debug\Group17Robot.a(CyLib.o)
                0x00001290                CyIntSetPriority
 .text.UART_1_Init
                0x000012c0       0x24 .\CortexM3\ARM_GCC_541\Debug\Group17Robot.a(UART_1.o)
                0x000012c0                UART_1_Init
 .text.UART_1_Enable
                0x000012e4       0x38 .\CortexM3\ARM_GCC_541\Debug\Group17Robot.a(UART_1.o)
                0x000012e4                UART_1_Enable
 .text.UART_1_Start
                0x0000131c       0x1c .\CortexM3\ARM_GCC_541\Debug\Group17Robot.a(UART_1.o)
                0x0000131c                UART_1_Start
 .text.UART_1_PutChar
                0x00001338       0x18 .\CortexM3\ARM_GCC_541\Debug\Group17Robot.a(UART_1.o)
                0x00001338                UART_1_PutChar
 .text.UART_1_PutString
                0x00001350       0x24 .\CortexM3\ARM_GCC_541\Debug\Group17Robot.a(UART_1.o)
                0x00001350                UART_1_PutString
 .text.UART_1_IntClock_Start
                0x00001374       0x1c .\CortexM3\ARM_GCC_541\Debug\Group17Robot.a(UART_1_IntClock.o)
                0x00001374                UART_1_IntClock_Start
 .text.ADC_GainCompensation
                0x00001390       0xe0 .\CortexM3\ARM_GCC_541\Debug\Group17Robot.a(ADC.o)
 .text.ADC_SetDSMRef0Reg
                0x00001470       0x4c .\CortexM3\ARM_GCC_541\Debug\Group17Robot.a(ADC.o)
 .text.ADC_InitConfig
                0x000014bc      0x314 .\CortexM3\ARM_GCC_541\Debug\Group17Robot.a(ADC.o)
 .text.ADC_Init
                0x000017d0      0x108 .\CortexM3\ARM_GCC_541\Debug\Group17Robot.a(ADC.o)
                0x000017d0                ADC_Init
 .text.ADC_Enable
                0x000018d8       0xd8 .\CortexM3\ARM_GCC_541\Debug\Group17Robot.a(ADC.o)
                0x000018d8                ADC_Enable
 .text.ADC_Start
                0x000019b0       0x28 .\CortexM3\ARM_GCC_541\Debug\Group17Robot.a(ADC.o)
                0x000019b0                ADC_Start
 .text.ADC_StartConvert
                0x000019d8       0x10 .\CortexM3\ARM_GCC_541\Debug\Group17Robot.a(ADC.o)
                0x000019d8                ADC_StartConvert
 .text.ADC_StopConvert
                0x000019e8       0x10 .\CortexM3\ARM_GCC_541\Debug\Group17Robot.a(ADC.o)
                0x000019e8                ADC_StopConvert
 .text.ADC_IsEndConversion
                0x000019f8       0x30 .\CortexM3\ARM_GCC_541\Debug\Group17Robot.a(ADC.o)
                0x000019f8                ADC_IsEndConversion
 .text.ADC_GetResult32
                0x00001a28       0x6c .\CortexM3\ARM_GCC_541\Debug\Group17Robot.a(ADC.o)
                0x00001a28                ADC_GetResult32
 .text.ADC_Read32
                0x00001a94       0x28 .\CortexM3\ARM_GCC_541\Debug\Group17Robot.a(ADC.o)
                0x00001a94                ADC_Read32
 .text.ADC_ISR1
                0x00001abc        0x4 .\CortexM3\ARM_GCC_541\Debug\Group17Robot.a(ADC_INT.o)
                0x00001abc                ADC_ISR1
 .text.ADC_ISR2
                0x00001ac0        0x4 .\CortexM3\ARM_GCC_541\Debug\Group17Robot.a(ADC_INT.o)
                0x00001ac0                ADC_ISR2
 .text.ADC_ISR3
                0x00001ac4        0x4 .\CortexM3\ARM_GCC_541\Debug\Group17Robot.a(ADC_INT.o)
                0x00001ac4                ADC_ISR3
 .text.ADC_ISR4
                0x00001ac8        0x4 .\CortexM3\ARM_GCC_541\Debug\Group17Robot.a(ADC_INT.o)
                0x00001ac8                ADC_ISR4
 .text.ADC_Ext_CP_Clk_GetDividerRegister
                0x00001acc        0xc .\CortexM3\ARM_GCC_541\Debug\Group17Robot.a(ADC_Ext_CP_Clk.o)
                0x00001acc                ADC_Ext_CP_Clk_GetDividerRegister
 .text.ADC_Ext_CP_Clk_SetModeRegister
                0x00001ad8       0x14 .\CortexM3\ARM_GCC_541\Debug\Group17Robot.a(ADC_Ext_CP_Clk.o)
                0x00001ad8                ADC_Ext_CP_Clk_SetModeRegister
 .text.ADC_Ext_CP_Clk_GetSourceRegister
                0x00001aec       0x10 .\CortexM3\ARM_GCC_541\Debug\Group17Robot.a(ADC_Ext_CP_Clk.o)
                0x00001aec                ADC_Ext_CP_Clk_GetSourceRegister
 .text.ADC_Ext_CP_Clk_SetDividerRegister
                0x00001afc       0xd8 .\CortexM3\ARM_GCC_541\Debug\Group17Robot.a(ADC_Ext_CP_Clk.o)
                0x00001afc                ADC_Ext_CP_Clk_SetDividerRegister
 .text.ADC_theACLK_GetDividerRegister
                0x00001bd4        0xc .\CortexM3\ARM_GCC_541\Debug\Group17Robot.a(ADC_theACLK.o)
                0x00001bd4                ADC_theACLK_GetDividerRegister
 .text.ADC_theACLK_SetModeRegister
                0x00001be0       0x14 .\CortexM3\ARM_GCC_541\Debug\Group17Robot.a(ADC_theACLK.o)
                0x00001be0                ADC_theACLK_SetModeRegister
 .text.ADC_theACLK_GetSourceRegister
                0x00001bf4       0x10 .\CortexM3\ARM_GCC_541\Debug\Group17Robot.a(ADC_theACLK.o)
                0x00001bf4                ADC_theACLK_GetSourceRegister
 .text.ADC_theACLK_SetDividerRegister
                0x00001c04       0xd8 .\CortexM3\ARM_GCC_541\Debug\Group17Robot.a(ADC_theACLK.o)
                0x00001c04                ADC_theACLK_SetDividerRegister
 .text.IDAC8_1_Enable
                0x00001cdc       0x1c .\CortexM3\ARM_GCC_541\Debug\Group17Robot.a(IDAC8_1.o)
                0x00001cdc                IDAC8_1_Enable
 .text.IDAC8_1_SetSpeed
                0x00001cf8       0x1c .\CortexM3\ARM_GCC_541\Debug\Group17Robot.a(IDAC8_1.o)
                0x00001cf8                IDAC8_1_SetSpeed
 .text.IDAC8_1_SetValue
                0x00001d14        0xc .\CortexM3\ARM_GCC_541\Debug\Group17Robot.a(IDAC8_1.o)
                0x00001d14                IDAC8_1_SetValue
 .text.IDAC8_1_DacTrim
                0x00001d20       0x34 .\CortexM3\ARM_GCC_541\Debug\Group17Robot.a(IDAC8_1.o)
                0x00001d20                IDAC8_1_DacTrim
 .text.IDAC8_1_Init
                0x00001d54       0x24 .\CortexM3\ARM_GCC_541\Debug\Group17Robot.a(IDAC8_1.o)
                0x00001d54                IDAC8_1_Init
 .text.IDAC8_1_Start
                0x00001d78       0x24 .\CortexM3\ARM_GCC_541\Debug\Group17Robot.a(IDAC8_1.o)
                0x00001d78                IDAC8_1_Start
 .text.IDAC8_1_SetRange
                0x00001d9c       0x20 .\CortexM3\ARM_GCC_541\Debug\Group17Robot.a(IDAC8_1.o)
                0x00001d9c                IDAC8_1_SetRange
 .text.Timer_1_Enable
                0x00001dbc       0x10 .\CortexM3\ARM_GCC_541\Debug\Group17Robot.a(Timer_1.o)
                0x00001dbc                Timer_1_Enable
 .text.Timer_1_Stop
                0x00001dcc       0x10 .\CortexM3\ARM_GCC_541\Debug\Group17Robot.a(Timer_1.o)
                0x00001dcc                Timer_1_Stop
 .text.Timer_1_SetInterruptMode
                0x00001ddc        0xc .\CortexM3\ARM_GCC_541\Debug\Group17Robot.a(Timer_1.o)
                0x00001ddc                Timer_1_SetInterruptMode
 .text.Timer_1_ReadStatusRegister
                0x00001de8        0xc .\CortexM3\ARM_GCC_541\Debug\Group17Robot.a(Timer_1.o)
                0x00001de8                Timer_1_ReadStatusRegister
 .text.Timer_1_WritePeriod
                0x00001df4        0xc .\CortexM3\ARM_GCC_541\Debug\Group17Robot.a(Timer_1.o)
                0x00001df4                Timer_1_WritePeriod
 .text.Timer_1_ReadCapture
                0x00001e00        0xc .\CortexM3\ARM_GCC_541\Debug\Group17Robot.a(Timer_1.o)
                0x00001e00                Timer_1_ReadCapture
 .text.Timer_1_WriteCounter
                0x00001e0c        0xc .\CortexM3\ARM_GCC_541\Debug\Group17Robot.a(Timer_1.o)
                0x00001e0c                Timer_1_WriteCounter
 .text.Timer_1_ReadCounter
                0x00001e18       0x14 .\CortexM3\ARM_GCC_541\Debug\Group17Robot.a(Timer_1.o)
                0x00001e18                Timer_1_ReadCounter
 .text.Timer_1_SetInterruptCount
                0x00001e2c       0x1c .\CortexM3\ARM_GCC_541\Debug\Group17Robot.a(Timer_1.o)
                0x00001e2c                Timer_1_SetInterruptCount
 .text.Timer_1_ClearFIFO
                0x00001e48       0x14 .\CortexM3\ARM_GCC_541\Debug\Group17Robot.a(Timer_1.o)
                0x00001e48                Timer_1_ClearFIFO
 .text.Timer_1_Init
                0x00001e5c       0x3c .\CortexM3\ARM_GCC_541\Debug\Group17Robot.a(Timer_1.o)
                0x00001e5c                Timer_1_Init
 .text.Timer_1_Start
                0x00001e98       0x1c .\CortexM3\ARM_GCC_541\Debug\Group17Robot.a(Timer_1.o)
                0x00001e98                Timer_1_Start
 .text.Motor_2_driver_Enable
                0x00001eb4       0x10 .\CortexM3\ARM_GCC_541\Debug\Group17Robot.a(Motor_2_driver.o)
                0x00001eb4                Motor_2_driver_Enable
 .text.Motor_2_driver_WriteCounter
                0x00001ec4        0xc .\CortexM3\ARM_GCC_541\Debug\Group17Robot.a(Motor_2_driver.o)
                0x00001ec4                Motor_2_driver_WriteCounter
 .text.Motor_2_driver_WritePeriod
                0x00001ed0        0xc .\CortexM3\ARM_GCC_541\Debug\Group17Robot.a(Motor_2_driver.o)
                0x00001ed0                Motor_2_driver_WritePeriod
 .text.Motor_2_driver_WriteCompare1
                0x00001edc        0xc .\CortexM3\ARM_GCC_541\Debug\Group17Robot.a(Motor_2_driver.o)
                0x00001edc                Motor_2_driver_WriteCompare1
 .text.Motor_2_driver_WriteCompare2
                0x00001ee8        0xc .\CortexM3\ARM_GCC_541\Debug\Group17Robot.a(Motor_2_driver.o)
                0x00001ee8                Motor_2_driver_WriteCompare2
 .text.Motor_2_driver_SetInterruptMode
                0x00001ef4        0xc .\CortexM3\ARM_GCC_541\Debug\Group17Robot.a(Motor_2_driver.o)
                0x00001ef4                Motor_2_driver_SetInterruptMode
 .text.Motor_2_driver_ReadStatusRegister
                0x00001f00        0xc .\CortexM3\ARM_GCC_541\Debug\Group17Robot.a(Motor_2_driver.o)
                0x00001f00                Motor_2_driver_ReadStatusRegister
 .text.Motor_2_driver_ReadCapture
                0x00001f0c        0xc .\CortexM3\ARM_GCC_541\Debug\Group17Robot.a(Motor_2_driver.o)
                0x00001f0c                Motor_2_driver_ReadCapture
 .text.Motor_2_driver_ClearFIFO
                0x00001f18       0x14 .\CortexM3\ARM_GCC_541\Debug\Group17Robot.a(Motor_2_driver.o)
                0x00001f18                Motor_2_driver_ClearFIFO
 .text.Motor_2_driver_Init
                0x00001f2c       0x64 .\CortexM3\ARM_GCC_541\Debug\Group17Robot.a(Motor_2_driver.o)
                0x00001f2c                Motor_2_driver_Init
 .text.Motor_2_driver_Start
                0x00001f90       0x1c .\CortexM3\ARM_GCC_541\Debug\Group17Robot.a(Motor_2_driver.o)
                0x00001f90                Motor_2_driver_Start
 .text.Motor_1_driver_Enable
                0x00001fac       0x10 .\CortexM3\ARM_GCC_541\Debug\Group17Robot.a(Motor_1_driver.o)
                0x00001fac                Motor_1_driver_Enable
 .text.Motor_1_driver_WriteCounter
                0x00001fbc        0xc .\CortexM3\ARM_GCC_541\Debug\Group17Robot.a(Motor_1_driver.o)
                0x00001fbc                Motor_1_driver_WriteCounter
 .text.Motor_1_driver_WritePeriod
                0x00001fc8        0xc .\CortexM3\ARM_GCC_541\Debug\Group17Robot.a(Motor_1_driver.o)
                0x00001fc8                Motor_1_driver_WritePeriod
 .text.Motor_1_driver_WriteCompare1
                0x00001fd4        0xc .\CortexM3\ARM_GCC_541\Debug\Group17Robot.a(Motor_1_driver.o)
                0x00001fd4                Motor_1_driver_WriteCompare1
 .text.Motor_1_driver_WriteCompare2
                0x00001fe0        0xc .\CortexM3\ARM_GCC_541\Debug\Group17Robot.a(Motor_1_driver.o)
                0x00001fe0                Motor_1_driver_WriteCompare2
 .text.Motor_1_driver_SetInterruptMode
                0x00001fec        0xc .\CortexM3\ARM_GCC_541\Debug\Group17Robot.a(Motor_1_driver.o)
                0x00001fec                Motor_1_driver_SetInterruptMode
 .text.Motor_1_driver_ReadStatusRegister
                0x00001ff8        0xc .\CortexM3\ARM_GCC_541\Debug\Group17Robot.a(Motor_1_driver.o)
                0x00001ff8                Motor_1_driver_ReadStatusRegister
 .text.Motor_1_driver_ReadCapture
                0x00002004        0xc .\CortexM3\ARM_GCC_541\Debug\Group17Robot.a(Motor_1_driver.o)
                0x00002004                Motor_1_driver_ReadCapture
 .text.Motor_1_driver_ClearFIFO
                0x00002010       0x14 .\CortexM3\ARM_GCC_541\Debug\Group17Robot.a(Motor_1_driver.o)
                0x00002010                Motor_1_driver_ClearFIFO
 .text.Motor_1_driver_Init
                0x00002024       0x64 .\CortexM3\ARM_GCC_541\Debug\Group17Robot.a(Motor_1_driver.o)
                0x00002024                Motor_1_driver_Init
 .text.Motor_1_driver_Start
                0x00002088       0x1c .\CortexM3\ARM_GCC_541\Debug\Group17Robot.a(Motor_1_driver.o)
                0x00002088                Motor_1_driver_Start
 .text.Motor_2_Encoder_Counts_Enable
                0x000020a4       0x10 .\CortexM3\ARM_GCC_541\Debug\Group17Robot.a(Motor_2_Encoder_Counts.o)
                0x000020a4                Motor_2_Encoder_Counts_Enable
 .text.Motor_2_Encoder_Counts_Stop
                0x000020b4       0x10 .\CortexM3\ARM_GCC_541\Debug\Group17Robot.a(Motor_2_Encoder_Counts.o)
                0x000020b4                Motor_2_Encoder_Counts_Stop
 .text.Motor_2_Encoder_Counts_SetInterruptMode
                0x000020c4        0xc .\CortexM3\ARM_GCC_541\Debug\Group17Robot.a(Motor_2_Encoder_Counts.o)
                0x000020c4                Motor_2_Encoder_Counts_SetInterruptMode
 .text.Motor_2_Encoder_Counts_ReadStatusRegister
                0x000020d0        0xc .\CortexM3\ARM_GCC_541\Debug\Group17Robot.a(Motor_2_Encoder_Counts.o)
                0x000020d0                Motor_2_Encoder_Counts_ReadStatusRegister
 .text.Motor_2_Encoder_Counts_WriteCounter
                0x000020dc        0xc .\CortexM3\ARM_GCC_541\Debug\Group17Robot.a(Motor_2_Encoder_Counts.o)
                0x000020dc                Motor_2_Encoder_Counts_WriteCounter
 .text.Motor_2_Encoder_Counts_ReadCounter
                0x000020e8       0x14 .\CortexM3\ARM_GCC_541\Debug\Group17Robot.a(Motor_2_Encoder_Counts.o)
                0x000020e8                Motor_2_Encoder_Counts_ReadCounter
 .text.Motor_2_Encoder_Counts_ReadCapture
                0x000020fc        0xc .\CortexM3\ARM_GCC_541\Debug\Group17Robot.a(Motor_2_Encoder_Counts.o)
                0x000020fc                Motor_2_Encoder_Counts_ReadCapture
 .text.Motor_2_Encoder_Counts_WritePeriod
                0x00002108        0xc .\CortexM3\ARM_GCC_541\Debug\Group17Robot.a(Motor_2_Encoder_Counts.o)
                0x00002108                Motor_2_Encoder_Counts_WritePeriod
 .text.Motor_2_Encoder_Counts_WriteCompare
                0x00002114        0xc .\CortexM3\ARM_GCC_541\Debug\Group17Robot.a(Motor_2_Encoder_Counts.o)
                0x00002114                Motor_2_Encoder_Counts_WriteCompare
 .text.Motor_2_Encoder_Counts_ClearFIFO
                0x00002120       0x14 .\CortexM3\ARM_GCC_541\Debug\Group17Robot.a(Motor_2_Encoder_Counts.o)
                0x00002120                Motor_2_Encoder_Counts_ClearFIFO
 .text.Motor_2_Encoder_Counts_Init
                0x00002134       0x54 .\CortexM3\ARM_GCC_541\Debug\Group17Robot.a(Motor_2_Encoder_Counts.o)
                0x00002134                Motor_2_Encoder_Counts_Init
 .text.Motor_2_Encoder_Counts_Start
                0x00002188       0x1c .\CortexM3\ARM_GCC_541\Debug\Group17Robot.a(Motor_2_Encoder_Counts.o)
                0x00002188                Motor_2_Encoder_Counts_Start
 .text.Motor_1_Encoder_Counts_Enable
                0x000021a4       0x10 .\CortexM3\ARM_GCC_541\Debug\Group17Robot.a(Motor_1_Encoder_Counts.o)
                0x000021a4                Motor_1_Encoder_Counts_Enable
 .text.Motor_1_Encoder_Counts_Stop
                0x000021b4       0x10 .\CortexM3\ARM_GCC_541\Debug\Group17Robot.a(Motor_1_Encoder_Counts.o)
                0x000021b4                Motor_1_Encoder_Counts_Stop
 .text.Motor_1_Encoder_Counts_SetInterruptMode
                0x000021c4        0xc .\CortexM3\ARM_GCC_541\Debug\Group17Robot.a(Motor_1_Encoder_Counts.o)
                0x000021c4                Motor_1_Encoder_Counts_SetInterruptMode
 .text.Motor_1_Encoder_Counts_ReadStatusRegister
                0x000021d0        0xc .\CortexM3\ARM_GCC_541\Debug\Group17Robot.a(Motor_1_Encoder_Counts.o)
                0x000021d0                Motor_1_Encoder_Counts_ReadStatusRegister
 .text.Motor_1_Encoder_Counts_WriteCounter
                0x000021dc        0xc .\CortexM3\ARM_GCC_541\Debug\Group17Robot.a(Motor_1_Encoder_Counts.o)
                0x000021dc                Motor_1_Encoder_Counts_WriteCounter
 .text.Motor_1_Encoder_Counts_ReadCounter
                0x000021e8       0x14 .\CortexM3\ARM_GCC_541\Debug\Group17Robot.a(Motor_1_Encoder_Counts.o)
                0x000021e8                Motor_1_Encoder_Counts_ReadCounter
 .text.Motor_1_Encoder_Counts_ReadCapture
                0x000021fc        0xc .\CortexM3\ARM_GCC_541\Debug\Group17Robot.a(Motor_1_Encoder_Counts.o)
                0x000021fc                Motor_1_Encoder_Counts_ReadCapture
 .text.Motor_1_Encoder_Counts_WritePeriod
                0x00002208        0xc .\CortexM3\ARM_GCC_541\Debug\Group17Robot.a(Motor_1_Encoder_Counts.o)
                0x00002208                Motor_1_Encoder_Counts_WritePeriod
 .text.Motor_1_Encoder_Counts_WriteCompare
                0x00002214        0xc .\CortexM3\ARM_GCC_541\Debug\Group17Robot.a(Motor_1_Encoder_Counts.o)
                0x00002214                Motor_1_Encoder_Counts_WriteCompare
 .text.Motor_1_Encoder_Counts_ClearFIFO
                0x00002220       0x14 .\CortexM3\ARM_GCC_541\Debug\Group17Robot.a(Motor_1_Encoder_Counts.o)
                0x00002220                Motor_1_Encoder_Counts_ClearFIFO
 .text.Motor_1_Encoder_Counts_Init
                0x00002234       0x54 .\CortexM3\ARM_GCC_541\Debug\Group17Robot.a(Motor_1_Encoder_Counts.o)
                0x00002234                Motor_1_Encoder_Counts_Init
 .text.Motor_1_Encoder_Counts_Start
                0x00002288       0x1c .\CortexM3\ARM_GCC_541\Debug\Group17Robot.a(Motor_1_Encoder_Counts.o)
                0x00002288                Motor_1_Encoder_Counts_Start
 .text.Gripper_Servo_PWM_Enable
                0x000022a4       0x28 .\CortexM3\ARM_GCC_541\Debug\Group17Robot.a(Gripper_Servo_PWM.o)
                0x000022a4                Gripper_Servo_PWM_Enable
 .text.Gripper_Servo_PWM_WritePeriod
                0x000022cc        0xc .\CortexM3\ARM_GCC_541\Debug\Group17Robot.a(Gripper_Servo_PWM.o)
                0x000022cc                Gripper_Servo_PWM_WritePeriod
 .text.Gripper_Servo_PWM_WriteCompare
                0x000022d8        0xc .\CortexM3\ARM_GCC_541\Debug\Group17Robot.a(Gripper_Servo_PWM.o)
                0x000022d8                Gripper_Servo_PWM_WriteCompare
 .text.Gripper_Servo_PWM_SetInterruptMode
                0x000022e4        0xc .\CortexM3\ARM_GCC_541\Debug\Group17Robot.a(Gripper_Servo_PWM.o)
                0x000022e4                Gripper_Servo_PWM_SetInterruptMode
 .text.Gripper_Servo_PWM_Init
                0x000022f0       0x78 .\CortexM3\ARM_GCC_541\Debug\Group17Robot.a(Gripper_Servo_PWM.o)
                0x000022f0                Gripper_Servo_PWM_Init
 .text.Gripper_Servo_PWM_Start
                0x00002368       0x1c .\CortexM3\ARM_GCC_541\Debug\Group17Robot.a(Gripper_Servo_PWM.o)
                0x00002368                Gripper_Servo_PWM_Start
 .text.Rack_Servo_PWM_Enable
                0x00002384       0x28 .\CortexM3\ARM_GCC_541\Debug\Group17Robot.a(Rack_Servo_PWM.o)
                0x00002384                Rack_Servo_PWM_Enable
 .text.Rack_Servo_PWM_WritePeriod
                0x000023ac        0xc .\CortexM3\ARM_GCC_541\Debug\Group17Robot.a(Rack_Servo_PWM.o)
                0x000023ac                Rack_Servo_PWM_WritePeriod
 .text.Rack_Servo_PWM_WriteCompare
                0x000023b8        0xc .\CortexM3\ARM_GCC_541\Debug\Group17Robot.a(Rack_Servo_PWM.o)
                0x000023b8                Rack_Servo_PWM_WriteCompare
 .text.Rack_Servo_PWM_SetInterruptMode
                0x000023c4        0xc .\CortexM3\ARM_GCC_541\Debug\Group17Robot.a(Rack_Servo_PWM.o)
                0x000023c4                Rack_Servo_PWM_SetInterruptMode
 .text.Rack_Servo_PWM_Init
                0x000023d0       0x78 .\CortexM3\ARM_GCC_541\Debug\Group17Robot.a(Rack_Servo_PWM.o)
                0x000023d0                Rack_Servo_PWM_Init
 .text.Rack_Servo_PWM_Start
                0x00002448       0x1c .\CortexM3\ARM_GCC_541\Debug\Group17Robot.a(Rack_Servo_PWM.o)
                0x00002448                Rack_Servo_PWM_Start
 .text.control_led_Write
                0x00002464        0xc .\CortexM3\ARM_GCC_541\Debug\Group17Robot.a(control_led.o)
                0x00002464                control_led_Write
 .text.Start_SetVector
                0x00002470        0xc .\CortexM3\ARM_GCC_541\Debug\Group17Robot.a(Start.o)
                0x00002470                Start_SetVector
 .text.Start_SetPriority
                0x0000247c       0x10 .\CortexM3\ARM_GCC_541\Debug\Group17Robot.a(Start.o)
                0x0000247c                Start_SetPriority
 .text.Start_Enable
                0x0000248c        0xc .\CortexM3\ARM_GCC_541\Debug\Group17Robot.a(Start.o)
                0x0000248c                Start_Enable
 .text.Start_Disable
                0x00002498        0xc .\CortexM3\ARM_GCC_541\Debug\Group17Robot.a(Start.o)
                0x00002498                Start_Disable
 .text.Start_StartEx
                0x000024a4       0x1c .\CortexM3\ARM_GCC_541\Debug\Group17Robot.a(Start.o)
                0x000024a4                Start_StartEx
 .text.Sonic_SetVector
                0x000024c0        0xc .\CortexM3\ARM_GCC_541\Debug\Group17Robot.a(Sonic.o)
                0x000024c0                Sonic_SetVector
 .text.Sonic_SetPriority
                0x000024cc       0x10 .\CortexM3\ARM_GCC_541\Debug\Group17Robot.a(Sonic.o)
                0x000024cc                Sonic_SetPriority
 .text.Sonic_Enable
                0x000024dc        0xc .\CortexM3\ARM_GCC_541\Debug\Group17Robot.a(Sonic.o)
                0x000024dc                Sonic_Enable
 .text.Sonic_Disable
                0x000024e8        0xc .\CortexM3\ARM_GCC_541\Debug\Group17Robot.a(Sonic.o)
                0x000024e8                Sonic_Disable
 .text.Sonic_StartEx
                0x000024f4       0x1c .\CortexM3\ARM_GCC_541\Debug\Group17Robot.a(Sonic.o)
                0x000024f4                Sonic_StartEx
 .text.Gripper_Servo_Disable_Write
                0x00002510       0x18 .\CortexM3\ARM_GCC_541\Debug\Group17Robot.a(Gripper_Servo_Disable.o)
                0x00002510                Gripper_Servo_Disable_Write
 .text.Encoder_Counts_1_Interrupt_SetVector
                0x00002528        0xc .\CortexM3\ARM_GCC_541\Debug\Group17Robot.a(Encoder_Counts_1_Interrupt.o)
                0x00002528                Encoder_Counts_1_Interrupt_SetVector
 .text.Encoder_Counts_1_Interrupt_SetPriority
                0x00002534       0x10 .\CortexM3\ARM_GCC_541\Debug\Group17Robot.a(Encoder_Counts_1_Interrupt.o)
                0x00002534                Encoder_Counts_1_Interrupt_SetPriority
 .text.Encoder_Counts_1_Interrupt_Enable
                0x00002544        0xc .\CortexM3\ARM_GCC_541\Debug\Group17Robot.a(Encoder_Counts_1_Interrupt.o)
                0x00002544                Encoder_Counts_1_Interrupt_Enable
 .text.Encoder_Counts_1_Interrupt_Disable
                0x00002550        0xc .\CortexM3\ARM_GCC_541\Debug\Group17Robot.a(Encoder_Counts_1_Interrupt.o)
                0x00002550                Encoder_Counts_1_Interrupt_Disable
 .text.Encoder_Counts_1_Interrupt_StartEx
                0x0000255c       0x1c .\CortexM3\ARM_GCC_541\Debug\Group17Robot.a(Encoder_Counts_1_Interrupt.o)
                0x0000255c                Encoder_Counts_1_Interrupt_StartEx
 .text.Encoder_Counts_2_Interrupt_SetVector
                0x00002578        0xc .\CortexM3\ARM_GCC_541\Debug\Group17Robot.a(Encoder_Counts_2_Interrupt.o)
                0x00002578                Encoder_Counts_2_Interrupt_SetVector
 .text.Encoder_Counts_2_Interrupt_SetPriority
                0x00002584       0x10 .\CortexM3\ARM_GCC_541\Debug\Group17Robot.a(Encoder_Counts_2_Interrupt.o)
                0x00002584                Encoder_Counts_2_Interrupt_SetPriority
 .text.Encoder_Counts_2_Interrupt_Enable
                0x00002594        0xc .\CortexM3\ARM_GCC_541\Debug\Group17Robot.a(Encoder_Counts_2_Interrupt.o)
                0x00002594                Encoder_Counts_2_Interrupt_Enable
 .text.Encoder_Counts_2_Interrupt_Disable
                0x000025a0        0xc .\CortexM3\ARM_GCC_541\Debug\Group17Robot.a(Encoder_Counts_2_Interrupt.o)
                0x000025a0                Encoder_Counts_2_Interrupt_Disable
 .text.Encoder_Counts_2_Interrupt_StartEx
                0x000025ac       0x1c .\CortexM3\ARM_GCC_541\Debug\Group17Robot.a(Encoder_Counts_2_Interrupt.o)
                0x000025ac                Encoder_Counts_2_Interrupt_StartEx
 .text.Drift_Check_Timer_Enable
                0x000025c8       0x28 .\CortexM3\ARM_GCC_541\Debug\Group17Robot.a(Drift_Check_Timer.o)
                0x000025c8                Drift_Check_Timer_Enable
 .text.Drift_Check_Timer_Stop
                0x000025f0       0x28 .\CortexM3\ARM_GCC_541\Debug\Group17Robot.a(Drift_Check_Timer.o)
                0x000025f0                Drift_Check_Timer_Stop
 .text.Drift_Check_Timer_SetInterruptMode
                0x00002618        0xc .\CortexM3\ARM_GCC_541\Debug\Group17Robot.a(Drift_Check_Timer.o)
                0x00002618                Drift_Check_Timer_SetInterruptMode
 .text.Drift_Check_Timer_ReadStatusRegister
                0x00002624        0xc .\CortexM3\ARM_GCC_541\Debug\Group17Robot.a(Drift_Check_Timer.o)
                0x00002624                Drift_Check_Timer_ReadStatusRegister
 .text.Drift_Check_Timer_WritePeriod
                0x00002630        0xc .\CortexM3\ARM_GCC_541\Debug\Group17Robot.a(Drift_Check_Timer.o)
                0x00002630                Drift_Check_Timer_WritePeriod
 .text.Drift_Check_Timer_WriteCounter
                0x0000263c        0xc .\CortexM3\ARM_GCC_541\Debug\Group17Robot.a(Drift_Check_Timer.o)
                0x0000263c                Drift_Check_Timer_WriteCounter
 .text.Drift_Check_Timer_Init
                0x00002648       0x6c .\CortexM3\ARM_GCC_541\Debug\Group17Robot.a(Drift_Check_Timer.o)
                0x00002648                Drift_Check_Timer_Init
 .text.Drift_Check_Timer_Start
                0x000026b4       0x1c .\CortexM3\ARM_GCC_541\Debug\Group17Robot.a(Drift_Check_Timer.o)
                0x000026b4                Drift_Check_Timer_Start
 .text.Drift_Check_Interrupt_SetVector
                0x000026d0       0x10 .\CortexM3\ARM_GCC_541\Debug\Group17Robot.a(Drift_Check_Interrupt.o)
                0x000026d0                Drift_Check_Interrupt_SetVector
 .text.Drift_Check_Interrupt_SetPriority
                0x000026e0       0x10 .\CortexM3\ARM_GCC_541\Debug\Group17Robot.a(Drift_Check_Interrupt.o)
                0x000026e0                Drift_Check_Interrupt_SetPriority
 .text.Drift_Check_Interrupt_Enable
                0x000026f0       0x10 .\CortexM3\ARM_GCC_541\Debug\Group17Robot.a(Drift_Check_Interrupt.o)
                0x000026f0                Drift_Check_Interrupt_Enable
 .text.Drift_Check_Interrupt_Disable
                0x00002700       0x10 .\CortexM3\ARM_GCC_541\Debug\Group17Robot.a(Drift_Check_Interrupt.o)
                0x00002700                Drift_Check_Interrupt_Disable
 .text.Drift_Check_Interrupt_StartEx
                0x00002710       0x1c .\CortexM3\ARM_GCC_541\Debug\Group17Robot.a(Drift_Check_Interrupt.o)
                0x00002710                Drift_Check_Interrupt_StartEx
 *fill*         0x0000272c        0x4 
 .text          0x00002730       0x20 .\CortexM3\ARM_GCC_541\Debug\Group17Robot.a(CyBootAsmGnu.o)
                0x00002730                CyDelayCycles
                0x00002740                CyEnterCriticalSection
                0x00002748                CyExitCriticalSection
 .text.cos      0x00002750       0x90 c:/program files (x86)/cypress/psoc creator/4.2/psoc creator/import/gnu/arm/5.4.1/bin/../lib/gcc/arm-none-eabi/5.4.1/../../../../arm-none-eabi/lib/armv7-m\libm.a(lib_a-s_cos.o)
                0x00002750                cos
 .text.round    0x000027e0       0xa0 c:/program files (x86)/cypress/psoc creator/4.2/psoc creator/import/gnu/arm/5.4.1/bin/../lib/gcc/arm-none-eabi/5.4.1/../../../../arm-none-eabi/lib/armv7-m\libm.a(lib_a-s_round.o)
                0x000027e0                round
 .text.sin      0x00002880       0x90 c:/program files (x86)/cypress/psoc creator/4.2/psoc creator/import/gnu/arm/5.4.1/bin/../lib/gcc/arm-none-eabi/5.4.1/../../../../arm-none-eabi/lib/armv7-m\libm.a(lib_a-s_sin.o)
                0x00002880                sin
 .text.__ieee754_rem_pio2
                0x00002910      0x42c c:/program files (x86)/cypress/psoc creator/4.2/psoc creator/import/gnu/arm/5.4.1/bin/../lib/gcc/arm-none-eabi/5.4.1/../../../../arm-none-eabi/lib/armv7-m\libm.a(lib_a-e_rem_pio2.o)
                0x00002910                __ieee754_rem_pio2
 *fill*         0x00002d3c        0x4 
 .text.__kernel_cos
                0x00002d40      0x248 c:/program files (x86)/cypress/psoc creator/4.2/psoc creator/import/gnu/arm/5.4.1/bin/../lib/gcc/arm-none-eabi/5.4.1/../../../../arm-none-eabi/lib/armv7-m\libm.a(lib_a-k_cos.o)
                0x00002d40                __kernel_cos
 .text.__kernel_rem_pio2
                0x00002f88      0x7f0 c:/program files (x86)/cypress/psoc creator/4.2/psoc creator/import/gnu/arm/5.4.1/bin/../lib/gcc/arm-none-eabi/5.4.1/../../../../arm-none-eabi/lib/armv7-m\libm.a(lib_a-k_rem_pio2.o)
                0x00002f88                __kernel_rem_pio2
 .text.__kernel_sin
                0x00003778      0x16c c:/program files (x86)/cypress/psoc creator/4.2/psoc creator/import/gnu/arm/5.4.1/bin/../lib/gcc/arm-none-eabi/5.4.1/../../../../arm-none-eabi/lib/armv7-m\libm.a(lib_a-k_sin.o)
                0x00003778                __kernel_sin
 .text.fabs     0x000038e4        0x8 c:/program files (x86)/cypress/psoc creator/4.2/psoc creator/import/gnu/arm/5.4.1/bin/../lib/gcc/arm-none-eabi/5.4.1/../../../../arm-none-eabi/lib/armv7-m\libm.a(lib_a-s_fabs.o)
                0x000038e4                fabs
 *fill*         0x000038ec        0x4 
 .text.floor    0x000038f0      0x110 c:/program files (x86)/cypress/psoc creator/4.2/psoc creator/import/gnu/arm/5.4.1/bin/../lib/gcc/arm-none-eabi/5.4.1/../../../../arm-none-eabi/lib/armv7-m\libm.a(lib_a-s_floor.o)
                0x000038f0                floor
 .text.scalbn   0x00003a00       0xe4 c:/program files (x86)/cypress/psoc creator/4.2/psoc creator/import/gnu/arm/5.4.1/bin/../lib/gcc/arm-none-eabi/5.4.1/../../../../arm-none-eabi/lib/armv7-m\libm.a(lib_a-s_scalbn.o)
                0x00003a00                scalbn
 .text.copysign
                0x00003ae4       0x10 c:/program files (x86)/cypress/psoc creator/4.2/psoc creator/import/gnu/arm/5.4.1/bin/../lib/gcc/arm-none-eabi/5.4.1/../../../../arm-none-eabi/lib/armv7-m\libm.a(lib_a-s_copysign.o)
                0x00003ae4                copysign
 .text          0x00003af4      0x370 c:/program files (x86)/cypress/psoc creator/4.2/psoc creator/import/gnu/arm/5.4.1/bin/../lib/gcc/arm-none-eabi/5.4.1/armv7-m\libgcc.a(_arm_addsubdf3.o)
                0x00003af4                __aeabi_drsub
                0x00003afc                __aeabi_dsub
                0x00003afc                __subdf3
                0x00003b00                __aeabi_dadd
                0x00003b00                __adddf3
                0x00003d78                __floatunsidf
                0x00003d78                __aeabi_ui2d
                0x00003d98                __floatsidf
                0x00003d98                __aeabi_i2d
                0x00003dbc                __aeabi_f2d
                0x00003dbc                __extendsfdf2
                0x00003df8                __floatundidf
                0x00003df8                __aeabi_ul2d
                0x00003e08                __floatdidf
                0x00003e08                __aeabi_l2d
 .text          0x00003e64      0x424 c:/program files (x86)/cypress/psoc creator/4.2/psoc creator/import/gnu/arm/5.4.1/bin/../lib/gcc/arm-none-eabi/5.4.1/armv7-m\libgcc.a(_arm_muldivdf3.o)
                0x00003e64                __aeabi_dmul
                0x00003e64                __muldf3
                0x000040b8                __divdf3
                0x000040b8                __aeabi_ddiv
 .text          0x00004288      0x110 c:/program files (x86)/cypress/psoc creator/4.2/psoc creator/import/gnu/arm/5.4.1/bin/../lib/gcc/arm-none-eabi/5.4.1/armv7-m\libgcc.a(_arm_cmpdf2.o)
                0x00004288                __gtdf2
                0x00004288                __gedf2
                0x00004290                __ltdf2
                0x00004290                __ledf2
                0x00004298                __nedf2
                0x00004298                __eqdf2
                0x00004298                __cmpdf2
                0x00004314                __aeabi_cdrcmple
                0x00004324                __aeabi_cdcmpeq
                0x00004324                __aeabi_cdcmple
                0x00004334                __aeabi_dcmpeq
                0x00004348                __aeabi_dcmplt
                0x0000435c                __aeabi_dcmple
                0x00004370                __aeabi_dcmpge
                0x00004384                __aeabi_dcmpgt
 .text          0x00004398       0x50 c:/program files (x86)/cypress/psoc creator/4.2/psoc creator/import/gnu/arm/5.4.1/bin/../lib/gcc/arm-none-eabi/5.4.1/armv7-m\libgcc.a(_arm_fixdfsi.o)
                0x00004398                __aeabi_d2iz
                0x00004398                __fixdfsi
 .text          0x000043e8       0xa0 c:/program files (x86)/cypress/psoc creator/4.2/psoc creator/import/gnu/arm/5.4.1/bin/../lib/gcc/arm-none-eabi/5.4.1/armv7-m\libgcc.a(_arm_truncdfsf2.o)
                0x000043e8                __truncdfsf2
                0x000043e8                __aeabi_d2f
 .text          0x00004488      0x21c c:/program files (x86)/cypress/psoc creator/4.2/psoc creator/import/gnu/arm/5.4.1/bin/../lib/gcc/arm-none-eabi/5.4.1/armv7-m\libgcc.a(_arm_addsubsf3.o)
                0x00004488                __aeabi_frsub
                0x00004490                __subsf3
                0x00004490                __aeabi_fsub
                0x00004494                __aeabi_fadd
                0x00004494                __addsf3
                0x000045f4                __aeabi_ui2f
                0x000045f4                __floatunsisf
                0x000045fc                __aeabi_i2f
                0x000045fc                __floatsisf
                0x00004618                __aeabi_ul2f
                0x00004618                __floatundisf
                0x00004628                __aeabi_l2f
                0x00004628                __floatdisf
 .text          0x000046a4      0x2a0 c:/program files (x86)/cypress/psoc creator/4.2/psoc creator/import/gnu/arm/5.4.1/bin/../lib/gcc/arm-none-eabi/5.4.1/armv7-m\libgcc.a(_arm_muldivsf3.o)
                0x000046a4                __mulsf3
                0x000046a4                __aeabi_fmul
                0x0000480c                __aeabi_fdiv
                0x0000480c                __divsf3
 .text          0x00004944       0xec c:/program files (x86)/cypress/psoc creator/4.2/psoc creator/import/gnu/arm/5.4.1/bin/../lib/gcc/arm-none-eabi/5.4.1/armv7-m\libgcc.a(_arm_cmpsf2.o)
                0x00004944                __gesf2
                0x00004944                __gtsf2
                0x0000494c                __lesf2
                0x0000494c                __ltsf2
                0x00004954                __nesf2
                0x00004954                __eqsf2
                0x00004954                __cmpsf2
                0x000049b4                __aeabi_cfrcmple
                0x000049bc                __aeabi_cfcmpeq
                0x000049bc                __aeabi_cfcmple
                0x000049cc                __aeabi_fcmpeq
                0x000049e0                __aeabi_fcmplt
                0x000049f4                __aeabi_fcmple
                0x00004a08                __aeabi_fcmpge
                0x00004a1c                __aeabi_fcmpgt
 .text          0x00004a30       0x40 c:/program files (x86)/cypress/psoc creator/4.2/psoc creator/import/gnu/arm/5.4.1/bin/../lib/gcc/arm-none-eabi/5.4.1/armv7-m\libgcc.a(_arm_fixunssfsi.o)
                0x00004a30                __fixunssfsi
                0x00004a30                __aeabi_f2uiz
 .text.__errno  0x00004a70        0xc c:/program files (x86)/cypress/psoc creator/4.2/psoc creator/import/gnu/arm/5.4.1/bin/../lib/gcc/arm-none-eabi/5.4.1/../../../../arm-none-eabi/lib/armv7-m\libg_nano.a(lib_a-errno.o)
                0x00004a70                __errno
 .text.__libc_init_array
                0x00004a7c       0x4c c:/program files (x86)/cypress/psoc creator/4.2/psoc creator/import/gnu/arm/5.4.1/bin/../lib/gcc/arm-none-eabi/5.4.1/../../../../arm-none-eabi/lib/armv7-m\libg_nano.a(lib_a-init.o)
                0x00004a7c                __libc_init_array
 .text.memcpy   0x00004ac8       0x16 c:/program files (x86)/cypress/psoc creator/4.2/psoc creator/import/gnu/arm/5.4.1/bin/../lib/gcc/arm-none-eabi/5.4.1/../../../../arm-none-eabi/lib/armv7-m\libg_nano.a(lib_a-memcpy-stub.o)
                0x00004ac8                memcpy
 .text.memset   0x00004ade       0x10 c:/program files (x86)/cypress/psoc creator/4.2/psoc creator/import/gnu/arm/5.4.1/bin/../lib/gcc/arm-none-eabi/5.4.1/../../../../arm-none-eabi/lib/armv7-m\libg_nano.a(lib_a-memset.o)
                0x00004ade                memset
 .text.__cvt    0x00004aee       0xc0 c:/program files (x86)/cypress/psoc creator/4.2/psoc creator/import/gnu/arm/5.4.1/bin/../lib/gcc/arm-none-eabi/5.4.1/../../../../arm-none-eabi/lib/armv7-m\libg_nano.a(lib_a-nano-vfprintf_float.o)
                0x00004aee                __cvt
 .text.__exponent
                0x00004bae       0x62 c:/program files (x86)/cypress/psoc creator/4.2/psoc creator/import/gnu/arm/5.4.1/bin/../lib/gcc/arm-none-eabi/5.4.1/../../../../arm-none-eabi/lib/armv7-m\libg_nano.a(lib_a-nano-vfprintf_float.o)
                0x00004bae                __exponent
 .text._printf_float
                0x00004c10      0x488 c:/program files (x86)/cypress/psoc creator/4.2/psoc creator/import/gnu/arm/5.4.1/bin/../lib/gcc/arm-none-eabi/5.4.1/../../../../arm-none-eabi/lib/armv7-m\libg_nano.a(lib_a-nano-vfprintf_float.o)
                0x00004c10                _printf_float
 .text._printf_common
                0x00005098       0xec c:/program files (x86)/cypress/psoc creator/4.2/psoc creator/import/gnu/arm/5.4.1/bin/../lib/gcc/arm-none-eabi/5.4.1/../../../../arm-none-eabi/lib/armv7-m\libg_nano.a(lib_a-nano-vfprintf_i.o)
                0x00005098                _printf_common
 .text._printf_i
                0x00005184      0x24c c:/program files (x86)/cypress/psoc creator/4.2/psoc creator/import/gnu/arm/5.4.1/bin/../lib/gcc/arm-none-eabi/5.4.1/../../../../arm-none-eabi/lib/armv7-m\libg_nano.a(lib_a-nano-vfprintf_i.o)
                0x00005184                _printf_i
 .text.sprintf  0x000053d0       0x48 c:/program files (x86)/cypress/psoc creator/4.2/psoc creator/import/gnu/arm/5.4.1/bin/../lib/gcc/arm-none-eabi/5.4.1/../../../../arm-none-eabi/lib/armv7-m\libg_nano.a(lib_a-sprintf.o)
                0x000053d0                siprintf
                0x000053d0                sprintf
 .text          0x00005418       0x10 c:/program files (x86)/cypress/psoc creator/4.2/psoc creator/import/gnu/arm/5.4.1/bin/../lib/gcc/arm-none-eabi/5.4.1/../../../../arm-none-eabi/lib/armv7-m\libg_nano.a(lib_a-strlen.o)
                0x00005418                strlen
 .text.quorem   0x00005428      0x116 c:/program files (x86)/cypress/psoc creator/4.2/psoc creator/import/gnu/arm/5.4.1/bin/../lib/gcc/arm-none-eabi/5.4.1/../../../../arm-none-eabi/lib/armv7-m\libg_nano.a(lib_a-dtoa.o)
 *fill*         0x0000553e        0x2 
 .text._dtoa_r  0x00005540      0xb30 c:/program files (x86)/cypress/psoc creator/4.2/psoc creator/import/gnu/arm/5.4.1/bin/../lib/gcc/arm-none-eabi/5.4.1/../../../../arm-none-eabi/lib/armv7-m\libg_nano.a(lib_a-dtoa.o)
                0x00005540                _dtoa_r
 .text._localeconv_r
                0x00006070        0x8 c:/program files (x86)/cypress/psoc creator/4.2/psoc creator/import/gnu/arm/5.4.1/bin/../lib/gcc/arm-none-eabi/5.4.1/../../../../arm-none-eabi/lib/armv7-m\libg_nano.a(lib_a-locale.o)
                0x00006070                _localeconv_r
 .text.malloc   0x00006078       0x10 c:/program files (x86)/cypress/psoc creator/4.2/psoc creator/import/gnu/arm/5.4.1/bin/../lib/gcc/arm-none-eabi/5.4.1/../../../../arm-none-eabi/lib/armv7-m\libg_nano.a(lib_a-malloc.o)
                0x00006078                malloc
 .text.memchr   0x00006088       0x1c c:/program files (x86)/cypress/psoc creator/4.2/psoc creator/import/gnu/arm/5.4.1/bin/../lib/gcc/arm-none-eabi/5.4.1/../../../../arm-none-eabi/lib/armv7-m\libg_nano.a(lib_a-memchr-stub.o)
                0x00006088                memchr
 .text._Balloc  0x000060a4       0x6a c:/program files (x86)/cypress/psoc creator/4.2/psoc creator/import/gnu/arm/5.4.1/bin/../lib/gcc/arm-none-eabi/5.4.1/../../../../arm-none-eabi/lib/armv7-m\libg_nano.a(lib_a-mprec.o)
                0x000060a4                _Balloc
 .text._Bfree   0x0000610e       0x2e c:/program files (x86)/cypress/psoc creator/4.2/psoc creator/import/gnu/arm/5.4.1/bin/../lib/gcc/arm-none-eabi/5.4.1/../../../../arm-none-eabi/lib/armv7-m\libg_nano.a(lib_a-mprec.o)
                0x0000610e                _Bfree
 .text.__multadd
                0x0000613c       0x76 c:/program files (x86)/cypress/psoc creator/4.2/psoc creator/import/gnu/arm/5.4.1/bin/../lib/gcc/arm-none-eabi/5.4.1/../../../../arm-none-eabi/lib/armv7-m\libg_nano.a(lib_a-mprec.o)
                0x0000613c                __multadd
 .text.__hi0bits
                0x000061b2       0x40 c:/program files (x86)/cypress/psoc creator/4.2/psoc creator/import/gnu/arm/5.4.1/bin/../lib/gcc/arm-none-eabi/5.4.1/../../../../arm-none-eabi/lib/armv7-m\libg_nano.a(lib_a-mprec.o)
                0x000061b2                __hi0bits
 .text.__lo0bits
                0x000061f2       0x5a c:/program files (x86)/cypress/psoc creator/4.2/psoc creator/import/gnu/arm/5.4.1/bin/../lib/gcc/arm-none-eabi/5.4.1/../../../../arm-none-eabi/lib/armv7-m\libg_nano.a(lib_a-mprec.o)
                0x000061f2                __lo0bits
 .text.__i2b    0x0000624c       0x12 c:/program files (x86)/cypress/psoc creator/4.2/psoc creator/import/gnu/arm/5.4.1/bin/../lib/gcc/arm-none-eabi/5.4.1/../../../../arm-none-eabi/lib/armv7-m\libg_nano.a(lib_a-mprec.o)
                0x0000624c                __i2b
 .text.__multiply
                0x0000625e      0x120 c:/program files (x86)/cypress/psoc creator/4.2/psoc creator/import/gnu/arm/5.4.1/bin/../lib/gcc/arm-none-eabi/5.4.1/../../../../arm-none-eabi/lib/armv7-m\libg_nano.a(lib_a-mprec.o)
                0x0000625e                __multiply
 *fill*         0x0000637e        0x2 
 .text.__pow5mult
                0x00006380       0x9c c:/program files (x86)/cypress/psoc creator/4.2/psoc creator/import/gnu/arm/5.4.1/bin/../lib/gcc/arm-none-eabi/5.4.1/../../../../arm-none-eabi/lib/armv7-m\libg_nano.a(lib_a-mprec.o)
                0x00006380                __pow5mult
 .text.__lshift
                0x0000641c       0xa2 c:/program files (x86)/cypress/psoc creator/4.2/psoc creator/import/gnu/arm/5.4.1/bin/../lib/gcc/arm-none-eabi/5.4.1/../../../../arm-none-eabi/lib/armv7-m\libg_nano.a(lib_a-mprec.o)
                0x0000641c                __lshift
 .text.__mcmp   0x000064be       0x38 c:/program files (x86)/cypress/psoc creator/4.2/psoc creator/import/gnu/arm/5.4.1/bin/../lib/gcc/arm-none-eabi/5.4.1/../../../../arm-none-eabi/lib/armv7-m\libg_nano.a(lib_a-mprec.o)
                0x000064be                __mcmp
 .text.__mdiff  0x000064f6       0xbe c:/program files (x86)/cypress/psoc creator/4.2/psoc creator/import/gnu/arm/5.4.1/bin/../lib/gcc/arm-none-eabi/5.4.1/../../../../arm-none-eabi/lib/armv7-m\libg_nano.a(lib_a-mprec.o)
                0x000064f6                __mdiff
 .text.__d2b    0x000065b4       0x9c c:/program files (x86)/cypress/psoc creator/4.2/psoc creator/import/gnu/arm/5.4.1/bin/../lib/gcc/arm-none-eabi/5.4.1/../../../../arm-none-eabi/lib/armv7-m\libg_nano.a(lib_a-mprec.o)
                0x000065b4                __d2b
 .text._calloc_r
                0x00006650       0x1c c:/program files (x86)/cypress/psoc creator/4.2/psoc creator/import/gnu/arm/5.4.1/bin/../lib/gcc/arm-none-eabi/5.4.1/../../../../arm-none-eabi/lib/armv7-m\libg_nano.a(lib_a-nano-callocr.o)
                0x00006650                _calloc_r
 .text._free_r  0x0000666c       0x98 c:/program files (x86)/cypress/psoc creator/4.2/psoc creator/import/gnu/arm/5.4.1/bin/../lib/gcc/arm-none-eabi/5.4.1/../../../../arm-none-eabi/lib/armv7-m\libg_nano.a(lib_a-nano-freer.o)
                0x0000666c                _free_r
 .text._malloc_r
                0x00006704       0xbc c:/program files (x86)/cypress/psoc creator/4.2/psoc creator/import/gnu/arm/5.4.1/bin/../lib/gcc/arm-none-eabi/5.4.1/../../../../arm-none-eabi/lib/armv7-m\libg_nano.a(lib_a-nano-mallocr.o)
                0x00006704                _malloc_r
 .text.__ssputs_r
                0x000067c0       0xb2 c:/program files (x86)/cypress/psoc creator/4.2/psoc creator/import/gnu/arm/5.4.1/bin/../lib/gcc/arm-none-eabi/5.4.1/../../../../arm-none-eabi/lib/armv7-m\libg_nano.a(lib_a-nano-svfprintf.o)
                0x000067c0                __ssputs_r
 *fill*         0x00006872        0x2 
 .text._svfprintf_r
                0x00006874      0x1e8 c:/program files (x86)/cypress/psoc creator/4.2/psoc creator/import/gnu/arm/5.4.1/bin/../lib/gcc/arm-none-eabi/5.4.1/../../../../arm-none-eabi/lib/armv7-m\libg_nano.a(lib_a-nano-svfprintf.o)
                0x00006874                _svfiprintf_r
                0x00006874                _svfprintf_r
 .text._sbrk_r  0x00006a5c       0x20 c:/program files (x86)/cypress/psoc creator/4.2/psoc creator/import/gnu/arm/5.4.1/bin/../lib/gcc/arm-none-eabi/5.4.1/../../../../arm-none-eabi/lib/armv7-m\libg_nano.a(lib_a-sbrkr.o)
                0x00006a5c                _sbrk_r
 .text.memmove  0x00006a7c       0x36 c:/program files (x86)/cypress/psoc creator/4.2/psoc creator/import/gnu/arm/5.4.1/bin/../lib/gcc/arm-none-eabi/5.4.1/../../../../arm-none-eabi/lib/armv7-m\libg_nano.a(lib_a-memmove.o)
                0x00006a7c                memmove
 .text.__malloc_lock
                0x00006ab2        0x2 c:/program files (x86)/cypress/psoc creator/4.2/psoc creator/import/gnu/arm/5.4.1/bin/../lib/gcc/arm-none-eabi/5.4.1/../../../../arm-none-eabi/lib/armv7-m\libg_nano.a(lib_a-mlock.o)
                0x00006ab2                __malloc_lock
 .text.__malloc_unlock
                0x00006ab4        0x2 c:/program files (x86)/cypress/psoc creator/4.2/psoc creator/import/gnu/arm/5.4.1/bin/../lib/gcc/arm-none-eabi/5.4.1/../../../../arm-none-eabi/lib/armv7-m\libg_nano.a(lib_a-mlock.o)
                0x00006ab4                __malloc_unlock
 .text._realloc_r
                0x00006ab6       0x4c c:/program files (x86)/cypress/psoc creator/4.2/psoc creator/import/gnu/arm/5.4.1/bin/../lib/gcc/arm-none-eabi/5.4.1/../../../../arm-none-eabi/lib/armv7-m\libg_nano.a(lib_a-nano-reallocr.o)
                0x00006ab6                _realloc_r
 .text._malloc_usable_size_r
                0x00006b02       0x14 c:/program files (x86)/cypress/psoc creator/4.2/psoc creator/import/gnu/arm/5.4.1/bin/../lib/gcc/arm-none-eabi/5.4.1/../../../../arm-none-eabi/lib/armv7-m\libg_nano.a(lib_a-nano-msizer.o)
                0x00006b02                _malloc_usable_size_r
 *fill*         0x00006b16        0x2 
 .text          0x00006b18       0x2c c:/program files (x86)/cypress/psoc creator/4.2/psoc creator/import/gnu/arm/5.4.1/bin/../lib/gcc/arm-none-eabi/5.4.1/armv7-m\libgcc.a(_arm_unorddf2.o)
                0x00006b18                __unorddf2
                0x00006b18                __aeabi_dcmpun
 *(.plt)
 *(.gnu.warning)
 *(.glue_7t)
 .glue_7t       0x00006b44        0x0 linker stubs
 *(.glue_7)
 .glue_7        0x00006b44        0x0 linker stubs
 *(.vfp11_veneer)
 .vfp11_veneer  0x00006b44        0x0 linker stubs
 *(.bootloader)
 *(.ARM.extab* .gnu.linkonce.armextab.*)
 *(.gcc_except_table)

.v4_bx          0x00006b44        0x0
 .v4_bx         0x00006b44        0x0 linker stubs

.iplt           0x00006b44        0x0
 .iplt          0x00006b44        0x0 c:/program files (x86)/cypress/psoc creator/4.2/psoc creator/import/gnu/arm/5.4.1/bin/../lib/gcc/arm-none-eabi/5.4.1/armv7-m/crtbegin.o

.eh_frame_hdr
 *(.eh_frame_hdr)

.eh_frame       0x00006b44        0x4
 *(.eh_frame)
 .eh_frame      0x00006b44        0x0 c:/program files (x86)/cypress/psoc creator/4.2/psoc creator/import/gnu/arm/5.4.1/bin/../lib/gcc/arm-none-eabi/5.4.1/armv7-m/crtbegin.o
 .eh_frame      0x00006b44        0x4 c:/program files (x86)/cypress/psoc creator/4.2/psoc creator/import/gnu/arm/5.4.1/bin/../lib/gcc/arm-none-eabi/5.4.1/armv7-m/crtend.o
                [!provide]                PROVIDE (__exidx_start, .)

.ARM.exidx
 *(.ARM.exidx* .gnu.linkonce.armexidx.*)
                0x00006b48                __exidx_end = .

.rodata         0x00006b48      0x430
 *(.rodata .rodata.* .gnu.linkonce.r.*)
 .rodata.str1.4
                0x00006b48       0x15 .\CortexM3\ARM_GCC_541\Debug\main.o
 *fill*         0x00006b5d        0x3 
 .rodata.str1.4
                0x00006b60       0x15 .\CortexM3\ARM_GCC_541\Debug\colour.o
 *fill*         0x00006b75        0x3 
 .rodata.str1.4
                0x00006b78        0xa .\CortexM3\ARM_GCC_541\Debug\ultrasonic.o
 *fill*         0x00006b82        0x2 
 .rodata.str1.4
                0x00006b84       0x48 .\CortexM3\ARM_GCC_541\Debug\dcmotor.o
                                 0x46 (size before relaxing)
 .rodata        0x00006bcc       0x36 .\CortexM3\ARM_GCC_541\Debug\cyfitter_cfg.o
 *fill*         0x00006c02        0x2 
 .rodata.npio2_hw
                0x00006c04       0x80 c:/program files (x86)/cypress/psoc creator/4.2/psoc creator/import/gnu/arm/5.4.1/bin/../lib/gcc/arm-none-eabi/5.4.1/../../../../arm-none-eabi/lib/armv7-m\libm.a(lib_a-e_rem_pio2.o)
 .rodata.two_over_pi
                0x00006c84      0x108 c:/program files (x86)/cypress/psoc creator/4.2/psoc creator/import/gnu/arm/5.4.1/bin/../lib/gcc/arm-none-eabi/5.4.1/../../../../arm-none-eabi/lib/armv7-m\libm.a(lib_a-e_rem_pio2.o)
 .rodata.init_jk
                0x00006d8c       0x10 c:/program files (x86)/cypress/psoc creator/4.2/psoc creator/import/gnu/arm/5.4.1/bin/../lib/gcc/arm-none-eabi/5.4.1/../../../../arm-none-eabi/lib/armv7-m\libm.a(lib_a-k_rem_pio2.o)
 *fill*         0x00006d9c        0x4 
 .rodata.PIo2   0x00006da0       0x40 c:/program files (x86)/cypress/psoc creator/4.2/psoc creator/import/gnu/arm/5.4.1/bin/../lib/gcc/arm-none-eabi/5.4.1/../../../../arm-none-eabi/lib/armv7-m\libm.a(lib_a-k_rem_pio2.o)
 .rodata.str1.1
                0x00006de0        0x2 c:/program files (x86)/cypress/psoc creator/4.2/psoc creator/import/gnu/arm/5.4.1/bin/../lib/gcc/arm-none-eabi/5.4.1/../../../../arm-none-eabi/lib/armv7-m\libg_nano.a(lib_a-impure.o)
 .rodata.str1.1
                0x00006de2       0x12 c:/program files (x86)/cypress/psoc creator/4.2/psoc creator/import/gnu/arm/5.4.1/bin/../lib/gcc/arm-none-eabi/5.4.1/../../../../arm-none-eabi/lib/armv7-m\libg_nano.a(lib_a-nano-vfprintf_float.o)
 .rodata.str1.1
                0x00006df4       0x22 c:/program files (x86)/cypress/psoc creator/4.2/psoc creator/import/gnu/arm/5.4.1/bin/../lib/gcc/arm-none-eabi/5.4.1/../../../../arm-none-eabi/lib/armv7-m\libg_nano.a(lib_a-nano-vfprintf_i.o)
 .rodata.str1.1
                0x00006e16        0xd c:/program files (x86)/cypress/psoc creator/4.2/psoc creator/import/gnu/arm/5.4.1/bin/../lib/gcc/arm-none-eabi/5.4.1/../../../../arm-none-eabi/lib/armv7-m\libg_nano.a(lib_a-dtoa.o)
                                  0xf (size before relaxing)
 .rodata.str1.1
                0x00006e23        0x8 c:/program files (x86)/cypress/psoc creator/4.2/psoc creator/import/gnu/arm/5.4.1/bin/../lib/gcc/arm-none-eabi/5.4.1/../../../../arm-none-eabi/lib/armv7-m\libg_nano.a(lib_a-locale.o)
                                  0xb (size before relaxing)
 *fill*         0x00006e2b        0x5 
 .rodata.__mprec_tens
                0x00006e30       0xc8 c:/program files (x86)/cypress/psoc creator/4.2/psoc creator/import/gnu/arm/5.4.1/bin/../lib/gcc/arm-none-eabi/5.4.1/../../../../arm-none-eabi/lib/armv7-m\libg_nano.a(lib_a-mprec.o)
                0x00006e30                __mprec_tens
 .rodata.p05.5408
                0x00006ef8        0xc c:/program files (x86)/cypress/psoc creator/4.2/psoc creator/import/gnu/arm/5.4.1/bin/../lib/gcc/arm-none-eabi/5.4.1/../../../../arm-none-eabi/lib/armv7-m\libg_nano.a(lib_a-mprec.o)
 *fill*         0x00006f04        0x4 
 .rodata.__mprec_bigtens
                0x00006f08       0x28 c:/program files (x86)/cypress/psoc creator/4.2/psoc creator/import/gnu/arm/5.4.1/bin/../lib/gcc/arm-none-eabi/5.4.1/../../../../arm-none-eabi/lib/armv7-m\libg_nano.a(lib_a-mprec.o)
                0x00006f08                __mprec_bigtens
 .rodata.str1.1
                0x00006f30       0x11 c:/program files (x86)/cypress/psoc creator/4.2/psoc creator/import/gnu/arm/5.4.1/bin/../lib/gcc/arm-none-eabi/5.4.1/../../../../arm-none-eabi/lib/armv7-m\libg_nano.a(lib_a-nano-svfprintf.o)
                0x00006f44                . = ALIGN (0x4)
 *fill*         0x00006f41        0x3 
 *(.init)
 .init          0x00006f44        0x4 c:/program files (x86)/cypress/psoc creator/4.2/psoc creator/import/gnu/arm/5.4.1/bin/../lib/gcc/arm-none-eabi/5.4.1/armv7-m/crti.o
                0x00006f44                _init
 .init          0x00006f48        0x8 c:/program files (x86)/cypress/psoc creator/4.2/psoc creator/import/gnu/arm/5.4.1/bin/../lib/gcc/arm-none-eabi/5.4.1/armv7-m/crtn.o
                0x00006f50                . = ALIGN (0x4)
                0x00006f50                __preinit_array_start = .
 *(.preinit_array)
                0x00006f50                __preinit_array_end = .
                0x00006f50                . = ALIGN (0x4)
                0x00006f50                __init_array_start = .
 *(SORT(.init_array.*))
 *(.init_array)
 .init_array    0x00006f50        0x4 c:/program files (x86)/cypress/psoc creator/4.2/psoc creator/import/gnu/arm/5.4.1/bin/../lib/gcc/arm-none-eabi/5.4.1/armv7-m/crtbegin.o
 .init_array    0x00006f54        0x4 .\CortexM3\ARM_GCC_541\Debug\Cm3Start.o
                0x00006f58                __init_array_end = .
                0x00006f58                . = ALIGN (0x4)
 *(.fini)
 .fini          0x00006f58        0x4 c:/program files (x86)/cypress/psoc creator/4.2/psoc creator/import/gnu/arm/5.4.1/bin/../lib/gcc/arm-none-eabi/5.4.1/armv7-m/crti.o
                0x00006f58                _fini
 .fini          0x00006f5c        0x8 c:/program files (x86)/cypress/psoc creator/4.2/psoc creator/import/gnu/arm/5.4.1/bin/../lib/gcc/arm-none-eabi/5.4.1/armv7-m/crtn.o
                0x00006f64                . = ALIGN (0x4)
                0x00006f64                __fini_array_start = .
 *(.fini_array)
 .fini_array    0x00006f64        0x4 c:/program files (x86)/cypress/psoc creator/4.2/psoc creator/import/gnu/arm/5.4.1/bin/../lib/gcc/arm-none-eabi/5.4.1/armv7-m/crtbegin.o
 *(SORT(.fini_array.*))
                0x00006f68                __fini_array_end = .
                0x00006f68                . = ALIGN (0x4)
 *crtbegin.o(.ctors)
 *(EXCLUDE_FILE(*crtend.o) .ctors)
 *(SORT(.ctors.*))
 *crtend.o(.ctors)
                0x00006f68                . = ALIGN (0x4)
 *crtbegin.o(.dtors)
 *(EXCLUDE_FILE(*crtend.o) .dtors)
 *(SORT(.dtors.*))
 *crtend.o(.dtors)
                0x00006f68                . = ALIGN (0x4)
                0x00006f68                __cy_regions = .
                0x00006f68        0x4 LONG 0x6f78 __cy_region_init_ram
                0x00006f6c        0x4 LONG 0x1fff80c8 __cy_region_start_data
                0x00006f70        0x4 LONG 0xe8 __cy_region_init_size_ram
                0x00006f74        0x4 LONG 0x188 __cy_region_zero_size_ram
                0x00006f78                __cy_regions_end = .
                0x00006f78                . = ALIGN (0x8)
                0x00006f78                _etext = .

.cy_checksum_exclude
                0x00006f78        0x0
 *(.cy_checksum_exclude)

.ramvectors     0x1fff8000       0xc0
                0x1fff8000                __cy_region_start_ram = .
 *(.ramvectors)
 .ramvectors    0x1fff8000       0xc0 .\CortexM3\ARM_GCC_541\Debug\Cm3Start.o
                0x1fff8000                CyRamVectors

.noinit         0x1fff80c0        0x1
 *(.noinit)
 .noinit        0x1fff80c0        0x1 .\CortexM3\ARM_GCC_541\Debug\Group17Robot.a(CyLib.o)
                0x1fff80c0                CyResetStatus

.data           0x1fff80c8       0xe8 load address 0x00006f78
                0x1fff80c8                __cy_region_start_data = .
 *(.jcr)
 .jcr           0x1fff80c8        0x0 c:/program files (x86)/cypress/psoc creator/4.2/psoc creator/import/gnu/arm/5.4.1/bin/../lib/gcc/arm-none-eabi/5.4.1/armv7-m/crtbegin.o
 .jcr           0x1fff80c8        0x4 c:/program files (x86)/cypress/psoc creator/4.2/psoc creator/import/gnu/arm/5.4.1/bin/../lib/gcc/arm-none-eabi/5.4.1/armv7-m/crtend.o
 *(.got.plt)
 *(.got)
 *(.shdata)
 *(.data .data.* .gnu.linkonce.d.*)
 .data          0x1fff80cc       0x28 .\CortexM3\ARM_GCC_541\Debug\main.o
                0x1fff80cc                colour_flag
                0x1fff80d0                state
                0x1fff80d4                running
                0x1fff80d8                moveNow
                0x1fff80dc                currentOrientation
                0x1fff80e0                puckRackOffsetsFromWest
 .data          0x1fff80f4        0x4 .\CortexM3\ARM_GCC_541\Debug\ultrasonic.o
                0x1fff80f4                initialisation
 .data          0x1fff80f8        0x4 .\CortexM3\ARM_GCC_541\Debug\Cm3Start.o
 .data          0x1fff80fc       0x10 .\CortexM3\ARM_GCC_541\Debug\Group17Robot.a(CyLib.o)
                0x1fff80fc                cydelay_32k_ms
                0x1fff8100                cydelay_freq_khz
                0x1fff8104                cydelay_freq_mhz
                0x1fff8108                cydelay_freq_hz
 .data          0x1fff810c        0x1 .\CortexM3\ARM_GCC_541\Debug\Group17Robot.a(ADC.o)
                0x1fff810c                ADC_Config
 *fill*         0x1fff810d        0x3 
 .data.impure_data
                0x1fff8110       0x60 c:/program files (x86)/cypress/psoc creator/4.2/psoc creator/import/gnu/arm/5.4.1/bin/../lib/gcc/arm-none-eabi/5.4.1/../../../../arm-none-eabi/lib/armv7-m\libg_nano.a(lib_a-impure.o)
 .data._impure_ptr
                0x1fff8170        0x4 c:/program files (x86)/cypress/psoc creator/4.2/psoc creator/import/gnu/arm/5.4.1/bin/../lib/gcc/arm-none-eabi/5.4.1/../../../../arm-none-eabi/lib/armv7-m\libg_nano.a(lib_a-impure.o)
                0x1fff8170                _impure_ptr
 .data.lconv    0x1fff8174       0x38 c:/program files (x86)/cypress/psoc creator/4.2/psoc creator/import/gnu/arm/5.4.1/bin/../lib/gcc/arm-none-eabi/5.4.1/../../../../arm-none-eabi/lib/armv7-m\libg_nano.a(lib_a-locale.o)
                0x1fff81b0                . = ALIGN (0x8)
 *fill*         0x1fff81ac        0x4 
 *(.ram)
                0x1fff81b0                _edata = .

.igot.plt       0x1fff81b0        0x0 load address 0x00007060
 .igot.plt      0x1fff81b0        0x0 c:/program files (x86)/cypress/psoc creator/4.2/psoc creator/import/gnu/arm/5.4.1/bin/../lib/gcc/arm-none-eabi/5.4.1/armv7-m/crtbegin.o

.bss            0x1fff81b0      0x188 load address 0x00007060
                0x1fff81b0                PROVIDE (__bss_start__, .)
 *(.shbss)
 *(.bss .bss.* .gnu.linkonce.b.*)
 .bss           0x1fff81b0       0x1c c:/program files (x86)/cypress/psoc creator/4.2/psoc creator/import/gnu/arm/5.4.1/bin/../lib/gcc/arm-none-eabi/5.4.1/armv7-m/crtbegin.o
 .bss           0x1fff81cc       0x50 .\CortexM3\ARM_GCC_541\Debug\main.o
                0x1fff81cc                beginNavigation
                0x1fff81d0                idac_value
                0x1fff81d4                block_edge_location
                0x1fff81e4                currentPuckStackSize
                0x1fff81e8                ColourSensingAlgorithm
                0x1fff81ec                turningRightFlag
                0x1fff81ee                turningLeftFlag
                0x1fff81f0                drivingBackwardFlag
                0x1fff81f2                drivingForwardFlag
                0x1fff81f4                motor2Enable
                0x1fff81f6                motor1Enable
                0x1fff81f8                currentPosition
                0x1fff8200                sweeping
                0x1fff8204                puckRackColours
                0x1fff8218                currentPuckRackScanningIndex
 .bss           0x1fff821c       0x2c .\CortexM3\ARM_GCC_541\Debug\ultrasonic.o
                0x1fff821c                count
                0x1fff8220                ultrasonic_mux_control
                0x1fff8224                ultrasonic_distances
                0x1fff8238                block_start
                0x1fff823c                puck_start
                0x1fff8240                distance_measured
                0x1fff8244                i
 .bss           0x1fff8248        0x1 .\CortexM3\ARM_GCC_541\Debug\Group17Robot.a(TIA_1.o)
                0x1fff8248                TIA_1_initVar
 .bss           0x1fff8249        0x2 .\CortexM3\ARM_GCC_541\Debug\Group17Robot.a(UART_1.o)
                0x1fff8249                UART_1_initVar
 *fill*         0x1fff824b        0x1 
 .bss           0x1fff824c       0x18 .\CortexM3\ARM_GCC_541\Debug\Group17Robot.a(ADC.o)
                0x1fff825c                ADC_stopConversion
                0x1fff825d                ADC_convDone
                0x1fff825e                ADC_initVar
                0x1fff825f                ADC_started
                0x1fff8260                ADC_Offset
 .bss           0x1fff8264        0x1 .\CortexM3\ARM_GCC_541\Debug\Group17Robot.a(IDAC8_1.o)
                0x1fff8264                IDAC8_1_initVar
 .bss           0x1fff8265        0x1 .\CortexM3\ARM_GCC_541\Debug\Group17Robot.a(Timer_1.o)
                0x1fff8265                Timer_1_initVar
 .bss           0x1fff8266        0x1 .\CortexM3\ARM_GCC_541\Debug\Group17Robot.a(Motor_2_driver.o)
                0x1fff8266                Motor_2_driver_initVar
 .bss           0x1fff8267        0x1 .\CortexM3\ARM_GCC_541\Debug\Group17Robot.a(Motor_1_driver.o)
                0x1fff8267                Motor_1_driver_initVar
 .bss           0x1fff8268        0x1 .\CortexM3\ARM_GCC_541\Debug\Group17Robot.a(Motor_2_Encoder_Counts.o)
                0x1fff8268                Motor_2_Encoder_Counts_initVar
 .bss           0x1fff8269        0x1 .\CortexM3\ARM_GCC_541\Debug\Group17Robot.a(Motor_1_Encoder_Counts.o)
                0x1fff8269                Motor_1_Encoder_Counts_initVar
 .bss           0x1fff826a        0x1 .\CortexM3\ARM_GCC_541\Debug\Group17Robot.a(Gripper_Servo_PWM.o)
                0x1fff826a                Gripper_Servo_PWM_initVar
 .bss           0x1fff826b        0x1 .\CortexM3\ARM_GCC_541\Debug\Group17Robot.a(Rack_Servo_PWM.o)
                0x1fff826b                Rack_Servo_PWM_initVar
 .bss           0x1fff826c        0x1 .\CortexM3\ARM_GCC_541\Debug\Group17Robot.a(Drift_Check_Timer.o)
                0x1fff826c                Drift_Check_Timer_initVar
 *fill*         0x1fff826d        0x3 
 .bss.__malloc_sbrk_start
                0x1fff8270        0x4 c:/program files (x86)/cypress/psoc creator/4.2/psoc creator/import/gnu/arm/5.4.1/bin/../lib/gcc/arm-none-eabi/5.4.1/../../../../arm-none-eabi/lib/armv7-m\libg_nano.a(lib_a-nano-mallocr.o)
                0x1fff8270                __malloc_sbrk_start
 .bss.__malloc_free_list
                0x1fff8274        0x4 c:/program files (x86)/cypress/psoc creator/4.2/psoc creator/import/gnu/arm/5.4.1/bin/../lib/gcc/arm-none-eabi/5.4.1/../../../../arm-none-eabi/lib/armv7-m\libg_nano.a(lib_a-nano-mallocr.o)
                0x1fff8274                __malloc_free_list
 *(COMMON)
 COMMON         0x1fff8278       0x64 .\CortexM3\ARM_GCC_541\Debug\main.o
                0x1fff8278                moveRightAllowed
                0x1fff827c                M2_BD
                0x1fff8280                output
                0x1fff82a0                desiredOrientation
                0x1fff82a4                moveForwardAllowed
                0x1fff82a8                pathPastBlock
                0x1fff82ac                driveStraightEnable
                0x1fff82b0                moveBackwardAllowed
                0x1fff82b4                M1_BD
                0x1fff82b8                pathToPucks
                0x1fff82bc                M1_FD
                0x1fff82c0                puckPileLocation
                0x1fff82c4                motor1EncoderCounts
                0x1fff82c8                moveLeftAllowed
                0x1fff82cc                motor2EncoderCounts
                0x1fff82d0                desiredPosition
                0x1fff82d8                M2_FD
 COMMON         0x1fff82dc       0x54 .\CortexM3\ARM_GCC_541\Debug\colour.o
                0x1fff82dc                test_white
                0x1fff82e0                test_red
                0x1fff82e4                ambient_current
                0x1fff82e8                input_current
                0x1fff82ec                colour_output
                0x1fff82f0                ambient_green
                0x1fff82f4                ambient_white
                0x1fff82f8                ambient_red
                0x1fff82fc                test_blue
                0x1fff8300                ambient_blue
                0x1fff8304                pd_voltage
                0x1fff8308                stored
                0x1fff832c                test_green
 COMMON         0x1fff8330        0x4 .\CortexM3\ARM_GCC_541\Debug\Group17Robot.a(ADC.o)
                0x1fff8330                ADC_CountsPerVolt
 COMMON         0x1fff8334        0x4 c:/program files (x86)/cypress/psoc creator/4.2/psoc creator/import/gnu/arm/5.4.1/bin/../lib/gcc/arm-none-eabi/5.4.1/../../../../arm-none-eabi/lib/armv7-m\libg_nano.a(lib_a-reent.o)
                0x1fff8334                errno
                0x1fff8338                . = ALIGN (0x8)
 *(.ram.b)
                0x1fff8338                _end = .
                0x1fff8338                __end = .
                0x1fff8338                PROVIDE (end, .)
                0x1fff8338                PROVIDE (__bss_end__, .)
                0x00006f78                __cy_region_init_ram = LOADADDR (.data)
                0x000000e8                __cy_region_init_size_ram = (_edata - ADDR (.data))
                0x00000188                __cy_region_zero_size_ram = (_end - _edata)

.heap           0x1fff8338      0x200 load address 0x00007060
                0x1fff8338                . = _end
                0x1fff8538                . = (. + 0x200)
 *fill*         0x1fff8338      0x200 
                0x1fff8538                __cy_heap_limit = .

.stack          0x20007800      0x800
                0x20007800                __cy_stack_limit = .
                0x20008000                . = (. + 0x800)
 *fill*         0x20007800      0x800 
                0x00000001                ASSERT ((__cy_stack_limit >= __cy_heap_limit), region RAM overflowed with stack)
                0x00000000                cy_checksum_exclude_size = (CY_APPL_LOADABLE == 0x1)?SIZEOF (.cy_checksum_exclude):0x0
                0x00000001                ASSERT ((cy_checksum_exclude_size <= CY_CHECKSUM_EXCLUDE_SIZE), CY_BOOT: Section .cy_checksum_exclude size exceedes specified limit.)

.cyloadermeta
 *(.cyloadermeta)

.cyloadablemeta
 *(.cyloadablemeta)

.cyconfigecc    0x80000000      0xda4
 *(.cyconfigecc)
 .cyconfigecc   0x80000000      0xda4 .\CortexM3\ARM_GCC_541\Debug\cymetadata.o
                0x80000000                cy_meta_configecc

.cycustnvl      0x90000000        0x4
 *(.cycustnvl)
 .cycustnvl     0x90000000        0x4 .\CortexM3\ARM_GCC_541\Debug\cymetadata.o
                0x90000000                cy_meta_custnvl

.cywolatch      0x90100000        0x4
 *(.cywolatch)
 .cywolatch     0x90100000        0x4 .\CortexM3\ARM_GCC_541\Debug\cymetadata.o
                0x90100000                cy_meta_wonvl

.cyeeprom       0x90200000        0x0
 *(.cyeeprom)
                0x00000001                ASSERT ((. <= ((0x90200000 + ee_offset) + ee_size)), .cyeeprom data will not fit in EEPROM)

.cyflashprotect
                0x90400000      0x100
 *(.cyflashprotect)
 .cyflashprotect
                0x90400000      0x100 .\CortexM3\ARM_GCC_541\Debug\cymetadata.o
                0x90400000                cy_meta_flashprotect

.cymeta         0x90500000        0xc
 *(.cymeta)
 .cymeta        0x90500000        0xc .\CortexM3\ARM_GCC_541\Debug\cymetadata.o
                0x90500000                cy_metadata

.rel.dyn        0x00007060        0x0 load address 0x9050000c
 .rel.iplt      0x00007060        0x0 c:/program files (x86)/cypress/psoc creator/4.2/psoc creator/import/gnu/arm/5.4.1/bin/../lib/gcc/arm-none-eabi/5.4.1/armv7-m/crtbegin.o

.stab
 *(.stab)

.stabstr
 *(.stabstr)

.debug
 *(.debug)

.line
 *(.line)

.debug_srcinfo
 *(.debug_srcinfo)

.debug_sfnames
 *(.debug_sfnames)

.debug_aranges  0x00000000     0x13e0
 *(.debug_aranges)
 .debug_aranges
                0x00000000       0x48 .\CortexM3\ARM_GCC_541\Debug\main.o
 .debug_aranges
                0x00000048       0x38 .\CortexM3\ARM_GCC_541\Debug\colour.o
 .debug_aranges
                0x00000080       0x40 .\CortexM3\ARM_GCC_541\Debug\ultrasonic.o
 .debug_aranges
                0x000000c0       0xb0 .\CortexM3\ARM_GCC_541\Debug\dcmotor.o
 .debug_aranges
                0x00000170       0x68 .\CortexM3\ARM_GCC_541\Debug\servo.o
 .debug_aranges
                0x000001d8       0x20 .\CortexM3\ARM_GCC_541\Debug\customMath.o
 .debug_aranges
                0x000001f8       0x58 .\CortexM3\ARM_GCC_541\Debug\cyfitter_cfg.o
 .debug_aranges
                0x00000250       0x18 .\CortexM3\ARM_GCC_541\Debug\cymetadata.o
 .debug_aranges
                0x00000268       0x48 .\CortexM3\ARM_GCC_541\Debug\Cm3Start.o
 .debug_aranges
                0x000002b0       0x50 .\CortexM3\ARM_GCC_541\Debug\Group17Robot.a(TIA_1.o)
 .debug_aranges
                0x00000300      0x2a0 .\CortexM3\ARM_GCC_541\Debug\Group17Robot.a(CyLib.o)
 .debug_aranges
                0x000005a0       0x98 .\CortexM3\ARM_GCC_541\Debug\Group17Robot.a(cyPm.o)
 .debug_aranges
                0x00000638       0xf0 .\CortexM3\ARM_GCC_541\Debug\Group17Robot.a(UART_1.o)
 .debug_aranges
                0x00000728       0x70 .\CortexM3\ARM_GCC_541\Debug\Group17Robot.a(UART_1_IntClock.o)
 .debug_aranges
                0x00000798       0xe8 .\CortexM3\ARM_GCC_541\Debug\Group17Robot.a(ADC.o)
 .debug_aranges
                0x00000880       0x38 .\CortexM3\ARM_GCC_541\Debug\Group17Robot.a(ADC_INT.o)
 .debug_aranges
                0x000008b8       0x70 .\CortexM3\ARM_GCC_541\Debug\Group17Robot.a(ADC_Ext_CP_Clk.o)
 .debug_aranges
                0x00000928       0x80 .\CortexM3\ARM_GCC_541\Debug\Group17Robot.a(ADC_theACLK.o)
 .debug_aranges
                0x000009a8       0x60 .\CortexM3\ARM_GCC_541\Debug\Group17Robot.a(IDAC8_1.o)
 .debug_aranges
                0x00000a08       0x98 .\CortexM3\ARM_GCC_541\Debug\Group17Robot.a(Timer_1.o)
 .debug_aranges
                0x00000aa0       0x38 .\CortexM3\ARM_GCC_541\Debug\Group17Robot.a(Trigger_1.o)
 .debug_aranges
                0x00000ad8       0x38 .\CortexM3\ARM_GCC_541\Debug\Group17Robot.a(Trigger_2.o)
 .debug_aranges
                0x00000b10       0x38 .\CortexM3\ARM_GCC_541\Debug\Group17Robot.a(Trigger_3.o)
 .debug_aranges
                0x00000b48       0x38 .\CortexM3\ARM_GCC_541\Debug\Group17Robot.a(Trigger_4.o)
 .debug_aranges
                0x00000b80       0x38 .\CortexM3\ARM_GCC_541\Debug\Group17Robot.a(Trigger_5.o)
 .debug_aranges
                0x00000bb8       0x28 .\CortexM3\ARM_GCC_541\Debug\Group17Robot.a(Ultrasonic_Mux_Control.o)
 .debug_aranges
                0x00000be0       0xa8 .\CortexM3\ARM_GCC_541\Debug\Group17Robot.a(Motor_2_driver.o)
 .debug_aranges
                0x00000c88       0xa8 .\CortexM3\ARM_GCC_541\Debug\Group17Robot.a(Motor_1_driver.o)
 .debug_aranges
                0x00000d30       0x98 .\CortexM3\ARM_GCC_541\Debug\Group17Robot.a(Motor_2_Encoder_Counts.o)
 .debug_aranges
                0x00000dc8       0x98 .\CortexM3\ARM_GCC_541\Debug\Group17Robot.a(Motor_1_Encoder_Counts.o)
 .debug_aranges
                0x00000e60       0x78 .\CortexM3\ARM_GCC_541\Debug\Group17Robot.a(Gripper_Servo_PWM.o)
 .debug_aranges
                0x00000ed8       0x78 .\CortexM3\ARM_GCC_541\Debug\Group17Robot.a(Rack_Servo_PWM.o)
 .debug_aranges
                0x00000f50       0x28 .\CortexM3\ARM_GCC_541\Debug\Group17Robot.a(control_led.o)
 .debug_aranges
                0x00000f78       0x80 .\CortexM3\ARM_GCC_541\Debug\Group17Robot.a(Start.o)
 .debug_aranges
                0x00000ff8       0x80 .\CortexM3\ARM_GCC_541\Debug\Group17Robot.a(Sonic.o)
 .debug_aranges
                0x00001078       0x38 .\CortexM3\ARM_GCC_541\Debug\Group17Robot.a(Gripper_Servo_Disable.o)
 .debug_aranges
                0x000010b0       0x80 .\CortexM3\ARM_GCC_541\Debug\Group17Robot.a(Encoder_Counts_1_Interrupt.o)
 .debug_aranges
                0x00001130       0x80 .\CortexM3\ARM_GCC_541\Debug\Group17Robot.a(Encoder_Counts_2_Interrupt.o)
 .debug_aranges
                0x000011b0       0x88 .\CortexM3\ARM_GCC_541\Debug\Group17Robot.a(Drift_Check_Timer.o)
 .debug_aranges
                0x00001238       0x80 .\CortexM3\ARM_GCC_541\Debug\Group17Robot.a(Drift_Check_Interrupt.o)
 .debug_aranges
                0x000012b8       0x20 .\CortexM3\ARM_GCC_541\Debug\Group17Robot.a(CyBootAsmGnu.o)
 .debug_aranges
                0x000012d8       0x88 .\CortexM3\ARM_GCC_541\Debug\Group17Robot.a(CyFlash.o)
 .debug_aranges
                0x00001360       0x80 .\CortexM3\ARM_GCC_541\Debug\Group17Robot.a(CySpc.o)

.debug_pubnames
 *(.debug_pubnames)

.debug_info     0x00000000     0xa7bb
 *(.debug_info .gnu.linkonce.wi.*)
 .debug_info    0x00000000      0x916 .\CortexM3\ARM_GCC_541\Debug\main.o
 .debug_info    0x00000916      0x52d .\CortexM3\ARM_GCC_541\Debug\colour.o
 .debug_info    0x00000e43      0x599 .\CortexM3\ARM_GCC_541\Debug\ultrasonic.o
 .debug_info    0x000013dc      0xbfd .\CortexM3\ARM_GCC_541\Debug\dcmotor.o
 .debug_info    0x00001fd9      0x54f .\CortexM3\ARM_GCC_541\Debug\servo.o
 .debug_info    0x00002528       0x61 .\CortexM3\ARM_GCC_541\Debug\customMath.o
 .debug_info    0x00002589      0x62c .\CortexM3\ARM_GCC_541\Debug\cyfitter_cfg.o
 .debug_info    0x00002bb5      0x139 .\CortexM3\ARM_GCC_541\Debug\cymetadata.o
 .debug_info    0x00002cee      0x3bb .\CortexM3\ARM_GCC_541\Debug\Cm3Start.o
 .debug_info    0x000030a9      0x1d6 .\CortexM3\ARM_GCC_541\Debug\Group17Robot.a(TIA_1.o)
 .debug_info    0x0000327f     0x1374 .\CortexM3\ARM_GCC_541\Debug\Group17Robot.a(CyLib.o)
 .debug_info    0x000045f3      0xa2a .\CortexM3\ARM_GCC_541\Debug\Group17Robot.a(cyPm.o)
 .debug_info    0x0000501d      0x60c .\CortexM3\ARM_GCC_541\Debug\Group17Robot.a(UART_1.o)
 .debug_info    0x00005629      0x283 .\CortexM3\ARM_GCC_541\Debug\Group17Robot.a(UART_1_IntClock.o)
 .debug_info    0x000058ac      0xb94 .\CortexM3\ARM_GCC_541\Debug\Group17Robot.a(ADC.o)
 .debug_info    0x00006440       0xd3 .\CortexM3\ARM_GCC_541\Debug\Group17Robot.a(ADC_INT.o)
 .debug_info    0x00006513      0x283 .\CortexM3\ARM_GCC_541\Debug\Group17Robot.a(ADC_Ext_CP_Clk.o)
 .debug_info    0x00006796      0x2c4 .\CortexM3\ARM_GCC_541\Debug\Group17Robot.a(ADC_theACLK.o)
 .debug_info    0x00006a5a      0x20a .\CortexM3\ARM_GCC_541\Debug\Group17Robot.a(IDAC8_1.o)
 .debug_info    0x00006c64      0x328 .\CortexM3\ARM_GCC_541\Debug\Group17Robot.a(Timer_1.o)
 .debug_info    0x00006f8c      0x11f .\CortexM3\ARM_GCC_541\Debug\Group17Robot.a(Trigger_1.o)
 .debug_info    0x000070ab      0x11f .\CortexM3\ARM_GCC_541\Debug\Group17Robot.a(Trigger_2.o)
 .debug_info    0x000071ca      0x11f .\CortexM3\ARM_GCC_541\Debug\Group17Robot.a(Trigger_3.o)
 .debug_info    0x000072e9      0x11f .\CortexM3\ARM_GCC_541\Debug\Group17Robot.a(Trigger_4.o)
 .debug_info    0x00007408      0x11f .\CortexM3\ARM_GCC_541\Debug\Group17Robot.a(Trigger_5.o)
 .debug_info    0x00007527       0xd6 .\CortexM3\ARM_GCC_541\Debug\Group17Robot.a(Ultrasonic_Mux_Control.o)
 .debug_info    0x000075fd      0x3a0 .\CortexM3\ARM_GCC_541\Debug\Group17Robot.a(Motor_2_driver.o)
 .debug_info    0x0000799d      0x3a0 .\CortexM3\ARM_GCC_541\Debug\Group17Robot.a(Motor_1_driver.o)
 .debug_info    0x00007d3d      0x344 .\CortexM3\ARM_GCC_541\Debug\Group17Robot.a(Motor_2_Encoder_Counts.o)
 .debug_info    0x00008081      0x344 .\CortexM3\ARM_GCC_541\Debug\Group17Robot.a(Motor_1_Encoder_Counts.o)
 .debug_info    0x000083c5      0x281 .\CortexM3\ARM_GCC_541\Debug\Group17Robot.a(Gripper_Servo_PWM.o)
 .debug_info    0x00008646      0x281 .\CortexM3\ARM_GCC_541\Debug\Group17Robot.a(Rack_Servo_PWM.o)
 .debug_info    0x000088c7       0xd6 .\CortexM3\ARM_GCC_541\Debug\Group17Robot.a(control_led.o)
 .debug_info    0x0000899d      0x2d2 .\CortexM3\ARM_GCC_541\Debug\Group17Robot.a(Start.o)
 .debug_info    0x00008c6f      0x2d2 .\CortexM3\ARM_GCC_541\Debug\Group17Robot.a(Sonic.o)
 .debug_info    0x00008f41      0x11f .\CortexM3\ARM_GCC_541\Debug\Group17Robot.a(Gripper_Servo_Disable.o)
 .debug_info    0x00009060      0x2d2 .\CortexM3\ARM_GCC_541\Debug\Group17Robot.a(Encoder_Counts_1_Interrupt.o)
 .debug_info    0x00009332      0x2d2 .\CortexM3\ARM_GCC_541\Debug\Group17Robot.a(Encoder_Counts_2_Interrupt.o)
 .debug_info    0x00009604      0x291 .\CortexM3\ARM_GCC_541\Debug\Group17Robot.a(Drift_Check_Timer.o)
 .debug_info    0x00009895      0x2d2 .\CortexM3\ARM_GCC_541\Debug\Group17Robot.a(Drift_Check_Interrupt.o)
 .debug_info    0x00009b67       0xb7 .\CortexM3\ARM_GCC_541\Debug\Group17Robot.a(CyBootAsmGnu.o)
 .debug_info    0x00009c1e      0x64d .\CortexM3\ARM_GCC_541\Debug\Group17Robot.a(CyFlash.o)
 .debug_info    0x0000a26b      0x550 .\CortexM3\ARM_GCC_541\Debug\Group17Robot.a(CySpc.o)

.debug_abbrev   0x00000000     0x317b
 *(.debug_abbrev)
 .debug_abbrev  0x00000000      0x157 .\CortexM3\ARM_GCC_541\Debug\main.o
 .debug_abbrev  0x00000157      0x15a .\CortexM3\ARM_GCC_541\Debug\colour.o
 .debug_abbrev  0x000002b1      0x181 .\CortexM3\ARM_GCC_541\Debug\ultrasonic.o
 .debug_abbrev  0x00000432      0x1e9 .\CortexM3\ARM_GCC_541\Debug\dcmotor.o
 .debug_abbrev  0x0000061b      0x149 .\CortexM3\ARM_GCC_541\Debug\servo.o
 .debug_abbrev  0x00000764       0x48 .\CortexM3\ARM_GCC_541\Debug\customMath.o
 .debug_abbrev  0x000007ac      0x20d .\CortexM3\ARM_GCC_541\Debug\cyfitter_cfg.o
 .debug_abbrev  0x000009b9       0x77 .\CortexM3\ARM_GCC_541\Debug\cymetadata.o
 .debug_abbrev  0x00000a30      0x1e8 .\CortexM3\ARM_GCC_541\Debug\Cm3Start.o
 .debug_abbrev  0x00000c18       0xf7 .\CortexM3\ARM_GCC_541\Debug\Group17Robot.a(TIA_1.o)