Archive member included to satisfy reference by file (symbol)

.\CortexM3\ARM_GCC_541\Debug\Group17Robot.a(TIA_1.o)
                              .\CortexM3\ARM_GCC_541\Debug\main.o (TIA_1_Start)
.\CortexM3\ARM_GCC_541\Debug\Group17Robot.a(CyLib.o)
                              .\CortexM3\ARM_GCC_541\Debug\Cm3Start.o (CyHalt)
.\CortexM3\ARM_GCC_541\Debug\Group17Robot.a(cyPm.o)
                              .\CortexM3\ARM_GCC_541\Debug\Group17Robot.a(CyLib.o) (CyPmReadStatus)
.\CortexM3\ARM_GCC_541\Debug\Group17Robot.a(UART_1.o)
                              .\CortexM3\ARM_GCC_541\Debug\main.o (UART_1_Start)
.\CortexM3\ARM_GCC_541\Debug\Group17Robot.a(UART_1_IntClock.o)
                              .\CortexM3\ARM_GCC_541\Debug\Group17Robot.a(UART_1.o) (UART_1_IntClock_Start)
.\CortexM3\ARM_GCC_541\Debug\Group17Robot.a(ADC.o)
                              .\CortexM3\ARM_GCC_541\Debug\main.o (ADC_Start)
.\CortexM3\ARM_GCC_541\Debug\Group17Robot.a(ADC_INT.o)
                              .\CortexM3\ARM_GCC_541\Debug\Group17Robot.a(ADC.o) (ADC_ISR1)
.\CortexM3\ARM_GCC_541\Debug\Group17Robot.a(ADC_Ext_CP_Clk.o)
                              .\CortexM3\ARM_GCC_541\Debug\Group17Robot.a(ADC.o) (ADC_Ext_CP_Clk_SetModeRegister)
.\CortexM3\ARM_GCC_541\Debug\Group17Robot.a(ADC_theACLK.o)
                              .\CortexM3\ARM_GCC_541\Debug\Group17Robot.a(ADC.o) (ADC_theACLK_SetModeRegister)
.\CortexM3\ARM_GCC_541\Debug\Group17Robot.a(IDAC8_1.o)
                              .\CortexM3\ARM_GCC_541\Debug\main.o (IDAC8_1_SetValue)
.\CortexM3\ARM_GCC_541\Debug\Group17Robot.a(Timer_1.o)
                              .\CortexM3\ARM_GCC_541\Debug\ultrasonic.o (Timer_1_Stop)
.\CortexM3\ARM_GCC_541\Debug\Group17Robot.a(Trigger_1.o)
                              .\CortexM3\ARM_GCC_541\Debug\ultrasonic.o (Trigger_1_Write)
.\CortexM3\ARM_GCC_541\Debug\Group17Robot.a(Trigger_2.o)
                              .\CortexM3\ARM_GCC_541\Debug\ultrasonic.o (Trigger_2_Write)
.\CortexM3\ARM_GCC_541\Debug\Group17Robot.a(Trigger_3.o)
                              .\CortexM3\ARM_GCC_541\Debug\ultrasonic.o (Trigger_3_Write)
.\CortexM3\ARM_GCC_541\Debug\Group17Robot.a(Trigger_4.o)
                              .\CortexM3\ARM_GCC_541\Debug\ultrasonic.o (Trigger_4_Write)
.\CortexM3\ARM_GCC_541\Debug\Group17Robot.a(Trigger_5.o)
                              .\CortexM3\ARM_GCC_541\Debug\ultrasonic.o (Trigger_5_Write)
.\CortexM3\ARM_GCC_541\Debug\Group17Robot.a(Ultrasonic_Mux_Control.o)
                              .\CortexM3\ARM_GCC_541\Debug\ultrasonic.o (Ultrasonic_Mux_Control_Write)
.\CortexM3\ARM_GCC_541\Debug\Group17Robot.a(Gripper_Servo_PWM.o)
                              .\CortexM3\ARM_GCC_541\Debug\main.o (Gripper_Servo_PWM_WriteCompare)
.\CortexM3\ARM_GCC_541\Debug\Group17Robot.a(Gripper_Servo_PWM_PM.o)
                              .\CortexM3\ARM_GCC_541\Debug\main.o (Gripper_Servo_PWM_Sleep)
.\CortexM3\ARM_GCC_541\Debug\Group17Robot.a(Rack_Servo_PWM.o)
                              .\CortexM3\ARM_GCC_541\Debug\main.o (Rack_Servo_PWM_WriteCompare)
.\CortexM3\ARM_GCC_541\Debug\Group17Robot.a(Rack_Servo_PWM_PM.o)
                              .\CortexM3\ARM_GCC_541\Debug\main.o (Rack_Servo_PWM_Sleep)
.\CortexM3\ARM_GCC_541\Debug\Group17Robot.a(control_led.o)
                              .\CortexM3\ARM_GCC_541\Debug\main.o (control_led_Write)
.\CortexM3\ARM_GCC_541\Debug\Group17Robot.a(control_photodiode.o)
                              .\CortexM3\ARM_GCC_541\Debug\main.o (control_photodiode_Write)
.\CortexM3\ARM_GCC_541\Debug\Group17Robot.a(Start.o)
                              .\CortexM3\ARM_GCC_541\Debug\main.o (Start_StartEx)
.\CortexM3\ARM_GCC_541\Debug\Group17Robot.a(Sonic.o)
                              .\CortexM3\ARM_GCC_541\Debug\main.o (Sonic_StartEx)
.\CortexM3\ARM_GCC_541\Debug\Group17Robot.a(Motor_Left_Decoder.o)
                              .\CortexM3\ARM_GCC_541\Debug\navigation.o (Motor_Left_Decoder_GetCounter)
.\CortexM3\ARM_GCC_541\Debug\Group17Robot.a(Motor_Right_Decoder.o)
                              .\CortexM3\ARM_GCC_541\Debug\navigation.o (Motor_Right_Decoder_GetCounter)
.\CortexM3\ARM_GCC_541\Debug\Group17Robot.a(Motor_Left_Driver.o)
                              .\CortexM3\ARM_GCC_541\Debug\main.o (Motor_Left_Driver_WriteCompare)
.\CortexM3\ARM_GCC_541\Debug\Group17Robot.a(Motor_Left_Driver_PM.o)
                              .\CortexM3\ARM_GCC_541\Debug\main.o (Motor_Left_Driver_Sleep)
.\CortexM3\ARM_GCC_541\Debug\Group17Robot.a(Motor_Right_Driver.o)
                              .\CortexM3\ARM_GCC_541\Debug\main.o (Motor_Right_Driver_WriteCompare)
.\CortexM3\ARM_GCC_541\Debug\Group17Robot.a(Motor_Right_Driver_PM.o)
                              .\CortexM3\ARM_GCC_541\Debug\main.o (Motor_Right_Driver_Sleep)
.\CortexM3\ARM_GCC_541\Debug\Group17Robot.a(Motor_Left_Control.o)
                              .\CortexM3\ARM_GCC_541\Debug\navigation.o (Motor_Left_Control_Write)
[...]
Memory Configuration

Name             Origin             Length             Attributes
rom              0x00000000         0x00040000         xr
ram              0x1fff8000         0x00010000         xrw
*default*        0x00000000         0xffffffff

Linker script and memory map

LOAD c:/program files (x86)/cypress/psoc creator/4.2/psoc creator/import/gnu/arm/5.4.1/bin/../lib/gcc/arm-none-eabi/5.4.1/armv7-m/crti.o
LOAD c:/program files (x86)/cypress/psoc creator/4.2/psoc creator/import/gnu/arm/5.4.1/bin/../lib/gcc/arm-none-eabi/5.4.1/armv7-m/crtbegin.o
LOAD c:/program files (x86)/cypress/psoc creator/4.2/psoc creator/import/gnu/arm/5.4.1/bin/../lib/gcc/arm-none-eabi/5.4.1/../../../../arm-none-eabi/lib/armv7-m/crt0.o
START GROUP
LOAD .\CortexM3\ARM_GCC_541\Debug\main.o
LOAD .\CortexM3\ARM_GCC_541\Debug\colour.o
LOAD .\CortexM3\ARM_GCC_541\Debug\ultrasonic.o
LOAD .\CortexM3\ARM_GCC_541\Debug\servo.o
LOAD .\CortexM3\ARM_GCC_541\Debug\customMath.o
LOAD .\CortexM3\ARM_GCC_541\Debug\navigation.o
LOAD .\CortexM3\ARM_GCC_541\Debug\motor.o
LOAD .\CortexM3\ARM_GCC_541\Debug\debugging.o
LOAD .\CortexM3\ARM_GCC_541\Debug\cyfitter_cfg.o
LOAD .\CortexM3\ARM_GCC_541\Debug\cymetadata.o
LOAD .\CortexM3\ARM_GCC_541\Debug\Cm3Start.o
LOAD .\CortexM3\ARM_GCC_541\Debug\Group17Robot.a
LOAD C:\Program Files (x86)\Cypress\PSoC Creator\4.2\PSoC Creator\psoc\content\cycomponentlibrary\CyComponentLibrary.cylib\CortexM3\ARM_GCC_541\Debug\CyComponentLibrary.a
LOAD c:/program files (x86)/cypress/psoc creator/4.2/psoc creator/import/gnu/arm/5.4.1/bin/../lib/gcc/arm-none-eabi/5.4.1/../../../../arm-none-eabi/lib/armv7-m\libm.a
END GROUP
START GROUP
LOAD c:/program files (x86)/cypress/psoc creator/4.2/psoc creator/import/gnu/arm/5.4.1/bin/../lib/gcc/arm-none-eabi/5.4.1/armv7-m\libgcc.a
LOAD c:/program files (x86)/cypress/psoc creator/4.2/psoc creator/import/gnu/arm/5.4.1/bin/../lib/gcc/arm-none-eabi/5.4.1/../../../../arm-none-eabi/lib/armv7-m\libg_nano.a
LOAD c:/program files (x86)/cypress/psoc creator/4.2/psoc creator/import/gnu/arm/5.4.1/bin/../lib/gcc/arm-none-eabi/5.4.1/../../../../arm-none-eabi/lib/armv7-m\libc_nano.a
END GROUP
START GROUP
LOAD c:/program files (x86)/cypress/psoc creator/4.2/psoc creator/import/gnu/arm/5.4.1/bin/../lib/gcc/arm-none-eabi/5.4.1/armv7-m\libgcc.a
LOAD c:/program files (x86)/cypress/psoc creator/4.2/psoc creator/import/gnu/arm/5.4.1/bin/../lib/gcc/arm-none-eabi/5.4.1/../../../../arm-none-eabi/lib/armv7-m\libc_nano.a
END GROUP
LOAD c:/program files (x86)/cypress/psoc creator/4.2/psoc creator/import/gnu/arm/5.4.1/bin/../lib/gcc/arm-none-eabi/5.4.1/armv7-m/crtend.o
LOAD c:/program files (x86)/cypress/psoc creator/4.2/psoc creator/import/gnu/arm/5.4.1/bin/../lib/gcc/arm-none-eabi/5.4.1/armv7-m/crtn.o
START GROUP
LOAD c:/program files (x86)/cypress/psoc creator/4.2/psoc creator/import/gnu/arm/5.4.1/bin/../lib/gcc/arm-none-eabi/5.4.1/armv7-m\libgcc.a
LOAD c:/program files (x86)/cypress/psoc creator/4.2/psoc creator/import/gnu/arm/5.4.1/bin/../lib/gcc/arm-none-eabi/5.4.1/../../../../arm-none-eabi/lib/armv7-m\libc.a
LOAD c:/program files (x86)/cypress/psoc creator/4.2/psoc creator/import/gnu/arm/5.4.1/bin/../lib/gcc/arm-none-eabi/5.4.1/../../../../arm-none-eabi/lib/armv7-m\libnosys.a
END GROUP
                0x00000000                CY_APPL_ORIGIN = 0x0
                0x00000100                CY_FLASH_ROW_SIZE = 0x100
                0x00000020                CY_ECC_ROW_SIZE = 0x20
                0x00000000                CY_EE_IN_BTLDR = 0x0
                0x00000000                CY_APPL_LOADABLE = 0x0
                0x00000800                CY_EE_SIZE = 0x800
                0x00000001                CY_APPL_NUM = 0x1
                0x00000001                CY_APPL_MAX = 0x1
                0x00000040                CY_METADATA_SIZE = 0x40
                0x00000000                CY_APPL_LOADABLE = 0x0
                0x00000000                CY_CHECKSUM_EXCLUDE_SIZE = ALIGN (0x0, CY_FLASH_ROW_SIZE)
                [!provide]                PROVIDE (__cy_heap_start, _end)
                0x00000001                PROVIDE (__cy_region_num, ((__cy_regions_end - __cy_regions) / 0x10))
                0x20008000                PROVIDE (__cy_stack, (ORIGIN (ram) + LENGTH (ram)))
                [!provide]                PROVIDE (__cy_heap_end, (__cy_stack - 0x800))

.cybootloader   0x00000000        0x0
 *(.cybootloader)
                0x00000000                appl1_start = CY_APPL_ORIGIN?CY_APPL_ORIGIN:ALIGN (CY_FLASH_ROW_SIZE)
                0x0001ff00                appl2_start = (appl1_start + ALIGN ((((LENGTH (rom) - appl1_start) - (0x2 * CY_FLASH_ROW_SIZE)) / 0x2), CY_FLASH_ROW_SIZE))
                0x00000000                appl_start = (CY_APPL_NUM == 0x1)?appl1_start:appl2_start
                0x00000000                ecc_offset = ((appl_start / CY_FLASH_ROW_SIZE) * CY_ECC_ROW_SIZE)
                0x00000000                ee_offset = (CY_APPL_LOADABLE && ! (CY_EE_IN_BTLDR))?((CY_EE_SIZE / CY_APPL_MAX) * (CY_APPL_NUM - 0x1)):0x0
                0x00000800                ee_size = (CY_APPL_LOADABLE && ! (CY_EE_IN_BTLDR))?(CY_EE_SIZE / CY_APPL_MAX):CY_EE_SIZE
                [!provide]                PROVIDE (CY_ECC_OFFSET, ecc_offset)

.text           0x00000000     0x77a4
 CREATE_OBJECT_SYMBOLS
                0x00000000                PROVIDE (__cy_interrupt_vector, RomVectors)
 *(.romvectors)
 .romvectors    0x00000000       0x10 .\CortexM3\ARM_GCC_541\Debug\Cm3Start.o
                0x00000000                RomVectors
                0x00000001                ASSERT ((. != __cy_interrupt_vector), No interrupt vector)
                0x00000001                ASSERT (CY_APPL_ORIGIN?(SIZEOF (.cybootloader) <= CY_APPL_ORIGIN):0x1, Wrong image location)
                0x00000010                PROVIDE (__cy_reset, Reset)
 *(.text.Reset)
 .text.Reset    0x00000010       0x18 .\CortexM3\ARM_GCC_541\Debug\Cm3Start.o
                0x00000010                Reset
                0x00000001                ASSERT ((. != __cy_reset), No reset code)
 *(.dma_init)
                0x00000001                ASSERT ((((appl_start + .) <= 0x10000) || 0x1), DMA Init must be within the first 64k of flash)
 *(.text .text.* .gnu.linkonce.t.*)
 .text          0x00000028       0x5c c:/program files (x86)/cypress/psoc creator/4.2/psoc creator/import/gnu/arm/5.4.1/bin/../lib/gcc/arm-none-eabi/5.4.1/armv7-m/crtbegin.o
 .text.TIH      0x00000084        0x8 .\CortexM3\ARM_GCC_541\Debug\main.o
                0x00000084                TIH
 .text.StartIH  0x0000008c       0x24 .\CortexM3\ARM_GCC_541\Debug\main.o
                0x0000008c                StartIH
 .text.main     0x000000b0      0xb08 .\CortexM3\ARM_GCC_541\Debug\main.o
                0x000000b0                main
 .text.colourSensingInitialise
                0x00000bb8       0x68 .\CortexM3\ARM_GCC_541\Debug\colour.o
                0x00000bb8                colourSensingInitialise
 .text.colourSensingOutput
                0x00000c20      0x2b4 .\CortexM3\ARM_GCC_541\Debug\colour.o
                0x00000c20                colourSensingOutput
 .text.colourSensingCalibration
                0x00000ed4       0x78 .\CortexM3\ARM_GCC_541\Debug\colour.o
                0x00000ed4                colourSensingCalibration
 .text.blinkLED
                0x00000f4c       0x34 .\CortexM3\ARM_GCC_541\Debug\colour.o
                0x00000f4c                blinkLED
 .text.ultrasonicInterruptHandler
                0x00000f80       0x48 .\CortexM3\ARM_GCC_541\Debug\ultrasonic.o
                0x00000f80                ultrasonicInterruptHandler
 .text.distanceSensor
                0x00000fc8       0x94 .\CortexM3\ARM_GCC_541\Debug\ultrasonic.o
                0x00000fc8                distanceSensor
 .text.safetyDistanceCheck
                0x0000105c       0x54 .\CortexM3\ARM_GCC_541\Debug\ultrasonic.o
                0x0000105c                safetyDistanceCheck
 .text.armOpen  0x000010b0       0x1c .\CortexM3\ARM_GCC_541\Debug\servo.o
                0x000010b0                armOpen
 .text.armClose
                0x000010cc       0x1c .\CortexM3\ARM_GCC_541\Debug\servo.o
                0x000010cc                armClose
 .text.armTranslate
                0x000010e8       0x54 .\CortexM3\ARM_GCC_541\Debug\servo.o
                0x000010e8                armTranslate
 .text.changeHeightToPuck
                0x0000113c       0x6c .\CortexM3\ARM_GCC_541\Debug\servo.o
                0x0000113c                changeHeightToPuck
 .text.armMoving
                0x000011a8       0x48 .\CortexM3\ARM_GCC_541\Debug\navigation.o
                0x000011a8                armMoving
 .text.moveUntilPuck
                0x000011f0       0x84 .\CortexM3\ARM_GCC_541\Debug\navigation.o
                0x000011f0                moveUntilPuck
 .text.changeOrientation
                0x00001274       0x3c .\CortexM3\ARM_GCC_541\Debug\navigation.o
                0x00001274                changeOrientation
 .text.failsafe
                0x000012b0       0x90 .\CortexM3\ARM_GCC_541\Debug\navigation.o
                0x000012b0                failsafe
 .text.moveUntil
                0x00001340      0x284 .\CortexM3\ARM_GCC_541\Debug\navigation.o
                0x00001340                moveUntil
 .text.straightAdjust
                0x000015c4      0x1d8 .\CortexM3\ARM_GCC_541\Debug\navigation.o
                0x000015c4                straightAdjust
 *fill*         0x0000179c        0x4 
 .text.moveDynamic
                0x000017a0      0x180 .\CortexM3\ARM_GCC_541\Debug\motor.o
                0x000017a0                moveDynamic
 .text.moveSwivel
                0x00001920       0xd4 .\CortexM3\ARM_GCC_541\Debug\motor.o
                0x00001920                moveSwivel
 *fill*         0x000019f4        0x4 
 .text.translateMoveDynamic
                0x000019f8       0x70 .\CortexM3\ARM_GCC_541\Debug\motor.o
                0x000019f8                translateMoveDynamic
 .text.ultimateDebugging
                0x00001a68      0x12c .\CortexM3\ARM_GCC_541\Debug\debugging.o
                0x00001a68                ultimateDebugging
 .text.CyClockStartupError
                0x00001b94        0x4 .\CortexM3\ARM_GCC_541\Debug\cyfitter_cfg.o
 .text.cfg_write_bytes32
                0x00001b98       0x34 .\CortexM3\ARM_GCC_541\Debug\cyfitter_cfg.o
 .text.AnalogSetDefault
                0x00001bcc       0x88 .\CortexM3\ARM_GCC_541\Debug\cyfitter_cfg.o
 .text.CYMEMZERO
                0x00001c54        0xc .\CortexM3\ARM_GCC_541\Debug\cyfitter_cfg.o
 .text.CYCONFIGCPY
                0x00001c60        0x8 .\CortexM3\ARM_GCC_541\Debug\cyfitter_cfg.o
 .text.ClockSetup
                0x00001c68      0x114 .\CortexM3\ARM_GCC_541\Debug\cyfitter_cfg.o
 .text.cyfitter_cfg
                0x00001d7c      0x170 .\CortexM3\ARM_GCC_541\Debug\cyfitter_cfg.o
                0x00001d7c                cyfitter_cfg
 .text.IntDefaultHandler
                0x00001eec       0x10 .\CortexM3\ARM_GCC_541\Debug\Cm3Start.o
                0x00001eec                IntDefaultHandler
 .text._sbrk    0x00001efc       0x30 .\CortexM3\ARM_GCC_541\Debug\Cm3Start.o
                0x00001efc                _sbrk
 .text.Start_c  0x00001f2c       0x4c .\CortexM3\ARM_GCC_541\Debug\Cm3Start.o
                0x00001f2c                Start_c
 .text.initialize_psoc
                0x00001f78       0x68 .\CortexM3\ARM_GCC_541\Debug\Cm3Start.o
                0x00001f78                initialize_psoc
 .text.TIA_1_Enable
                0x00001fe0       0x28 .\CortexM3\ARM_GCC_541\Debug\Group17Robot.a(TIA_1.o)
                0x00001fe0                TIA_1_Enable
 .text.TIA_1_SetPower
                0x00002008       0x18 .\CortexM3\ARM_GCC_541\Debug\Group17Robot.a(TIA_1.o)
                0x00002008                TIA_1_SetPower
 .text.TIA_1_SetResFB
                0x00002020       0x20 .\CortexM3\ARM_GCC_541\Debug\Group17Robot.a(TIA_1.o)
                0x00002020                TIA_1_SetResFB
 .text.TIA_1_SetCapFB
                0x00002040       0x20 .\CortexM3\ARM_GCC_541\Debug\Group17Robot.a(TIA_1.o)
                0x00002040                TIA_1_SetCapFB
 .text.TIA_1_Init
                0x00002060       0x2c .\CortexM3\ARM_GCC_541\Debug\Group17Robot.a(TIA_1.o)
                0x00002060                TIA_1_Init
 .text.TIA_1_Start
                0x0000208c       0x1c .\CortexM3\ARM_GCC_541\Debug\Group17Robot.a(TIA_1.o)
                0x0000208c                TIA_1_Start
 .text.CyHalt   0x000020a8        0x4 .\CortexM3\ARM_GCC_541\Debug\Group17Robot.a(CyLib.o)
                0x000020a8                CyHalt
 .text.CyDelay  0x000020ac       0x2c .\CortexM3\ARM_GCC_541\Debug\Group17Robot.a(CyLib.o)
                0x000020ac                CyDelay
 .text.CyDelayUs
                0x000020d8       0x14 .\CortexM3\ARM_GCC_541\Debug\Group17Robot.a(CyLib.o)
                0x000020d8                CyDelayUs
 .text.CyIntSetVector
                0x000020ec       0x28 .\CortexM3\ARM_GCC_541\Debug\Group17Robot.a(CyLib.o)
                0x000020ec                CyIntSetVector
 .text.CyIntSetPriority
                0x00002114       0x30 .\CortexM3\ARM_GCC_541\Debug\Group17Robot.a(CyLib.o)
                0x00002114                CyIntSetPriority
 .text.UART_1_Init
                0x00002144       0x24 .\CortexM3\ARM_GCC_541\Debug\Group17Robot.a(UART_1.o)
                0x00002144                UART_1_Init
 .text.UART_1_Enable
                0x00002168       0x38 .\CortexM3\ARM_GCC_541\Debug\Group17Robot.a(UART_1.o)
                0x00002168                UART_1_Enable
 .text.UART_1_Start
                0x000021a0       0x1c .\CortexM3\ARM_GCC_541\Debug\Group17Robot.a(UART_1.o)
                0x000021a0                UART_1_Start
 .text.UART_1_PutChar
                0x000021bc       0x18 .\CortexM3\ARM_GCC_541\Debug\Group17Robot.a(UART_1.o)
                0x000021bc                UART_1_PutChar
 .text.UART_1_PutString
                0x000021d4       0x24 .\CortexM3\ARM_GCC_541\Debug\Group17Robot.a(UART_1.o)
                0x000021d4                UART_1_PutString
 .text.UART_1_IntClock_Start
                0x000021f8       0x1c .\CortexM3\ARM_GCC_541\Debug\Group17Robot.a(UART_1_IntClock.o)
                0x000021f8                UART_1_IntClock_Start
 .text.ADC_GainCompensation
                0x00002214       0xe0 .\CortexM3\ARM_GCC_541\Debug\Group17Robot.a(ADC.o)
 .text.ADC_SetDSMRef0Reg
                0x000022f4       0x4c .\CortexM3\ARM_GCC_541\Debug\Group17Robot.a(ADC.o)
 .text.ADC_InitConfig
                0x00002340      0x314 .\CortexM3\ARM_GCC_541\Debug\Group17Robot.a(ADC.o)
 .text.ADC_Init
                0x00002654      0x108 .\CortexM3\ARM_GCC_541\Debug\Group17Robot.a(ADC.o)
                0x00002654                ADC_Init
 .text.ADC_Enable
                0x0000275c       0xd8 .\CortexM3\ARM_GCC_541\Debug\Group17Robot.a(ADC.o)
                0x0000275c                ADC_Enable
 .text.ADC_Start
                0x00002834       0x28 .\CortexM3\ARM_GCC_541\Debug\Group17Robot.a(ADC.o)
                0x00002834                ADC_Start
 .text.ADC_StartConvert
                0x0000285c       0x10 .\CortexM3\ARM_GCC_541\Debug\Group17Robot.a(ADC.o)
                0x0000285c                ADC_StartConvert
 .text.ADC_StopConvert
                0x0000286c       0x10 .\CortexM3\ARM_GCC_541\Debug\Group17Robot.a(ADC.o)
                0x0000286c                ADC_StopConvert
 .text.ADC_IsEndConversion
                0x0000287c       0x30 .\CortexM3\ARM_GCC_541\Debug\Group17Robot.a(ADC.o)
                0x0000287c                ADC_IsEndConversion
 .text.ADC_GetResult32
                0x000028ac       0x6c .\CortexM3\ARM_GCC_541\Debug\Group17Robot.a(ADC.o)
                0x000028ac                ADC_GetResult32
 .text.ADC_Read32
                0x00002918       0x28 .\CortexM3\ARM_GCC_541\Debug\Group17Robot.a(ADC.o)
                0x00002918                ADC_Read32
 .text.ADC_ISR1
                0x00002940        0x4 .\CortexM3\ARM_GCC_541\Debug\Group17Robot.a(ADC_INT.o)
                0x00002940                ADC_ISR1
 .text.ADC_ISR2
                0x00002944        0x4 .\CortexM3\ARM_GCC_541\Debug\Group17Robot.a(ADC_INT.o)
                0x00002944                ADC_ISR2
 .text.ADC_ISR3
                0x00002948        0x4 .\CortexM3\ARM_GCC_541\Debug\Group17Robot.a(ADC_INT.o)
                0x00002948                ADC_ISR3
 .text.ADC_ISR4
                0x0000294c        0x4 .\CortexM3\ARM_GCC_541\Debug\Group17Robot.a(ADC_INT.o)
                0x0000294c                ADC_ISR4
 .text.ADC_Ext_CP_Clk_GetDividerRegister
                0x00002950        0xc .\CortexM3\ARM_GCC_541\Debug\Group17Robot.a(ADC_Ext_CP_Clk.o)
                0x00002950                ADC_Ext_CP_Clk_GetDividerRegister
 .text.ADC_Ext_CP_Clk_SetModeRegister
                0x0000295c       0x14 .\CortexM3\ARM_GCC_541\Debug\Group17Robot.a(ADC_Ext_CP_Clk.o)
                0x0000295c                ADC_Ext_CP_Clk_SetModeRegister
 .text.ADC_Ext_CP_Clk_GetSourceRegister
                0x00002970       0x10 .\CortexM3\ARM_GCC_541\Debug\Group17Robot.a(ADC_Ext_CP_Clk.o)
                0x00002970                ADC_Ext_CP_Clk_GetSourceRegister
 .text.ADC_Ext_CP_Clk_SetDividerRegister
                0x00002980       0xd8 .\CortexM3\ARM_GCC_541\Debug\Group17Robot.a(ADC_Ext_CP_Clk.o)
                0x00002980                ADC_Ext_CP_Clk_SetDividerRegister
 .text.ADC_theACLK_GetDividerRegister
                0x00002a58        0xc .\CortexM3\ARM_GCC_541\Debug\Group17Robot.a(ADC_theACLK.o)
                0x00002a58                ADC_theACLK_GetDividerRegister
 .text.ADC_theACLK_SetModeRegister
                0x00002a64       0x14 .\CortexM3\ARM_GCC_541\Debug\Group17Robot.a(ADC_theACLK.o)
                0x00002a64                ADC_theACLK_SetModeRegister
 .text.ADC_theACLK_GetSourceRegister
                0x00002a78       0x10 .\CortexM3\ARM_GCC_541\Debug\Group17Robot.a(ADC_theACLK.o)
                0x00002a78                ADC_theACLK_GetSourceRegister
 .text.ADC_theACLK_SetDividerRegister
                0x00002a88       0xd8 .\CortexM3\ARM_GCC_541\Debug\Group17Robot.a(ADC_theACLK.o)
                0x00002a88                ADC_theACLK_SetDividerRegister
 .text.IDAC8_1_Enable
                0x00002b60       0x1c .\CortexM3\ARM_GCC_541\Debug\Group17Robot.a(IDAC8_1.o)
                0x00002b60                IDAC8_1_Enable
 .text.IDAC8_1_SetSpeed
                0x00002b7c       0x1c .\CortexM3\ARM_GCC_541\Debug\Group17Robot.a(IDAC8_1.o)
                0x00002b7c                IDAC8_1_SetSpeed
 .text.IDAC8_1_SetValue
                0x00002b98        0xc .\CortexM3\ARM_GCC_541\Debug\Group17Robot.a(IDAC8_1.o)
                0x00002b98                IDAC8_1_SetValue
 .text.IDAC8_1_DacTrim
                0x00002ba4       0x34 .\CortexM3\ARM_GCC_541\Debug\Group17Robot.a(IDAC8_1.o)
                0x00002ba4                IDAC8_1_DacTrim
 .text.IDAC8_1_Init
                0x00002bd8       0x24 .\CortexM3\ARM_GCC_541\Debug\Group17Robot.a(IDAC8_1.o)
                0x00002bd8                IDAC8_1_Init
 .text.IDAC8_1_Start
                0x00002bfc       0x24 .\CortexM3\ARM_GCC_541\Debug\Group17Robot.a(IDAC8_1.o)
                0x00002bfc                IDAC8_1_Start
 .text.IDAC8_1_SetRange
                0x00002c20       0x20 .\CortexM3\ARM_GCC_541\Debug\Group17Robot.a(IDAC8_1.o)
                0x00002c20                IDAC8_1_SetRange
 .text.Timer_1_Enable
                0x00002c40       0x10 .\CortexM3\ARM_GCC_541\Debug\Group17Robot.a(Timer_1.o)
                0x00002c40                Timer_1_Enable
 .text.Timer_1_Stop
                0x00002c50       0x10 .\CortexM3\ARM_GCC_541\Debug\Group17Robot.a(Timer_1.o)
                0x00002c50                Timer_1_Stop
 .text.Timer_1_SetInterruptMode
                0x00002c60        0xc .\CortexM3\ARM_GCC_541\Debug\Group17Robot.a(Timer_1.o)
                0x00002c60                Timer_1_SetInterruptMode
 .text.Timer_1_ReadStatusRegister
                0x00002c6c        0xc .\CortexM3\ARM_GCC_541\Debug\Group17Robot.a(Timer_1.o)
                0x00002c6c                Timer_1_ReadStatusRegister
 .text.Timer_1_WritePeriod
                0x00002c78        0xc .\CortexM3\ARM_GCC_541\Debug\Group17Robot.a(Timer_1.o)
                0x00002c78                Timer_1_WritePeriod
 .text.Timer_1_ReadCapture
                0x00002c84        0xc .\CortexM3\ARM_GCC_541\Debug\Group17Robot.a(Timer_1.o)
                0x00002c84                Timer_1_ReadCapture
 .text.Timer_1_WriteCounter
                0x00002c90        0xc .\CortexM3\ARM_GCC_541\Debug\Group17Robot.a(Timer_1.o)
                0x00002c90                Timer_1_WriteCounter
 .text.Timer_1_ReadCounter
                0x00002c9c       0x14 .\CortexM3\ARM_GCC_541\Debug\Group17Robot.a(Timer_1.o)
                0x00002c9c                Timer_1_ReadCounter
 .text.Timer_1_SetInterruptCount
                0x00002cb0       0x1c .\CortexM3\ARM_GCC_541\Debug\Group17Robot.a(Timer_1.o)
                0x00002cb0                Timer_1_SetInterruptCount
 .text.Timer_1_ClearFIFO
                0x00002ccc       0x14 .\CortexM3\ARM_GCC_541\Debug\Group17Robot.a(Timer_1.o)
                0x00002ccc                Timer_1_ClearFIFO
 .text.Timer_1_Init
                0x00002ce0       0x3c .\CortexM3\ARM_GCC_541\Debug\Group17Robot.a(Timer_1.o)
                0x00002ce0                Timer_1_Init
 .text.Timer_1_Start
                0x00002d1c       0x1c .\CortexM3\ARM_GCC_541\Debug\Group17Robot.a(Timer_1.o)
                0x00002d1c                Timer_1_Start
 .text.Trigger_1_Write
                0x00002d38       0x18 .\CortexM3\ARM_GCC_541\Debug\Group17Robot.a(Trigger_1.o)
                0x00002d38                Trigger_1_Write
 .text.Trigger_2_Write
                0x00002d50       0x18 .\CortexM3\ARM_GCC_541\Debug\Group17Robot.a(Trigger_2.o)
                0x00002d50                Trigger_2_Write
 .text.Trigger_3_Write
                0x00002d68       0x18 .\CortexM3\ARM_GCC_541\Debug\Group17Robot.a(Trigger_3.o)
                0x00002d68                Trigger_3_Write
 .text.Trigger_4_Write
                0x00002d80       0x18 .\CortexM3\ARM_GCC_541\Debug\Group17Robot.a(Trigger_4.o)
                0x00002d80                Trigger_4_Write
 .text.Trigger_5_Write
                0x00002d98       0x18 .\CortexM3\ARM_GCC_541\Debug\Group17Robot.a(Trigger_5.o)
                0x00002d98                Trigger_5_Write
 .text.Ultrasonic_Mux_Control_Write
                0x00002db0        0xc .\CortexM3\ARM_GCC_541\Debug\Group17Robot.a(Ultrasonic_Mux_Control.o)
                0x00002db0                Ultrasonic_Mux_Control_Write
 .text.Gripper_Servo_PWM_Enable
                0x00002dbc       0x28 .\CortexM3\ARM_GCC_541\Debug\Group17Robot.a(Gripper_Servo_PWM.o)
                0x00002dbc                Gripper_Servo_PWM_Enable
 .text.Gripper_Servo_PWM_Stop
                0x00002de4       0x28 .\CortexM3\ARM_GCC_541\Debug\Group17Robot.a(Gripper_Servo_PWM.o)
                0x00002de4                Gripper_Servo_PWM_Stop
 .text.Gripper_Servo_PWM_WritePeriod
                0x00002e0c        0xc .\CortexM3\ARM_GCC_541\Debug\Group17Robot.a(Gripper_Servo_PWM.o)
                0x00002e0c                Gripper_Servo_PWM_WritePeriod
 .text.Gripper_Servo_PWM_WriteCompare
                0x00002e18        0xc .\CortexM3\ARM_GCC_541\Debug\Group17Robot.a(Gripper_Servo_PWM.o)
                0x00002e18                Gripper_Servo_PWM_WriteCompare
 .text.Gripper_Servo_PWM_SetInterruptMode
                0x00002e24        0xc .\CortexM3\ARM_GCC_541\Debug\Group17Robot.a(Gripper_Servo_PWM.o)
                0x00002e24                Gripper_Servo_PWM_SetInterruptMode
 .text.Gripper_Servo_PWM_Init
                0x00002e30       0x78 .\CortexM3\ARM_GCC_541\Debug\Group17Robot.a(Gripper_Servo_PWM.o)
                0x00002e30                Gripper_Servo_PWM_Init
 .text.Gripper_Servo_PWM_Start
                0x00002ea8       0x1c .\CortexM3\ARM_GCC_541\Debug\Group17Robot.a(Gripper_Servo_PWM.o)
                0x00002ea8                Gripper_Servo_PWM_Start
 .text.Gripper_Servo_PWM_Sleep
                0x00002ec4       0x28 .\CortexM3\ARM_GCC_541\Debug\Group17Robot.a(Gripper_Servo_PWM_PM.o)
                0x00002ec4                Gripper_Servo_PWM_Sleep
 .text.Gripper_Servo_PWM_Wakeup
                0x00002eec       0x14 .\CortexM3\ARM_GCC_541\Debug\Group17Robot.a(Gripper_Servo_PWM_PM.o)
                0x00002eec                Gripper_Servo_PWM_Wakeup
 .text.Rack_Servo_PWM_Enable
                0x00002f00       0x28 .\CortexM3\ARM_GCC_541\Debug\Group17Robot.a(Rack_Servo_PWM.o)
                0x00002f00                Rack_Servo_PWM_Enable
 .text.Rack_Servo_PWM_Stop
                0x00002f28       0x28 .\CortexM3\ARM_GCC_541\Debug\Group17Robot.a(Rack_Servo_PWM.o)
                0x00002f28                Rack_Servo_PWM_Stop
 .text.Rack_Servo_PWM_WritePeriod
                0x00002f50        0xc .\CortexM3\ARM_GCC_541\Debug\Group17Robot.a(Rack_Servo_PWM.o)
                0x00002f50                Rack_Servo_PWM_WritePeriod
 .text.Rack_Servo_PWM_WriteCompare
                0x00002f5c        0xc .\CortexM3\ARM_GCC_541\Debug\Group17Robot.a(Rack_Servo_PWM.o)
                0x00002f5c                Rack_Servo_PWM_WriteCompare
 .text.Rack_Servo_PWM_SetInterruptMode
                0x00002f68        0xc .\CortexM3\ARM_GCC_541\Debug\Group17Robot.a(Rack_Servo_PWM.o)
                0x00002f68                Rack_Servo_PWM_SetInterruptMode
 .text.Rack_Servo_PWM_Init
                0x00002f74       0x78 .\CortexM3\ARM_GCC_541\Debug\Group17Robot.a(Rack_Servo_PWM.o)
                0x00002f74                Rack_Servo_PWM_Init
 .text.Rack_Servo_PWM_Start
                0x00002fec       0x1c .\CortexM3\ARM_GCC_541\Debug\Group17Robot.a(Rack_Servo_PWM.o)
                0x00002fec                Rack_Servo_PWM_Start
 .text.Rack_Servo_PWM_ReadCompare
                0x00003008        0xc .\CortexM3\ARM_GCC_541\Debug\Group17Robot.a(Rack_Servo_PWM.o)
                0x00003008                Rack_Servo_PWM_ReadCompare
 .text.Rack_Servo_PWM_Sleep
                0x00003014       0x28 .\CortexM3\ARM_GCC_541\Debug\Group17Robot.a(Rack_Servo_PWM_PM.o)
                0x00003014                Rack_Servo_PWM_Sleep
 .text.Rack_Servo_PWM_Wakeup
                0x0000303c       0x14 .\CortexM3\ARM_GCC_541\Debug\Group17Robot.a(Rack_Servo_PWM_PM.o)
                0x0000303c                Rack_Servo_PWM_Wakeup
 .text.control_led_Write
                0x00003050        0xc .\CortexM3\ARM_GCC_541\Debug\Group17Robot.a(control_led.o)
                0x00003050                control_led_Write
 .text.control_photodiode_Write
                0x0000305c        0xc .\CortexM3\ARM_GCC_541\Debug\Group17Robot.a(control_photodiode.o)
                0x0000305c                control_photodiode_Write
 .text.control_photodiode_Read
                0x00003068        0xc .\CortexM3\ARM_GCC_541\Debug\Group17Robot.a(control_photodiode.o)
                0x00003068                control_photodiode_Read
 .text.Start_SetVector
                0x00003074        0xc .\CortexM3\ARM_GCC_541\Debug\Group17Robot.a(Start.o)
                0x00003074                Start_SetVector
 .text.Start_SetPriority
                0x00003080       0x10 .\CortexM3\ARM_GCC_541\Debug\Group17Robot.a(Start.o)
                0x00003080                Start_SetPriority
 .text.Start_Enable
                0x00003090        0xc .\CortexM3\ARM_GCC_541\Debug\Group17Robot.a(Start.o)
                0x00003090                Start_Enable
 .text.Start_Disable
                0x0000309c        0xc .\CortexM3\ARM_GCC_541\Debug\Group17Robot.a(Start.o)
                0x0000309c                Start_Disable
 .text.Start_StartEx
                0x000030a8       0x1c .\CortexM3\ARM_GCC_541\Debug\Group17Robot.a(Start.o)
                0x000030a8                Start_StartEx
 .text.Sonic_SetVector
                0x000030c4        0xc .\CortexM3\ARM_GCC_541\Debug\Group17Robot.a(Sonic.o)
                0x000030c4                Sonic_SetVector
 .text.Sonic_SetPriority
                0x000030d0       0x10 .\CortexM3\ARM_GCC_541\Debug\Group17Robot.a(Sonic.o)
                0x000030d0                Sonic_SetPriority
 .text.Sonic_Enable
                0x000030e0        0xc .\CortexM3\ARM_GCC_541\Debug\Group17Robot.a(Sonic.o)
                0x000030e0                Sonic_Enable
 .text.Sonic_Disable
                0x000030ec        0xc .\CortexM3\ARM_GCC_541\Debug\Group17Robot.a(Sonic.o)
                0x000030ec                Sonic_Disable
 .text.Sonic_StartEx
                0x000030f8       0x1c .\CortexM3\ARM_GCC_541\Debug\Group17Robot.a(Sonic.o)
                0x000030f8                Sonic_StartEx
 .text.Motor_Left_Decoder_GetCounter
                0x00003114       0x10 .\CortexM3\ARM_GCC_541\Debug\Group17Robot.a(Motor_Left_Decoder.o)
                0x00003114                Motor_Left_Decoder_GetCounter
 .text.Motor_Left_Decoder_SetCounter
                0x00003124       0x1c .\CortexM3\ARM_GCC_541\Debug\Group17Robot.a(Motor_Left_Decoder.o)
                0x00003124                Motor_Left_Decoder_SetCounter
 .text.Motor_Left_Decoder_GetEvents
                0x00003140       0x10 .\CortexM3\ARM_GCC_541\Debug\Group17Robot.a(Motor_Left_Decoder.o)
                0x00003140                Motor_Left_Decoder_GetEvents
 .text.Motor_Left_Decoder_SetInterruptMask
                0x00003150        0xc .\CortexM3\ARM_GCC_541\Debug\Group17Robot.a(Motor_Left_Decoder.o)
                0x00003150                Motor_Left_Decoder_SetInterruptMask
 .text.Motor_Left_Decoder_Enable
                0x0000315c       0x24 .\CortexM3\ARM_GCC_541\Debug\Group17Robot.a(Motor_Left_Decoder.o)
                0x0000315c                Motor_Left_Decoder_Enable
 .text.Motor_Left_Decoder_Start
                0x00003180       0x24 .\CortexM3\ARM_GCC_541\Debug\Group17Robot.a(Motor_Left_Decoder.o)
                0x00003180                Motor_Left_Decoder_Start
 .text.Motor_Right_Decoder_GetCounter
                0x000031a4       0x10 .\CortexM3\ARM_GCC_541\Debug\Group17Robot.a(Motor_Right_Decoder.o)
                0x000031a4                Motor_Right_Decoder_GetCounter
 .text.Motor_Right_Decoder_SetCounter
                0x000031b4       0x1c .\CortexM3\ARM_GCC_541\Debug\Group17Robot.a(Motor_Right_Decoder.o)
                0x000031b4                Motor_Right_Decoder_SetCounter
 .text.Motor_Right_Decoder_GetEvents
                0x000031d0       0x10 .\CortexM3\ARM_GCC_541\Debug\Group17Robot.a(Motor_Right_Decoder.o)
                0x000031d0                Motor_Right_Decoder_GetEvents
 .text.Motor_Right_Decoder_SetInterruptMask
                0x000031e0        0xc .\CortexM3\ARM_GCC_541\Debug\Group17Robot.a(Motor_Right_Decoder.o)
                0x000031e0                Motor_Right_Decoder_SetInterruptMask
 .text.Motor_Right_Decoder_Enable
                0x000031ec       0x24 .\CortexM3\ARM_GCC_541\Debug\Group17Robot.a(Motor_Right_Decoder.o)
                0x000031ec                Motor_Right_Decoder_Enable
 .text.Motor_Right_Decoder_Start
                0x00003210       0x24 .\CortexM3\ARM_GCC_541\Debug\Group17Robot.a(Motor_Right_Decoder.o)
                0x00003210                Motor_Right_Decoder_Start
 .text.Motor_Left_Driver_Enable
                0x00003234       0x10 .\CortexM3\ARM_GCC_541\Debug\Group17Robot.a(Motor_Left_Driver.o)
                0x00003234                Motor_Left_Driver_Enable
 .text.Motor_Left_Driver_Stop
                0x00003244       0x10 .\CortexM3\ARM_GCC_541\Debug\Group17Robot.a(Motor_Left_Driver.o)
                0x00003244                Motor_Left_Driver_Stop
 .text.Motor_Left_Driver_WriteCounter
                0x00003254        0xc .\CortexM3\ARM_GCC_541\Debug\Group17Robot.a(Motor_Left_Driver.o)
                0x00003254                Motor_Left_Driver_WriteCounter
 .text.Motor_Left_Driver_ReadCounter
                0x00003260       0x14 .\CortexM3\ARM_GCC_541\Debug\Group17Robot.a(Motor_Left_Driver.o)
                0x00003260                Motor_Left_Driver_ReadCounter
 .text.Motor_Left_Driver_WritePeriod
                0x00003274        0xc .\CortexM3\ARM_GCC_541\Debug\Group17Robot.a(Motor_Left_Driver.o)
                0x00003274                Motor_Left_Driver_WritePeriod
 .text.Motor_Left_Driver_WriteCompare
                0x00003280        0xc .\CortexM3\ARM_GCC_541\Debug\Group17Robot.a(Motor_Left_Driver.o)
                0x00003280                Motor_Left_Driver_WriteCompare
 .text.Motor_Left_Driver_SetInterruptMode
                0x0000328c        0xc .\CortexM3\ARM_GCC_541\Debug\Group17Robot.a(Motor_Left_Driver.o)
                0x0000328c                Motor_Left_Driver_SetInterruptMode
 .text.Motor_Left_Driver_ReadStatusRegister
                0x00003298        0xc .\CortexM3\ARM_GCC_541\Debug\Group17Robot.a(Motor_Left_Driver.o)
                0x00003298                Motor_Left_Driver_ReadStatusRegister
 .text.Motor_Left_Driver_ReadControlRegister
                0x000032a4        0xc .\CortexM3\ARM_GCC_541\Debug\Group17Robot.a(Motor_Left_Driver.o)
                0x000032a4                Motor_Left_Driver_ReadControlRegister
 .text.Motor_Left_Driver_WriteControlRegister
                0x000032b0        0xc .\CortexM3\ARM_GCC_541\Debug\Group17Robot.a(Motor_Left_Driver.o)
                0x000032b0                Motor_Left_Driver_WriteControlRegister
 .text.Motor_Left_Driver_ReadCapture
                0x000032bc        0xc .\CortexM3\ARM_GCC_541\Debug\Group17Robot.a(Motor_Left_Driver.o)
                0x000032bc                Motor_Left_Driver_ReadCapture
 .text.Motor_Left_Driver_ClearFIFO
                0x000032c8       0x14 .\CortexM3\ARM_GCC_541\Debug\Group17Robot.a(Motor_Left_Driver.o)
                0x000032c8                Motor_Left_Driver_ClearFIFO
 .text.Motor_Left_Driver_Init
                0x000032dc       0x50 .\CortexM3\ARM_GCC_541\Debug\Group17Robot.a(Motor_Left_Driver.o)
                0x000032dc                Motor_Left_Driver_Init
 .text.Motor_Left_Driver_Start
                0x0000332c       0x1c .\CortexM3\ARM_GCC_541\Debug\Group17Robot.a(Motor_Left_Driver.o)
                0x0000332c                Motor_Left_Driver_Start
 .text.Motor_Left_Driver_ReadPeriod
                0x00003348        0xc .\CortexM3\ARM_GCC_541\Debug\Group17Robot.a(Motor_Left_Driver.o)
                0x00003348                Motor_Left_Driver_ReadPeriod
 .text.Motor_Left_Driver_SaveConfig
                0x00003354       0x28 .\CortexM3\ARM_GCC_541\Debug\Group17Robot.a(Motor_Left_Driver_PM.o)
                0x00003354                Motor_Left_Driver_SaveConfig
 .text.Motor_Left_Driver_RestoreConfig
                0x0000337c       0x28 .\CortexM3\ARM_GCC_541\Debug\Group17Robot.a(Motor_Left_Driver_PM.o)
                0x0000337c                Motor_Left_Driver_RestoreConfig
 .text.Motor_Left_Driver_Sleep
                0x000033a4       0x2c .\CortexM3\ARM_GCC_541\Debug\Group17Robot.a(Motor_Left_Driver_PM.o)
                0x000033a4                Motor_Left_Driver_Sleep
 .text.Motor_Left_Driver_Wakeup
                0x000033d0       0x18 .\CortexM3\ARM_GCC_541\Debug\Group17Robot.a(Motor_Left_Driver_PM.o)
                0x000033d0                Motor_Left_Driver_Wakeup
 .text.Motor_Right_Driver_Enable
                0x000033e8       0x10 .\CortexM3\ARM_GCC_541\Debug\Group17Robot.a(Motor_Right_Driver.o)
                0x000033e8                Motor_Right_Driver_Enable
 .text.Motor_Right_Driver_Stop
                0x000033f8       0x10 .\CortexM3\ARM_GCC_541\Debug\Group17Robot.a(Motor_Right_Driver.o)
                0x000033f8                Motor_Right_Driver_Stop
 .text.Motor_Right_Driver_WriteCounter
                0x00003408        0xc .\CortexM3\ARM_GCC_541\Debug\Group17Robot.a(Motor_Right_Driver.o)
                0x00003408                Motor_Right_Driver_WriteCounter
 .text.Motor_Right_Driver_ReadCounter
                0x00003414       0x14 .\CortexM3\ARM_GCC_541\Debug\Group17Robot.a(Motor_Right_Driver.o)
                0x00003414                Motor_Right_Driver_ReadCounter
 .text.Motor_Right_Driver_WritePeriod
                0x00003428        0xc .\CortexM3\ARM_GCC_541\Debug\Group17Robot.a(Motor_Right_Driver.o)
                0x00003428                Motor_Right_Driver_WritePeriod
 .text.Motor_Right_Driver_WriteCompare
                0x00003434        0xc .\CortexM3\ARM_GCC_541\Debug\Group17Robot.a(Motor_Right_Driver.o)
                0x00003434                Motor_Right_Driver_WriteCompare
 .text.Motor_Right_Driver_SetInterruptMode
                0x00003440        0xc .\CortexM3\ARM_GCC_541\Debug\Group17Robot.a(Motor_Right_Driver.o)
                0x00003440                Motor_Right_Driver_SetInterruptMode
 .text.Motor_Right_Driver_ReadStatusRegister
                0x0000344c        0xc .\CortexM3\ARM_GCC_541\Debug\Group17Robot.a(Motor_Right_Driver.o)
                0x0000344c                Motor_Right_Driver_ReadStatusRegister
 .text.Motor_Right_Driver_ReadControlRegister
                0x00003458        0xc .\CortexM3\ARM_GCC_541\Debug\Group17Robot.a(Motor_Right_Driver.o)
                0x00003458                Motor_Right_Driver_ReadControlRegister
 .text.Motor_Right_Driver_WriteControlRegister
                0x00003464        0xc .\CortexM3\ARM_GCC_541\Debug\Group17Robot.a(Motor_Right_Driver.o)
                0x00003464                Motor_Right_Driver_WriteControlRegister
 .text.Motor_Right_Driver_ReadCapture
                0x00003470        0xc .\CortexM3\ARM_GCC_541\Debug\Group17Robot.a(Motor_Right_Driver.o)
                0x00003470                Motor_Right_Driver_ReadCapture
 .text.Motor_Right_Driver_ClearFIFO
                0x0000347c       0x14 .\CortexM3\ARM_GCC_541\Debug\Group17Robot.a(Motor_Right_Driver.o)
                0x0000347c                Motor_Right_Driver_ClearFIFO
 .text.Motor_Right_Driver_Init
                0x00003490       0x50 .\CortexM3\ARM_GCC_541\Debug\Group17Robot.a(Motor_Right_Driver.o)
                0x00003490                Motor_Right_Driver_Init
 .text.Motor_Right_Driver_Start
                0x000034e0       0x1c .\CortexM3\ARM_GCC_541\Debug\Group17Robot.a(Motor_Right_Driver.o)
                0x000034e0                Motor_Right_Driver_Start
 .text.Motor_Right_Driver_ReadPeriod
                0x000034fc        0xc .\CortexM3\ARM_GCC_541\Debug\Group17Robot.a(Motor_Right_Driver.o)
                0x000034fc                Motor_Right_Driver_ReadPeriod
 .text.Motor_Right_Driver_SaveConfig
                0x00003508       0x28 .\CortexM3\ARM_GCC_541\Debug\Group17Robot.a(Motor_Right_Driver_PM.o)
                0x00003508                Motor_Right_Driver_SaveConfig
 .text.Motor_Right_Driver_RestoreConfig
                0x00003530       0x28 .\CortexM3\ARM_GCC_541\Debug\Group17Robot.a(Motor_Right_Driver_PM.o)
                0x00003530                Motor_Right_Driver_RestoreConfig
 .text.Motor_Right_Driver_Sleep
                0x00003558       0x2c .\CortexM3\ARM_GCC_541\Debug\Group17Robot.a(Motor_Right_Driver_PM.o)
                0x00003558                Motor_Right_Driver_Sleep
 .text.Motor_Right_Driver_Wakeup
                0x00003584       0x18 .\CortexM3\ARM_GCC_541\Debug\Group17Robot.a(Motor_Right_Driver_PM.o)
                0x00003584                Motor_Right_Driver_Wakeup
 .text.Motor_Left_Control_Write
                0x0000359c        0xc .\CortexM3\ARM_GCC_541\Debug\Group17Robot.a(Motor_Left_Control.o)
                0x0000359c                Motor_Left_Control_Write
 .text.Motor_Right_Control_Write
                0x000035a8        0xc .\CortexM3\ARM_GCC_541\Debug\Group17Robot.a(Motor_Right_Control.o)
                0x000035a8                Motor_Right_Control_Write
 .text.Motor_Left_Decoder_Cnt16_Enable
                0x000035b4       0x10 .\CortexM3\ARM_GCC_541\Debug\Group17Robot.a(Motor_Left_Decoder_Cnt16.o)
                0x000035b4                Motor_Left_Decoder_Cnt16_Enable
 .text.Motor_Left_Decoder_Cnt16_SetInterruptMode
                0x000035c4        0xc .\CortexM3\ARM_GCC_541\Debug\Group17Robot.a(Motor_Left_Decoder_Cnt16.o)
                0x000035c4                Motor_Left_Decoder_Cnt16_SetInterruptMode
 .text.Motor_Left_Decoder_Cnt16_ReadStatusRegister
                0x000035d0        0xc .\CortexM3\ARM_GCC_541\Debug\Group17Robot.a(Motor_Left_Decoder_Cnt16.o)
                0x000035d0                Motor_Left_Decoder_Cnt16_ReadStatusRegister
 .text.Motor_Left_Decoder_Cnt16_WriteCounter
                0x000035dc        0xc .\CortexM3\ARM_GCC_541\Debug\Group17Robot.a(Motor_Left_Decoder_Cnt16.o)
                0x000035dc                Motor_Left_Decoder_Cnt16_WriteCounter
 .text.Motor_Left_Decoder_Cnt16_ReadCounter
                0x000035e8       0x14 .\CortexM3\ARM_GCC_541\Debug\Group17Robot.a(Motor_Left_Decoder_Cnt16.o)
                0x000035e8                Motor_Left_Decoder_Cnt16_ReadCounter
 .text.Motor_Left_Decoder_Cnt16_ReadCapture
                0x000035fc        0xc .\CortexM3\ARM_GCC_541\Debug\Group17Robot.a(Motor_Left_Decoder_Cnt16.o)
                0x000035fc                Motor_Left_Decoder_Cnt16_ReadCapture
 .text.Motor_Left_Decoder_Cnt16_WritePeriod
                0x00003608        0xc .\CortexM3\ARM_GCC_541\Debug\Group17Robot.a(Motor_Left_Decoder_Cnt16.o)
                0x00003608                Motor_Left_Decoder_Cnt16_WritePeriod
 .text.Motor_Left_Decoder_Cnt16_WriteCompare
                0x00003614        0xc .\CortexM3\ARM_GCC_541\Debug\Group17Robot.a(Motor_Left_Decoder_Cnt16.o)
                0x00003614                Motor_Left_Decoder_Cnt16_WriteCompare
 .text.Motor_Left_Decoder_Cnt16_ClearFIFO
                0x00003620       0x14 .\CortexM3\ARM_GCC_541\Debug\Group17Robot.a(Motor_Left_Decoder_Cnt16.o)
                0x00003620                Motor_Left_Decoder_Cnt16_ClearFIFO
 .text.Motor_Left_Decoder_Cnt16_Init
                0x00003634       0x58 .\CortexM3\ARM_GCC_541\Debug\Group17Robot.a(Motor_Left_Decoder_Cnt16.o)
                0x00003634                Motor_Left_Decoder_Cnt16_Init
 .text.Motor_Left_Decoder_Cnt16_Start
                0x0000368c       0x1c .\CortexM3\ARM_GCC_541\Debug\Group17Robot.a(Motor_Left_Decoder_Cnt16.o)
                0x0000368c                Motor_Left_Decoder_Cnt16_Start
 .text.Motor_Right_Decoder_Cnt16_Enable
                0x000036a8       0x10 .\CortexM3\ARM_GCC_541\Debug\Group17Robot.a(Motor_Right_Decoder_Cnt16.o)
                0x000036a8                Motor_Right_Decoder_Cnt16_Enable
 .text.Motor_Right_Decoder_Cnt16_SetInterruptMode
                0x000036b8        0xc .\CortexM3\ARM_GCC_541\Debug\Group17Robot.a(Motor_Right_Decoder_Cnt16.o)
                0x000036b8                Motor_Right_Decoder_Cnt16_SetInterruptMode
 .text.Motor_Right_Decoder_Cnt16_ReadStatusRegister
                0x000036c4        0xc .\CortexM3\ARM_GCC_541\Debug\Group17Robot.a(Motor_Right_Decoder_Cnt16.o)
                0x000036c4                Motor_Right_Decoder_Cnt16_ReadStatusRegister
 .text.Motor_Right_Decoder_Cnt16_WriteCounter
                0x000036d0        0xc .\CortexM3\ARM_GCC_541\Debug\Group17Robot.a(Motor_Right_Decoder_Cnt16.o)
                0x000036d0                Motor_Right_Decoder_Cnt16_WriteCounter
 .text.Motor_Right_Decoder_Cnt16_ReadCounter
                0x000036dc       0x14 .\CortexM3\ARM_GCC_541\Debug\Group17Robot.a(Motor_Right_Decoder_Cnt16.o)
                0x000036dc                Motor_Right_Decoder_Cnt16_ReadCounter
 .text.Motor_Right_Decoder_Cnt16_ReadCapture
                0x000036f0        0xc .\CortexM3\ARM_GCC_541\Debug\Group17Robot.a(Motor_Right_Decoder_Cnt16.o)
                0x000036f0                Motor_Right_Decoder_Cnt16_ReadCapture
 .text.Motor_Right_Decoder_Cnt16_WritePeriod
                0x000036fc        0xc .\CortexM3\ARM_GCC_541\Debug\Group17Robot.a(Motor_Right_Decoder_Cnt16.o)
                0x000036fc                Motor_Right_Decoder_Cnt16_WritePeriod
 .text.Motor_Right_Decoder_Cnt16_WriteCompare
                0x00003708        0xc .\CortexM3\ARM_GCC_541\Debug\Group17Robot.a(Motor_Right_Decoder_Cnt16.o)
                0x00003708                Motor_Right_Decoder_Cnt16_WriteCompare
 .text.Motor_Right_Decoder_Cnt16_ClearFIFO
                0x00003714       0x14 .\CortexM3\ARM_GCC_541\Debug\Group17Robot.a(Motor_Right_Decoder_Cnt16.o)
                0x00003714                Motor_Right_Decoder_Cnt16_ClearFIFO
 .text.Motor_Right_Decoder_Cnt16_Init
                0x00003728       0x58 .\CortexM3\ARM_GCC_541\Debug\Group17Robot.a(Motor_Right_Decoder_Cnt16.o)
                0x00003728                Motor_Right_Decoder_Cnt16_Init
 .text.Motor_Right_Decoder_Cnt16_Start
                0x00003780       0x1c .\CortexM3\ARM_GCC_541\Debug\Group17Robot.a(Motor_Right_Decoder_Cnt16.o)
                0x00003780                Motor_Right_Decoder_Cnt16_Start
 *fill*         0x0000379c        0x4 
 .text          0x000037a0       0x20 .\CortexM3\ARM_GCC_541\Debug\Group17Robot.a(CyBootAsmGnu.o)
                0x000037a0                CyDelayCycles
                0x000037b0                CyEnterCriticalSection
                0x000037b8                CyExitCriticalSection
 .text.round    0x000037c0       0xa0 c:/program files (x86)/cypress/psoc creator/4.2/psoc creator/import/gnu/arm/5.4.1/bin/../lib/gcc/arm-none-eabi/5.4.1/../../../../arm-none-eabi/lib/armv7-m\libm.a(lib_a-s_round.o)
                0x000037c0                round
 .text.sin      0x00003860       0x90 c:/program files (x86)/cypress/psoc creator/4.2/psoc creator/import/gnu/arm/5.4.1/bin/../lib/gcc/arm-none-eabi/5.4.1/../../../../arm-none-eabi/lib/armv7-m\libm.a(lib_a-s_sin.o)
                0x00003860                sin
 .text.__ieee754_rem_pio2
                0x000038f0      0x42c c:/program files (x86)/cypress/psoc creator/4.2/psoc creator/import/gnu/arm/5.4.1/bin/../lib/gcc/arm-none-eabi/5.4.1/../../../../arm-none-eabi/lib/armv7-m\libm.a(lib_a-e_rem_pio2.o)
                0x000038f0                __ieee754_rem_pio2
 *fill*         0x00003d1c        0x4 
 .text.__kernel_cos
                0x00003d20      0x248 c:/program files (x86)/cypress/psoc creator/4.2/psoc creator/import/gnu/arm/5.4.1/bin/../lib/gcc/arm-none-eabi/5.4.1/../../../../arm-none-eabi/lib/armv7-m\libm.a(lib_a-k_cos.o)
                0x00003d20                __kernel_cos
 .text.__kernel_rem_pio2
                0x00003f68      0x7f0 c:/program files (x86)/cypress/psoc creator/4.2/psoc creator/import/gnu/arm/5.4.1/bin/../lib/gcc/arm-none-eabi/5.4.1/../../../../arm-none-eabi/lib/armv7-m\libm.a(lib_a-k_rem_pio2.o)
                0x00003f68                __kernel_rem_pio2
 .text.__kernel_sin
                0x00004758      0x16c c:/program files (x86)/cypress/psoc creator/4.2/psoc creator/import/gnu/arm/5.4.1/bin/../lib/gcc/arm-none-eabi/5.4.1/../../../../arm-none-eabi/lib/armv7-m\libm.a(lib_a-k_sin.o)
                0x00004758                __kernel_sin
 .text.fabs     0x000048c4        0x8 c:/program files (x86)/cypress/psoc creator/4.2/psoc creator/import/gnu/arm/5.4.1/bin/../lib/gcc/arm-none-eabi/5.4.1/../../../../arm-none-eabi/lib/armv7-m\libm.a(lib_a-s_fabs.o)
                0x000048c4                fabs
 *fill*         0x000048cc        0x4 
 .text.floor    0x000048d0      0x110 c:/program files (x86)/cypress/psoc creator/4.2/psoc creator/import/gnu/arm/5.4.1/bin/../lib/gcc/arm-none-eabi/5.4.1/../../../../arm-none-eabi/lib/armv7-m\libm.a(lib_a-s_floor.o)
                0x000048d0                floor
 .text.scalbn   0x000049e0       0xe4 c:/program files (x86)/cypress/psoc creator/4.2/psoc creator/import/gnu/arm/5.4.1/bin/../lib/gcc/arm-none-eabi/5.4.1/../../../../arm-none-eabi/lib/armv7-m\libm.a(lib_a-s_scalbn.o)
                0x000049e0                scalbn
 .text.copysign
                0x00004ac4       0x10 c:/program files (x86)/cypress/psoc creator/4.2/psoc creator/import/gnu/arm/5.4.1/bin/../lib/gcc/arm-none-eabi/5.4.1/../../../../arm-none-eabi/lib/armv7-m\libm.a(lib_a-s_copysign.o)
                0x00004ac4                copysign
 .text          0x00004ad4      0x370 c:/program files (x86)/cypress/psoc creator/4.2/psoc creator/import/gnu/arm/5.4.1/bin/../lib/gcc/arm-none-eabi/5.4.1/armv7-m\libgcc.a(_arm_addsubdf3.o)
                0x00004ad4                __aeabi_drsub
                0x00004adc                __aeabi_dsub
                0x00004adc                __subdf3
                0x00004ae0                __aeabi_dadd
                0x00004ae0                __adddf3
                0x00004d58                __floatunsidf
                0x00004d58                __aeabi_ui2d
                0x00004d78                __floatsidf
                0x00004d78                __aeabi_i2d
                0x00004d9c                __aeabi_f2d
                0x00004d9c                __extendsfdf2
                0x00004dd8                __floatundidf
                0x00004dd8                __aeabi_ul2d
                0x00004de8                __floatdidf
                0x00004de8                __aeabi_l2d
 .text          0x00004e44      0x424 c:/program files (x86)/cypress/psoc creator/4.2/psoc creator/import/gnu/arm/5.4.1/bin/../lib/gcc/arm-none-eabi/5.4.1/armv7-m\libgcc.a(_arm_muldivdf3.o)
                0x00004e44                __aeabi_dmul
                0x00004e44                __muldf3
                0x00005098                __divdf3
                0x00005098                __aeabi_ddiv
 .text          0x00005268      0x110 c:/program files (x86)/cypress/psoc creator/4.2/psoc creator/import/gnu/arm/5.4.1/bin/../lib/gcc/arm-none-eabi/5.4.1/armv7-m\libgcc.a(_arm_cmpdf2.o)
                0x00005268                __gtdf2
                0x00005268                __gedf2
                0x00005270                __ltdf2
                0x00005270                __ledf2
                0x00005278                __nedf2
                0x00005278                __eqdf2
                0x00005278                __cmpdf2
                0x000052f4                __aeabi_cdrcmple
                0x00005304                __aeabi_cdcmpeq
                0x00005304                __aeabi_cdcmple
                0x00005314                __aeabi_dcmpeq
                0x00005328                __aeabi_dcmplt
                0x0000533c                __aeabi_dcmple
                0x00005350                __aeabi_dcmpge
                0x00005364                __aeabi_dcmpgt
 .text          0x00005378       0x50 c:/program files (x86)/cypress/psoc creator/4.2/psoc creator/import/gnu/arm/5.4.1/bin/../lib/gcc/arm-none-eabi/5.4.1/armv7-m\libgcc.a(_arm_fixdfsi.o)
                0x00005378                __aeabi_d2iz
                0x00005378                __fixdfsi
 .text          0x000053c8      0x21c c:/program files (x86)/cypress/psoc creator/4.2/psoc creator/import/gnu/arm/5.4.1/bin/../lib/gcc/arm-none-eabi/5.4.1/armv7-m\libgcc.a(_arm_addsubsf3.o)
                0x000053c8                __aeabi_frsub
                0x000053d0                __subsf3
                0x000053d0                __aeabi_fsub
                0x000053d4                __aeabi_fadd
                0x000053d4                __addsf3
                0x00005534                __aeabi_ui2f
                0x00005534                __floatunsisf
                0x0000553c                __aeabi_i2f
                0x0000553c                __floatsisf
                0x00005558                __aeabi_ul2f
                0x00005558                __floatundisf
                0x00005568                __aeabi_l2f
                0x00005568                __floatdisf
 .text          0x000055e4       0xec c:/program files (x86)/cypress/psoc creator/4.2/psoc creator/import/gnu/arm/5.4.1/bin/../lib/gcc/arm-none-eabi/5.4.1/armv7-m\libgcc.a(_arm_cmpsf2.o)
                0x000055e4                __gesf2
                0x000055e4                __gtsf2
                0x000055ec                __lesf2
                0x000055ec                __ltsf2
                0x000055f4                __nesf2
                0x000055f4                __eqsf2
                0x000055f4                __cmpsf2
                0x00005654                __aeabi_cfrcmple
                0x0000565c                __aeabi_cfcmpeq
                0x0000565c                __aeabi_cfcmple
                0x0000566c                __aeabi_fcmpeq
                0x00005680                __aeabi_fcmplt
                0x00005694                __aeabi_fcmple
                0x000056a8                __aeabi_fcmpge
                0x000056bc                __aeabi_fcmpgt
 .text.__errno  0x000056d0        0xc c:/program files (x86)/cypress/psoc creator/4.2/psoc creator/import/gnu/arm/5.4.1/bin/../lib/gcc/arm-none-eabi/5.4.1/../../../../arm-none-eabi/lib/armv7-m\libg_nano.a(lib_a-errno.o)
                0x000056d0                __errno
 .text.__libc_init_array
                0x000056dc       0x4c c:/program files (x86)/cypress/psoc creator/4.2/psoc creator/import/gnu/arm/5.4.1/bin/../lib/gcc/arm-none-eabi/5.4.1/../../../../arm-none-eabi/lib/armv7-m\libg_nano.a(lib_a-init.o)
                0x000056dc                __libc_init_array
 .text.memcpy   0x00005728       0x16 c:/program files (x86)/cypress/psoc creator/4.2/psoc creator/import/gnu/arm/5.4.1/bin/../lib/gcc/arm-none-eabi/5.4.1/../../../../arm-none-eabi/lib/armv7-m\libg_nano.a(lib_a-memcpy-stub.o)
                0x00005728                memcpy
 .text.memset   0x0000573e       0x10 c:/program files (x86)/cypress/psoc creator/4.2/psoc creator/import/gnu/arm/5.4.1/bin/../lib/gcc/arm-none-eabi/5.4.1/../../../../arm-none-eabi/lib/armv7-m\libg_nano.a(lib_a-memset.o)
                0x0000573e                memset
 .text.__cvt    0x0000574e       0xc0 c:/program files (x86)/cypress/psoc creator/4.2/psoc creator/import/gnu/arm/5.4.1/bin/../lib/gcc/arm-none-eabi/5.4.1/../../../../arm-none-eabi/lib/armv7-m\libg_nano.a(lib_a-nano-vfprintf_float.o)
                0x0000574e                __cvt
 .text.__exponent
                0x0000580e       0x62 c:/program files (x86)/cypress/psoc creator/4.2/psoc creator/import/gnu/arm/5.4.1/bin/../lib/gcc/arm-none-eabi/5.4.1/../../../../arm-none-eabi/lib/armv7-m\libg_nano.a(lib_a-nano-vfprintf_float.o)
                0x0000580e                __exponent
 .text._printf_float
                0x00005870      0x488 c:/program files (x86)/cypress/psoc creator/4.2/psoc creator/import/gnu/arm/5.4.1/bin/../lib/gcc/arm-none-eabi/5.4.1/../../../../arm-none-eabi/lib/armv7-m\libg_nano.a(lib_a-nano-vfprintf_float.o)
                0x00005870                _printf_float
 .text._printf_common
                0x00005cf8       0xec c:/program files (x86)/cypress/psoc creator/4.2/psoc creator/import/gnu/arm/5.4.1/bin/../lib/gcc/arm-none-eabi/5.4.1/../../../../arm-none-eabi/lib/armv7-m\libg_nano.a(lib_a-nano-vfprintf_i.o)
                0x00005cf8                _printf_common
 .text._printf_i
                0x00005de4      0x24c c:/program files (x86)/cypress/psoc creator/4.2/psoc creator/import/gnu/arm/5.4.1/bin/../lib/gcc/arm-none-eabi/5.4.1/../../../../arm-none-eabi/lib/armv7-m\libg_nano.a(lib_a-nano-vfprintf_i.o)
                0x00005de4                _printf_i
 .text.sprintf  0x00006030       0x48 c:/program files (x86)/cypress/psoc creator/4.2/psoc creator/import/gnu/arm/5.4.1/bin/../lib/gcc/arm-none-eabi/5.4.1/../../../../arm-none-eabi/lib/armv7-m\libg_nano.a(lib_a-sprintf.o)
                0x00006030                siprintf
                0x00006030                sprintf
 .text          0x00006078       0x10 c:/program files (x86)/cypress/psoc creator/4.2/psoc creator/import/gnu/arm/5.4.1/bin/../lib/gcc/arm-none-eabi/5.4.1/../../../../arm-none-eabi/lib/armv7-m\libg_nano.a(lib_a-strlen.o)
                0x00006078                strlen
 .text.quorem   0x00006088      0x116 c:/program files (x86)/cypress/psoc creator/4.2/psoc creator/import/gnu/arm/5.4.1/bin/../lib/gcc/arm-none-eabi/5.4.1/../../../../arm-none-eabi/lib/armv7-m\libg_nano.a(lib_a-dtoa.o)
 *fill*         0x0000619e        0x2 
 .text._dtoa_r  0x000061a0      0xb30 c:/program files (x86)/cypress/psoc creator/4.2/psoc creator/import/gnu/arm/5.4.1/bin/../lib/gcc/arm-none-eabi/5.4.1/../../../../arm-none-eabi/lib/armv7-m\libg_nano.a(lib_a-dtoa.o)
                0x000061a0                _dtoa_r
 .text._localeconv_r
                0x00006cd0        0x8 c:/program files (x86)/cypress/psoc creator/4.2/psoc creator/import/gnu/arm/5.4.1/bin/../lib/gcc/arm-none-eabi/5.4.1/../../../../arm-none-eabi/lib/armv7-m\libg_nano.a(lib_a-locale.o)
                0x00006cd0                _localeconv_r
 .text.malloc   0x00006cd8       0x10 c:/program files (x86)/cypress/psoc creator/4.2/psoc creator/import/gnu/arm/5.4.1/bin/../lib/gcc/arm-none-eabi/5.4.1/../../../../arm-none-eabi/lib/armv7-m\libg_nano.a(lib_a-malloc.o)
                0x00006cd8                malloc
 .text.memchr   0x00006ce8       0x1c c:/program files (x86)/cypress/psoc creator/4.2/psoc creator/import/gnu/arm/5.4.1/bin/../lib/gcc/arm-none-eabi/5.4.1/../../../../arm-none-eabi/lib/armv7-m\libg_nano.a(lib_a-memchr-stub.o)
                0x00006ce8                memchr
 .text._Balloc  0x00006d04       0x6a c:/program files (x86)/cypress/psoc creator/4.2/psoc creator/import/gnu/arm/5.4.1/bin/../lib/gcc/arm-none-eabi/5.4.1/../../../../arm-none-eabi/lib/armv7-m\libg_nano.a(lib_a-mprec.o)
                0x00006d04                _Balloc
 .text._Bfree   0x00006d6e       0x2e c:/program files (x86)/cypress/psoc creator/4.2/psoc creator/import/gnu/arm/5.4.1/bin/../lib/gcc/arm-none-eabi/5.4.1/../../../../arm-none-eabi/lib/armv7-m\libg_nano.a(lib_a-mprec.o)
                0x00006d6e                _Bfree
 .text.__multadd
                0x00006d9c       0x76 c:/program files (x86)/cypress/psoc creator/4.2/psoc creator/import/gnu/arm/5.4.1/bin/../lib/gcc/arm-none-eabi/5.4.1/../../../../arm-none-eabi/lib/armv7-m\libg_nano.a(lib_a-mprec.o)
                0x00006d9c                __multadd
 .text.__hi0bits
                0x00006e12       0x40 c:/program files (x86)/cypress/psoc creator/4.2/psoc creator/import/gnu/arm/5.4.1/bin/../lib/gcc/arm-none-eabi/5.4.1/../../../../arm-none-eabi/lib/armv7-m\libg_nano.a(lib_a-mprec.o)
                0x00006e12                __hi0bits
 .text.__lo0bits
                0x00006e52       0x5a c:/program files (x86)/cypress/psoc creator/4.2/psoc creator/import/gnu/arm/5.4.1/bin/../lib/gcc/arm-none-eabi/5.4.1/../../../../arm-none-eabi/lib/armv7-m\libg_nano.a(lib_a-mprec.o)
                0x00006e52                __lo0bits
 .text.__i2b    0x00006eac       0x12 c:/program files (x86)/cypress/psoc creator/4.2/psoc creator/import/gnu/arm/5.4.1/bin/../lib/gcc/arm-none-eabi/5.4.1/../../../../arm-none-eabi/lib/armv7-m\libg_nano.a(lib_a-mprec.o)
                0x00006eac                __i2b
 .text.__multiply
                0x00006ebe      0x120 c:/program files (x86)/cypress/psoc creator/4.2/psoc creator/import/gnu/arm/5.4.1/bin/../lib/gcc/arm-none-eabi/5.4.1/../../../../arm-none-eabi/lib/armv7-m\libg_nano.a(lib_a-mprec.o)
                0x00006ebe                __multiply
 *fill*         0x00006fde        0x2 
 .text.__pow5mult
                0x00006fe0       0x9c c:/program files (x86)/cypress/psoc creator/4.2/psoc creator/import/gnu/arm/5.4.1/bin/../lib/gcc/arm-none-eabi/5.4.1/../../../../arm-none-eabi/lib/armv7-m\libg_nano.a(lib_a-mprec.o)
                0x00006fe0                __pow5mult
 .text.__lshift
                0x0000707c       0xa2 c:/program files (x86)/cypress/psoc creator/4.2/psoc creator/import/gnu/arm/5.4.1/bin/../lib/gcc/arm-none-eabi/5.4.1/../../../../arm-none-eabi/lib/armv7-m\libg_nano.a(lib_a-mprec.o)
                0x0000707c                __lshift
 .text.__mcmp   0x0000711e       0x38 c:/program files (x86)/cypress/psoc creator/4.2/psoc creator/import/gnu/arm/5.4.1/bin/../lib/gcc/arm-none-eabi/5.4.1/../../../../arm-none-eabi/lib/armv7-m\libg_nano.a(lib_a-mprec.o)
                0x0000711e                __mcmp
 .text.__mdiff  0x00007156       0xbe c:/program files (x86)/cypress/psoc creator/4.2/psoc creator/import/gnu/arm/5.4.1/bin/../lib/gcc/arm-none-eabi/5.4.1/../../../../arm-none-eabi/lib/armv7-m\libg_nano.a(lib_a-mprec.o)
                0x00007156                __mdiff
 .text.__d2b    0x00007214       0x9c c:/program files (x86)/cypress/psoc creator/4.2/psoc creator/import/gnu/arm/5.4.1/bin/../lib/gcc/arm-none-eabi/5.4.1/../../../../arm-none-eabi/lib/armv7-m\libg_nano.a(lib_a-mprec.o)
                0x00007214                __d2b
 .text._calloc_r
                0x000072b0       0x1c c:/program files (x86)/cypress/psoc creator/4.2/psoc creator/import/gnu/arm/5.4.1/bin/../lib/gcc/arm-none-eabi/5.4.1/../../../../arm-none-eabi/lib/armv7-m\libg_nano.a(lib_a-nano-callocr.o)
                0x000072b0                _calloc_r
 .text._free_r  0x000072cc       0x98 c:/program files (x86)/cypress/psoc creator/4.2/psoc creator/import/gnu/arm/5.4.1/bin/../lib/gcc/arm-none-eabi/5.4.1/../../../../arm-none-eabi/lib/armv7-m\libg_nano.a(lib_a-nano-freer.o)
                0x000072cc                _free_r
 .text._malloc_r
                0x00007364       0xbc c:/program files (x86)/cypress/psoc creator/4.2/psoc creator/import/gnu/arm/5.4.1/bin/../lib/gcc/arm-none-eabi/5.4.1/../../../../arm-none-eabi/lib/armv7-m\libg_nano.a(lib_a-nano-mallocr.o)
                0x00007364                _malloc_r
 .text.__ssputs_r
                0x00007420       0xb2 c:/program files (x86)/cypress/psoc creator/4.2/psoc creator/import/gnu/arm/5.4.1/bin/../lib/gcc/arm-none-eabi/5.4.1/../../../../arm-none-eabi/lib/armv7-m\libg_nano.a(lib_a-nano-svfprintf.o)
                0x00007420                __ssputs_r
 *fill*         0x000074d2        0x2 
 .text._svfprintf_r
                0x000074d4      0x1e8 c:/program files (x86)/cypress/psoc creator/4.2/psoc creator/import/gnu/arm/5.4.1/bin/../lib/gcc/arm-none-eabi/5.4.1/../../../../arm-none-eabi/lib/armv7-m\libg_nano.a(lib_a-nano-svfprintf.o)
                0x000074d4                _svfiprintf_r
                0x000074d4                _svfprintf_r
 .text._sbrk_r  0x000076bc       0x20 c:/program files (x86)/cypress/psoc creator/4.2/psoc creator/import/gnu/arm/5.4.1/bin/../lib/gcc/arm-none-eabi/5.4.1/../../../../arm-none-eabi/lib/armv7-m\libg_nano.a(lib_a-sbrkr.o)
                0x000076bc                _sbrk_r
 .text.memmove  0x000076dc       0x36 c:/program files (x86)/cypress/psoc creator/4.2/psoc creator/import/gnu/arm/5.4.1/bin/../lib/gcc/arm-none-eabi/5.4.1/../../../../arm-none-eabi/lib/armv7-m\libg_nano.a(lib_a-memmove.o)
                0x000076dc                memmove
 .text.__malloc_lock
                0x00007712        0x2 c:/program files (x86)/cypress/psoc creator/4.2/psoc creator/import/gnu/arm/5.4.1/bin/../lib/gcc/arm-none-eabi/5.4.1/../../../../arm-none-eabi/lib/armv7-m\libg_nano.a(lib_a-mlock.o)
                0x00007712                __malloc_lock
 .text.__malloc_unlock
                0x00007714        0x2 c:/program files (x86)/cypress/psoc creator/4.2/psoc creator/import/gnu/arm/5.4.1/bin/../lib/gcc/arm-none-eabi/5.4.1/../../../../arm-none-eabi/lib/armv7-m\libg_nano.a(lib_a-mlock.o)
                0x00007714                __malloc_unlock
 .text._realloc_r
                0x00007716       0x4c c:/program files (x86)/cypress/psoc creator/4.2/psoc creator/import/gnu/arm/5.4.1/bin/../lib/gcc/arm-none-eabi/5.4.1/../../../../arm-none-eabi/lib/armv7-m\libg_nano.a(lib_a-nano-reallocr.o)
                0x00007716                _realloc_r
 .text._malloc_usable_size_r
                0x00007762       0x14 c:/program files (x86)/cypress/psoc creator/4.2/psoc creator/import/gnu/arm/5.4.1/bin/../lib/gcc/arm-none-eabi/5.4.1/../../../../arm-none-eabi/lib/armv7-m\libg_nano.a(lib_a-nano-msizer.o)
                0x00007762                _malloc_usable_size_r
 *fill*         0x00007776        0x2 
 .text          0x00007778       0x2c c:/program files (x86)/cypress/psoc creator/4.2/psoc creator/import/gnu/arm/5.4.1/bin/../lib/gcc/arm-none-eabi/5.4.1/armv7-m\libgcc.a(_arm_unorddf2.o)
                0x00007778                __unorddf2
                0x00007778                __aeabi_dcmpun
 *(.plt)
 *(.gnu.warning)
 *(.glue_7t)
 .glue_7t       0x000077a4        0x0 linker stubs
 *(.glue_7)
 .glue_7        0x000077a4        0x0 linker stubs
 *(.vfp11_veneer)
 .vfp11_veneer  0x000077a4        0x0 linker stubs
 *(.bootloader)
 *(.ARM.extab* .gnu.linkonce.armextab.*)
 *(.gcc_except_table)

.v4_bx          0x000077a4        0x0
 .v4_bx         0x000077a4        0x0 linker stubs

.iplt           0x000077a4        0x0
 .iplt          0x000077a4        0x0 c:/program files (x86)/cypress/psoc creator/4.2/psoc creator/import/gnu/arm/5.4.1/bin/../lib/gcc/arm-none-eabi/5.4.1/armv7-m/crtbegin.o

.eh_frame_hdr
 *(.eh_frame_hdr)

.eh_frame       0x000077a4        0x4
 *(.eh_frame)
 .eh_frame      0x000077a4        0x0 c:/program files (x86)/cypress/psoc creator/4.2/psoc creator/import/gnu/arm/5.4.1/bin/../lib/gcc/arm-none-eabi/5.4.1/armv7-m/crtbegin.o
 .eh_frame      0x000077a4        0x4 c:/program files (x86)/cypress/psoc creator/4.2/psoc creator/import/gnu/arm/5.4.1/bin/../lib/gcc/arm-none-eabi/5.4.1/armv7-m/crtend.o
                [!provide]                PROVIDE (__exidx_start, .)

.ARM.exidx
 *(.ARM.exidx* .gnu.linkonce.armexidx.*)
                0x000077a8                __exidx_end = .

.rodata         0x000077a8      0x670
 *(.rodata .rodata.* .gnu.linkonce.r.*)
 .rodata.str1.4
                0x000077a8      0x109 .\CortexM3\ARM_GCC_541\Debug\main.o
 *fill*         0x000078b1        0x3 
 .rodata.str1.4
                0x000078b4       0x39 .\CortexM3\ARM_GCC_541\Debug\colour.o
 *fill*         0x000078ed        0x3 
 .rodata.str1.4
                0x000078f0       0x3f .\CortexM3\ARM_GCC_541\Debug\ultrasonic.o
                                 0x47 (size before relaxing)
 *fill*         0x0000792f        0x1 
 .rodata.str1.4
                0x00007930       0xad .\CortexM3\ARM_GCC_541\Debug\navigation.o
                                 0xb5 (size before relaxing)
 *fill*         0x000079dd        0x3 
 .rodata.str1.4
                0x000079e0       0x26 .\CortexM3\ARM_GCC_541\Debug\motor.o
 *fill*         0x00007a06        0x2 
 .rodata.str1.4
                0x00007a08       0x64 .\CortexM3\ARM_GCC_541\Debug\debugging.o
                                 0x6e (size before relaxing)
 .rodata        0x00007a6c       0x36 .\CortexM3\ARM_GCC_541\Debug\cyfitter_cfg.o
 *fill*         0x00007aa2        0x2 
 .rodata.npio2_hw
                0x00007aa4       0x80 c:/program files (x86)/cypress/psoc creator/4.2/psoc creator/import/gnu/arm/5.4.1/bin/../lib/gcc/arm-none-eabi/5.4.1/../../../../arm-none-eabi/lib/armv7-m\libm.a(lib_a-e_rem_pio2.o)
 .rodata.two_over_pi
                0x00007b24      0x108 c:/program files (x86)/cypress/psoc creator/4.2/psoc creator/import/gnu/arm/5.4.1/bin/../lib/gcc/arm-none-eabi/5.4.1/../../../../arm-none-eabi/lib/armv7-m\libm.a(lib_a-e_rem_pio2.o)
 .rodata.init_jk
                0x00007c2c       0x10 c:/program files (x86)/cypress/psoc creator/4.2/psoc creator/import/gnu/arm/5.4.1/bin/../lib/gcc/arm-none-eabi/5.4.1/../../../../arm-none-eabi/lib/armv7-m\libm.a(lib_a-k_rem_pio2.o)
 *fill*         0x00007c3c        0x4 
 .rodata.PIo2   0x00007c40       0x40 c:/program files (x86)/cypress/psoc creator/4.2/psoc creator/import/gnu/arm/5.4.1/bin/../lib/gcc/arm-none-eabi/5.4.1/../../../../arm-none-eabi/lib/armv7-m\libm.a(lib_a-k_rem_pio2.o)
 .rodata.str1.1
                0x00007c80        0x2 c:/program files (x86)/cypress/psoc creator/4.2/psoc creator/import/gnu/arm/5.4.1/bin/../lib/gcc/arm-none-eabi/5.4.1/../../../../arm-none-eabi/lib/armv7-m\libg_nano.a(lib_a-impure.o)
 .rodata.str1.1
                0x00007c82       0x12 c:/program files (x86)/cypress/psoc creator/4.2/psoc creator/import/gnu/arm/5.4.1/bin/../lib/gcc/arm-none-eabi/5.4.1/../../../../arm-none-eabi/lib/armv7-m\libg_nano.a(lib_a-nano-vfprintf_float.o)
 .rodata.str1.1
                0x00007c94       0x22 c:/program files (x86)/cypress/psoc creator/4.2/psoc creator/import/gnu/arm/5.4.1/bin/../lib/gcc/arm-none-eabi/5.4.1/../../../../arm-none-eabi/lib/armv7-m\libg_nano.a(lib_a-nano-vfprintf_i.o)
 .rodata.str1.1
                0x00007cb6        0xd c:/program files (x86)/cypress/psoc creator/4.2/psoc creator/import/gnu/arm/5.4.1/bin/../lib/gcc/arm-none-eabi/5.4.1/../../../../arm-none-eabi/lib/armv7-m\libg_nano.a(lib_a-dtoa.o)
                                  0xf (size before relaxing)
 .rodata.str1.1
                0x00007cc3        0x8 c:/program files (x86)/cypress/psoc creator/4.2/psoc creator/import/gnu/arm/5.4.1/bin/../lib/gcc/arm-none-eabi/5.4.1/../../../../arm-none-eabi/lib/armv7-m\libg_nano.a(lib_a-locale.o)
                                  0xb (size before relaxing)
 *fill*         0x00007ccb        0x5 
 .rodata.__mprec_tens
                0x00007cd0       0xc8 c:/program files (x86)/cypress/psoc creator/4.2/psoc creator/import/gnu/arm/5.4.1/bin/../lib/gcc/arm-none-eabi/5.4.1/../../../../arm-none-eabi/lib/armv7-m\libg_nano.a(lib_a-mprec.o)
                0x00007cd0                __mprec_tens
 .rodata.p05.5408
                0x00007d98        0xc c:/program files (x86)/cypress/psoc creator/4.2/psoc creator/import/gnu/arm/5.4.1/bin/../lib/gcc/arm-none-eabi/5.4.1/../../../../arm-none-eabi/lib/armv7-m\libg_nano.a(lib_a-mprec.o)
 *fill*         0x00007da4        0x4 
 .rodata.__mprec_bigtens
                0x00007da8       0x28 c:/program files (x86)/cypress/psoc creator/4.2/psoc creator/import/gnu/arm/5.4.1/bin/../lib/gcc/arm-none-eabi/5.4.1/../../../../arm-none-eabi/lib/armv7-m\libg_nano.a(lib_a-mprec.o)
                0x00007da8                __mprec_bigtens
 .rodata.str1.1
                0x00007dd0       0x11 c:/program files (x86)/cypress/psoc creator/4.2/psoc creator/import/gnu/arm/5.4.1/bin/../lib/gcc/arm-none-eabi/5.4.1/../../../../arm-none-eabi/lib/armv7-m\libg_nano.a(lib_a-nano-svfprintf.o)
                0x00007de4                . = ALIGN (0x4)
 *fill*         0x00007de1        0x3 
 *(.init)
 .init          0x00007de4        0x4 c:/program files (x86)/cypress/psoc creator/4.2/psoc creator/import/gnu/arm/5.4.1/bin/../lib/gcc/arm-none-eabi/5.4.1/armv7-m/crti.o
                0x00007de4                _init
 .init          0x00007de8        0x8 c:/program files (x86)/cypress/psoc creator/4.2/psoc creator/import/gnu/arm/5.4.1/bin/../lib/gcc/arm-none-eabi/5.4.1/armv7-m/crtn.o
                0x00007df0                . = ALIGN (0x4)
                0x00007df0                __preinit_array_start = .
 *(.preinit_array)
                0x00007df0                __preinit_array_end = .
                0x00007df0                . = ALIGN (0x4)
                0x00007df0                __init_array_start = .
 *(SORT(.init_array.*))
 *(.init_array)
 .init_array    0x00007df0        0x4 c:/program files (x86)/cypress/psoc creator/4.2/psoc creator/import/gnu/arm/5.4.1/bin/../lib/gcc/arm-none-eabi/5.4.1/armv7-m/crtbegin.o
 .init_array    0x00007df4        0x4 .\CortexM3\ARM_GCC_541\Debug\Cm3Start.o
                0x00007df8                __init_array_end = .
                0x00007df8                . = ALIGN (0x4)
 *(.fini)
 .fini          0x00007df8        0x4 c:/program files (x86)/cypress/psoc creator/4.2/psoc creator/import/gnu/arm/5.4.1/bin/../lib/gcc/arm-none-eabi/5.4.1/armv7-m/crti.o
                0x00007df8                _fini
 .fini          0x00007dfc        0x8 c:/program files (x86)/cypress/psoc creator/4.2/psoc creator/import/gnu/arm/5.4.1/bin/../lib/gcc/arm-none-eabi/5.4.1/armv7-m/crtn.o
                0x00007e04                . = ALIGN (0x4)
                0x00007e04                __fini_array_start = .
 *(.fini_array)
 .fini_array    0x00007e04        0x4 c:/program files (x86)/cypress/psoc creator/4.2/psoc creator/import/gnu/arm/5.4.1/bin/../lib/gcc/arm-none-eabi/5.4.1/armv7-m/crtbegin.o
 *(SORT(.fini_array.*))
                0x00007e08                __fini_array_end = .
                0x00007e08                . = ALIGN (0x4)
 *crtbegin.o(.ctors)
 *(EXCLUDE_FILE(*crtend.o) .ctors)
 *(SORT(.ctors.*))
 *crtend.o(.ctors)
                0x00007e08                . = ALIGN (0x4)
 *crtbegin.o(.dtors)
 *(EXCLUDE_FILE(*crtend.o) .dtors)
 *(SORT(.dtors.*))
 *crtend.o(.dtors)
                0x00007e08                . = ALIGN (0x4)
                0x00007e08                __cy_regions = .
                0x00007e08        0x4 LONG 0x7e18 __cy_region_init_ram
                0x00007e0c        0x4 LONG 0x1fff80c8 __cy_region_start_data
                0x00007e10        0x4 LONG 0xd8 __cy_region_init_size_ram
                0x00007e14        0x4 LONG 0x1d8 __cy_region_zero_size_ram
                0x00007e18                __cy_regions_end = .
                0x00007e18                . = ALIGN (0x8)
                0x00007e18                _etext = .

.cy_checksum_exclude
                0x00007e18        0x0
 *(.cy_checksum_exclude)

.ramvectors     0x1fff8000       0xc0
                0x1fff8000                __cy_region_start_ram = .
 *(.ramvectors)
 .ramvectors    0x1fff8000       0xc0 .\CortexM3\ARM_GCC_541\Debug\Cm3Start.o
                0x1fff8000                CyRamVectors

.noinit         0x1fff80c0        0x1
 *(.noinit)
 .noinit        0x1fff80c0        0x1 .\CortexM3\ARM_GCC_541\Debug\Group17Robot.a(CyLib.o)
                0x1fff80c0                CyResetStatus

.data           0x1fff80c8       0xd8 load address 0x00007e18
                0x1fff80c8                __cy_region_start_data = .
 *(.jcr)
 .jcr           0x1fff80c8        0x0 c:/program files (x86)/cypress/psoc creator/4.2/psoc creator/import/gnu/arm/5.4.1/bin/../lib/gcc/arm-none-eabi/5.4.1/armv7-m/crtbegin.o
 .jcr           0x1fff80c8        0x4 c:/program files (x86)/cypress/psoc creator/4.2/psoc creator/import/gnu/arm/5.4.1/bin/../lib/gcc/arm-none-eabi/5.4.1/armv7-m/crtend.o
 *(.got.plt)
 *(.got)
 *(.shdata)
 *(.data .data.* .gnu.linkonce.d.*)
 .data          0x1fff80cc       0x20 .\CortexM3\ARM_GCC_541\Debug\main.o
                0x1fff80cc                current_stage
                0x1fff80d0                colour_flag
                0x1fff80d4                running
                0x1fff80d8                puckRackOffsetsFromWest
 .data          0x1fff80ec        0x4 .\CortexM3\ARM_GCC_541\Debug\Cm3Start.o
 .data          0x1fff80f0       0x10 .\CortexM3\ARM_GCC_541\Debug\Group17Robot.a(CyLib.o)
                0x1fff80f0                cydelay_32k_ms
                0x1fff80f4                cydelay_freq_khz
                0x1fff80f8                cydelay_freq_mhz
                0x1fff80fc                cydelay_freq_hz
 .data          0x1fff8100        0x1 .\CortexM3\ARM_GCC_541\Debug\Group17Robot.a(ADC.o)
                0x1fff8100                ADC_Config
 *fill*         0x1fff8101        0x3 
 .data.impure_data
                0x1fff8104       0x60 c:/program files (x86)/cypress/psoc creator/4.2/psoc creator/import/gnu/arm/5.4.1/bin/../lib/gcc/arm-none-eabi/5.4.1/../../../../arm-none-eabi/lib/armv7-m\libg_nano.a(lib_a-impure.o)
 .data._impure_ptr
                0x1fff8164        0x4 c:/program files (x86)/cypress/psoc creator/4.2/psoc creator/import/gnu/arm/5.4.1/bin/../lib/gcc/arm-none-eabi/5.4.1/../../../../arm-none-eabi/lib/armv7-m\libg_nano.a(lib_a-impure.o)
                0x1fff8164                _impure_ptr
 .data.lconv    0x1fff8168       0x38 c:/program files (x86)/cypress/psoc creator/4.2/psoc creator/import/gnu/arm/5.4.1/bin/../lib/gcc/arm-none-eabi/5.4.1/../../../../arm-none-eabi/lib/armv7-m\libg_nano.a(lib_a-locale.o)
                0x1fff81a0                . = ALIGN (0x8)
 *(.ram)
                0x1fff81a0                _edata = .

.igot.plt       0x1fff81a0        0x0 load address 0x00007ef0
 .igot.plt      0x1fff81a0        0x0 c:/program files (x86)/cypress/psoc creator/4.2/psoc creator/import/gnu/arm/5.4.1/bin/../lib/gcc/arm-none-eabi/5.4.1/armv7-m/crtbegin.o

.bss            0x1fff81a0      0x1d8 load address 0x00007ef0
                0x1fff81a0                PROVIDE (__bss_start__, .)
 *(.shbss)
 *(.bss .bss.* .gnu.linkonce.b.*)
 .bss           0x1fff81a0       0x1c c:/program files (x86)/cypress/psoc creator/4.2/psoc creator/import/gnu/arm/5.4.1/bin/../lib/gcc/arm-none-eabi/5.4.1/armv7-m/crtbegin.o
 .bss           0x1fff81bc       0x88 .\CortexM3\ARM_GCC_541\Debug\main.o
                0x1fff81bc                beginNavigation
                0x1fff81c0                state
                0x1fff81c4                idac_value
                0x1fff81c8                colour_sensing_algorithm
                0x1fff81cc                currentPuckStackSize
                0x1fff81d0                blockEastClearance
                0x1fff81d2                blockWestClearance
                0x1fff81d4                puckEastClearance
                0x1fff81d6                puckWestClearance
                0x1fff81d8                puckConstructionPlan
                0x1fff81e4                puckRackColours
                0x1fff81f8                block_location
                0x1fff8208                puck_location
                0x1fff8218                safety_override
                0x1fff821c                moving
                0x1fff8220                horizontalPuckGrid
                0x1fff8224                puckColoursTempPile
                0x1fff822c                block_edge_location
                0x1fff823c                sweeping
                0x1fff8240                currentPuckRackScanningIndex
 .bss           0x1fff8244       0x3c .\CortexM3\ARM_GCC_541\Debug\ultrasonic.o
                0x1fff8244                count
                0x1fff8248                ultrasonic_distances_mm
                0x1fff825c                puck_start
                0x1fff8260                block_start
                0x1fff8264                ultrasonic_distances
                0x1fff8278                distance_measured
                0x1fff827c                i
 .bss           0x1fff8280       0x10 .\CortexM3\ARM_GCC_541\Debug\debugging.o
                0x1fff8280                colour_calibration
                0x1fff8284                servo_testing
                0x1fff8288                motor_testing
                0x1fff828c                ultrasonic_testing
 .bss           0x1fff8290        0x1 .\CortexM3\ARM_GCC_541\Debug\Group17Robot.a(TIA_1.o)
                0x1fff8290                TIA_1_initVar
 .bss           0x1fff8291        0x2 .\CortexM3\ARM_GCC_541\Debug\Group17Robot.a(UART_1.o)
                0x1fff8291                UART_1_initVar
 *fill*         0x1fff8293        0x1 
 .bss           0x1fff8294       0x18 .\CortexM3\ARM_GCC_541\Debug\Group17Robot.a(ADC.o)
                0x1fff82a4                ADC_stopConversion
                0x1fff82a5                ADC_convDone
                0x1fff82a6                ADC_initVar
                0x1fff82a7                ADC_started
                0x1fff82a8                ADC_Offset
 .bss           0x1fff82ac        0x1 .\CortexM3\ARM_GCC_541\Debug\Group17Robot.a(IDAC8_1.o)
                0x1fff82ac                IDAC8_1_initVar
 .bss           0x1fff82ad        0x1 .\CortexM3\ARM_GCC_541\Debug\Group17Robot.a(Timer_1.o)
                0x1fff82ad                Timer_1_initVar
 .bss           0x1fff82ae        0x1 .\CortexM3\ARM_GCC_541\Debug\Group17Robot.a(Gripper_Servo_PWM.o)
                0x1fff82ae                Gripper_Servo_PWM_initVar
 *fill*         0x1fff82af        0x1 
 .bss           0x1fff82b0        0x1 .\CortexM3\ARM_GCC_541\Debug\Group17Robot.a(Gripper_Servo_PWM_PM.o)
 .bss           0x1fff82b1        0x1 .\CortexM3\ARM_GCC_541\Debug\Group17Robot.a(Rack_Servo_PWM.o)
                0x1fff82b1                Rack_Servo_PWM_initVar
 *fill*         0x1fff82b2        0x2 
 .bss           0x1fff82b4        0x1 .\CortexM3\ARM_GCC_541\Debug\Group17Robot.a(Rack_Servo_PWM_PM.o)
 .bss           0x1fff82b5        0x1 .\CortexM3\ARM_GCC_541\Debug\Group17Robot.a(Motor_Left_Decoder.o)
                0x1fff82b5                Motor_Left_Decoder_initVar
 .bss           0x1fff82b6        0x1 .\CortexM3\ARM_GCC_541\Debug\Group17Robot.a(Motor_Right_Decoder.o)
                0x1fff82b6                Motor_Right_Decoder_initVar
 .bss           0x1fff82b7        0x1 .\CortexM3\ARM_GCC_541\Debug\Group17Robot.a(Motor_Left_Driver.o)
                0x1fff82b7                Motor_Left_Driver_initVar
 .bss           0x1fff82b8        0x5 .\CortexM3\ARM_GCC_541\Debug\Group17Robot.a(Motor_Left_Driver_PM.o)
 .bss           0x1fff82bd        0x1 .\CortexM3\ARM_GCC_541\Debug\Group17Robot.a(Motor_Right_Driver.o)
                0x1fff82bd                Motor_Right_Driver_initVar
 *fill*         0x1fff82be        0x2 
 .bss           0x1fff82c0        0x5 .\CortexM3\ARM_GCC_541\Debug\Group17Robot.a(Motor_Right_Driver_PM.o)
 .bss           0x1fff82c5        0x1 .\CortexM3\ARM_GCC_541\Debug\Group17Robot.a(Motor_Left_Decoder_Cnt16.o)
                0x1fff82c5                Motor_Left_Decoder_Cnt16_initVar
 .bss           0x1fff82c6        0x1 .\CortexM3\ARM_GCC_541\Debug\Group17Robot.a(Motor_Right_Decoder_Cnt16.o)
                0x1fff82c6                Motor_Right_Decoder_Cnt16_initVar
 *fill*         0x1fff82c7        0x1 
 .bss.__malloc_sbrk_start
                0x1fff82c8        0x4 c:/program files (x86)/cypress/psoc creator/4.2/psoc creator/import/gnu/arm/5.4.1/bin/../lib/gcc/arm-none-eabi/5.4.1/../../../../arm-none-eabi/lib/armv7-m\libg_nano.a(lib_a-nano-mallocr.o)
                0x1fff82c8                __malloc_sbrk_start
 .bss.__malloc_free_list
                0x1fff82cc        0x4 c:/program files (x86)/cypress/psoc creator/4.2/psoc creator/import/gnu/arm/5.4.1/bin/../lib/gcc/arm-none-eabi/5.4.1/../../../../arm-none-eabi/lib/armv7-m\libg_nano.a(lib_a-nano-mallocr.o)
                0x1fff82cc                __malloc_free_list
 *(COMMON)
 COMMON         0x1fff82d0       0x46 .\CortexM3\ARM_GCC_541\Debug\main.o
                0x1fff82d0                turningLeftFlag
                0x1fff82d4                output
                0x1fff82f4                pathPastBlock
                0x1fff82f8                driveStraightEnable
                0x1fff82fc                distance_returned_global
                0x1fff8300                internal_orientation
                0x1fff8304                ultrasonic_flag
                0x1fff8308                pathToPucks
                0x1fff830c                puckPileLocation
                0x1fff8310                turningRightFlag
                0x1fff8312                drivingForwardFlag
                0x1fff8314                drivingBackwardFlag
 *fill*         0x1fff8316        0x2 
 COMMON         0x1fff8318       0x54 .\CortexM3\ARM_GCC_541\Debug\colour.o
                0x1fff8318                test_white
                0x1fff831c                test_red
                0x1fff8320                ambient_current
                0x1fff8324                input_current
                0x1fff8328                colour_output
                0x1fff832c                ambient_green
                0x1fff8330                ambient_white
                0x1fff8334                ambient_red
                0x1fff8338                test_blue
                0x1fff833c                ambient_blue
                0x1fff8340                pd_voltage
                0x1fff8344                stored
                0x1fff8368                test_green
 COMMON         0x1fff836c        0x4 .\CortexM3\ARM_GCC_541\Debug\ultrasonic.o
                0x1fff836c                ultrasonic_mux_control
 COMMON         0x1fff8370        0x4 .\CortexM3\ARM_GCC_541\Debug\Group17Robot.a(ADC.o)
                0x1fff8370                ADC_CountsPerVolt
 COMMON         0x1fff8374        0x4 c:/program files (x86)/cypress/psoc creator/4.2/psoc creator/import/gnu/arm/5.4.1/bin/../lib/gcc/arm-none-eabi/5.4.1/../../../../arm-none-eabi/lib/armv7-m\libg_nano.a(lib_a-reent.o)
                0x1fff8374                errno
                0x1fff8378                . = ALIGN (0x8)
 *(.ram.b)
                0x1fff8378                _end = .
                0x1fff8378                __end = .
                0x1fff8378                PROVIDE (end, .)
                0x1fff8378                PROVIDE (__bss_end__, .)
                0x00007e18                __cy_region_init_ram = LOADADDR (.data)
                0x000000d8                __cy_region_init_size_ram = (_edata - ADDR (.data))
                0x000001d8                __cy_region_zero_size_ram = (_end - _edata)

.heap           0x1fff8378      0x200 load address 0x00007ef0
                0x1fff8378                . = _end
                0x1fff8578                . = (. + 0x200)
 *fill*         0x1fff8378      0x200 
                0x1fff8578                __cy_heap_limit = .

.stack          0x20007800      0x800
                0x20007800                __cy_stack_limit = .
                0x20008000                . = (. + 0x800)
 *fill*         0x20007800      0x800 
                0x00000001                ASSERT ((__cy_stack_limit >= __cy_heap_limit), region RAM overflowed with stack)
                0x00000000                cy_checksum_exclude_size = (CY_APPL_LOADABLE == 0x1)?SIZEOF (.cy_checksum_exclude):0x0
                0x00000001                ASSERT ((cy_checksum_exclude_size <= CY_CHECKSUM_EXCLUDE_SIZE), CY_BOOT: Section .cy_checksum_exclude size exceedes specified limit.)

.cyloadermeta
 *(.cyloadermeta)

.cyloadablemeta
 *(.cyloadablemeta)

.cyconfigecc    0x80000000     0x1080
 *(.cyconfigecc)
 .cyconfigecc   0x80000000     0x1080 .\CortexM3\ARM_GCC_541\Debug\cymetadata.o
                0x80000000                cy_meta_configecc

.cycustnvl      0x90000000        0x4
 *(.cycustnvl)
 .cycustnvl     0x90000000        0x4 .\CortexM3\ARM_GCC_541\Debug\cymetadata.o
                0x90000000                cy_meta_custnvl

.cywolatch      0x90100000        0x4
 *(.cywolatch)
 .cywolatch     0x90100000        0x4 .\CortexM3\ARM_GCC_541\Debug\cymetadata.o
                0x90100000                cy_meta_wonvl

.cyeeprom       0x90200000        0x0
 *(.cyeeprom)
                0x00000001                ASSERT ((. <= ((0x90200000 + ee_offset) + ee_size)), .cyeeprom data will not fit in EEPROM)

.cyflashprotect
                0x90400000      0x100
 *(.cyflashprotect)
 .cyflashprotect
                0x90400000      0x100 .\CortexM3\ARM_GCC_541\Debug\cymetadata.o
                0x90400000                cy_meta_flashprotect

.cymeta         0x90500000        0xc
 *(.cymeta)
 .cymeta        0x90500000        0xc .\CortexM3\ARM_GCC_541\Debug\cymetadata.o
                0x90500000                cy_metadata

.rel.dyn        0x00007ef0        0x0 load address 0x9050000c
 .rel.iplt      0x00007ef0        0x0 c:/program files (x86)/cypress/psoc creator/4.2/psoc creator/import/gnu/arm/5.4.1/bin/../lib/gcc/arm-none-eabi/5.4.1/armv7-m/crtbegin.o

.stab
 *(.stab)

.stabstr
 *(.stabstr)

.debug
 *(.debug)

.line
 *(.line)

.debug_srcinfo
 *(.debug_srcinfo)

.debug_sfnames
 *(.debug_sfnames)

.debug_aranges  0x00000000     0x1390
 *(.debug_aranges)
 .debug_aranges
                0x00000000       0x30 .\CortexM3\ARM_GCC_541\Debug\main.o
 .debug_aranges
                0x00000030       0x40 .\CortexM3\ARM_GCC_541\Debug\colour.o
 .debug_aranges
                0x00000070       0x40 .\CortexM3\ARM_GCC_541\Debug\ultrasonic.o
 .debug_aranges
                0x000000b0       0x50 .\CortexM3\ARM_GCC_541\Debug\servo.o
 .debug_aranges
                0x00000100       0x28 .\CortexM3\ARM_GCC_541\Debug\customMath.o
 .debug_aranges
                0x00000128       0x70 .\CortexM3\ARM_GCC_541\Debug\navigation.o
 .debug_aranges
                0x00000198       0x38 .\CortexM3\ARM_GCC_541\Debug\motor.o
 .debug_aranges
                0x000001d0       0x20 .\CortexM3\ARM_GCC_541\Debug\debugging.o
 .debug_aranges
                0x000001f0       0x58 .\CortexM3\ARM_GCC_541\Debug\cyfitter_cfg.o
 .debug_aranges
                0x00000248       0x18 .\CortexM3\ARM_GCC_541\Debug\cymetadata.o
 .debug_aranges
                0x00000260       0x48 .\CortexM3\ARM_GCC_541\Debug\Cm3Start.o
 .debug_aranges
                0x000002a8       0x50 .\CortexM3\ARM_GCC_541\Debug\Group17Robot.a(TIA_1.o)
 .debug_aranges
                0x000002f8      0x2a0 .\CortexM3\ARM_GCC_541\Debug\Group17Robot.a(CyLib.o)
 .debug_aranges
                0x00000598       0x98 .\CortexM3\ARM_GCC_541\Debug\Group17Robot.a(cyPm.o)
 .debug_aranges
                0x00000630       0xf0 .\CortexM3\ARM_GCC_541\Debug\Group17Robot.a(UART_1.o)
 .debug_aranges
                0x00000720       0x70 .\CortexM3\ARM_GCC_541\Debug\Group17Robot.a(UART_1_IntClock.o)
 .debug_aranges
                0x00000790       0xe8 .\CortexM3\ARM_GCC_541\Debug\Group17Robot.a(ADC.o)
 .debug_aranges
                0x00000878       0x38 .\CortexM3\ARM_GCC_541\Debug\Group17Robot.a(ADC_INT.o)
 .debug_aranges
                0x000008b0       0x70 .\CortexM3\ARM_GCC_541\Debug\Group17Robot.a(ADC_Ext_CP_Clk.o)
 .debug_aranges
                0x00000920       0x80 .\CortexM3\ARM_GCC_541\Debug\Group17Robot.a(ADC_theACLK.o)
 .debug_aranges
                0x000009a0       0x60 .\CortexM3\ARM_GCC_541\Debug\Group17Robot.a(IDAC8_1.o)
 .debug_aranges
                0x00000a00       0x98 .\CortexM3\ARM_GCC_541\Debug\Group17Robot.a(Timer_1.o)
 .debug_aranges
                0x00000a98       0x38 .\CortexM3\ARM_GCC_541\Debug\Group17Robot.a(Trigger_1.o)
 .debug_aranges
                0x00000ad0       0x38 .\CortexM3\ARM_GCC_541\Debug\Group17Robot.a(Trigger_2.o)
 .debug_aranges
                0x00000b08       0x38 .\CortexM3\ARM_GCC_541\Debug\Group17Robot.a(Trigger_3.o)
 .debug_aranges
                0x00000b40       0x38 .\CortexM3\ARM_GCC_541\Debug\Group17Robot.a(Trigger_4.o)
 .debug_aranges
                0x00000b78       0x38 .\CortexM3\ARM_GCC_541\Debug\Group17Robot.a(Trigger_5.o)
 .debug_aranges
                0x00000bb0       0x28 .\CortexM3\ARM_GCC_541\Debug\Group17Robot.a(Ultrasonic_Mux_Control.o)
 .debug_aranges
                0x00000bd8       0x78 .\CortexM3\ARM_GCC_541\Debug\Group17Robot.a(Gripper_Servo_PWM.o)
 .debug_aranges
                0x00000c50       0x38 .\CortexM3\ARM_GCC_541\Debug\Group17Robot.a(Gripper_Servo_PWM_PM.o)
 .debug_aranges
                0x00000c88       0x78 .\CortexM3\ARM_GCC_541\Debug\Group17Robot.a(Rack_Servo_PWM.o)
 .debug_aranges
                0x00000d00       0x38 .\CortexM3\ARM_GCC_541\Debug\Group17Robot.a(Rack_Servo_PWM_PM.o)
 .debug_aranges
                0x00000d38       0x28 .\CortexM3\ARM_GCC_541\Debug\Group17Robot.a(control_led.o)
 .debug_aranges
                0x00000d60       0x28 .\CortexM3\ARM_GCC_541\Debug\Group17Robot.a(control_photodiode.o)
 .debug_aranges
                0x00000d88       0x80 .\CortexM3\ARM_GCC_541\Debug\Group17Robot.a(Start.o)
 .debug_aranges
                0x00000e08       0x80 .\CortexM3\ARM_GCC_541\Debug\Group17Robot.a(Sonic.o)
 .debug_aranges
                0x00000e88       0x60 .\CortexM3\ARM_GCC_541\Debug\Group17Robot.a(Motor_Left_Decoder.o)
 .debug_aranges
                0x00000ee8       0x60 .\CortexM3\ARM_GCC_541\Debug\Group17Robot.a(Motor_Right_Decoder.o)
 .debug_aranges
                0x00000f48       0x98 .\CortexM3\ARM_GCC_541\Debug\Group17Robot.a(Motor_Left_Driver.o)
 .debug_aranges
                0x00000fe0       0x38 .\CortexM3\ARM_GCC_541\Debug\Group17Robot.a(Motor_Left_Driver_PM.o)
 .debug_aranges
                0x00001018       0x98 .\CortexM3\ARM_GCC_541\Debug\Group17Robot.a(Motor_Right_Driver.o)
 .debug_aranges
                0x000010b0       0x38 .\CortexM3\ARM_GCC_541\Debug\Group17Robot.a(Motor_Right_Driver_PM.o)
 .debug_aranges
                0x000010e8       0x28 .\CortexM3\ARM_GCC_541\Debug\Group17Robot.a(Motor_Left_Control.o)
 .debug_aranges
                0x00001110       0x28 .\CortexM3\ARM_GCC_541\Debug\Group17Robot.a(Motor_Right_Control.o)
 .debug_aranges
                0x00001138       0x98 .\CortexM3\ARM_GCC_541\Debug\Group17Robot.a(Motor_Left_Decoder_Cnt16.o)
 .debug_aranges
                0x000011d0       0x98 .\CortexM3\ARM_GCC_541\Debug\Group17Robot.a(Motor_Right_Decoder_Cnt16.o)
 .debug_aranges
                0x00001268       0x20 .\CortexM3\ARM_GCC_541\Debug\Group17Robot.a(CyBootAsmGnu.o)
 .debug_aranges
                0x00001288       0x88 .\CortexM3\ARM_GCC_541\Debug\Group17Robot.a(CyFlash.o)
 .debug_aranges
                0x00001310       0x80 .\CortexM3\ARM_GCC_541\Debug\Group17Robot.a(CySpc.o)

.debug_pubnames
 *(.debug_pubnames)

.debug_info     0x00000000     0xd830
 *(.debug_info .gnu.linkonce.wi.*)
 .debug_info    0x00000000     0x1cc8 .\CortexM3\ARM_GCC_541\Debug\main.o
 .debug_info    0x00001cc8      0x748 .\CortexM3\ARM_GCC_541\Debug\colour.o
 .debug_info    0x00002410      0x609 .\CortexM3\ARM_GCC_541\Debug\ultrasonic.o
 .debug_info    0x00002a19      0x53e .\CortexM3\ARM_GCC_541\Debug\servo.o
 .debug_info    0x00002f57      0x23d .\CortexM3\ARM_GCC_541\Debug\customMath.o
 .debug_info    0x00003194     0x143c .\CortexM3\ARM_GCC_541\Debug\navigation.o
 .debug_info    0x000045d0      0x8b9 .\CortexM3\ARM_GCC_541\Debug\motor.o
 .debug_info    0x00004e89      0x56c .\CortexM3\ARM_GCC_541\Debug\debugging.o
 .debug_info    0x000053f5      0x63c .\CortexM3\ARM_GCC_541\Debug\cyfitter_cfg.o
 .debug_info    0x00005a31      0x139 .\CortexM3\ARM_GCC_541\Debug\cymetadata.o
 .debug_info    0x00005b6a      0x3bb .\CortexM3\ARM_GCC_541\Debug\Cm3Start.o
 .debug_info    0x00005f25      0x1d6 .\CortexM3\ARM_GCC_541\Debug\Group17Robot.a(TIA_1.o)
 .debug_info    0x000060fb     0x1374 .\CortexM3\ARM_GCC_541\Debug\Group17Robot.a(CyLib.o)
 .debug_info    0x0000746f      0xa2a .\CortexM3\ARM_GCC_541\Debug\Group17Robot.a(cyPm.o)
 .debug_info    0x00007e99      0x60c .\CortexM3\ARM_GCC_541\Debug\Group17Robot.a(UART_1.o)
 .debug_info    0x000084a5      0x283 .\CortexM3\ARM_GCC_541\Debug\Group17Robot.a(UART_1_IntClock.o)
 .debug_info    0x00008728      0xb94 .\CortexM3\ARM_GCC_541\Debug\Group17Robot.a(ADC.o)
 .debug_info    0x000092bc       0xd3 .\CortexM3\ARM_GCC_541\Debug\Group17Robot.a(ADC_INT.o)
 .debug_info    0x0000938f      0x283 .\CortexM3\ARM_GCC_541\Debug\Group17Robot.a(ADC_Ext_CP_Clk.o)
 .debug_info    0x00009612      0x2c4 .\CortexM3\ARM_GCC_541\Debug\Group17Robot.a(ADC_theACLK.o)