Archive member included to satisfy reference by file (symbol)

.\CortexM3\ARM_GCC_541\Debug\Group17Robot.a(TIA_1.o)
                              .\CortexM3\ARM_GCC_541\Debug\main.o (TIA_1_Start)
.\CortexM3\ARM_GCC_541\Debug\Group17Robot.a(CyLib.o)
                              .\CortexM3\ARM_GCC_541\Debug\Cm3Start.o (CyHalt)
.\CortexM3\ARM_GCC_541\Debug\Group17Robot.a(cyPm.o)
                              .\CortexM3\ARM_GCC_541\Debug\Group17Robot.a(CyLib.o) (CyPmReadStatus)
.\CortexM3\ARM_GCC_541\Debug\Group17Robot.a(UART_1.o)
                              .\CortexM3\ARM_GCC_541\Debug\main.o (UART_1_Start)
.\CortexM3\ARM_GCC_541\Debug\Group17Robot.a(UART_1_IntClock.o)
                              .\CortexM3\ARM_GCC_541\Debug\Group17Robot.a(UART_1.o) (UART_1_IntClock_Start)
.\CortexM3\ARM_GCC_541\Debug\Group17Robot.a(ADC.o)
                              .\CortexM3\ARM_GCC_541\Debug\main.o (ADC_Start)
.\CortexM3\ARM_GCC_541\Debug\Group17Robot.a(ADC_INT.o)
                              .\CortexM3\ARM_GCC_541\Debug\Group17Robot.a(ADC.o) (ADC_ISR1)
.\CortexM3\ARM_GCC_541\Debug\Group17Robot.a(ADC_Ext_CP_Clk.o)
                              .\CortexM3\ARM_GCC_541\Debug\Group17Robot.a(ADC.o) (ADC_Ext_CP_Clk_SetModeRegister)
.\CortexM3\ARM_GCC_541\Debug\Group17Robot.a(ADC_theACLK.o)
                              .\CortexM3\ARM_GCC_541\Debug\Group17Robot.a(ADC.o) (ADC_theACLK_SetModeRegister)
.\CortexM3\ARM_GCC_541\Debug\Group17Robot.a(IDAC8_1.o)
                              .\CortexM3\ARM_GCC_541\Debug\main.o (IDAC8_1_SetValue)
.\CortexM3\ARM_GCC_541\Debug\Group17Robot.a(Timer_1.o)
                              .\CortexM3\ARM_GCC_541\Debug\ultrasonic.o (Timer_1_Stop)
.\CortexM3\ARM_GCC_541\Debug\Group17Robot.a(Trigger_1.o)
                              .\CortexM3\ARM_GCC_541\Debug\ultrasonic.o (Trigger_1_Write)
.\CortexM3\ARM_GCC_541\Debug\Group17Robot.a(Trigger_2.o)
                              .\CortexM3\ARM_GCC_541\Debug\ultrasonic.o (Trigger_2_Write)
.\CortexM3\ARM_GCC_541\Debug\Group17Robot.a(Trigger_3.o)
                              .\CortexM3\ARM_GCC_541\Debug\ultrasonic.o (Trigger_3_Write)
.\CortexM3\ARM_GCC_541\Debug\Group17Robot.a(Trigger_4.o)
                              .\CortexM3\ARM_GCC_541\Debug\ultrasonic.o (Trigger_4_Write)
.\CortexM3\ARM_GCC_541\Debug\Group17Robot.a(Trigger_5.o)
                              .\CortexM3\ARM_GCC_541\Debug\ultrasonic.o (Trigger_5_Write)
.\CortexM3\ARM_GCC_541\Debug\Group17Robot.a(Ultrasonic_Mux_Control.o)
                              .\CortexM3\ARM_GCC_541\Debug\ultrasonic.o (Ultrasonic_Mux_Control_Write)
.\CortexM3\ARM_GCC_541\Debug\Group17Robot.a(Gripper_Servo_PWM.o)
                              .\CortexM3\ARM_GCC_541\Debug\main.o (Gripper_Servo_PWM_WriteCompare)
.\CortexM3\ARM_GCC_541\Debug\Group17Robot.a(Gripper_Servo_PWM_PM.o)
                              .\CortexM3\ARM_GCC_541\Debug\main.o (Gripper_Servo_PWM_Sleep)
.\CortexM3\ARM_GCC_541\Debug\Group17Robot.a(Rack_Servo_PWM.o)
                              .\CortexM3\ARM_GCC_541\Debug\main.o (Rack_Servo_PWM_WriteCompare)
.\CortexM3\ARM_GCC_541\Debug\Group17Robot.a(Rack_Servo_PWM_PM.o)
                              .\CortexM3\ARM_GCC_541\Debug\main.o (Rack_Servo_PWM_Sleep)
.\CortexM3\ARM_GCC_541\Debug\Group17Robot.a(control_led.o)
                              .\CortexM3\ARM_GCC_541\Debug\main.o (control_led_Write)
.\CortexM3\ARM_GCC_541\Debug\Group17Robot.a(control_photodiode.o)
                              .\CortexM3\ARM_GCC_541\Debug\main.o (control_photodiode_Write)
.\CortexM3\ARM_GCC_541\Debug\Group17Robot.a(Start.o)
                              .\CortexM3\ARM_GCC_541\Debug\main.o (Start_StartEx)
.\CortexM3\ARM_GCC_541\Debug\Group17Robot.a(Sonic.o)
                              .\CortexM3\ARM_GCC_541\Debug\main.o (Sonic_StartEx)
.\CortexM3\ARM_GCC_541\Debug\Group17Robot.a(Motor_Left_Decoder.o)
                              .\CortexM3\ARM_GCC_541\Debug\navigation.o (Motor_Left_Decoder_GetCounter)
.\CortexM3\ARM_GCC_541\Debug\Group17Robot.a(Motor_Right_Decoder.o)
                              .\CortexM3\ARM_GCC_541\Debug\navigation.o (Motor_Right_Decoder_GetCounter)
.\CortexM3\ARM_GCC_541\Debug\Group17Robot.a(Motor_Left_Driver.o)
                              .\CortexM3\ARM_GCC_541\Debug\main.o (Motor_Left_Driver_WriteCompare)
.\CortexM3\ARM_GCC_541\Debug\Group17Robot.a(Motor_Left_Driver_PM.o)
                              .\CortexM3\ARM_GCC_541\Debug\main.o (Motor_Left_Driver_Sleep)
.\CortexM3\ARM_GCC_541\Debug\Group17Robot.a(Motor_Right_Driver.o)
                              .\CortexM3\ARM_GCC_541\Debug\main.o (Motor_Right_Driver_WriteCompare)
.\CortexM3\ARM_GCC_541\Debug\Group17Robot.a(Motor_Right_Driver_PM.o)
                              .\CortexM3\ARM_GCC_541\Debug\main.o (Motor_Right_Driver_Sleep)
.\CortexM3\ARM_GCC_541\Debug\Group17Robot.a(Motor_Left_Control.o)
                              .\CortexM3\ARM_GCC_541\Debug\navigation.o (Motor_Left_Control_Write)
[...]
Memory Configuration

Name             Origin             Length             Attributes
rom              0x00000000         0x00040000         xr
ram              0x1fff8000         0x00010000         xrw
*default*        0x00000000         0xffffffff

Linker script and memory map

LOAD c:/program files (x86)/cypress/psoc creator/4.2/psoc creator/import/gnu/arm/5.4.1/bin/../lib/gcc/arm-none-eabi/5.4.1/armv7-m/crti.o
LOAD c:/program files (x86)/cypress/psoc creator/4.2/psoc creator/import/gnu/arm/5.4.1/bin/../lib/gcc/arm-none-eabi/5.4.1/armv7-m/crtbegin.o
LOAD c:/program files (x86)/cypress/psoc creator/4.2/psoc creator/import/gnu/arm/5.4.1/bin/../lib/gcc/arm-none-eabi/5.4.1/../../../../arm-none-eabi/lib/armv7-m/crt0.o
START GROUP
LOAD .\CortexM3\ARM_GCC_541\Debug\main.o
LOAD .\CortexM3\ARM_GCC_541\Debug\colour.o
LOAD .\CortexM3\ARM_GCC_541\Debug\ultrasonic.o
LOAD .\CortexM3\ARM_GCC_541\Debug\servo.o
LOAD .\CortexM3\ARM_GCC_541\Debug\customMath.o
LOAD .\CortexM3\ARM_GCC_541\Debug\navigation.o
LOAD .\CortexM3\ARM_GCC_541\Debug\motor.o
LOAD .\CortexM3\ARM_GCC_541\Debug\debugging.o
LOAD .\CortexM3\ARM_GCC_541\Debug\cyfitter_cfg.o
LOAD .\CortexM3\ARM_GCC_541\Debug\cymetadata.o
LOAD .\CortexM3\ARM_GCC_541\Debug\Cm3Start.o
LOAD .\CortexM3\ARM_GCC_541\Debug\Group17Robot.a
LOAD C:\Program Files (x86)\Cypress\PSoC Creator\4.2\PSoC Creator\psoc\content\cycomponentlibrary\CyComponentLibrary.cylib\CortexM3\ARM_GCC_541\Debug\CyComponentLibrary.a
LOAD c:/program files (x86)/cypress/psoc creator/4.2/psoc creator/import/gnu/arm/5.4.1/bin/../lib/gcc/arm-none-eabi/5.4.1/../../../../arm-none-eabi/lib/armv7-m\libm.a
END GROUP
START GROUP
LOAD c:/program files (x86)/cypress/psoc creator/4.2/psoc creator/import/gnu/arm/5.4.1/bin/../lib/gcc/arm-none-eabi/5.4.1/armv7-m\libgcc.a
LOAD c:/program files (x86)/cypress/psoc creator/4.2/psoc creator/import/gnu/arm/5.4.1/bin/../lib/gcc/arm-none-eabi/5.4.1/../../../../arm-none-eabi/lib/armv7-m\libg_nano.a
LOAD c:/program files (x86)/cypress/psoc creator/4.2/psoc creator/import/gnu/arm/5.4.1/bin/../lib/gcc/arm-none-eabi/5.4.1/../../../../arm-none-eabi/lib/armv7-m\libc_nano.a
END GROUP
START GROUP
LOAD c:/program files (x86)/cypress/psoc creator/4.2/psoc creator/import/gnu/arm/5.4.1/bin/../lib/gcc/arm-none-eabi/5.4.1/armv7-m\libgcc.a
LOAD c:/program files (x86)/cypress/psoc creator/4.2/psoc creator/import/gnu/arm/5.4.1/bin/../lib/gcc/arm-none-eabi/5.4.1/../../../../arm-none-eabi/lib/armv7-m\libc_nano.a
END GROUP
LOAD c:/program files (x86)/cypress/psoc creator/4.2/psoc creator/import/gnu/arm/5.4.1/bin/../lib/gcc/arm-none-eabi/5.4.1/armv7-m/crtend.o
LOAD c:/program files (x86)/cypress/psoc creator/4.2/psoc creator/import/gnu/arm/5.4.1/bin/../lib/gcc/arm-none-eabi/5.4.1/armv7-m/crtn.o
START GROUP
LOAD c:/program files (x86)/cypress/psoc creator/4.2/psoc creator/import/gnu/arm/5.4.1/bin/../lib/gcc/arm-none-eabi/5.4.1/armv7-m\libgcc.a
LOAD c:/program files (x86)/cypress/psoc creator/4.2/psoc creator/import/gnu/arm/5.4.1/bin/../lib/gcc/arm-none-eabi/5.4.1/../../../../arm-none-eabi/lib/armv7-m\libc.a
LOAD c:/program files (x86)/cypress/psoc creator/4.2/psoc creator/import/gnu/arm/5.4.1/bin/../lib/gcc/arm-none-eabi/5.4.1/../../../../arm-none-eabi/lib/armv7-m\libnosys.a
END GROUP
                0x00000000                CY_APPL_ORIGIN = 0x0
                0x00000100                CY_FLASH_ROW_SIZE = 0x100
                0x00000020                CY_ECC_ROW_SIZE = 0x20
                0x00000000                CY_EE_IN_BTLDR = 0x0
                0x00000000                CY_APPL_LOADABLE = 0x0
                0x00000800                CY_EE_SIZE = 0x800
                0x00000001                CY_APPL_NUM = 0x1
                0x00000001                CY_APPL_MAX = 0x1
                0x00000040                CY_METADATA_SIZE = 0x40
                0x00000000                CY_APPL_LOADABLE = 0x0
                0x00000000                CY_CHECKSUM_EXCLUDE_SIZE = ALIGN (0x0, CY_FLASH_ROW_SIZE)
                [!provide]                PROVIDE (__cy_heap_start, _end)
                0x00000001                PROVIDE (__cy_region_num, ((__cy_regions_end - __cy_regions) / 0x10))
                0x20008000                PROVIDE (__cy_stack, (ORIGIN (ram) + LENGTH (ram)))
                [!provide]                PROVIDE (__cy_heap_end, (__cy_stack - 0x800))

.cybootloader   0x00000000        0x0
 *(.cybootloader)
                0x00000000                appl1_start = CY_APPL_ORIGIN?CY_APPL_ORIGIN:ALIGN (CY_FLASH_ROW_SIZE)
                0x0001ff00                appl2_start = (appl1_start + ALIGN ((((LENGTH (rom) - appl1_start) - (0x2 * CY_FLASH_ROW_SIZE)) / 0x2), CY_FLASH_ROW_SIZE))
                0x00000000                appl_start = (CY_APPL_NUM == 0x1)?appl1_start:appl2_start
                0x00000000                ecc_offset = ((appl_start / CY_FLASH_ROW_SIZE) * CY_ECC_ROW_SIZE)
                0x00000000                ee_offset = (CY_APPL_LOADABLE && ! (CY_EE_IN_BTLDR))?((CY_EE_SIZE / CY_APPL_MAX) * (CY_APPL_NUM - 0x1)):0x0
                0x00000800                ee_size = (CY_APPL_LOADABLE && ! (CY_EE_IN_BTLDR))?(CY_EE_SIZE / CY_APPL_MAX):CY_EE_SIZE
                [!provide]                PROVIDE (CY_ECC_OFFSET, ecc_offset)

.text           0x00000000     0x7ce4
 CREATE_OBJECT_SYMBOLS
                0x00000000                PROVIDE (__cy_interrupt_vector, RomVectors)
 *(.romvectors)
 .romvectors    0x00000000       0x10 .\CortexM3\ARM_GCC_541\Debug\Cm3Start.o
                0x00000000                RomVectors
                0x00000001                ASSERT ((. != __cy_interrupt_vector), No interrupt vector)
                0x00000001                ASSERT (CY_APPL_ORIGIN?(SIZEOF (.cybootloader) <= CY_APPL_ORIGIN):0x1, Wrong image location)
                0x00000010                PROVIDE (__cy_reset, Reset)
 *(.text.Reset)
 .text.Reset    0x00000010       0x18 .\CortexM3\ARM_GCC_541\Debug\Cm3Start.o
                0x00000010                Reset
                0x00000001                ASSERT ((. != __cy_reset), No reset code)
 *(.dma_init)
                0x00000001                ASSERT ((((appl_start + .) <= 0x10000) || 0x1), DMA Init must be within the first 64k of flash)
 *(.text .text.* .gnu.linkonce.t.*)
 .text          0x00000028       0x5c c:/program files (x86)/cypress/psoc creator/4.2/psoc creator/import/gnu/arm/5.4.1/bin/../lib/gcc/arm-none-eabi/5.4.1/armv7-m/crtbegin.o
 .text.TIH      0x00000084        0x8 .\CortexM3\ARM_GCC_541\Debug\main.o
                0x00000084                TIH
 .text.StartIH  0x0000008c       0x24 .\CortexM3\ARM_GCC_541\Debug\main.o
                0x0000008c                StartIH
 .text.SAIH     0x000000b0       0x38 .\CortexM3\ARM_GCC_541\Debug\main.o
                0x000000b0                SAIH
 .text.main     0x000000e8      0xc00 .\CortexM3\ARM_GCC_541\Debug\main.o
                0x000000e8                main
 .text.colourSensingInitialise
                0x00000ce8       0x68 .\CortexM3\ARM_GCC_541\Debug\colour.o
                0x00000ce8                colourSensingInitialise
 .text.colourSensingOutput
                0x00000d50      0x314 .\CortexM3\ARM_GCC_541\Debug\colour.o
                0x00000d50                colourSensingOutput
 .text.colourSensingCalibration
                0x00001064       0x78 .\CortexM3\ARM_GCC_541\Debug\colour.o
                0x00001064                colourSensingCalibration
 .text.blinkLED
                0x000010dc       0x34 .\CortexM3\ARM_GCC_541\Debug\colour.o
                0x000010dc                blinkLED
 .text.ultrasonicInterruptHandler
                0x00001110       0x48 .\CortexM3\ARM_GCC_541\Debug\ultrasonic.o
                0x00001110                ultrasonicInterruptHandler
 .text.distanceSensor
                0x00001158       0xc0 .\CortexM3\ARM_GCC_541\Debug\ultrasonic.o
                0x00001158                distanceSensor
 .text.safetyDistanceCheck
                0x00001218       0x54 .\CortexM3\ARM_GCC_541\Debug\ultrasonic.o
                0x00001218                safetyDistanceCheck
 .text.armOpen  0x0000126c       0x1c .\CortexM3\ARM_GCC_541\Debug\servo.o
                0x0000126c                armOpen
 .text.armClose
                0x00001288       0x1c .\CortexM3\ARM_GCC_541\Debug\servo.o
                0x00001288                armClose
 .text.armTranslate
                0x000012a4       0x58 .\CortexM3\ARM_GCC_541\Debug\servo.o
                0x000012a4                armTranslate
 .text.changeHeightToPuck
                0x000012fc       0x6c .\CortexM3\ARM_GCC_541\Debug\servo.o
                0x000012fc                changeHeightToPuck
 .text.moveUntilPuck
                0x00001368       0xd0 .\CortexM3\ARM_GCC_541\Debug\navigation.o
                0x00001368                moveUntilPuck
 .text.changeOrientation
                0x00001438       0x3c .\CortexM3\ARM_GCC_541\Debug\navigation.o
                0x00001438                changeOrientation
 .text.failsafe
                0x00001474       0x84 .\CortexM3\ARM_GCC_541\Debug\navigation.o
                0x00001474                failsafe
 .text.moveUntil
                0x000014f8      0x2cc .\CortexM3\ARM_GCC_541\Debug\navigation.o
                0x000014f8                moveUntil
 .text.straightAdjust
                0x000017c4      0x1e8 .\CortexM3\ARM_GCC_541\Debug\navigation.o
                0x000017c4                straightAdjust
 .text.moveForwardThenBackward
                0x000019ac       0x34 .\CortexM3\ARM_GCC_541\Debug\navigation.o
                0x000019ac                moveForwardThenBackward
 .text.moveDynamic
                0x000019e0      0x19c .\CortexM3\ARM_GCC_541\Debug\motor.o
                0x000019e0                moveDynamic
 *fill*         0x00001b7c        0x4 
 .text.moveSwivel
                0x00001b80      0x114 .\CortexM3\ARM_GCC_541\Debug\motor.o
                0x00001b80                moveSwivel
 *fill*         0x00001c94        0x4 
 .text.translateMoveDynamic
                0x00001c98       0xc8 .\CortexM3\ARM_GCC_541\Debug\motor.o
                0x00001c98                translateMoveDynamic
 .text.ultimateDebugging
                0x00001d60      0x104 .\CortexM3\ARM_GCC_541\Debug\debugging.o
                0x00001d60                ultimateDebugging
 .text.CyClockStartupError
                0x00001e64        0x4 .\CortexM3\ARM_GCC_541\Debug\cyfitter_cfg.o
 .text.cfg_write_bytes32
                0x00001e68       0x34 .\CortexM3\ARM_GCC_541\Debug\cyfitter_cfg.o
 .text.AnalogSetDefault
                0x00001e9c       0x80 .\CortexM3\ARM_GCC_541\Debug\cyfitter_cfg.o
 .text.CYMEMZERO
                0x00001f1c        0xc .\CortexM3\ARM_GCC_541\Debug\cyfitter_cfg.o
 .text.CYCONFIGCPY
                0x00001f28        0x8 .\CortexM3\ARM_GCC_541\Debug\cyfitter_cfg.o
 .text.ClockSetup
                0x00001f30      0x120 .\CortexM3\ARM_GCC_541\Debug\cyfitter_cfg.o
 .text.cyfitter_cfg
                0x00002050      0x17c .\CortexM3\ARM_GCC_541\Debug\cyfitter_cfg.o
                0x00002050                cyfitter_cfg
 .text.IntDefaultHandler
                0x000021cc       0x10 .\CortexM3\ARM_GCC_541\Debug\Cm3Start.o
                0x000021cc                IntDefaultHandler
 .text._sbrk    0x000021dc       0x30 .\CortexM3\ARM_GCC_541\Debug\Cm3Start.o
                0x000021dc                _sbrk
 .text.Start_c  0x0000220c       0x4c .\CortexM3\ARM_GCC_541\Debug\Cm3Start.o
                0x0000220c                Start_c
 .text.initialize_psoc
                0x00002258       0x68 .\CortexM3\ARM_GCC_541\Debug\Cm3Start.o
                0x00002258                initialize_psoc
 .text.TIA_1_Enable
                0x000022c0       0x28 .\CortexM3\ARM_GCC_541\Debug\Group17Robot.a(TIA_1.o)
                0x000022c0                TIA_1_Enable
 .text.TIA_1_SetPower
                0x000022e8       0x18 .\CortexM3\ARM_GCC_541\Debug\Group17Robot.a(TIA_1.o)
                0x000022e8                TIA_1_SetPower
 .text.TIA_1_SetResFB
                0x00002300       0x20 .\CortexM3\ARM_GCC_541\Debug\Group17Robot.a(TIA_1.o)
                0x00002300                TIA_1_SetResFB
 .text.TIA_1_SetCapFB
                0x00002320       0x20 .\CortexM3\ARM_GCC_541\Debug\Group17Robot.a(TIA_1.o)
                0x00002320                TIA_1_SetCapFB
 .text.TIA_1_Init
                0x00002340       0x2c .\CortexM3\ARM_GCC_541\Debug\Group17Robot.a(TIA_1.o)
                0x00002340                TIA_1_Init
 .text.TIA_1_Start
                0x0000236c       0x1c .\CortexM3\ARM_GCC_541\Debug\Group17Robot.a(TIA_1.o)
                0x0000236c                TIA_1_Start
 .text.CyHalt   0x00002388        0x4 .\CortexM3\ARM_GCC_541\Debug\Group17Robot.a(CyLib.o)
                0x00002388                CyHalt
 .text.CyDelay  0x0000238c       0x2c .\CortexM3\ARM_GCC_541\Debug\Group17Robot.a(CyLib.o)
                0x0000238c                CyDelay
 .text.CyDelayUs
                0x000023b8       0x14 .\CortexM3\ARM_GCC_541\Debug\Group17Robot.a(CyLib.o)
                0x000023b8                CyDelayUs
 .text.CyIntSetVector
                0x000023cc       0x28 .\CortexM3\ARM_GCC_541\Debug\Group17Robot.a(CyLib.o)
                0x000023cc                CyIntSetVector
 .text.CyIntSetPriority
                0x000023f4       0x30 .\CortexM3\ARM_GCC_541\Debug\Group17Robot.a(CyLib.o)
                0x000023f4                CyIntSetPriority
 .text.UART_1_Init
                0x00002424       0x28 .\CortexM3\ARM_GCC_541\Debug\Group17Robot.a(UART_1.o)
                0x00002424                UART_1_Init
 .text.UART_1_Enable
                0x0000244c       0x38 .\CortexM3\ARM_GCC_541\Debug\Group17Robot.a(UART_1.o)
                0x0000244c                UART_1_Enable
 .text.UART_1_Start
                0x00002484       0x1c .\CortexM3\ARM_GCC_541\Debug\Group17Robot.a(UART_1.o)
                0x00002484                UART_1_Start
 .text.UART_1_PutChar
                0x000024a0       0x18 .\CortexM3\ARM_GCC_541\Debug\Group17Robot.a(UART_1.o)
                0x000024a0                UART_1_PutChar
 .text.UART_1_PutString
                0x000024b8       0x24 .\CortexM3\ARM_GCC_541\Debug\Group17Robot.a(UART_1.o)
                0x000024b8                UART_1_PutString
 .text.UART_1_IntClock_Start
                0x000024dc       0x1c .\CortexM3\ARM_GCC_541\Debug\Group17Robot.a(UART_1_IntClock.o)
                0x000024dc                UART_1_IntClock_Start
 .text.ADC_GainCompensation
                0x000024f8       0xe0 .\CortexM3\ARM_GCC_541\Debug\Group17Robot.a(ADC.o)
 .text.ADC_SetDSMRef0Reg
                0x000025d8       0x4c .\CortexM3\ARM_GCC_541\Debug\Group17Robot.a(ADC.o)
 .text.ADC_InitConfig
                0x00002624      0x314 .\CortexM3\ARM_GCC_541\Debug\Group17Robot.a(ADC.o)
 .text.ADC_Init
                0x00002938      0x108 .\CortexM3\ARM_GCC_541\Debug\Group17Robot.a(ADC.o)
                0x00002938                ADC_Init
 .text.ADC_Enable
                0x00002a40       0xd8 .\CortexM3\ARM_GCC_541\Debug\Group17Robot.a(ADC.o)
                0x00002a40                ADC_Enable
 .text.ADC_Start
                0x00002b18       0x28 .\CortexM3\ARM_GCC_541\Debug\Group17Robot.a(ADC.o)
                0x00002b18                ADC_Start
 .text.ADC_StartConvert
                0x00002b40       0x10 .\CortexM3\ARM_GCC_541\Debug\Group17Robot.a(ADC.o)
                0x00002b40                ADC_StartConvert
 .text.ADC_StopConvert
                0x00002b50       0x10 .\CortexM3\ARM_GCC_541\Debug\Group17Robot.a(ADC.o)
                0x00002b50                ADC_StopConvert
 .text.ADC_IsEndConversion
                0x00002b60       0x30 .\CortexM3\ARM_GCC_541\Debug\Group17Robot.a(ADC.o)
                0x00002b60                ADC_IsEndConversion
 .text.ADC_GetResult32
                0x00002b90       0x6c .\CortexM3\ARM_GCC_541\Debug\Group17Robot.a(ADC.o)
                0x00002b90                ADC_GetResult32
 .text.ADC_Read32
                0x00002bfc       0x28 .\CortexM3\ARM_GCC_541\Debug\Group17Robot.a(ADC.o)
                0x00002bfc                ADC_Read32
 .text.ADC_ISR1
                0x00002c24        0x4 .\CortexM3\ARM_GCC_541\Debug\Group17Robot.a(ADC_INT.o)
                0x00002c24                ADC_ISR1
 .text.ADC_ISR2
                0x00002c28        0x4 .\CortexM3\ARM_GCC_541\Debug\Group17Robot.a(ADC_INT.o)
                0x00002c28                ADC_ISR2
 .text.ADC_ISR3
                0x00002c2c        0x4 .\CortexM3\ARM_GCC_541\Debug\Group17Robot.a(ADC_INT.o)
                0x00002c2c                ADC_ISR3
 .text.ADC_ISR4
                0x00002c30        0x4 .\CortexM3\ARM_GCC_541\Debug\Group17Robot.a(ADC_INT.o)
                0x00002c30                ADC_ISR4
 .text.ADC_Ext_CP_Clk_GetDividerRegister
                0x00002c34        0xc .\CortexM3\ARM_GCC_541\Debug\Group17Robot.a(ADC_Ext_CP_Clk.o)
                0x00002c34                ADC_Ext_CP_Clk_GetDividerRegister
 .text.ADC_Ext_CP_Clk_SetModeRegister
                0x00002c40       0x14 .\CortexM3\ARM_GCC_541\Debug\Group17Robot.a(ADC_Ext_CP_Clk.o)
                0x00002c40                ADC_Ext_CP_Clk_SetModeRegister
 .text.ADC_Ext_CP_Clk_GetSourceRegister
                0x00002c54       0x10 .\CortexM3\ARM_GCC_541\Debug\Group17Robot.a(ADC_Ext_CP_Clk.o)
                0x00002c54                ADC_Ext_CP_Clk_GetSourceRegister
 .text.ADC_Ext_CP_Clk_SetDividerRegister
                0x00002c64       0xd8 .\CortexM3\ARM_GCC_541\Debug\Group17Robot.a(ADC_Ext_CP_Clk.o)
                0x00002c64                ADC_Ext_CP_Clk_SetDividerRegister
 .text.ADC_theACLK_GetDividerRegister
                0x00002d3c        0xc .\CortexM3\ARM_GCC_541\Debug\Group17Robot.a(ADC_theACLK.o)
                0x00002d3c                ADC_theACLK_GetDividerRegister
 .text.ADC_theACLK_SetModeRegister
                0x00002d48       0x14 .\CortexM3\ARM_GCC_541\Debug\Group17Robot.a(ADC_theACLK.o)
                0x00002d48                ADC_theACLK_SetModeRegister
 .text.ADC_theACLK_GetSourceRegister
                0x00002d5c       0x10 .\CortexM3\ARM_GCC_541\Debug\Group17Robot.a(ADC_theACLK.o)
                0x00002d5c                ADC_theACLK_GetSourceRegister
 .text.ADC_theACLK_SetDividerRegister
                0x00002d6c       0xd8 .\CortexM3\ARM_GCC_541\Debug\Group17Robot.a(ADC_theACLK.o)
                0x00002d6c                ADC_theACLK_SetDividerRegister
 .text.IDAC8_1_Enable
                0x00002e44       0x1c .\CortexM3\ARM_GCC_541\Debug\Group17Robot.a(IDAC8_1.o)
                0x00002e44                IDAC8_1_Enable
 .text.IDAC8_1_SetSpeed
                0x00002e60       0x1c .\CortexM3\ARM_GCC_541\Debug\Group17Robot.a(IDAC8_1.o)
                0x00002e60                IDAC8_1_SetSpeed
 .text.IDAC8_1_SetValue
                0x00002e7c        0xc .\CortexM3\ARM_GCC_541\Debug\Group17Robot.a(IDAC8_1.o)
                0x00002e7c                IDAC8_1_SetValue
 .text.IDAC8_1_DacTrim
                0x00002e88       0x34 .\CortexM3\ARM_GCC_541\Debug\Group17Robot.a(IDAC8_1.o)
                0x00002e88                IDAC8_1_DacTrim
 .text.IDAC8_1_Init
                0x00002ebc       0x24 .\CortexM3\ARM_GCC_541\Debug\Group17Robot.a(IDAC8_1.o)
                0x00002ebc                IDAC8_1_Init
 .text.IDAC8_1_Start
                0x00002ee0       0x24 .\CortexM3\ARM_GCC_541\Debug\Group17Robot.a(IDAC8_1.o)
                0x00002ee0                IDAC8_1_Start
 .text.IDAC8_1_SetRange
                0x00002f04       0x20 .\CortexM3\ARM_GCC_541\Debug\Group17Robot.a(IDAC8_1.o)
                0x00002f04                IDAC8_1_SetRange
 .text.Timer_1_Enable
                0x00002f24       0x10 .\CortexM3\ARM_GCC_541\Debug\Group17Robot.a(Timer_1.o)
                0x00002f24                Timer_1_Enable
 .text.Timer_1_Stop
                0x00002f34       0x10 .\CortexM3\ARM_GCC_541\Debug\Group17Robot.a(Timer_1.o)
                0x00002f34                Timer_1_Stop
 .text.Timer_1_SetInterruptMode
                0x00002f44        0xc .\CortexM3\ARM_GCC_541\Debug\Group17Robot.a(Timer_1.o)
                0x00002f44                Timer_1_SetInterruptMode
 .text.Timer_1_ReadStatusRegister
                0x00002f50        0xc .\CortexM3\ARM_GCC_541\Debug\Group17Robot.a(Timer_1.o)
                0x00002f50                Timer_1_ReadStatusRegister
 .text.Timer_1_WritePeriod
                0x00002f5c        0xc .\CortexM3\ARM_GCC_541\Debug\Group17Robot.a(Timer_1.o)
                0x00002f5c                Timer_1_WritePeriod
 .text.Timer_1_ReadCapture
                0x00002f68        0xc .\CortexM3\ARM_GCC_541\Debug\Group17Robot.a(Timer_1.o)
                0x00002f68                Timer_1_ReadCapture
 .text.Timer_1_WriteCounter
                0x00002f74        0xc .\CortexM3\ARM_GCC_541\Debug\Group17Robot.a(Timer_1.o)
                0x00002f74                Timer_1_WriteCounter
 .text.Timer_1_ReadCounter
                0x00002f80       0x14 .\CortexM3\ARM_GCC_541\Debug\Group17Robot.a(Timer_1.o)
                0x00002f80                Timer_1_ReadCounter
 .text.Timer_1_SetInterruptCount
                0x00002f94       0x1c .\CortexM3\ARM_GCC_541\Debug\Group17Robot.a(Timer_1.o)
                0x00002f94                Timer_1_SetInterruptCount
 .text.Timer_1_ClearFIFO
                0x00002fb0       0x14 .\CortexM3\ARM_GCC_541\Debug\Group17Robot.a(Timer_1.o)
                0x00002fb0                Timer_1_ClearFIFO
 .text.Timer_1_Init
                0x00002fc4       0x3c .\CortexM3\ARM_GCC_541\Debug\Group17Robot.a(Timer_1.o)
                0x00002fc4                Timer_1_Init
 .text.Timer_1_Start
                0x00003000       0x1c .\CortexM3\ARM_GCC_541\Debug\Group17Robot.a(Timer_1.o)
                0x00003000                Timer_1_Start
 .text.Trigger_1_Write
                0x0000301c       0x18 .\CortexM3\ARM_GCC_541\Debug\Group17Robot.a(Trigger_1.o)
                0x0000301c                Trigger_1_Write
 .text.Trigger_2_Write
                0x00003034       0x18 .\CortexM3\ARM_GCC_541\Debug\Group17Robot.a(Trigger_2.o)
                0x00003034                Trigger_2_Write
 .text.Trigger_3_Write
                0x0000304c       0x18 .\CortexM3\ARM_GCC_541\Debug\Group17Robot.a(Trigger_3.o)
                0x0000304c                Trigger_3_Write
 .text.Trigger_4_Write
                0x00003064       0x18 .\CortexM3\ARM_GCC_541\Debug\Group17Robot.a(Trigger_4.o)
                0x00003064                Trigger_4_Write
 .text.Trigger_5_Write
                0x0000307c       0x18 .\CortexM3\ARM_GCC_541\Debug\Group17Robot.a(Trigger_5.o)
                0x0000307c                Trigger_5_Write
 .text.Ultrasonic_Mux_Control_Write
                0x00003094        0xc .\CortexM3\ARM_GCC_541\Debug\Group17Robot.a(Ultrasonic_Mux_Control.o)
                0x00003094                Ultrasonic_Mux_Control_Write
 .text.Gripper_Servo_PWM_Enable
                0x000030a0       0x28 .\CortexM3\ARM_GCC_541\Debug\Group17Robot.a(Gripper_Servo_PWM.o)
                0x000030a0                Gripper_Servo_PWM_Enable
 .text.Gripper_Servo_PWM_Stop
                0x000030c8       0x28 .\CortexM3\ARM_GCC_541\Debug\Group17Robot.a(Gripper_Servo_PWM.o)
                0x000030c8                Gripper_Servo_PWM_Stop
 .text.Gripper_Servo_PWM_WritePeriod
                0x000030f0        0xc .\CortexM3\ARM_GCC_541\Debug\Group17Robot.a(Gripper_Servo_PWM.o)
                0x000030f0                Gripper_Servo_PWM_WritePeriod
 .text.Gripper_Servo_PWM_WriteCompare
                0x000030fc        0xc .\CortexM3\ARM_GCC_541\Debug\Group17Robot.a(Gripper_Servo_PWM.o)
                0x000030fc                Gripper_Servo_PWM_WriteCompare
 .text.Gripper_Servo_PWM_SetInterruptMode
                0x00003108        0xc .\CortexM3\ARM_GCC_541\Debug\Group17Robot.a(Gripper_Servo_PWM.o)
                0x00003108                Gripper_Servo_PWM_SetInterruptMode
 .text.Gripper_Servo_PWM_Init
                0x00003114       0x78 .\CortexM3\ARM_GCC_541\Debug\Group17Robot.a(Gripper_Servo_PWM.o)
                0x00003114                Gripper_Servo_PWM_Init
 .text.Gripper_Servo_PWM_Start
                0x0000318c       0x1c .\CortexM3\ARM_GCC_541\Debug\Group17Robot.a(Gripper_Servo_PWM.o)
                0x0000318c                Gripper_Servo_PWM_Start
 .text.Gripper_Servo_PWM_Sleep
                0x000031a8       0x28 .\CortexM3\ARM_GCC_541\Debug\Group17Robot.a(Gripper_Servo_PWM_PM.o)
                0x000031a8                Gripper_Servo_PWM_Sleep
 .text.Gripper_Servo_PWM_Wakeup
                0x000031d0       0x14 .\CortexM3\ARM_GCC_541\Debug\Group17Robot.a(Gripper_Servo_PWM_PM.o)
                0x000031d0                Gripper_Servo_PWM_Wakeup
 .text.Rack_Servo_PWM_Enable
                0x000031e4       0x28 .\CortexM3\ARM_GCC_541\Debug\Group17Robot.a(Rack_Servo_PWM.o)
                0x000031e4                Rack_Servo_PWM_Enable
 .text.Rack_Servo_PWM_Stop
                0x0000320c       0x28 .\CortexM3\ARM_GCC_541\Debug\Group17Robot.a(Rack_Servo_PWM.o)
                0x0000320c                Rack_Servo_PWM_Stop
 .text.Rack_Servo_PWM_WritePeriod
                0x00003234        0xc .\CortexM3\ARM_GCC_541\Debug\Group17Robot.a(Rack_Servo_PWM.o)
                0x00003234                Rack_Servo_PWM_WritePeriod
 .text.Rack_Servo_PWM_WriteCompare
                0x00003240        0xc .\CortexM3\ARM_GCC_541\Debug\Group17Robot.a(Rack_Servo_PWM.o)
                0x00003240                Rack_Servo_PWM_WriteCompare
 .text.Rack_Servo_PWM_SetInterruptMode
                0x0000324c        0xc .\CortexM3\ARM_GCC_541\Debug\Group17Robot.a(Rack_Servo_PWM.o)
                0x0000324c                Rack_Servo_PWM_SetInterruptMode
 .text.Rack_Servo_PWM_Init
                0x00003258       0x78 .\CortexM3\ARM_GCC_541\Debug\Group17Robot.a(Rack_Servo_PWM.o)
                0x00003258                Rack_Servo_PWM_Init
 .text.Rack_Servo_PWM_Start
                0x000032d0       0x1c .\CortexM3\ARM_GCC_541\Debug\Group17Robot.a(Rack_Servo_PWM.o)
                0x000032d0                Rack_Servo_PWM_Start
 .text.Rack_Servo_PWM_ReadCompare
                0x000032ec        0xc .\CortexM3\ARM_GCC_541\Debug\Group17Robot.a(Rack_Servo_PWM.o)
                0x000032ec                Rack_Servo_PWM_ReadCompare
 .text.Rack_Servo_PWM_Sleep
                0x000032f8       0x28 .\CortexM3\ARM_GCC_541\Debug\Group17Robot.a(Rack_Servo_PWM_PM.o)
                0x000032f8                Rack_Servo_PWM_Sleep
 .text.Rack_Servo_PWM_Wakeup
                0x00003320       0x14 .\CortexM3\ARM_GCC_541\Debug\Group17Robot.a(Rack_Servo_PWM_PM.o)
                0x00003320                Rack_Servo_PWM_Wakeup
 .text.control_led_Write
                0x00003334        0xc .\CortexM3\ARM_GCC_541\Debug\Group17Robot.a(control_led.o)
                0x00003334                control_led_Write
 .text.control_photodiode_Write
                0x00003340        0xc .\CortexM3\ARM_GCC_541\Debug\Group17Robot.a(control_photodiode.o)
                0x00003340                control_photodiode_Write
 .text.control_photodiode_Read
                0x0000334c        0xc .\CortexM3\ARM_GCC_541\Debug\Group17Robot.a(control_photodiode.o)
                0x0000334c                control_photodiode_Read
 .text.Start_SetVector
                0x00003358        0xc .\CortexM3\ARM_GCC_541\Debug\Group17Robot.a(Start.o)
                0x00003358                Start_SetVector
 .text.Start_SetPriority
                0x00003364       0x10 .\CortexM3\ARM_GCC_541\Debug\Group17Robot.a(Start.o)
                0x00003364                Start_SetPriority
 .text.Start_Enable
                0x00003374        0xc .\CortexM3\ARM_GCC_541\Debug\Group17Robot.a(Start.o)
                0x00003374                Start_Enable
 .text.Start_Disable
                0x00003380        0xc .\CortexM3\ARM_GCC_541\Debug\Group17Robot.a(Start.o)
                0x00003380                Start_Disable
 .text.Start_StartEx
                0x0000338c       0x1c .\CortexM3\ARM_GCC_541\Debug\Group17Robot.a(Start.o)
                0x0000338c                Start_StartEx
 .text.Sonic_SetVector
                0x000033a8        0xc .\CortexM3\ARM_GCC_541\Debug\Group17Robot.a(Sonic.o)
                0x000033a8                Sonic_SetVector
 .text.Sonic_SetPriority
                0x000033b4       0x10 .\CortexM3\ARM_GCC_541\Debug\Group17Robot.a(Sonic.o)
                0x000033b4                Sonic_SetPriority
 .text.Sonic_Enable
                0x000033c4        0xc .\CortexM3\ARM_GCC_541\Debug\Group17Robot.a(Sonic.o)
                0x000033c4                Sonic_Enable
 .text.Sonic_Disable
                0x000033d0        0xc .\CortexM3\ARM_GCC_541\Debug\Group17Robot.a(Sonic.o)
                0x000033d0                Sonic_Disable
 .text.Sonic_StartEx
                0x000033dc       0x1c .\CortexM3\ARM_GCC_541\Debug\Group17Robot.a(Sonic.o)
                0x000033dc                Sonic_StartEx
 .text.Motor_Left_Decoder_GetCounter
                0x000033f8       0x10 .\CortexM3\ARM_GCC_541\Debug\Group17Robot.a(Motor_Left_Decoder.o)
                0x000033f8                Motor_Left_Decoder_GetCounter
 .text.Motor_Left_Decoder_SetCounter
                0x00003408       0x1c .\CortexM3\ARM_GCC_541\Debug\Group17Robot.a(Motor_Left_Decoder.o)
                0x00003408                Motor_Left_Decoder_SetCounter
 .text.Motor_Left_Decoder_GetEvents
                0x00003424       0x10 .\CortexM3\ARM_GCC_541\Debug\Group17Robot.a(Motor_Left_Decoder.o)
                0x00003424                Motor_Left_Decoder_GetEvents
 .text.Motor_Left_Decoder_SetInterruptMask
                0x00003434        0xc .\CortexM3\ARM_GCC_541\Debug\Group17Robot.a(Motor_Left_Decoder.o)
                0x00003434                Motor_Left_Decoder_SetInterruptMask
 .text.Motor_Left_Decoder_Enable
                0x00003440       0x24 .\CortexM3\ARM_GCC_541\Debug\Group17Robot.a(Motor_Left_Decoder.o)
                0x00003440                Motor_Left_Decoder_Enable
 .text.Motor_Left_Decoder_Start
                0x00003464       0x24 .\CortexM3\ARM_GCC_541\Debug\Group17Robot.a(Motor_Left_Decoder.o)
                0x00003464                Motor_Left_Decoder_Start
 .text.Motor_Right_Decoder_GetCounter
                0x00003488       0x10 .\CortexM3\ARM_GCC_541\Debug\Group17Robot.a(Motor_Right_Decoder.o)
                0x00003488                Motor_Right_Decoder_GetCounter
 .text.Motor_Right_Decoder_SetCounter
                0x00003498       0x1c .\CortexM3\ARM_GCC_541\Debug\Group17Robot.a(Motor_Right_Decoder.o)
                0x00003498                Motor_Right_Decoder_SetCounter
 .text.Motor_Right_Decoder_GetEvents
                0x000034b4       0x10 .\CortexM3\ARM_GCC_541\Debug\Group17Robot.a(Motor_Right_Decoder.o)
                0x000034b4                Motor_Right_Decoder_GetEvents
 .text.Motor_Right_Decoder_SetInterruptMask
                0x000034c4        0xc .\CortexM3\ARM_GCC_541\Debug\Group17Robot.a(Motor_Right_Decoder.o)
                0x000034c4                Motor_Right_Decoder_SetInterruptMask
 .text.Motor_Right_Decoder_Enable
                0x000034d0       0x24 .\CortexM3\ARM_GCC_541\Debug\Group17Robot.a(Motor_Right_Decoder.o)
                0x000034d0                Motor_Right_Decoder_Enable
 .text.Motor_Right_Decoder_Start
                0x000034f4       0x24 .\CortexM3\ARM_GCC_541\Debug\Group17Robot.a(Motor_Right_Decoder.o)
                0x000034f4                Motor_Right_Decoder_Start
 .text.Motor_Left_Driver_Enable
                0x00003518       0x10 .\CortexM3\ARM_GCC_541\Debug\Group17Robot.a(Motor_Left_Driver.o)
                0x00003518                Motor_Left_Driver_Enable
 .text.Motor_Left_Driver_Stop
                0x00003528       0x10 .\CortexM3\ARM_GCC_541\Debug\Group17Robot.a(Motor_Left_Driver.o)
                0x00003528                Motor_Left_Driver_Stop
 .text.Motor_Left_Driver_WriteCounter
                0x00003538        0xc .\CortexM3\ARM_GCC_541\Debug\Group17Robot.a(Motor_Left_Driver.o)
                0x00003538                Motor_Left_Driver_WriteCounter
 .text.Motor_Left_Driver_ReadCounter
                0x00003544       0x14 .\CortexM3\ARM_GCC_541\Debug\Group17Robot.a(Motor_Left_Driver.o)
                0x00003544                Motor_Left_Driver_ReadCounter
 .text.Motor_Left_Driver_WritePeriod
                0x00003558        0xc .\CortexM3\ARM_GCC_541\Debug\Group17Robot.a(Motor_Left_Driver.o)
                0x00003558                Motor_Left_Driver_WritePeriod
 .text.Motor_Left_Driver_WriteCompare
                0x00003564        0xc .\CortexM3\ARM_GCC_541\Debug\Group17Robot.a(Motor_Left_Driver.o)
                0x00003564                Motor_Left_Driver_WriteCompare
 .text.Motor_Left_Driver_SetInterruptMode
                0x00003570        0xc .\CortexM3\ARM_GCC_541\Debug\Group17Robot.a(Motor_Left_Driver.o)
                0x00003570                Motor_Left_Driver_SetInterruptMode
 .text.Motor_Left_Driver_ReadStatusRegister
                0x0000357c        0xc .\CortexM3\ARM_GCC_541\Debug\Group17Robot.a(Motor_Left_Driver.o)
                0x0000357c                Motor_Left_Driver_ReadStatusRegister
 .text.Motor_Left_Driver_ReadControlRegister
                0x00003588        0xc .\CortexM3\ARM_GCC_541\Debug\Group17Robot.a(Motor_Left_Driver.o)
                0x00003588                Motor_Left_Driver_ReadControlRegister
 .text.Motor_Left_Driver_WriteControlRegister
                0x00003594        0xc .\CortexM3\ARM_GCC_541\Debug\Group17Robot.a(Motor_Left_Driver.o)
                0x00003594                Motor_Left_Driver_WriteControlRegister
 .text.Motor_Left_Driver_ReadCapture
                0x000035a0        0xc .\CortexM3\ARM_GCC_541\Debug\Group17Robot.a(Motor_Left_Driver.o)
                0x000035a0                Motor_Left_Driver_ReadCapture
 .text.Motor_Left_Driver_ClearFIFO
                0x000035ac       0x14 .\CortexM3\ARM_GCC_541\Debug\Group17Robot.a(Motor_Left_Driver.o)
                0x000035ac                Motor_Left_Driver_ClearFIFO
 .text.Motor_Left_Driver_Init
                0x000035c0       0x54 .\CortexM3\ARM_GCC_541\Debug\Group17Robot.a(Motor_Left_Driver.o)
                0x000035c0                Motor_Left_Driver_Init
 .text.Motor_Left_Driver_Start
                0x00003614       0x1c .\CortexM3\ARM_GCC_541\Debug\Group17Robot.a(Motor_Left_Driver.o)
                0x00003614                Motor_Left_Driver_Start
 .text.Motor_Left_Driver_ReadPeriod
                0x00003630        0xc .\CortexM3\ARM_GCC_541\Debug\Group17Robot.a(Motor_Left_Driver.o)
                0x00003630                Motor_Left_Driver_ReadPeriod
 .text.Motor_Left_Driver_SaveConfig
                0x0000363c       0x28 .\CortexM3\ARM_GCC_541\Debug\Group17Robot.a(Motor_Left_Driver_PM.o)
                0x0000363c                Motor_Left_Driver_SaveConfig
 .text.Motor_Left_Driver_RestoreConfig
                0x00003664       0x28 .\CortexM3\ARM_GCC_541\Debug\Group17Robot.a(Motor_Left_Driver_PM.o)
                0x00003664                Motor_Left_Driver_RestoreConfig
 .text.Motor_Left_Driver_Sleep
                0x0000368c       0x2c .\CortexM3\ARM_GCC_541\Debug\Group17Robot.a(Motor_Left_Driver_PM.o)
                0x0000368c                Motor_Left_Driver_Sleep
 .text.Motor_Left_Driver_Wakeup
                0x000036b8       0x18 .\CortexM3\ARM_GCC_541\Debug\Group17Robot.a(Motor_Left_Driver_PM.o)
                0x000036b8                Motor_Left_Driver_Wakeup
 .text.Motor_Right_Driver_Enable
                0x000036d0       0x10 .\CortexM3\ARM_GCC_541\Debug\Group17Robot.a(Motor_Right_Driver.o)
                0x000036d0                Motor_Right_Driver_Enable
 .text.Motor_Right_Driver_Stop
                0x000036e0       0x10 .\CortexM3\ARM_GCC_541\Debug\Group17Robot.a(Motor_Right_Driver.o)
                0x000036e0                Motor_Right_Driver_Stop
 .text.Motor_Right_Driver_WriteCounter
                0x000036f0        0xc .\CortexM3\ARM_GCC_541\Debug\Group17Robot.a(Motor_Right_Driver.o)
                0x000036f0                Motor_Right_Driver_WriteCounter
 .text.Motor_Right_Driver_ReadCounter
                0x000036fc       0x14 .\CortexM3\ARM_GCC_541\Debug\Group17Robot.a(Motor_Right_Driver.o)
                0x000036fc                Motor_Right_Driver_ReadCounter
 .text.Motor_Right_Driver_WritePeriod
                0x00003710        0xc .\CortexM3\ARM_GCC_541\Debug\Group17Robot.a(Motor_Right_Driver.o)
                0x00003710                Motor_Right_Driver_WritePeriod
 .text.Motor_Right_Driver_WriteCompare
                0x0000371c        0xc .\CortexM3\ARM_GCC_541\Debug\Group17Robot.a(Motor_Right_Driver.o)
                0x0000371c                Motor_Right_Driver_WriteCompare
 .text.Motor_Right_Driver_SetInterruptMode
                0x00003728        0xc .\CortexM3\ARM_GCC_541\Debug\Group17Robot.a(Motor_Right_Driver.o)
                0x00003728                Motor_Right_Driver_SetInterruptMode
 .text.Motor_Right_Driver_ReadStatusRegister
                0x00003734        0xc .\CortexM3\ARM_GCC_541\Debug\Group17Robot.a(Motor_Right_Driver.o)
                0x00003734                Motor_Right_Driver_ReadStatusRegister
 .text.Motor_Right_Driver_ReadControlRegister
                0x00003740        0xc .\CortexM3\ARM_GCC_541\Debug\Group17Robot.a(Motor_Right_Driver.o)
                0x00003740                Motor_Right_Driver_ReadControlRegister
 .text.Motor_Right_Driver_WriteControlRegister
                0x0000374c        0xc .\CortexM3\ARM_GCC_541\Debug\Group17Robot.a(Motor_Right_Driver.o)
                0x0000374c                Motor_Right_Driver_WriteControlRegister
 .text.Motor_Right_Driver_ReadCapture
                0x00003758        0xc .\CortexM3\ARM_GCC_541\Debug\Group17Robot.a(Motor_Right_Driver.o)
                0x00003758                Motor_Right_Driver_ReadCapture
 .text.Motor_Right_Driver_ClearFIFO
                0x00003764       0x14 .\CortexM3\ARM_GCC_541\Debug\Group17Robot.a(Motor_Right_Driver.o)
                0x00003764                Motor_Right_Driver_ClearFIFO
 .text.Motor_Right_Driver_Init
                0x00003778       0x50 .\CortexM3\ARM_GCC_541\Debug\Group17Robot.a(Motor_Right_Driver.o)
                0x00003778                Motor_Right_Driver_Init
 .text.Motor_Right_Driver_Start
                0x000037c8       0x1c .\CortexM3\ARM_GCC_541\Debug\Group17Robot.a(Motor_Right_Driver.o)
                0x000037c8                Motor_Right_Driver_Start
 .text.Motor_Right_Driver_ReadPeriod
                0x000037e4        0xc .\CortexM3\ARM_GCC_541\Debug\Group17Robot.a(Motor_Right_Driver.o)
                0x000037e4                Motor_Right_Driver_ReadPeriod
 .text.Motor_Right_Driver_SaveConfig
                0x000037f0       0x28 .\CortexM3\ARM_GCC_541\Debug\Group17Robot.a(Motor_Right_Driver_PM.o)
                0x000037f0                Motor_Right_Driver_SaveConfig
 .text.Motor_Right_Driver_RestoreConfig
                0x00003818       0x28 .\CortexM3\ARM_GCC_541\Debug\Group17Robot.a(Motor_Right_Driver_PM.o)
                0x00003818                Motor_Right_Driver_RestoreConfig
 .text.Motor_Right_Driver_Sleep
                0x00003840       0x2c .\CortexM3\ARM_GCC_541\Debug\Group17Robot.a(Motor_Right_Driver_PM.o)
                0x00003840                Motor_Right_Driver_Sleep
 .text.Motor_Right_Driver_Wakeup
                0x0000386c       0x18 .\CortexM3\ARM_GCC_541\Debug\Group17Robot.a(Motor_Right_Driver_PM.o)
                0x0000386c                Motor_Right_Driver_Wakeup
 .text.Motor_Left_Control_Write
                0x00003884        0xc .\CortexM3\ARM_GCC_541\Debug\Group17Robot.a(Motor_Left_Control.o)
                0x00003884                Motor_Left_Control_Write
 .text.Motor_Right_Control_Write
                0x00003890        0xc .\CortexM3\ARM_GCC_541\Debug\Group17Robot.a(Motor_Right_Control.o)
                0x00003890                Motor_Right_Control_Write
 .text.Motor_Left_Decoder_Cnt16_Enable
                0x0000389c       0x10 .\CortexM3\ARM_GCC_541\Debug\Group17Robot.a(Motor_Left_Decoder_Cnt16.o)
                0x0000389c                Motor_Left_Decoder_Cnt16_Enable
 .text.Motor_Left_Decoder_Cnt16_SetInterruptMode
                0x000038ac        0xc .\CortexM3\ARM_GCC_541\Debug\Group17Robot.a(Motor_Left_Decoder_Cnt16.o)
                0x000038ac                Motor_Left_Decoder_Cnt16_SetInterruptMode
 .text.Motor_Left_Decoder_Cnt16_ReadStatusRegister
                0x000038b8        0xc .\CortexM3\ARM_GCC_541\Debug\Group17Robot.a(Motor_Left_Decoder_Cnt16.o)
                0x000038b8                Motor_Left_Decoder_Cnt16_ReadStatusRegister
 .text.Motor_Left_Decoder_Cnt16_WriteCounter
                0x000038c4        0xc .\CortexM3\ARM_GCC_541\Debug\Group17Robot.a(Motor_Left_Decoder_Cnt16.o)
                0x000038c4                Motor_Left_Decoder_Cnt16_WriteCounter
 .text.Motor_Left_Decoder_Cnt16_ReadCounter
                0x000038d0       0x14 .\CortexM3\ARM_GCC_541\Debug\Group17Robot.a(Motor_Left_Decoder_Cnt16.o)
                0x000038d0                Motor_Left_Decoder_Cnt16_ReadCounter
 .text.Motor_Left_Decoder_Cnt16_ReadCapture
                0x000038e4        0xc .\CortexM3\ARM_GCC_541\Debug\Group17Robot.a(Motor_Left_Decoder_Cnt16.o)
                0x000038e4                Motor_Left_Decoder_Cnt16_ReadCapture
 .text.Motor_Left_Decoder_Cnt16_WritePeriod
                0x000038f0        0xc .\CortexM3\ARM_GCC_541\Debug\Group17Robot.a(Motor_Left_Decoder_Cnt16.o)
                0x000038f0                Motor_Left_Decoder_Cnt16_WritePeriod
 .text.Motor_Left_Decoder_Cnt16_WriteCompare
                0x000038fc        0xc .\CortexM3\ARM_GCC_541\Debug\Group17Robot.a(Motor_Left_Decoder_Cnt16.o)
                0x000038fc                Motor_Left_Decoder_Cnt16_WriteCompare
 .text.Motor_Left_Decoder_Cnt16_ClearFIFO
                0x00003908       0x14 .\CortexM3\ARM_GCC_541\Debug\Group17Robot.a(Motor_Left_Decoder_Cnt16.o)
                0x00003908                Motor_Left_Decoder_Cnt16_ClearFIFO
 .text.Motor_Left_Decoder_Cnt16_Init
                0x0000391c       0x58 .\CortexM3\ARM_GCC_541\Debug\Group17Robot.a(Motor_Left_Decoder_Cnt16.o)
                0x0000391c                Motor_Left_Decoder_Cnt16_Init
 .text.Motor_Left_Decoder_Cnt16_Start
                0x00003974       0x1c .\CortexM3\ARM_GCC_541\Debug\Group17Robot.a(Motor_Left_Decoder_Cnt16.o)
                0x00003974                Motor_Left_Decoder_Cnt16_Start
 .text.Motor_Right_Decoder_Cnt16_Enable
                0x00003990       0x10 .\CortexM3\ARM_GCC_541\Debug\Group17Robot.a(Motor_Right_Decoder_Cnt16.o)
                0x00003990                Motor_Right_Decoder_Cnt16_Enable
 .text.Motor_Right_Decoder_Cnt16_SetInterruptMode
                0x000039a0        0xc .\CortexM3\ARM_GCC_541\Debug\Group17Robot.a(Motor_Right_Decoder_Cnt16.o)
                0x000039a0                Motor_Right_Decoder_Cnt16_SetInterruptMode
 .text.Motor_Right_Decoder_Cnt16_ReadStatusRegister
                0x000039ac        0xc .\CortexM3\ARM_GCC_541\Debug\Group17Robot.a(Motor_Right_Decoder_Cnt16.o)
                0x000039ac                Motor_Right_Decoder_Cnt16_ReadStatusRegister
 .text.Motor_Right_Decoder_Cnt16_WriteCounter
                0x000039b8        0xc .\CortexM3\ARM_GCC_541\Debug\Group17Robot.a(Motor_Right_Decoder_Cnt16.o)
                0x000039b8                Motor_Right_Decoder_Cnt16_WriteCounter
 .text.Motor_Right_Decoder_Cnt16_ReadCounter
                0x000039c4       0x14 .\CortexM3\ARM_GCC_541\Debug\Group17Robot.a(Motor_Right_Decoder_Cnt16.o)
                0x000039c4                Motor_Right_Decoder_Cnt16_ReadCounter
 .text.Motor_Right_Decoder_Cnt16_ReadCapture
                0x000039d8        0xc .\CortexM3\ARM_GCC_541\Debug\Group17Robot.a(Motor_Right_Decoder_Cnt16.o)
                0x000039d8                Motor_Right_Decoder_Cnt16_ReadCapture
 .text.Motor_Right_Decoder_Cnt16_WritePeriod
                0x000039e4        0xc .\CortexM3\ARM_GCC_541\Debug\Group17Robot.a(Motor_Right_Decoder_Cnt16.o)
                0x000039e4                Motor_Right_Decoder_Cnt16_WritePeriod
 .text.Motor_Right_Decoder_Cnt16_WriteCompare
                0x000039f0        0xc .\CortexM3\ARM_GCC_541\Debug\Group17Robot.a(Motor_Right_Decoder_Cnt16.o)
                0x000039f0                Motor_Right_Decoder_Cnt16_WriteCompare
 .text.Motor_Right_Decoder_Cnt16_ClearFIFO
                0x000039fc       0x14 .\CortexM3\ARM_GCC_541\Debug\Group17Robot.a(Motor_Right_Decoder_Cnt16.o)
                0x000039fc                Motor_Right_Decoder_Cnt16_ClearFIFO
 .text.Motor_Right_Decoder_Cnt16_Init
                0x00003a10       0x58 .\CortexM3\ARM_GCC_541\Debug\Group17Robot.a(Motor_Right_Decoder_Cnt16.o)
                0x00003a10                Motor_Right_Decoder_Cnt16_Init
 .text.Motor_Right_Decoder_Cnt16_Start
                0x00003a68       0x1c .\CortexM3\ARM_GCC_541\Debug\Group17Robot.a(Motor_Right_Decoder_Cnt16.o)
                0x00003a68                Motor_Right_Decoder_Cnt16_Start
 .text.Trigger_6_Write
                0x00003a84       0x18 .\CortexM3\ARM_GCC_541\Debug\Group17Robot.a(Trigger_6.o)
                0x00003a84                Trigger_6_Write
 .text.Timer_straight_adjust_Enable
                0x00003a9c       0x28 .\CortexM3\ARM_GCC_541\Debug\Group17Robot.a(Timer_straight_adjust.o)
                0x00003a9c                Timer_straight_adjust_Enable
 .text.Timer_straight_adjust_SetInterruptMode
                0x00003ac4        0xc .\CortexM3\ARM_GCC_541\Debug\Group17Robot.a(Timer_straight_adjust.o)
                0x00003ac4                Timer_straight_adjust_SetInterruptMode
 .text.Timer_straight_adjust_ReadStatusRegister
                0x00003ad0        0xc .\CortexM3\ARM_GCC_541\Debug\Group17Robot.a(Timer_straight_adjust.o)
                0x00003ad0                Timer_straight_adjust_ReadStatusRegister
 .text.Timer_straight_adjust_WritePeriod
                0x00003adc        0xc .\CortexM3\ARM_GCC_541\Debug\Group17Robot.a(Timer_straight_adjust.o)
                0x00003adc                Timer_straight_adjust_WritePeriod
 .text.Timer_straight_adjust_WriteCounter
                0x00003ae8        0xc .\CortexM3\ARM_GCC_541\Debug\Group17Robot.a(Timer_straight_adjust.o)
                0x00003ae8                Timer_straight_adjust_WriteCounter
 .text.Timer_straight_adjust_Init
                0x00003af4       0x68 .\CortexM3\ARM_GCC_541\Debug\Group17Robot.a(Timer_straight_adjust.o)
                0x00003af4                Timer_straight_adjust_Init
 .text.Timer_straight_adjust_Start
                0x00003b5c       0x1c .\CortexM3\ARM_GCC_541\Debug\Group17Robot.a(Timer_straight_adjust.o)
                0x00003b5c                Timer_straight_adjust_Start
 .text.Straight_SetVector
                0x00003b78       0x10 .\CortexM3\ARM_GCC_541\Debug\Group17Robot.a(Straight.o)
                0x00003b78                Straight_SetVector
 .text.Straight_SetPriority
                0x00003b88       0x10 .\CortexM3\ARM_GCC_541\Debug\Group17Robot.a(Straight.o)
                0x00003b88                Straight_SetPriority
 .text.Straight_Enable
                0x00003b98       0x10 .\CortexM3\ARM_GCC_541\Debug\Group17Robot.a(Straight.o)
                0x00003b98                Straight_Enable
 .text.Straight_Disable
                0x00003ba8       0x10 .\CortexM3\ARM_GCC_541\Debug\Group17Robot.a(Straight.o)
                0x00003ba8                Straight_Disable
 .text.Straight_StartEx
                0x00003bb8       0x1c .\CortexM3\ARM_GCC_541\Debug\Group17Robot.a(Straight.o)
                0x00003bb8                Straight_StartEx
 .text.Trigger_7_Write
                0x00003bd4       0x18 .\CortexM3\ARM_GCC_541\Debug\Group17Robot.a(Trigger_7.o)
                0x00003bd4                Trigger_7_Write
 *fill*         0x00003bec        0x4 
 .text          0x00003bf0       0x20 .\CortexM3\ARM_GCC_541\Debug\Group17Robot.a(CyBootAsmGnu.o)
                0x00003bf0                CyDelayCycles
                0x00003c00                CyEnterCriticalSection
                0x00003c08                CyExitCriticalSection
 .text.round    0x00003c10       0xa0 c:/program files (x86)/cypress/psoc creator/4.2/psoc creator/import/gnu/arm/5.4.1/bin/../lib/gcc/arm-none-eabi/5.4.1/../../../../arm-none-eabi/lib/armv7-m\libm.a(lib_a-s_round.o)
                0x00003c10                round
 .text.sin      0x00003cb0       0x90 c:/program files (x86)/cypress/psoc creator/4.2/psoc creator/import/gnu/arm/5.4.1/bin/../lib/gcc/arm-none-eabi/5.4.1/../../../../arm-none-eabi/lib/armv7-m\libm.a(lib_a-s_sin.o)
                0x00003cb0                sin
 .text.__ieee754_rem_pio2
                0x00003d40      0x42c c:/program files (x86)/cypress/psoc creator/4.2/psoc creator/import/gnu/arm/5.4.1/bin/../lib/gcc/arm-none-eabi/5.4.1/../../../../arm-none-eabi/lib/armv7-m\libm.a(lib_a-e_rem_pio2.o)
                0x00003d40                __ieee754_rem_pio2
 *fill*         0x0000416c        0x4 
 .text.__kernel_cos
                0x00004170      0x248 c:/program files (x86)/cypress/psoc creator/4.2/psoc creator/import/gnu/arm/5.4.1/bin/../lib/gcc/arm-none-eabi/5.4.1/../../../../arm-none-eabi/lib/armv7-m\libm.a(lib_a-k_cos.o)
                0x00004170                __kernel_cos
 .text.__kernel_rem_pio2
                0x000043b8      0x7f0 c:/program files (x86)/cypress/psoc creator/4.2/psoc creator/import/gnu/arm/5.4.1/bin/../lib/gcc/arm-none-eabi/5.4.1/../../../../arm-none-eabi/lib/armv7-m\libm.a(lib_a-k_rem_pio2.o)
                0x000043b8                __kernel_rem_pio2
 .text.__kernel_sin
                0x00004ba8      0x16c c:/program files (x86)/cypress/psoc creator/4.2/psoc creator/import/gnu/arm/5.4.1/bin/../lib/gcc/arm-none-eabi/5.4.1/../../../../arm-none-eabi/lib/armv7-m\libm.a(lib_a-k_sin.o)
                0x00004ba8                __kernel_sin
 .text.fabs     0x00004d14        0x8 c:/program files (x86)/cypress/psoc creator/4.2/psoc creator/import/gnu/arm/5.4.1/bin/../lib/gcc/arm-none-eabi/5.4.1/../../../../arm-none-eabi/lib/armv7-m\libm.a(lib_a-s_fabs.o)
                0x00004d14                fabs
 *fill*         0x00004d1c        0x4 
 .text.floor    0x00004d20      0x110 c:/program files (x86)/cypress/psoc creator/4.2/psoc creator/import/gnu/arm/5.4.1/bin/../lib/gcc/arm-none-eabi/5.4.1/../../../../arm-none-eabi/lib/armv7-m\libm.a(lib_a-s_floor.o)
                0x00004d20                floor
 .text.scalbn   0x00004e30       0xe4 c:/program files (x86)/cypress/psoc creator/4.2/psoc creator/import/gnu/arm/5.4.1/bin/../lib/gcc/arm-none-eabi/5.4.1/../../../../arm-none-eabi/lib/armv7-m\libm.a(lib_a-s_scalbn.o)
                0x00004e30                scalbn
 .text.copysign
                0x00004f14       0x10 c:/program files (x86)/cypress/psoc creator/4.2/psoc creator/import/gnu/arm/5.4.1/bin/../lib/gcc/arm-none-eabi/5.4.1/../../../../arm-none-eabi/lib/armv7-m\libm.a(lib_a-s_copysign.o)
                0x00004f14                copysign
 .text          0x00004f24      0x370 c:/program files (x86)/cypress/psoc creator/4.2/psoc creator/import/gnu/arm/5.4.1/bin/../lib/gcc/arm-none-eabi/5.4.1/armv7-m\libgcc.a(_arm_addsubdf3.o)
                0x00004f24                __aeabi_drsub
                0x00004f2c                __aeabi_dsub
                0x00004f2c                __subdf3
                0x00004f30                __aeabi_dadd
                0x00004f30                __adddf3
                0x000051a8                __floatunsidf
                0x000051a8                __aeabi_ui2d
                0x000051c8                __floatsidf
                0x000051c8                __aeabi_i2d
                0x000051ec                __aeabi_f2d
                0x000051ec                __extendsfdf2
                0x00005228                __floatundidf
                0x00005228                __aeabi_ul2d
                0x00005238                __floatdidf
                0x00005238                __aeabi_l2d
 .text          0x00005294      0x424 c:/program files (x86)/cypress/psoc creator/4.2/psoc creator/import/gnu/arm/5.4.1/bin/../lib/gcc/arm-none-eabi/5.4.1/armv7-m\libgcc.a(_arm_muldivdf3.o)
                0x00005294                __aeabi_dmul
                0x00005294                __muldf3
                0x000054e8                __divdf3
                0x000054e8                __aeabi_ddiv
 .text          0x000056b8      0x110 c:/program files (x86)/cypress/psoc creator/4.2/psoc creator/import/gnu/arm/5.4.1/bin/../lib/gcc/arm-none-eabi/5.4.1/armv7-m\libgcc.a(_arm_cmpdf2.o)
                0x000056b8                __gtdf2
                0x000056b8                __gedf2
                0x000056c0                __ltdf2
                0x000056c0                __ledf2
                0x000056c8                __nedf2
                0x000056c8                __eqdf2
                0x000056c8                __cmpdf2
                0x00005744                __aeabi_cdrcmple
                0x00005754                __aeabi_cdcmpeq
                0x00005754                __aeabi_cdcmple
                0x00005764                __aeabi_dcmpeq
                0x00005778                __aeabi_dcmplt
                0x0000578c                __aeabi_dcmple
                0x000057a0                __aeabi_dcmpge
                0x000057b4                __aeabi_dcmpgt
 .text          0x000057c8       0x50 c:/program files (x86)/cypress/psoc creator/4.2/psoc creator/import/gnu/arm/5.4.1/bin/../lib/gcc/arm-none-eabi/5.4.1/armv7-m\libgcc.a(_arm_fixdfsi.o)
                0x000057c8                __aeabi_d2iz
                0x000057c8                __fixdfsi
 .text          0x00005818       0xa0 c:/program files (x86)/cypress/psoc creator/4.2/psoc creator/import/gnu/arm/5.4.1/bin/../lib/gcc/arm-none-eabi/5.4.1/armv7-m\libgcc.a(_arm_truncdfsf2.o)
                0x00005818                __truncdfsf2
                0x00005818                __aeabi_d2f
 .text          0x000058b8      0x21c c:/program files (x86)/cypress/psoc creator/4.2/psoc creator/import/gnu/arm/5.4.1/bin/../lib/gcc/arm-none-eabi/5.4.1/armv7-m\libgcc.a(_arm_addsubsf3.o)
                0x000058b8                __aeabi_frsub
                0x000058c0                __subsf3
                0x000058c0                __aeabi_fsub
                0x000058c4                __aeabi_fadd
                0x000058c4                __addsf3
                0x00005a24                __aeabi_ui2f
                0x00005a24                __floatunsisf
                0x00005a2c                __aeabi_i2f
                0x00005a2c                __floatsisf
                0x00005a48                __aeabi_ul2f
                0x00005a48                __floatundisf
                0x00005a58                __aeabi_l2f
                0x00005a58                __floatdisf
 .text          0x00005ad4       0xec c:/program files (x86)/cypress/psoc creator/4.2/psoc creator/import/gnu/arm/5.4.1/bin/../lib/gcc/arm-none-eabi/5.4.1/armv7-m\libgcc.a(_arm_cmpsf2.o)
                0x00005ad4                __gesf2
                0x00005ad4                __gtsf2
                0x00005adc                __lesf2
                0x00005adc                __ltsf2
                0x00005ae4                __nesf2
                0x00005ae4                __eqsf2
                0x00005ae4                __cmpsf2
                0x00005b44                __aeabi_cfrcmple
                0x00005b4c                __aeabi_cfcmpeq
                0x00005b4c                __aeabi_cfcmple
                0x00005b5c                __aeabi_fcmpeq
                0x00005b70                __aeabi_fcmplt
                0x00005b84                __aeabi_fcmple
                0x00005b98                __aeabi_fcmpge
                0x00005bac                __aeabi_fcmpgt
 .text          0x00005bc0       0x4c c:/program files (x86)/cypress/psoc creator/4.2/psoc creator/import/gnu/arm/5.4.1/bin/../lib/gcc/arm-none-eabi/5.4.1/armv7-m\libgcc.a(_arm_fixsfsi.o)
                0x00005bc0                __aeabi_f2iz
                0x00005bc0                __fixsfsi
 .text.__errno  0x00005c0c        0xc c:/program files (x86)/cypress/psoc creator/4.2/psoc creator/import/gnu/arm/5.4.1/bin/../lib/gcc/arm-none-eabi/5.4.1/../../../../arm-none-eabi/lib/armv7-m\libg_nano.a(lib_a-errno.o)
                0x00005c0c                __errno
 .text.__libc_init_array
                0x00005c18       0x4c c:/program files (x86)/cypress/psoc creator/4.2/psoc creator/import/gnu/arm/5.4.1/bin/../lib/gcc/arm-none-eabi/5.4.1/../../../../arm-none-eabi/lib/armv7-m\libg_nano.a(lib_a-init.o)
                0x00005c18                __libc_init_array
 .text.memcpy   0x00005c64       0x16 c:/program files (x86)/cypress/psoc creator/4.2/psoc creator/import/gnu/arm/5.4.1/bin/../lib/gcc/arm-none-eabi/5.4.1/../../../../arm-none-eabi/lib/armv7-m\libg_nano.a(lib_a-memcpy-stub.o)
                0x00005c64                memcpy
 .text.memset   0x00005c7a       0x10 c:/program files (x86)/cypress/psoc creator/4.2/psoc creator/import/gnu/arm/5.4.1/bin/../lib/gcc/arm-none-eabi/5.4.1/../../../../arm-none-eabi/lib/armv7-m\libg_nano.a(lib_a-memset.o)
                0x00005c7a                memset
 .text.__cvt    0x00005c8a       0xc0 c:/program files (x86)/cypress/psoc creator/4.2/psoc creator/import/gnu/arm/5.4.1/bin/../lib/gcc/arm-none-eabi/5.4.1/../../../../arm-none-eabi/lib/armv7-m\libg_nano.a(lib_a-nano-vfprintf_float.o)
                0x00005c8a                __cvt
 .text.__exponent
                0x00005d4a       0x62 c:/program files (x86)/cypress/psoc creator/4.2/psoc creator/import/gnu/arm/5.4.1/bin/../lib/gcc/arm-none-eabi/5.4.1/../../../../arm-none-eabi/lib/armv7-m\libg_nano.a(lib_a-nano-vfprintf_float.o)
                0x00005d4a                __exponent
 .text._printf_float
                0x00005dac      0x488 c:/program files (x86)/cypress/psoc creator/4.2/psoc creator/import/gnu/arm/5.4.1/bin/../lib/gcc/arm-none-eabi/5.4.1/../../../../arm-none-eabi/lib/armv7-m\libg_nano.a(lib_a-nano-vfprintf_float.o)
                0x00005dac                _printf_float
 .text._printf_common
                0x00006234       0xec c:/program files (x86)/cypress/psoc creator/4.2/psoc creator/import/gnu/arm/5.4.1/bin/../lib/gcc/arm-none-eabi/5.4.1/../../../../arm-none-eabi/lib/armv7-m\libg_nano.a(lib_a-nano-vfprintf_i.o)
                0x00006234                _printf_common
 .text._printf_i
                0x00006320      0x24c c:/program files (x86)/cypress/psoc creator/4.2/psoc creator/import/gnu/arm/5.4.1/bin/../lib/gcc/arm-none-eabi/5.4.1/../../../../arm-none-eabi/lib/armv7-m\libg_nano.a(lib_a-nano-vfprintf_i.o)
                0x00006320                _printf_i
 .text.sprintf  0x0000656c       0x48 c:/program files (x86)/cypress/psoc creator/4.2/psoc creator/import/gnu/arm/5.4.1/bin/../lib/gcc/arm-none-eabi/5.4.1/../../../../arm-none-eabi/lib/armv7-m\libg_nano.a(lib_a-sprintf.o)
                0x0000656c                siprintf
                0x0000656c                sprintf
 .text          0x000065b4       0x10 c:/program files (x86)/cypress/psoc creator/4.2/psoc creator/import/gnu/arm/5.4.1/bin/../lib/gcc/arm-none-eabi/5.4.1/../../../../arm-none-eabi/lib/armv7-m\libg_nano.a(lib_a-strlen.o)
                0x000065b4                strlen
 .text.quorem   0x000065c4      0x116 c:/program files (x86)/cypress/psoc creator/4.2/psoc creator/import/gnu/arm/5.4.1/bin/../lib/gcc/arm-none-eabi/5.4.1/../../../../arm-none-eabi/lib/armv7-m\libg_nano.a(lib_a-dtoa.o)
 *fill*         0x000066da        0x6 
 .text._dtoa_r  0x000066e0      0xb30 c:/program files (x86)/cypress/psoc creator/4.2/psoc creator/import/gnu/arm/5.4.1/bin/../lib/gcc/arm-none-eabi/5.4.1/../../../../arm-none-eabi/lib/armv7-m\libg_nano.a(lib_a-dtoa.o)
                0x000066e0                _dtoa_r
 .text._localeconv_r
                0x00007210        0x8 c:/program files (x86)/cypress/psoc creator/4.2/psoc creator/import/gnu/arm/5.4.1/bin/../lib/gcc/arm-none-eabi/5.4.1/../../../../arm-none-eabi/lib/armv7-m\libg_nano.a(lib_a-locale.o)
                0x00007210                _localeconv_r
 .text.malloc   0x00007218       0x10 c:/program files (x86)/cypress/psoc creator/4.2/psoc creator/import/gnu/arm/5.4.1/bin/../lib/gcc/arm-none-eabi/5.4.1/../../../../arm-none-eabi/lib/armv7-m\libg_nano.a(lib_a-malloc.o)
                0x00007218                malloc
 .text.memchr   0x00007228       0x1c c:/program files (x86)/cypress/psoc creator/4.2/psoc creator/import/gnu/arm/5.4.1/bin/../lib/gcc/arm-none-eabi/5.4.1/../../../../arm-none-eabi/lib/armv7-m\libg_nano.a(lib_a-memchr-stub.o)
                0x00007228                memchr
 .text._Balloc  0x00007244       0x6a c:/program files (x86)/cypress/psoc creator/4.2/psoc creator/import/gnu/arm/5.4.1/bin/../lib/gcc/arm-none-eabi/5.4.1/../../../../arm-none-eabi/lib/armv7-m\libg_nano.a(lib_a-mprec.o)
                0x00007244                _Balloc
 .text._Bfree   0x000072ae       0x2e c:/program files (x86)/cypress/psoc creator/4.2/psoc creator/import/gnu/arm/5.4.1/bin/../lib/gcc/arm-none-eabi/5.4.1/../../../../arm-none-eabi/lib/armv7-m\libg_nano.a(lib_a-mprec.o)
                0x000072ae                _Bfree
 .text.__multadd
                0x000072dc       0x76 c:/program files (x86)/cypress/psoc creator/4.2/psoc creator/import/gnu/arm/5.4.1/bin/../lib/gcc/arm-none-eabi/5.4.1/../../../../arm-none-eabi/lib/armv7-m\libg_nano.a(lib_a-mprec.o)
                0x000072dc                __multadd
 .text.__hi0bits
                0x00007352       0x40 c:/program files (x86)/cypress/psoc creator/4.2/psoc creator/import/gnu/arm/5.4.1/bin/../lib/gcc/arm-none-eabi/5.4.1/../../../../arm-none-eabi/lib/armv7-m\libg_nano.a(lib_a-mprec.o)
                0x00007352                __hi0bits
 .text.__lo0bits
                0x00007392       0x5a c:/program files (x86)/cypress/psoc creator/4.2/psoc creator/import/gnu/arm/5.4.1/bin/../lib/gcc/arm-none-eabi/5.4.1/../../../../arm-none-eabi/lib/armv7-m\libg_nano.a(lib_a-mprec.o)
                0x00007392                __lo0bits
 .text.__i2b    0x000073ec       0x12 c:/program files (x86)/cypress/psoc creator/4.2/psoc creator/import/gnu/arm/5.4.1/bin/../lib/gcc/arm-none-eabi/5.4.1/../../../../arm-none-eabi/lib/armv7-m\libg_nano.a(lib_a-mprec.o)
                0x000073ec                __i2b
 .text.__multiply
                0x000073fe      0x120 c:/program files (x86)/cypress/psoc creator/4.2/psoc creator/import/gnu/arm/5.4.1/bin/../lib/gcc/arm-none-eabi/5.4.1/../../../../arm-none-eabi/lib/armv7-m\libg_nano.a(lib_a-mprec.o)
                0x000073fe                __multiply
 *fill*         0x0000751e        0x2 
 .text.__pow5mult
                0x00007520       0x9c c:/program files (x86)/cypress/psoc creator/4.2/psoc creator/import/gnu/arm/5.4.1/bin/../lib/gcc/arm-none-eabi/5.4.1/../../../../arm-none-eabi/lib/armv7-m\libg_nano.a(lib_a-mprec.o)
                0x00007520                __pow5mult
 .text.__lshift
                0x000075bc       0xa2 c:/program files (x86)/cypress/psoc creator/4.2/psoc creator/import/gnu/arm/5.4.1/bin/../lib/gcc/arm-none-eabi/5.4.1/../../../../arm-none-eabi/lib/armv7-m\libg_nano.a(lib_a-mprec.o)
                0x000075bc                __lshift
 .text.__mcmp   0x0000765e       0x38 c:/program files (x86)/cypress/psoc creator/4.2/psoc creator/import/gnu/arm/5.4.1/bin/../lib/gcc/arm-none-eabi/5.4.1/../../../../arm-none-eabi/lib/armv7-m\libg_nano.a(lib_a-mprec.o)
                0x0000765e                __mcmp
 .text.__mdiff  0x00007696       0xbe c:/program files (x86)/cypress/psoc creator/4.2/psoc creator/import/gnu/arm/5.4.1/bin/../lib/gcc/arm-none-eabi/5.4.1/../../../../arm-none-eabi/lib/armv7-m\libg_nano.a(lib_a-mprec.o)
                0x00007696                __mdiff
 .text.__d2b    0x00007754       0x9c c:/program files (x86)/cypress/psoc creator/4.2/psoc creator/import/gnu/arm/5.4.1/bin/../lib/gcc/arm-none-eabi/5.4.1/../../../../arm-none-eabi/lib/armv7-m\libg_nano.a(lib_a-mprec.o)
                0x00007754                __d2b
 .text._calloc_r
                0x000077f0       0x1c c:/program files (x86)/cypress/psoc creator/4.2/psoc creator/import/gnu/arm/5.4.1/bin/../lib/gcc/arm-none-eabi/5.4.1/../../../../arm-none-eabi/lib/armv7-m\libg_nano.a(lib_a-nano-callocr.o)
                0x000077f0                _calloc_r
 .text._free_r  0x0000780c       0x98 c:/program files (x86)/cypress/psoc creator/4.2/psoc creator/import/gnu/arm/5.4.1/bin/../lib/gcc/arm-none-eabi/5.4.1/../../../../arm-none-eabi/lib/armv7-m\libg_nano.a(lib_a-nano-freer.o)
                0x0000780c                _free_r
 .text._malloc_r
                0x000078a4       0xbc c:/program files (x86)/cypress/psoc creator/4.2/psoc creator/import/gnu/arm/5.4.1/bin/../lib/gcc/arm-none-eabi/5.4.1/../../../../arm-none-eabi/lib/armv7-m\libg_nano.a(lib_a-nano-mallocr.o)
                0x000078a4                _malloc_r
 .text.__ssputs_r
                0x00007960       0xb2 c:/program files (x86)/cypress/psoc creator/4.2/psoc creator/import/gnu/arm/5.4.1/bin/../lib/gcc/arm-none-eabi/5.4.1/../../../../arm-none-eabi/lib/armv7-m\libg_nano.a(lib_a-nano-svfprintf.o)
                0x00007960                __ssputs_r
 *fill*         0x00007a12        0x2 
 .text._svfprintf_r
                0x00007a14      0x1e8 c:/program files (x86)/cypress/psoc creator/4.2/psoc creator/import/gnu/arm/5.4.1/bin/../lib/gcc/arm-none-eabi/5.4.1/../../../../arm-none-eabi/lib/armv7-m\libg_nano.a(lib_a-nano-svfprintf.o)
                0x00007a14                _svfiprintf_r
                0x00007a14                _svfprintf_r
 .text._sbrk_r  0x00007bfc       0x20 c:/program files (x86)/cypress/psoc creator/4.2/psoc creator/import/gnu/arm/5.4.1/bin/../lib/gcc/arm-none-eabi/5.4.1/../../../../arm-none-eabi/lib/armv7-m\libg_nano.a(lib_a-sbrkr.o)
                0x00007bfc                _sbrk_r
 .text.memmove  0x00007c1c       0x36 c:/program files (x86)/cypress/psoc creator/4.2/psoc creator/import/gnu/arm/5.4.1/bin/../lib/gcc/arm-none-eabi/5.4.1/../../../../arm-none-eabi/lib/armv7-m\libg_nano.a(lib_a-memmove.o)
                0x00007c1c                memmove
 .text.__malloc_lock
                0x00007c52        0x2 c:/program files (x86)/cypress/psoc creator/4.2/psoc creator/import/gnu/arm/5.4.1/bin/../lib/gcc/arm-none-eabi/5.4.1/../../../../arm-none-eabi/lib/armv7-m\libg_nano.a(lib_a-mlock.o)
                0x00007c52                __malloc_lock
 .text.__malloc_unlock
                0x00007c54        0x2 c:/program files (x86)/cypress/psoc creator/4.2/psoc creator/import/gnu/arm/5.4.1/bin/../lib/gcc/arm-none-eabi/5.4.1/../../../../arm-none-eabi/lib/armv7-m\libg_nano.a(lib_a-mlock.o)
                0x00007c54                __malloc_unlock
 .text._realloc_r
                0x00007c56       0x4c c:/program files (x86)/cypress/psoc creator/4.2/psoc creator/import/gnu/arm/5.4.1/bin/../lib/gcc/arm-none-eabi/5.4.1/../../../../arm-none-eabi/lib/armv7-m\libg_nano.a(lib_a-nano-reallocr.o)
                0x00007c56                _realloc_r
 .text._malloc_usable_size_r
                0x00007ca2       0x14 c:/program files (x86)/cypress/psoc creator/4.2/psoc creator/import/gnu/arm/5.4.1/bin/../lib/gcc/arm-none-eabi/5.4.1/../../../../arm-none-eabi/lib/armv7-m\libg_nano.a(lib_a-nano-msizer.o)
                0x00007ca2                _malloc_usable_size_r
 *fill*         0x00007cb6        0x2 
 .text          0x00007cb8       0x2c c:/program files (x86)/cypress/psoc creator/4.2/psoc creator/import/gnu/arm/5.4.1/bin/../lib/gcc/arm-none-eabi/5.4.1/armv7-m\libgcc.a(_arm_unorddf2.o)
                0x00007cb8                __unorddf2
                0x00007cb8                __aeabi_dcmpun
 *(.plt)
 *(.gnu.warning)
 *(.glue_7t)
 .glue_7t       0x00007ce4        0x0 linker stubs
 *(.glue_7)
 .glue_7        0x00007ce4        0x0 linker stubs
 *(.vfp11_veneer)
 .vfp11_veneer  0x00007ce4        0x0 linker stubs
 *(.bootloader)
 *(.ARM.extab* .gnu.linkonce.armextab.*)
 *(.gcc_except_table)

.v4_bx          0x00007ce4        0x0
 .v4_bx         0x00007ce4        0x0 linker stubs

.iplt           0x00007ce4        0x0
 .iplt          0x00007ce4        0x0 c:/program files (x86)/cypress/psoc creator/4.2/psoc creator/import/gnu/arm/5.4.1/bin/../lib/gcc/arm-none-eabi/5.4.1/armv7-m/crtbegin.o

.eh_frame_hdr
 *(.eh_frame_hdr)

.eh_frame       0x00007ce4        0x4
 *(.eh_frame)
 .eh_frame      0x00007ce4        0x0 c:/program files (x86)/cypress/psoc creator/4.2/psoc creator/import/gnu/arm/5.4.1/bin/../lib/gcc/arm-none-eabi/5.4.1/armv7-m/crtbegin.o
 .eh_frame      0x00007ce4        0x4 c:/program files (x86)/cypress/psoc creator/4.2/psoc creator/import/gnu/arm/5.4.1/bin/../lib/gcc/arm-none-eabi/5.4.1/armv7-m/crtend.o
                [!provide]                PROVIDE (__exidx_start, .)

.ARM.exidx
 *(.ARM.exidx* .gnu.linkonce.armexidx.*)
                0x00007ce8                __exidx_end = .

.rodata         0x00007ce8      0x6a8
 *(.rodata .rodata.* .gnu.linkonce.r.*)
 .rodata.str1.4
                0x00007ce8      0x15a .\CortexM3\ARM_GCC_541\Debug\main.o
 *fill*         0x00007e42        0x2 
 .rodata.str1.4
                0x00007e44       0x39 .\CortexM3\ARM_GCC_541\Debug\colour.o
 *fill*         0x00007e7d        0x3 
 .rodata.str1.4
                0x00007e80       0x3b .\CortexM3\ARM_GCC_541\Debug\ultrasonic.o
 *fill*         0x00007ebb        0x1 
 .rodata.str1.4
                0x00007ebc       0x77 .\CortexM3\ARM_GCC_541\Debug\navigation.o
                                 0x7f (size before relaxing)
 *fill*         0x00007f33        0x1 
 .rodata.str1.4
                0x00007f34       0x36 .\CortexM3\ARM_GCC_541\Debug\motor.o
 *fill*         0x00007f6a        0x2 
 .rodata.str1.4
                0x00007f6c       0x70 .\CortexM3\ARM_GCC_541\Debug\debugging.o
                                 0x7a (size before relaxing)
 .rodata        0x00007fdc       0x40 .\CortexM3\ARM_GCC_541\Debug\cyfitter_cfg.o
 .rodata.npio2_hw
                0x0000801c       0x80 c:/program files (x86)/cypress/psoc creator/4.2/psoc creator/import/gnu/arm/5.4.1/bin/../lib/gcc/arm-none-eabi/5.4.1/../../../../arm-none-eabi/lib/armv7-m\libm.a(lib_a-e_rem_pio2.o)
 .rodata.two_over_pi
                0x0000809c      0x108 c:/program files (x86)/cypress/psoc creator/4.2/psoc creator/import/gnu/arm/5.4.1/bin/../lib/gcc/arm-none-eabi/5.4.1/../../../../arm-none-eabi/lib/armv7-m\libm.a(lib_a-e_rem_pio2.o)
 .rodata.init_jk
                0x000081a4       0x10 c:/program files (x86)/cypress/psoc creator/4.2/psoc creator/import/gnu/arm/5.4.1/bin/../lib/gcc/arm-none-eabi/5.4.1/../../../../arm-none-eabi/lib/armv7-m\libm.a(lib_a-k_rem_pio2.o)
 *fill*         0x000081b4        0x4 
 .rodata.PIo2   0x000081b8       0x40 c:/program files (x86)/cypress/psoc creator/4.2/psoc creator/import/gnu/arm/5.4.1/bin/../lib/gcc/arm-none-eabi/5.4.1/../../../../arm-none-eabi/lib/armv7-m\libm.a(lib_a-k_rem_pio2.o)
 .rodata.str1.1
                0x000081f8        0x2 c:/program files (x86)/cypress/psoc creator/4.2/psoc creator/import/gnu/arm/5.4.1/bin/../lib/gcc/arm-none-eabi/5.4.1/../../../../arm-none-eabi/lib/armv7-m\libg_nano.a(lib_a-impure.o)
 .rodata.str1.1
                0x000081fa       0x12 c:/program files (x86)/cypress/psoc creator/4.2/psoc creator/import/gnu/arm/5.4.1/bin/../lib/gcc/arm-none-eabi/5.4.1/../../../../arm-none-eabi/lib/armv7-m\libg_nano.a(lib_a-nano-vfprintf_float.o)
 .rodata.str1.1
                0x0000820c       0x22 c:/program files (x86)/cypress/psoc creator/4.2/psoc creator/import/gnu/arm/5.4.1/bin/../lib/gcc/arm-none-eabi/5.4.1/../../../../arm-none-eabi/lib/armv7-m\libg_nano.a(lib_a-nano-vfprintf_i.o)
 .rodata.str1.1
                0x0000822e        0xd c:/program files (x86)/cypress/psoc creator/4.2/psoc creator/import/gnu/arm/5.4.1/bin/../lib/gcc/arm-none-eabi/5.4.1/../../../../arm-none-eabi/lib/armv7-m\libg_nano.a(lib_a-dtoa.o)
                                  0xf (size before relaxing)
 .rodata.str1.1
                0x0000823b        0x8 c:/program files (x86)/cypress/psoc creator/4.2/psoc creator/import/gnu/arm/5.4.1/bin/../lib/gcc/arm-none-eabi/5.4.1/../../../../arm-none-eabi/lib/armv7-m\libg_nano.a(lib_a-locale.o)
                                  0xb (size before relaxing)
 *fill*         0x00008243        0x5 
 .rodata.__mprec_tens
                0x00008248       0xc8 c:/program files (x86)/cypress/psoc creator/4.2/psoc creator/import/gnu/arm/5.4.1/bin/../lib/gcc/arm-none-eabi/5.4.1/../../../../arm-none-eabi/lib/armv7-m\libg_nano.a(lib_a-mprec.o)
                0x00008248                __mprec_tens
 .rodata.p05.5408
                0x00008310        0xc c:/program files (x86)/cypress/psoc creator/4.2/psoc creator/import/gnu/arm/5.4.1/bin/../lib/gcc/arm-none-eabi/5.4.1/../../../../arm-none-eabi/lib/armv7-m\libg_nano.a(lib_a-mprec.o)
 *fill*         0x0000831c        0x4 
 .rodata.__mprec_bigtens
                0x00008320       0x28 c:/program files (x86)/cypress/psoc creator/4.2/psoc creator/import/gnu/arm/5.4.1/bin/../lib/gcc/arm-none-eabi/5.4.1/../../../../arm-none-eabi/lib/armv7-m\libg_nano.a(lib_a-mprec.o)
                0x00008320                __mprec_bigtens
 .rodata.str1.1
                0x00008348       0x11 c:/program files (x86)/cypress/psoc creator/4.2/psoc creator/import/gnu/arm/5.4.1/bin/../lib/gcc/arm-none-eabi/5.4.1/../../../../arm-none-eabi/lib/armv7-m\libg_nano.a(lib_a-nano-svfprintf.o)
                0x0000835c                . = ALIGN (0x4)
 *fill*         0x00008359        0x3 
 *(.init)
 .init          0x0000835c        0x4 c:/program files (x86)/cypress/psoc creator/4.2/psoc creator/import/gnu/arm/5.4.1/bin/../lib/gcc/arm-none-eabi/5.4.1/armv7-m/crti.o
                0x0000835c                _init
 .init          0x00008360        0x8 c:/program files (x86)/cypress/psoc creator/4.2/psoc creator/import/gnu/arm/5.4.1/bin/../lib/gcc/arm-none-eabi/5.4.1/armv7-m/crtn.o
                0x00008368                . = ALIGN (0x4)
                0x00008368                __preinit_array_start = .
 *(.preinit_array)
                0x00008368                __preinit_array_end = .
                0x00008368                . = ALIGN (0x4)
                0x00008368                __init_array_start = .
 *(SORT(.init_array.*))
 *(.init_array)
 .init_array    0x00008368        0x4 c:/program files (x86)/cypress/psoc creator/4.2/psoc creator/import/gnu/arm/5.4.1/bin/../lib/gcc/arm-none-eabi/5.4.1/armv7-m/crtbegin.o
 .init_array    0x0000836c        0x4 .\CortexM3\ARM_GCC_541\Debug\Cm3Start.o
                0x00008370                __init_array_end = .
                0x00008370                . = ALIGN (0x4)
 *(.fini)
 .fini          0x00008370        0x4 c:/program files (x86)/cypress/psoc creator/4.2/psoc creator/import/gnu/arm/5.4.1/bin/../lib/gcc/arm-none-eabi/5.4.1/armv7-m/crti.o
                0x00008370                _fini
 .fini          0x00008374        0x8 c:/program files (x86)/cypress/psoc creator/4.2/psoc creator/import/gnu/arm/5.4.1/bin/../lib/gcc/arm-none-eabi/5.4.1/armv7-m/crtn.o
                0x0000837c                . = ALIGN (0x4)
                0x0000837c                __fini_array_start = .
 *(.fini_array)
 .fini_array    0x0000837c        0x4 c:/program files (x86)/cypress/psoc creator/4.2/psoc creator/import/gnu/arm/5.4.1/bin/../lib/gcc/arm-none-eabi/5.4.1/armv7-m/crtbegin.o
 *(SORT(.fini_array.*))
                0x00008380                __fini_array_end = .
                0x00008380                . = ALIGN (0x4)
 *crtbegin.o(.ctors)
 *(EXCLUDE_FILE(*crtend.o) .ctors)
 *(SORT(.ctors.*))
 *crtend.o(.ctors)
                0x00008380                . = ALIGN (0x4)
 *crtbegin.o(.dtors)
 *(EXCLUDE_FILE(*crtend.o) .dtors)
 *(SORT(.dtors.*))
 *crtend.o(.dtors)
                0x00008380                . = ALIGN (0x4)
                0x00008380                __cy_regions = .
                0x00008380        0x4 LONG 0x8390 __cy_region_init_ram
                0x00008384        0x4 LONG 0x1fff80c8 __cy_region_start_data
                0x00008388        0x4 LONG 0xd8 __cy_region_init_size_ram
                0x0000838c        0x4 LONG 0x1a8 __cy_region_zero_size_ram
                0x00008390                __cy_regions_end = .
                0x00008390                . = ALIGN (0x8)
                0x00008390                _etext = .

.cy_checksum_exclude
                0x00008390        0x0
 *(.cy_checksum_exclude)

.ramvectors     0x1fff8000       0xc0
                0x1fff8000                __cy_region_start_ram = .
 *(.ramvectors)
 .ramvectors    0x1fff8000       0xc0 .\CortexM3\ARM_GCC_541\Debug\Cm3Start.o
                0x1fff8000                CyRamVectors

.noinit         0x1fff80c0        0x1
 *(.noinit)
 .noinit        0x1fff80c0        0x1 .\CortexM3\ARM_GCC_541\Debug\Group17Robot.a(CyLib.o)
                0x1fff80c0                CyResetStatus

.data           0x1fff80c8       0xd8 load address 0x00008390
                0x1fff80c8                __cy_region_start_data = .
 *(.jcr)
 .jcr           0x1fff80c8        0x0 c:/program files (x86)/cypress/psoc creator/4.2/psoc creator/import/gnu/arm/5.4.1/bin/../lib/gcc/arm-none-eabi/5.4.1/armv7-m/crtbegin.o
 .jcr           0x1fff80c8        0x4 c:/program files (x86)/cypress/psoc creator/4.2/psoc creator/import/gnu/arm/5.4.1/bin/../lib/gcc/arm-none-eabi/5.4.1/armv7-m/crtend.o
 *(.got.plt)
 *(.got)
 *(.shdata)
 *(.data .data.* .gnu.linkonce.d.*)
 .data          0x1fff80cc       0x1c .\CortexM3\ARM_GCC_541\Debug\main.o
                0x1fff80cc                current_stage
                0x1fff80d0                colour_flag
                0x1fff80d4                puck_rack_west_offsets
 .data          0x1fff80e8        0x4 .\CortexM3\ARM_GCC_541\Debug\Cm3Start.o
 .data          0x1fff80ec       0x10 .\CortexM3\ARM_GCC_541\Debug\Group17Robot.a(CyLib.o)
                0x1fff80ec                cydelay_32k_ms
                0x1fff80f0                cydelay_freq_khz
                0x1fff80f4                cydelay_freq_mhz
                0x1fff80f8                cydelay_freq_hz
 .data          0x1fff80fc        0x1 .\CortexM3\ARM_GCC_541\Debug\Group17Robot.a(ADC.o)
                0x1fff80fc                ADC_Config
 *fill*         0x1fff80fd        0x3 
 .data.impure_data
                0x1fff8100       0x60 c:/program files (x86)/cypress/psoc creator/4.2/psoc creator/import/gnu/arm/5.4.1/bin/../lib/gcc/arm-none-eabi/5.4.1/../../../../arm-none-eabi/lib/armv7-m\libg_nano.a(lib_a-impure.o)
 .data._impure_ptr
                0x1fff8160        0x4 c:/program files (x86)/cypress/psoc creator/4.2/psoc creator/import/gnu/arm/5.4.1/bin/../lib/gcc/arm-none-eabi/5.4.1/../../../../arm-none-eabi/lib/armv7-m\libg_nano.a(lib_a-impure.o)
                0x1fff8160                _impure_ptr
 .data.lconv    0x1fff8164       0x38 c:/program files (x86)/cypress/psoc creator/4.2/psoc creator/import/gnu/arm/5.4.1/bin/../lib/gcc/arm-none-eabi/5.4.1/../../../../arm-none-eabi/lib/armv7-m\libg_nano.a(lib_a-locale.o)
                0x1fff81a0                . = ALIGN (0x8)
 *fill*         0x1fff819c        0x4 
 *(.ram)
                0x1fff81a0                _edata = .

.igot.plt       0x1fff81a0        0x0 load address 0x00008468
 .igot.plt      0x1fff81a0        0x0 c:/program files (x86)/cypress/psoc creator/4.2/psoc creator/import/gnu/arm/5.4.1/bin/../lib/gcc/arm-none-eabi/5.4.1/armv7-m/crtbegin.o

.bss            0x1fff81a0      0x1a8 load address 0x00008468
                0x1fff81a0                PROVIDE (__bss_start__, .)
 *(.shbss)
 *(.bss .bss.* .gnu.linkonce.b.*)
 .bss           0x1fff81a0       0x1c c:/program files (x86)/cypress/psoc creator/4.2/psoc creator/import/gnu/arm/5.4.1/bin/../lib/gcc/arm-none-eabi/5.4.1/armv7-m/crtbegin.o
 .bss           0x1fff81bc       0x7c .\CortexM3\ARM_GCC_541\Debug\main.o
                0x1fff81bc                begin_navigation
                0x1fff81c0                state
                0x1fff81c4                idac_value
                0x1fff81c8                colour_sensing_algorithm
                0x1fff81cc                puck_construction_plan
                0x1fff81d8                puck_rack_scans
                0x1fff81ec                block_location
                0x1fff81fc                puck_location
                0x1fff820c                block_east_clearance
                0x1fff820e                block_west_clearance
                0x1fff8210                puck_east_clearance
                0x1fff8212                puck_west_clearance
                0x1fff8214                current_puck_stack_size
                0x1fff8218                safety_override
                0x1fff821c                moving
                0x1fff8220                puck_temp_pile
                0x1fff8228                block_edge_location
 .bss           0x1fff8238       0x30 .\CortexM3\ARM_GCC_541\Debug\ultrasonic.o
                0x1fff8238                count
                0x1fff823c                sensor_distances
                0x1fff8258                puck_start
                0x1fff825c                block_start
                0x1fff8260                distance_measured
                0x1fff8264                i
 .bss           0x1fff8268       0x10 .\CortexM3\ARM_GCC_541\Debug\debugging.o
                0x1fff8268                colour_calibration
                0x1fff826c                servo_testing
                0x1fff8270                motor_testing
                0x1fff8274                ultrasonic_testing
 .bss           0x1fff8278        0x1 .\CortexM3\ARM_GCC_541\Debug\Group17Robot.a(TIA_1.o)
                0x1fff8278                TIA_1_initVar
 .bss           0x1fff8279        0x2 .\CortexM3\ARM_GCC_541\Debug\Group17Robot.a(UART_1.o)
                0x1fff8279                UART_1_initVar
 *fill*         0x1fff827b        0x1 
 .bss           0x1fff827c       0x18 .\CortexM3\ARM_GCC_541\Debug\Group17Robot.a(ADC.o)
                0x1fff828c                ADC_stopConversion
                0x1fff828d                ADC_convDone
                0x1fff828e                ADC_initVar
                0x1fff828f                ADC_started
                0x1fff8290                ADC_Offset
 .bss           0x1fff8294        0x1 .\CortexM3\ARM_GCC_541\Debug\Group17Robot.a(IDAC8_1.o)
                0x1fff8294                IDAC8_1_initVar
 .bss           0x1fff8295        0x1 .\CortexM3\ARM_GCC_541\Debug\Group17Robot.a(Timer_1.o)
                0x1fff8295                Timer_1_initVar
 .bss           0x1fff8296        0x1 .\CortexM3\ARM_GCC_541\Debug\Group17Robot.a(Gripper_Servo_PWM.o)
                0x1fff8296                Gripper_Servo_PWM_initVar
 *fill*         0x1fff8297        0x1 
 .bss           0x1fff8298        0x1 .\CortexM3\ARM_GCC_541\Debug\Group17Robot.a(Gripper_Servo_PWM_PM.o)
 .bss           0x1fff8299        0x1 .\CortexM3\ARM_GCC_541\Debug\Group17Robot.a(Rack_Servo_PWM.o)
                0x1fff8299                Rack_Servo_PWM_initVar
 *fill*         0x1fff829a        0x2 
 .bss           0x1fff829c        0x1 .\CortexM3\ARM_GCC_541\Debug\Group17Robot.a(Rack_Servo_PWM_PM.o)
 .bss           0x1fff829d        0x1 .\CortexM3\ARM_GCC_541\Debug\Group17Robot.a(Motor_Left_Decoder.o)
                0x1fff829d                Motor_Left_Decoder_initVar
 .bss           0x1fff829e        0x1 .\CortexM3\ARM_GCC_541\Debug\Group17Robot.a(Motor_Right_Decoder.o)
                0x1fff829e                Motor_Right_Decoder_initVar
 .bss           0x1fff829f        0x1 .\CortexM3\ARM_GCC_541\Debug\Group17Robot.a(Motor_Left_Driver.o)
                0x1fff829f                Motor_Left_Driver_initVar
 .bss           0x1fff82a0        0x5 .\CortexM3\ARM_GCC_541\Debug\Group17Robot.a(Motor_Left_Driver_PM.o)
 .bss           0x1fff82a5        0x1 .\CortexM3\ARM_GCC_541\Debug\Group17Robot.a(Motor_Right_Driver.o)
                0x1fff82a5                Motor_Right_Driver_initVar
 *fill*         0x1fff82a6        0x2 
 .bss           0x1fff82a8        0x5 .\CortexM3\ARM_GCC_541\Debug\Group17Robot.a(Motor_Right_Driver_PM.o)
 .bss           0x1fff82ad        0x1 .\CortexM3\ARM_GCC_541\Debug\Group17Robot.a(Motor_Left_Decoder_Cnt16.o)
                0x1fff82ad                Motor_Left_Decoder_Cnt16_initVar
 .bss           0x1fff82ae        0x1 .\CortexM3\ARM_GCC_541\Debug\Group17Robot.a(Motor_Right_Decoder_Cnt16.o)
                0x1fff82ae                Motor_Right_Decoder_Cnt16_initVar
 .bss           0x1fff82af        0x1 .\CortexM3\ARM_GCC_541\Debug\Group17Robot.a(Timer_straight_adjust.o)
                0x1fff82af                Timer_straight_adjust_initVar
 .bss.__malloc_sbrk_start
                0x1fff82b0        0x4 c:/program files (x86)/cypress/psoc creator/4.2/psoc creator/import/gnu/arm/5.4.1/bin/../lib/gcc/arm-none-eabi/5.4.1/../../../../arm-none-eabi/lib/armv7-m\libg_nano.a(lib_a-nano-mallocr.o)
                0x1fff82b0                __malloc_sbrk_start
 .bss.__malloc_free_list
                0x1fff82b4        0x4 c:/program files (x86)/cypress/psoc creator/4.2/psoc creator/import/gnu/arm/5.4.1/bin/../lib/gcc/arm-none-eabi/5.4.1/../../../../arm-none-eabi/lib/armv7-m\libg_nano.a(lib_a-nano-mallocr.o)
                0x1fff82b4                __malloc_free_list
 *(COMMON)
 COMMON         0x1fff82b8       0x2c .\CortexM3\ARM_GCC_541\Debug\main.o
                0x1fff82b8                output
                0x1fff82d8                distance_returned_global
                0x1fff82dc                internal_orientation
                0x1fff82e0                ultrasonic_flag
 COMMON         0x1fff82e4       0x54 .\CortexM3\ARM_GCC_541\Debug\colour.o
                0x1fff82e4                test_white
                0x1fff82e8                test_red
                0x1fff82ec                ambient_current
                0x1fff82f0                input_current
                0x1fff82f4                colour_output
                0x1fff82f8                ambient_green
                0x1fff82fc                ambient_white
                0x1fff8300                ambient_red
                0x1fff8304                test_blue
                0x1fff8308                ambient_blue
                0x1fff830c                pd_voltage
                0x1fff8310                stored
                0x1fff8334                test_green
 COMMON         0x1fff8338        0x4 .\CortexM3\ARM_GCC_541\Debug\ultrasonic.o
                0x1fff8338                ultrasonic_mux_control
 COMMON         0x1fff833c        0x4 .\CortexM3\ARM_GCC_541\Debug\Group17Robot.a(ADC.o)
                0x1fff833c                ADC_CountsPerVolt
 COMMON         0x1fff8340        0x4 c:/program files (x86)/cypress/psoc creator/4.2/psoc creator/import/gnu/arm/5.4.1/bin/../lib/gcc/arm-none-eabi/5.4.1/../../../../arm-none-eabi/lib/armv7-m\libg_nano.a(lib_a-reent.o)
                0x1fff8340                errno
                0x1fff8348                . = ALIGN (0x8)
 *fill*         0x1fff8344        0x4 
 *(.ram.b)
                0x1fff8348                _end = .
                0x1fff8348                __end = .
                0x1fff8348                PROVIDE (end, .)
                0x1fff8348                PROVIDE (__bss_end__, .)
                0x00008390                __cy_region_init_ram = LOADADDR (.data)
                0x000000d8                __cy_region_init_size_ram = (_edata - ADDR (.data))
                0x000001a8                __cy_region_zero_size_ram = (_end - _edata)

.heap           0x1fff8348      0x200 load address 0x00008468
                0x1fff8348                . = _end
                0x1fff8548                . = (. + 0x200)
 *fill*         0x1fff8348      0x200 
                0x1fff8548                __cy_heap_limit = .

.stack          0x20007800      0x800
                0x20007800                __cy_stack_limit = .
                0x20008000                . = (. + 0x800)
 *fill*         0x20007800      0x800 
                0x00000001                ASSERT ((__cy_stack_limit >= __cy_heap_limit), region RAM overflowed with stack)
                0x00000000                cy_checksum_exclude_size = (CY_APPL_LOADABLE == 0x1)?SIZEOF (.cy_checksum_exclude):0x0
                0x00000001                ASSERT ((cy_checksum_exclude_size <= CY_CHECKSUM_EXCLUDE_SIZE), CY_BOOT: Section .cy_checksum_exclude size exceedes specified limit.)

.cyloadermeta
 *(.cyloadermeta)

.cyloadablemeta
 *(.cyloadablemeta)

.cyconfigecc    0x80000000     0x1088
 *(.cyconfigecc)
 .cyconfigecc   0x80000000     0x1088 .\CortexM3\ARM_GCC_541\Debug\cymetadata.o
                0x80000000                cy_meta_configecc

.cycustnvl      0x90000000        0x4
 *(.cycustnvl)
 .cycustnvl     0x90000000        0x4 .\CortexM3\ARM_GCC_541\Debug\cymetadata.o
                0x90000000                cy_meta_custnvl

.cywolatch      0x90100000        0x4
 *(.cywolatch)
 .cywolatch     0x90100000        0x4 .\CortexM3\ARM_GCC_541\Debug\cymetadata.o
                0x90100000                cy_meta_wonvl

.cyeeprom       0x90200000        0x0
 *(.cyeeprom)
                0x00000001                ASSERT ((. <= ((0x90200000 + ee_offset) + ee_size)), .cyeeprom data will not fit in EEPROM)

.cyflashprotect
                0x90400000      0x100
 *(.cyflashprotect)
 .cyflashprotect
                0x90400000      0x100 .\CortexM3\ARM_GCC_541\Debug\cymetadata.o
                0x90400000                cy_meta_flashprotect

.cymeta         0x90500000        0xc
 *(.cymeta)
 .cymeta        0x90500000        0xc .\CortexM3\ARM_GCC_541\Debug\cymetadata.o
                0x90500000                cy_metadata

.rel.dyn        0x00008468        0x0 load address 0x9050000c
 .rel.iplt      0x00008468        0x0 c:/program files (x86)/cypress/psoc creator/4.2/psoc creator/import/gnu/arm/5.4.1/bin/../lib/gcc/arm-none-eabi/5.4.1/armv7-m/crtbegin.o

.stab
 *(.stab)

.stabstr
 *(.stabstr)

.debug
 *(.debug)

.line
 *(.line)

.debug_srcinfo
 *(.debug_srcinfo)

.debug_sfnames
 *(.debug_sfnames)

.debug_aranges  0x00000000     0x1528
 *(.debug_aranges)
 .debug_aranges
                0x00000000       0x38 .\CortexM3\ARM_GCC_541\Debug\main.o
 .debug_aranges
                0x00000038       0x40 .\CortexM3\ARM_GCC_541\Debug\colour.o
 .debug_aranges
                0x00000078       0x38 .\CortexM3\ARM_GCC_541\Debug\ultrasonic.o
 .debug_aranges
                0x000000b0       0x58 .\CortexM3\ARM_GCC_541\Debug\servo.o
 .debug_aranges
                0x00000108       0x28 .\CortexM3\ARM_GCC_541\Debug\customMath.o
 .debug_aranges
                0x00000130       0x88 .\CortexM3\ARM_GCC_541\Debug\navigation.o
 .debug_aranges
                0x000001b8       0x38 .\CortexM3\ARM_GCC_541\Debug\motor.o
 .debug_aranges
                0x000001f0       0x20 .\CortexM3\ARM_GCC_541\Debug\debugging.o
 .debug_aranges
                0x00000210       0x58 .\CortexM3\ARM_GCC_541\Debug\cyfitter_cfg.o
 .debug_aranges
                0x00000268       0x18 .\CortexM3\ARM_GCC_541\Debug\cymetadata.o
 .debug_aranges
                0x00000280       0x48 .\CortexM3\ARM_GCC_541\Debug\Cm3Start.o
 .debug_aranges
                0x000002c8       0x50 .\CortexM3\ARM_GCC_541\Debug\Group17Robot.a(TIA_1.o)
 .debug_aranges
                0x00000318      0x2a0 .\CortexM3\ARM_GCC_541\Debug\Group17Robot.a(CyLib.o)
 .debug_aranges
                0x000005b8       0x98 .\CortexM3\ARM_GCC_541\Debug\Group17Robot.a(cyPm.o)
 .debug_aranges
                0x00000650       0xf0 .\CortexM3\ARM_GCC_541\Debug\Group17Robot.a(UART_1.o)
 .debug_aranges
                0x00000740       0x70 .\CortexM3\ARM_GCC_541\Debug\Group17Robot.a(UART_1_IntClock.o)
 .debug_aranges
                0x000007b0       0xe8 .\CortexM3\ARM_GCC_541\Debug\Group17Robot.a(ADC.o)
 .debug_aranges
                0x00000898       0x38 .\CortexM3\ARM_GCC_541\Debug\Group17Robot.a(ADC_INT.o)
 .debug_aranges
                0x000008d0       0x70 .\CortexM3\ARM_GCC_541\Debug\Group17Robot.a(ADC_Ext_CP_Clk.o)
 .debug_aranges
                0x00000940       0x80 .\CortexM3\ARM_GCC_541\Debug\Group17Robot.a(ADC_theACLK.o)
 .debug_aranges
                0x000009c0       0x60 .\CortexM3\ARM_GCC_541\Debug\Group17Robot.a(IDAC8_1.o)
 .debug_aranges
                0x00000a20       0x98 .\CortexM3\ARM_GCC_541\Debug\Group17Robot.a(Timer_1.o)
 .debug_aranges
                0x00000ab8       0x38 .\CortexM3\ARM_GCC_541\Debug\Group17Robot.a(Trigger_1.o)
 .debug_aranges
                0x00000af0       0x38 .\CortexM3\ARM_GCC_541\Debug\Group17Robot.a(Trigger_2.o)
 .debug_aranges
                0x00000b28       0x38 .\CortexM3\ARM_GCC_541\Debug\Group17Robot.a(Trigger_3.o)
 .debug_aranges
                0x00000b60       0x38 .\CortexM3\ARM_GCC_541\Debug\Group17Robot.a(Trigger_4.o)
 .debug_aranges
                0x00000b98       0x38 .\CortexM3\ARM_GCC_541\Debug\Group17Robot.a(Trigger_5.o)
 .debug_aranges
                0x00000bd0       0x28 .\CortexM3\ARM_GCC_541\Debug\Group17Robot.a(Ultrasonic_Mux_Control.o)
 .debug_aranges
                0x00000bf8       0x78 .\CortexM3\ARM_GCC_541\Debug\Group17Robot.a(Gripper_Servo_PWM.o)
 .debug_aranges
                0x00000c70       0x38 .\CortexM3\ARM_GCC_541\Debug\Group17Robot.a(Gripper_Servo_PWM_PM.o)
 .debug_aranges
                0x00000ca8       0x78 .\CortexM3\ARM_GCC_541\Debug\Group17Robot.a(Rack_Servo_PWM.o)
 .debug_aranges
                0x00000d20       0x38 .\CortexM3\ARM_GCC_541\Debug\Group17Robot.a(Rack_Servo_PWM_PM.o)
 .debug_aranges
                0x00000d58       0x28 .\CortexM3\ARM_GCC_541\Debug\Group17Robot.a(control_led.o)
 .debug_aranges
                0x00000d80       0x28 .\CortexM3\ARM_GCC_541\Debug\Group17Robot.a(control_photodiode.o)
 .debug_aranges
                0x00000da8       0x80 .\CortexM3\ARM_GCC_541\Debug\Group17Robot.a(Start.o)
 .debug_aranges
                0x00000e28       0x80 .\CortexM3\ARM_GCC_541\Debug\Group17Robot.a(Sonic.o)
 .debug_aranges
                0x00000ea8       0x60 .\CortexM3\ARM_GCC_541\Debug\Group17Robot.a(Motor_Left_Decoder.o)
 .debug_aranges
                0x00000f08       0x60 .\CortexM3\ARM_GCC_541\Debug\Group17Robot.a(Motor_Right_Decoder.o)
 .debug_aranges
                0x00000f68       0x98 .\CortexM3\ARM_GCC_541\Debug\Group17Robot.a(Motor_Left_Driver.o)
 .debug_aranges
                0x00001000       0x38 .\CortexM3\ARM_GCC_541\Debug\Group17Robot.a(Motor_Left_Driver_PM.o)
 .debug_aranges