Archive member included to satisfy reference by file (symbol)

.\CortexM3\ARM_GCC_541\Debug\ColourSensor.a(TIA_1.o)
                              .\CortexM3\ARM_GCC_541\Debug\main.o (TIA_1_Start)
.\CortexM3\ARM_GCC_541\Debug\ColourSensor.a(CyLib.o)
                              .\CortexM3\ARM_GCC_541\Debug\Cm3Start.o (CyHalt)
.\CortexM3\ARM_GCC_541\Debug\ColourSensor.a(cyPm.o)
                              .\CortexM3\ARM_GCC_541\Debug\ColourSensor.a(CyLib.o) (CyPmReadStatus)
.\CortexM3\ARM_GCC_541\Debug\ColourSensor.a(UART_1.o)
                              .\CortexM3\ARM_GCC_541\Debug\main.o (UART_1_Start)
.\CortexM3\ARM_GCC_541\Debug\ColourSensor.a(UART_1_IntClock.o)
                              .\CortexM3\ARM_GCC_541\Debug\ColourSensor.a(UART_1.o) (UART_1_IntClock_Start)
.\CortexM3\ARM_GCC_541\Debug\ColourSensor.a(ADC.o)
                              .\CortexM3\ARM_GCC_541\Debug\main.o (ADC_Start)
.\CortexM3\ARM_GCC_541\Debug\ColourSensor.a(ADC_INT.o)
                              .\CortexM3\ARM_GCC_541\Debug\ColourSensor.a(ADC.o) (ADC_ISR1)
.\CortexM3\ARM_GCC_541\Debug\ColourSensor.a(ADC_Ext_CP_Clk.o)
                              .\CortexM3\ARM_GCC_541\Debug\ColourSensor.a(ADC.o) (ADC_Ext_CP_Clk_SetModeRegister)
.\CortexM3\ARM_GCC_541\Debug\ColourSensor.a(ADC_theACLK.o)
                              .\CortexM3\ARM_GCC_541\Debug\ColourSensor.a(ADC.o) (ADC_theACLK_SetModeRegister)
.\CortexM3\ARM_GCC_541\Debug\ColourSensor.a(IDAC8_1.o)
                              .\CortexM3\ARM_GCC_541\Debug\main.o (IDAC8_1_SetValue)
.\CortexM3\ARM_GCC_541\Debug\ColourSensor.a(LED_Blue.o)
                              .\CortexM3\ARM_GCC_541\Debug\colour.o (LED_Blue_Write)
.\CortexM3\ARM_GCC_541\Debug\ColourSensor.a(LED_Red.o)
                              .\CortexM3\ARM_GCC_541\Debug\colour.o (LED_Red_Write)
.\CortexM3\ARM_GCC_541\Debug\ColourSensor.a(LED_Green.o)
                              .\CortexM3\ARM_GCC_541\Debug\colour.o (LED_Green_Write)
.\CortexM3\ARM_GCC_541\Debug\ColourSensor.a(RGB_Green.o)
                              .\CortexM3\ARM_GCC_541\Debug\colour.o (RGB_Green_Write)
.\CortexM3\ARM_GCC_541\Debug\ColourSensor.a(RGB_Red.o)
                              .\CortexM3\ARM_GCC_541\Debug\colour.o (RGB_Red_Write)
.\CortexM3\ARM_GCC_541\Debug\ColourSensor.a(RGB_Blue.o)
                              .\CortexM3\ARM_GCC_541\Debug\colour.o (RGB_Blue_Write)
.\CortexM3\ARM_GCC_541\Debug\ColourSensor.a(Timer_1.o)
                              .\CortexM3\ARM_GCC_541\Debug\ultrasonic.o (Timer_1_Stop)
.\CortexM3\ARM_GCC_541\Debug\ColourSensor.a(Trigger_1.o)
                              .\CortexM3\ARM_GCC_541\Debug\ultrasonic.o (Trigger_1_Write)
.\CortexM3\ARM_GCC_541\Debug\ColourSensor.a(isr_1.o)
                              .\CortexM3\ARM_GCC_541\Debug\main.o (isr_1_StartEx)
.\CortexM3\ARM_GCC_541\Debug\ColourSensor.a(Trigger_2.o)
                              .\CortexM3\ARM_GCC_541\Debug\ultrasonic.o (Trigger_2_Write)
.\CortexM3\ARM_GCC_541\Debug\ColourSensor.a(Trigger_3.o)
                              .\CortexM3\ARM_GCC_541\Debug\ultrasonic.o (Trigger_3_Write)
.\CortexM3\ARM_GCC_541\Debug\ColourSensor.a(Trigger_4.o)
                              .\CortexM3\ARM_GCC_541\Debug\ultrasonic.o (Trigger_4_Write)
.\CortexM3\ARM_GCC_541\Debug\ColourSensor.a(Trigger_5.o)
                              .\CortexM3\ARM_GCC_541\Debug\ultrasonic.o (Trigger_5_Write)
.\CortexM3\ARM_GCC_541\Debug\ColourSensor.a(Ultrasonic_Mux_Control.o)
                              .\CortexM3\ARM_GCC_541\Debug\ultrasonic.o (Ultrasonic_Mux_Control_Write)
.\CortexM3\ARM_GCC_541\Debug\ColourSensor.a(Motor_2_driver.o)
                              .\CortexM3\ARM_GCC_541\Debug\dcmotor.o (Motor_2_driver_WriteCompare1)
.\CortexM3\ARM_GCC_541\Debug\ColourSensor.a(Motor_2_driver_PM.o)
                              .\CortexM3\ARM_GCC_541\Debug\main.o (Motor_2_driver_Sleep)
.\CortexM3\ARM_GCC_541\Debug\ColourSensor.a(Motor_1_driver.o)
                              .\CortexM3\ARM_GCC_541\Debug\dcmotor.o (Motor_1_driver_WriteCompare1)
.\CortexM3\ARM_GCC_541\Debug\ColourSensor.a(Motor_1_driver_PM.o)
                              .\CortexM3\ARM_GCC_541\Debug\main.o (Motor_1_driver_Sleep)
.\CortexM3\ARM_GCC_541\Debug\ColourSensor.a(Gripper_Servo_PWM.o)
                              .\CortexM3\ARM_GCC_541\Debug\servo.o (Gripper_Servo_PWM_WriteCompare)
.\CortexM3\ARM_GCC_541\Debug\ColourSensor.a(Rack_Servo_PWM.o)
                              .\CortexM3\ARM_GCC_541\Debug\servo.o (Rack_Servo_PWM_WriteCompare)
.\CortexM3\ARM_GCC_541\Debug\ColourSensor.a(PWM_colour.o)
                              .\CortexM3\ARM_GCC_541\Debug\colour.o (PWM_colour_WriteCompare)
.\CortexM3\ARM_GCC_541\Debug\ColourSensor.a(PWM_colour_PM.o)
                              .\CortexM3\ARM_GCC_541\Debug\main.o (PWM_colour_Sleep)
.\CortexM3\ARM_GCC_541\Debug\ColourSensor.a(control_led.o)
[...]
Memory Configuration

Name             Origin             Length             Attributes
rom              0x00000000         0x00040000         xr
ram              0x1fff8000         0x00010000         xrw
*default*        0x00000000         0xffffffff

Linker script and memory map

LOAD c:/program files (x86)/cypress/psoc creator/4.2/psoc creator/import/gnu/arm/5.4.1/bin/../lib/gcc/arm-none-eabi/5.4.1/armv7-m/crti.o
LOAD c:/program files (x86)/cypress/psoc creator/4.2/psoc creator/import/gnu/arm/5.4.1/bin/../lib/gcc/arm-none-eabi/5.4.1/armv7-m/crtbegin.o
LOAD c:/program files (x86)/cypress/psoc creator/4.2/psoc creator/import/gnu/arm/5.4.1/bin/../lib/gcc/arm-none-eabi/5.4.1/../../../../arm-none-eabi/lib/armv7-m/crt0.o
START GROUP
LOAD .\CortexM3\ARM_GCC_541\Debug\main.o
LOAD .\CortexM3\ARM_GCC_541\Debug\colour.o
LOAD .\CortexM3\ARM_GCC_541\Debug\ultrasonic.o
LOAD .\CortexM3\ARM_GCC_541\Debug\dcmotor.o
LOAD .\CortexM3\ARM_GCC_541\Debug\servo.o
LOAD .\CortexM3\ARM_GCC_541\Debug\cyfitter_cfg.o
LOAD .\CortexM3\ARM_GCC_541\Debug\cymetadata.o
LOAD .\CortexM3\ARM_GCC_541\Debug\Cm3Start.o
LOAD .\CortexM3\ARM_GCC_541\Debug\ColourSensor.a
LOAD C:\Program Files (x86)\Cypress\PSoC Creator\4.2\PSoC Creator\psoc\content\cycomponentlibrary\CyComponentLibrary.cylib\CortexM3\ARM_GCC_541\Debug\CyComponentLibrary.a
LOAD c:/program files (x86)/cypress/psoc creator/4.2/psoc creator/import/gnu/arm/5.4.1/bin/../lib/gcc/arm-none-eabi/5.4.1/../../../../arm-none-eabi/lib/armv7-m\libm.a
END GROUP
START GROUP
LOAD c:/program files (x86)/cypress/psoc creator/4.2/psoc creator/import/gnu/arm/5.4.1/bin/../lib/gcc/arm-none-eabi/5.4.1/armv7-m\libgcc.a
LOAD c:/program files (x86)/cypress/psoc creator/4.2/psoc creator/import/gnu/arm/5.4.1/bin/../lib/gcc/arm-none-eabi/5.4.1/../../../../arm-none-eabi/lib/armv7-m\libg_nano.a
LOAD c:/program files (x86)/cypress/psoc creator/4.2/psoc creator/import/gnu/arm/5.4.1/bin/../lib/gcc/arm-none-eabi/5.4.1/../../../../arm-none-eabi/lib/armv7-m\libc_nano.a
END GROUP
START GROUP
LOAD c:/program files (x86)/cypress/psoc creator/4.2/psoc creator/import/gnu/arm/5.4.1/bin/../lib/gcc/arm-none-eabi/5.4.1/armv7-m\libgcc.a
LOAD c:/program files (x86)/cypress/psoc creator/4.2/psoc creator/import/gnu/arm/5.4.1/bin/../lib/gcc/arm-none-eabi/5.4.1/../../../../arm-none-eabi/lib/armv7-m\libc_nano.a
END GROUP
LOAD c:/program files (x86)/cypress/psoc creator/4.2/psoc creator/import/gnu/arm/5.4.1/bin/../lib/gcc/arm-none-eabi/5.4.1/armv7-m/crtend.o
LOAD c:/program files (x86)/cypress/psoc creator/4.2/psoc creator/import/gnu/arm/5.4.1/bin/../lib/gcc/arm-none-eabi/5.4.1/armv7-m/crtn.o
START GROUP
LOAD c:/program files (x86)/cypress/psoc creator/4.2/psoc creator/import/gnu/arm/5.4.1/bin/../lib/gcc/arm-none-eabi/5.4.1/armv7-m\libgcc.a
LOAD c:/program files (x86)/cypress/psoc creator/4.2/psoc creator/import/gnu/arm/5.4.1/bin/../lib/gcc/arm-none-eabi/5.4.1/../../../../arm-none-eabi/lib/armv7-m\libc.a
LOAD c:/program files (x86)/cypress/psoc creator/4.2/psoc creator/import/gnu/arm/5.4.1/bin/../lib/gcc/arm-none-eabi/5.4.1/../../../../arm-none-eabi/lib/armv7-m\libnosys.a
END GROUP
                0x00000000                CY_APPL_ORIGIN = 0x0
                0x00000100                CY_FLASH_ROW_SIZE = 0x100
                0x00000020                CY_ECC_ROW_SIZE = 0x20
                0x00000000                CY_EE_IN_BTLDR = 0x0
                0x00000000                CY_APPL_LOADABLE = 0x0
                0x00000800                CY_EE_SIZE = 0x800
                0x00000001                CY_APPL_NUM = 0x1
                0x00000001                CY_APPL_MAX = 0x1
                0x00000040                CY_METADATA_SIZE = 0x40
                0x00000000                CY_APPL_LOADABLE = 0x0
                0x00000000                CY_CHECKSUM_EXCLUDE_SIZE = ALIGN (0x0, CY_FLASH_ROW_SIZE)
                [!provide]                PROVIDE (__cy_heap_start, _end)
                0x00000001                PROVIDE (__cy_region_num, ((__cy_regions_end - __cy_regions) / 0x10))
                0x20008000                PROVIDE (__cy_stack, (ORIGIN (ram) + LENGTH (ram)))
                [!provide]                PROVIDE (__cy_heap_end, (__cy_stack - 0x800))

.cybootloader   0x00000000        0x0
 *(.cybootloader)
                0x00000000                appl1_start = CY_APPL_ORIGIN?CY_APPL_ORIGIN:ALIGN (CY_FLASH_ROW_SIZE)
                0x0001ff00                appl2_start = (appl1_start + ALIGN ((((LENGTH (rom) - appl1_start) - (0x2 * CY_FLASH_ROW_SIZE)) / 0x2), CY_FLASH_ROW_SIZE))
                0x00000000                appl_start = (CY_APPL_NUM == 0x1)?appl1_start:appl2_start
                0x00000000                ecc_offset = ((appl_start / CY_FLASH_ROW_SIZE) * CY_ECC_ROW_SIZE)
                0x00000000                ee_offset = (CY_APPL_LOADABLE && ! (CY_EE_IN_BTLDR))?((CY_EE_SIZE / CY_APPL_MAX) * (CY_APPL_NUM - 0x1)):0x0
                0x00000800                ee_size = (CY_APPL_LOADABLE && ! (CY_EE_IN_BTLDR))?(CY_EE_SIZE / CY_APPL_MAX):CY_EE_SIZE
                [!provide]                PROVIDE (CY_ECC_OFFSET, ecc_offset)

.text           0x00000000     0x6954
 CREATE_OBJECT_SYMBOLS
                0x00000000                PROVIDE (__cy_interrupt_vector, RomVectors)
 *(.romvectors)
 .romvectors    0x00000000       0x10 .\CortexM3\ARM_GCC_541\Debug\Cm3Start.o
                0x00000000                RomVectors
                0x00000001                ASSERT ((. != __cy_interrupt_vector), No interrupt vector)
                0x00000001                ASSERT (CY_APPL_ORIGIN?(SIZEOF (.cybootloader) <= CY_APPL_ORIGIN):0x1, Wrong image location)
                0x00000010                PROVIDE (__cy_reset, Reset)
 *(.text.Reset)
 .text.Reset    0x00000010       0x18 .\CortexM3\ARM_GCC_541\Debug\Cm3Start.o
                0x00000010                Reset
                0x00000001                ASSERT ((. != __cy_reset), No reset code)
 *(.dma_init)
                0x00000001                ASSERT ((((appl_start + .) <= 0x10000) || 0x1), DMA Init must be within the first 64k of flash)
 *(.text .text.* .gnu.linkonce.t.*)
 .text          0x00000028       0x5c c:/program files (x86)/cypress/psoc creator/4.2/psoc creator/import/gnu/arm/5.4.1/bin/../lib/gcc/arm-none-eabi/5.4.1/armv7-m/crtbegin.o
 .text.TIH      0x00000084        0x8 .\CortexM3\ARM_GCC_541\Debug\main.o
                0x00000084                TIH
 .text.StartIH  0x0000008c       0x20 .\CortexM3\ARM_GCC_541\Debug\main.o
                0x0000008c                StartIH
 .text.main     0x000000ac      0x17c .\CortexM3\ARM_GCC_541\Debug\main.o
                0x000000ac                main
 .text.ColourIntialiseViaHardware
                0x00000228       0x94 .\CortexM3\ARM_GCC_541\Debug\colour.o
                0x00000228                ColourIntialiseViaHardware
 .text.ColourSensingViaHardware
                0x000002bc       0x88 .\CortexM3\ARM_GCC_541\Debug\colour.o
                0x000002bc                ColourSensingViaHardware
 .text.ColourOutput
                0x00000344      0x1c4 .\CortexM3\ARM_GCC_541\Debug\colour.o
                0x00000344                ColourOutput
 .text.printSensorToUART
                0x00000508       0x30 .\CortexM3\ARM_GCC_541\Debug\ultrasonic.o
                0x00000508                printSensorToUART
 .text.ultrasonicInterruptHandler
                0x00000538      0x2d4 .\CortexM3\ARM_GCC_541\Debug\ultrasonic.o
                0x00000538                ultrasonicInterruptHandler
 .text.distanceSensor
                0x0000080c       0x80 .\CortexM3\ARM_GCC_541\Debug\ultrasonic.o
                0x0000080c                distanceSensor
 .text.distanceCheck
                0x0000088c       0x2c .\CortexM3\ARM_GCC_541\Debug\ultrasonic.o
                0x0000088c                distanceCheck
 .text.moveForwardABit
                0x000008b8       0x34 .\CortexM3\ARM_GCC_541\Debug\dcmotor.o
                0x000008b8                moveForwardABit
 .text.moveBackwardABit
                0x000008ec       0x34 .\CortexM3\ARM_GCC_541\Debug\dcmotor.o
                0x000008ec                moveBackwardABit
 .text.turnLeftABit
                0x00000920       0x34 .\CortexM3\ARM_GCC_541\Debug\dcmotor.o
                0x00000920                turnLeftABit
 .text.turnRightABit
                0x00000954       0x34 .\CortexM3\ARM_GCC_541\Debug\dcmotor.o
                0x00000954                turnRightABit
 .text.moveForward
                0x00000988       0x14 .\CortexM3\ARM_GCC_541\Debug\dcmotor.o
                0x00000988                moveForward
 .text.moveBackward
                0x0000099c       0x14 .\CortexM3\ARM_GCC_541\Debug\dcmotor.o
                0x0000099c                moveBackward
 .text.turnRight
                0x000009b0       0x14 .\CortexM3\ARM_GCC_541\Debug\dcmotor.o
                0x000009b0                turnRight
 .text.turnLeft
                0x000009c4       0x14 .\CortexM3\ARM_GCC_541\Debug\dcmotor.o
                0x000009c4                turnLeft
 .text.displaceRight
                0x000009d8       0x78 .\CortexM3\ARM_GCC_541\Debug\dcmotor.o
                0x000009d8                displaceRight
 .text.moveForwardIndefinitely
                0x00000a50       0x3c .\CortexM3\ARM_GCC_541\Debug\dcmotor.o
                0x00000a50                moveForwardIndefinitely
 .text.moveBackwardIndefinitely
                0x00000a8c       0x3c .\CortexM3\ARM_GCC_541\Debug\dcmotor.o
                0x00000a8c                moveBackwardIndefinitely
 .text.armOpen  0x00000ac8       0x14 .\CortexM3\ARM_GCC_541\Debug\servo.o
                0x00000ac8                armOpen
 .text.armClose
                0x00000adc       0x14 .\CortexM3\ARM_GCC_541\Debug\servo.o
                0x00000adc                armClose
 .text.armUp    0x00000af0       0x30 .\CortexM3\ARM_GCC_541\Debug\servo.o
                0x00000af0                armUp
 .text.armDown  0x00000b20       0x30 .\CortexM3\ARM_GCC_541\Debug\servo.o
                0x00000b20                armDown
 .text.CyClockStartupError
                0x00000b50        0x4 .\CortexM3\ARM_GCC_541\Debug\cyfitter_cfg.o
 .text.cfg_write_bytes32
                0x00000b54       0x34 .\CortexM3\ARM_GCC_541\Debug\cyfitter_cfg.o
 .text.AnalogSetDefault
                0x00000b88       0x8c .\CortexM3\ARM_GCC_541\Debug\cyfitter_cfg.o
 .text.CYMEMZERO
                0x00000c14        0xc .\CortexM3\ARM_GCC_541\Debug\cyfitter_cfg.o
 .text.CYCONFIGCPY
                0x00000c20        0x8 .\CortexM3\ARM_GCC_541\Debug\cyfitter_cfg.o
 .text.ClockSetup
                0x00000c28      0x120 .\CortexM3\ARM_GCC_541\Debug\cyfitter_cfg.o
 .text.cyfitter_cfg
                0x00000d48      0x158 .\CortexM3\ARM_GCC_541\Debug\cyfitter_cfg.o
                0x00000d48                cyfitter_cfg
 .text.IntDefaultHandler
                0x00000ea0       0x10 .\CortexM3\ARM_GCC_541\Debug\Cm3Start.o
                0x00000ea0                IntDefaultHandler
 .text._sbrk    0x00000eb0       0x30 .\CortexM3\ARM_GCC_541\Debug\Cm3Start.o
                0x00000eb0                _sbrk
 .text.Start_c  0x00000ee0       0x4c .\CortexM3\ARM_GCC_541\Debug\Cm3Start.o
                0x00000ee0                Start_c
 .text.initialize_psoc
                0x00000f2c       0x68 .\CortexM3\ARM_GCC_541\Debug\Cm3Start.o
                0x00000f2c                initialize_psoc
 .text.TIA_1_Enable
                0x00000f94       0x28 .\CortexM3\ARM_GCC_541\Debug\ColourSensor.a(TIA_1.o)
                0x00000f94                TIA_1_Enable
 .text.TIA_1_SetPower
                0x00000fbc       0x18 .\CortexM3\ARM_GCC_541\Debug\ColourSensor.a(TIA_1.o)
                0x00000fbc                TIA_1_SetPower
 .text.TIA_1_SetResFB
                0x00000fd4       0x20 .\CortexM3\ARM_GCC_541\Debug\ColourSensor.a(TIA_1.o)
                0x00000fd4                TIA_1_SetResFB
 .text.TIA_1_SetCapFB
                0x00000ff4       0x20 .\CortexM3\ARM_GCC_541\Debug\ColourSensor.a(TIA_1.o)
                0x00000ff4                TIA_1_SetCapFB
 .text.TIA_1_Init
                0x00001014       0x2c .\CortexM3\ARM_GCC_541\Debug\ColourSensor.a(TIA_1.o)
                0x00001014                TIA_1_Init
 .text.TIA_1_Start
                0x00001040       0x1c .\CortexM3\ARM_GCC_541\Debug\ColourSensor.a(TIA_1.o)
                0x00001040                TIA_1_Start
 .text.CyHalt   0x0000105c        0x4 .\CortexM3\ARM_GCC_541\Debug\ColourSensor.a(CyLib.o)
                0x0000105c                CyHalt
 .text.CyDelay  0x00001060       0x2c .\CortexM3\ARM_GCC_541\Debug\ColourSensor.a(CyLib.o)
                0x00001060                CyDelay
 .text.CyDelayUs
                0x0000108c       0x14 .\CortexM3\ARM_GCC_541\Debug\ColourSensor.a(CyLib.o)
                0x0000108c                CyDelayUs
 .text.CyIntSetVector
                0x000010a0       0x28 .\CortexM3\ARM_GCC_541\Debug\ColourSensor.a(CyLib.o)
                0x000010a0                CyIntSetVector
 .text.CyIntSetPriority
                0x000010c8       0x30 .\CortexM3\ARM_GCC_541\Debug\ColourSensor.a(CyLib.o)
                0x000010c8                CyIntSetPriority
 .text.UART_1_Init
                0x000010f8       0x2c .\CortexM3\ARM_GCC_541\Debug\ColourSensor.a(UART_1.o)
                0x000010f8                UART_1_Init
 .text.UART_1_Enable
                0x00001124       0x38 .\CortexM3\ARM_GCC_541\Debug\ColourSensor.a(UART_1.o)
                0x00001124                UART_1_Enable
 .text.UART_1_Start
                0x0000115c       0x1c .\CortexM3\ARM_GCC_541\Debug\ColourSensor.a(UART_1.o)
                0x0000115c                UART_1_Start
 .text.UART_1_PutChar
                0x00001178       0x18 .\CortexM3\ARM_GCC_541\Debug\ColourSensor.a(UART_1.o)
                0x00001178                UART_1_PutChar
 .text.UART_1_PutString
                0x00001190       0x24 .\CortexM3\ARM_GCC_541\Debug\ColourSensor.a(UART_1.o)
                0x00001190                UART_1_PutString
 .text.UART_1_IntClock_Start
                0x000011b4       0x1c .\CortexM3\ARM_GCC_541\Debug\ColourSensor.a(UART_1_IntClock.o)
                0x000011b4                UART_1_IntClock_Start
 .text.ADC_GainCompensation
                0x000011d0       0xe0 .\CortexM3\ARM_GCC_541\Debug\ColourSensor.a(ADC.o)
 .text.ADC_SetDSMRef0Reg
                0x000012b0       0x4c .\CortexM3\ARM_GCC_541\Debug\ColourSensor.a(ADC.o)
 .text.ADC_InitConfig
                0x000012fc      0x314 .\CortexM3\ARM_GCC_541\Debug\ColourSensor.a(ADC.o)
 .text.ADC_Init
                0x00001610      0x108 .\CortexM3\ARM_GCC_541\Debug\ColourSensor.a(ADC.o)
                0x00001610                ADC_Init
 .text.ADC_Enable
                0x00001718       0xd8 .\CortexM3\ARM_GCC_541\Debug\ColourSensor.a(ADC.o)
                0x00001718                ADC_Enable
 .text.ADC_Start
                0x000017f0       0x28 .\CortexM3\ARM_GCC_541\Debug\ColourSensor.a(ADC.o)
                0x000017f0                ADC_Start
 .text.ADC_StartConvert
                0x00001818       0x10 .\CortexM3\ARM_GCC_541\Debug\ColourSensor.a(ADC.o)
                0x00001818                ADC_StartConvert
 .text.ADC_StopConvert
                0x00001828       0x10 .\CortexM3\ARM_GCC_541\Debug\ColourSensor.a(ADC.o)
                0x00001828                ADC_StopConvert
 .text.ADC_IsEndConversion
                0x00001838       0x30 .\CortexM3\ARM_GCC_541\Debug\ColourSensor.a(ADC.o)
                0x00001838                ADC_IsEndConversion
 .text.ADC_GetResult32
                0x00001868       0x6c .\CortexM3\ARM_GCC_541\Debug\ColourSensor.a(ADC.o)
                0x00001868                ADC_GetResult32
 .text.ADC_Read32
                0x000018d4       0x28 .\CortexM3\ARM_GCC_541\Debug\ColourSensor.a(ADC.o)
                0x000018d4                ADC_Read32
 .text.ADC_ISR1
                0x000018fc        0x4 .\CortexM3\ARM_GCC_541\Debug\ColourSensor.a(ADC_INT.o)
                0x000018fc                ADC_ISR1
 .text.ADC_ISR2
                0x00001900        0x4 .\CortexM3\ARM_GCC_541\Debug\ColourSensor.a(ADC_INT.o)
                0x00001900                ADC_ISR2
 .text.ADC_ISR3
                0x00001904        0x4 .\CortexM3\ARM_GCC_541\Debug\ColourSensor.a(ADC_INT.o)
                0x00001904                ADC_ISR3
 .text.ADC_ISR4
                0x00001908        0x4 .\CortexM3\ARM_GCC_541\Debug\ColourSensor.a(ADC_INT.o)
                0x00001908                ADC_ISR4
 .text.ADC_Ext_CP_Clk_GetDividerRegister
                0x0000190c        0xc .\CortexM3\ARM_GCC_541\Debug\ColourSensor.a(ADC_Ext_CP_Clk.o)
                0x0000190c                ADC_Ext_CP_Clk_GetDividerRegister
 .text.ADC_Ext_CP_Clk_SetModeRegister
                0x00001918       0x14 .\CortexM3\ARM_GCC_541\Debug\ColourSensor.a(ADC_Ext_CP_Clk.o)
                0x00001918                ADC_Ext_CP_Clk_SetModeRegister
 .text.ADC_Ext_CP_Clk_GetSourceRegister
                0x0000192c       0x10 .\CortexM3\ARM_GCC_541\Debug\ColourSensor.a(ADC_Ext_CP_Clk.o)
                0x0000192c                ADC_Ext_CP_Clk_GetSourceRegister
 .text.ADC_Ext_CP_Clk_SetDividerRegister
                0x0000193c       0xd8 .\CortexM3\ARM_GCC_541\Debug\ColourSensor.a(ADC_Ext_CP_Clk.o)
                0x0000193c                ADC_Ext_CP_Clk_SetDividerRegister
 .text.ADC_theACLK_GetDividerRegister
                0x00001a14        0xc .\CortexM3\ARM_GCC_541\Debug\ColourSensor.a(ADC_theACLK.o)
                0x00001a14                ADC_theACLK_GetDividerRegister
 .text.ADC_theACLK_SetModeRegister
                0x00001a20       0x14 .\CortexM3\ARM_GCC_541\Debug\ColourSensor.a(ADC_theACLK.o)
                0x00001a20                ADC_theACLK_SetModeRegister
 .text.ADC_theACLK_GetSourceRegister
                0x00001a34       0x10 .\CortexM3\ARM_GCC_541\Debug\ColourSensor.a(ADC_theACLK.o)
                0x00001a34                ADC_theACLK_GetSourceRegister
 .text.ADC_theACLK_SetDividerRegister
                0x00001a44       0xd8 .\CortexM3\ARM_GCC_541\Debug\ColourSensor.a(ADC_theACLK.o)
                0x00001a44                ADC_theACLK_SetDividerRegister
 .text.IDAC8_1_Enable
                0x00001b1c       0x1c .\CortexM3\ARM_GCC_541\Debug\ColourSensor.a(IDAC8_1.o)
                0x00001b1c                IDAC8_1_Enable
 .text.IDAC8_1_SetSpeed
                0x00001b38       0x1c .\CortexM3\ARM_GCC_541\Debug\ColourSensor.a(IDAC8_1.o)
                0x00001b38                IDAC8_1_SetSpeed
 .text.IDAC8_1_SetValue
                0x00001b54        0xc .\CortexM3\ARM_GCC_541\Debug\ColourSensor.a(IDAC8_1.o)
                0x00001b54                IDAC8_1_SetValue
 .text.IDAC8_1_DacTrim
                0x00001b60       0x34 .\CortexM3\ARM_GCC_541\Debug\ColourSensor.a(IDAC8_1.o)
                0x00001b60                IDAC8_1_DacTrim
 .text.IDAC8_1_Init
                0x00001b94       0x24 .\CortexM3\ARM_GCC_541\Debug\ColourSensor.a(IDAC8_1.o)
                0x00001b94                IDAC8_1_Init
 .text.IDAC8_1_Start
                0x00001bb8       0x24 .\CortexM3\ARM_GCC_541\Debug\ColourSensor.a(IDAC8_1.o)
                0x00001bb8                IDAC8_1_Start
 .text.IDAC8_1_SetRange
                0x00001bdc       0x20 .\CortexM3\ARM_GCC_541\Debug\ColourSensor.a(IDAC8_1.o)
                0x00001bdc                IDAC8_1_SetRange
 .text.Timer_1_Enable
                0x00001bfc       0x10 .\CortexM3\ARM_GCC_541\Debug\ColourSensor.a(Timer_1.o)
                0x00001bfc                Timer_1_Enable
 .text.Timer_1_Stop
                0x00001c0c       0x10 .\CortexM3\ARM_GCC_541\Debug\ColourSensor.a(Timer_1.o)
                0x00001c0c                Timer_1_Stop
 .text.Timer_1_SetInterruptMode
                0x00001c1c        0xc .\CortexM3\ARM_GCC_541\Debug\ColourSensor.a(Timer_1.o)
                0x00001c1c                Timer_1_SetInterruptMode
 .text.Timer_1_ReadStatusRegister
                0x00001c28        0xc .\CortexM3\ARM_GCC_541\Debug\ColourSensor.a(Timer_1.o)
                0x00001c28                Timer_1_ReadStatusRegister
 .text.Timer_1_WritePeriod
                0x00001c34        0xc .\CortexM3\ARM_GCC_541\Debug\ColourSensor.a(Timer_1.o)
                0x00001c34                Timer_1_WritePeriod
 .text.Timer_1_ReadCapture
                0x00001c40        0xc .\CortexM3\ARM_GCC_541\Debug\ColourSensor.a(Timer_1.o)
                0x00001c40                Timer_1_ReadCapture
 .text.Timer_1_WriteCounter
                0x00001c4c        0xc .\CortexM3\ARM_GCC_541\Debug\ColourSensor.a(Timer_1.o)
                0x00001c4c                Timer_1_WriteCounter
 .text.Timer_1_ReadCounter
                0x00001c58       0x14 .\CortexM3\ARM_GCC_541\Debug\ColourSensor.a(Timer_1.o)
                0x00001c58                Timer_1_ReadCounter
 .text.Timer_1_SetInterruptCount
                0x00001c6c       0x1c .\CortexM3\ARM_GCC_541\Debug\ColourSensor.a(Timer_1.o)
                0x00001c6c                Timer_1_SetInterruptCount
 .text.Timer_1_ClearFIFO
                0x00001c88       0x14 .\CortexM3\ARM_GCC_541\Debug\ColourSensor.a(Timer_1.o)
                0x00001c88                Timer_1_ClearFIFO
 .text.Timer_1_Init
                0x00001c9c       0x3c .\CortexM3\ARM_GCC_541\Debug\ColourSensor.a(Timer_1.o)
                0x00001c9c                Timer_1_Init
 .text.Timer_1_Start
                0x00001cd8       0x1c .\CortexM3\ARM_GCC_541\Debug\ColourSensor.a(Timer_1.o)
                0x00001cd8                Timer_1_Start
 .text.Trigger_1_Write
                0x00001cf4       0x18 .\CortexM3\ARM_GCC_541\Debug\ColourSensor.a(Trigger_1.o)
                0x00001cf4                Trigger_1_Write
 .text.isr_1_SetVector
                0x00001d0c        0xc .\CortexM3\ARM_GCC_541\Debug\ColourSensor.a(isr_1.o)
                0x00001d0c                isr_1_SetVector
 .text.isr_1_SetPriority
                0x00001d18       0x10 .\CortexM3\ARM_GCC_541\Debug\ColourSensor.a(isr_1.o)
                0x00001d18                isr_1_SetPriority
 .text.isr_1_Enable
                0x00001d28        0xc .\CortexM3\ARM_GCC_541\Debug\ColourSensor.a(isr_1.o)
                0x00001d28                isr_1_Enable
 .text.isr_1_Disable
                0x00001d34        0xc .\CortexM3\ARM_GCC_541\Debug\ColourSensor.a(isr_1.o)
                0x00001d34                isr_1_Disable
 .text.isr_1_StartEx
                0x00001d40       0x1c .\CortexM3\ARM_GCC_541\Debug\ColourSensor.a(isr_1.o)
                0x00001d40                isr_1_StartEx
 .text.Trigger_2_Write
                0x00001d5c       0x18 .\CortexM3\ARM_GCC_541\Debug\ColourSensor.a(Trigger_2.o)
                0x00001d5c                Trigger_2_Write
 .text.Trigger_3_Write
                0x00001d74       0x18 .\CortexM3\ARM_GCC_541\Debug\ColourSensor.a(Trigger_3.o)
                0x00001d74                Trigger_3_Write
 .text.Trigger_4_Write
                0x00001d8c       0x18 .\CortexM3\ARM_GCC_541\Debug\ColourSensor.a(Trigger_4.o)
                0x00001d8c                Trigger_4_Write
 .text.Trigger_5_Write
                0x00001da4       0x18 .\CortexM3\ARM_GCC_541\Debug\ColourSensor.a(Trigger_5.o)
                0x00001da4                Trigger_5_Write
 .text.Ultrasonic_Mux_Control_Write
                0x00001dbc        0xc .\CortexM3\ARM_GCC_541\Debug\ColourSensor.a(Ultrasonic_Mux_Control.o)
                0x00001dbc                Ultrasonic_Mux_Control_Write
 .text.Motor_2_driver_Enable
                0x00001dc8       0x10 .\CortexM3\ARM_GCC_541\Debug\ColourSensor.a(Motor_2_driver.o)
                0x00001dc8                Motor_2_driver_Enable
 .text.Motor_2_driver_Stop
                0x00001dd8       0x10 .\CortexM3\ARM_GCC_541\Debug\ColourSensor.a(Motor_2_driver.o)
                0x00001dd8                Motor_2_driver_Stop
 .text.Motor_2_driver_WriteCounter
                0x00001de8        0xc .\CortexM3\ARM_GCC_541\Debug\ColourSensor.a(Motor_2_driver.o)
                0x00001de8                Motor_2_driver_WriteCounter
 .text.Motor_2_driver_ReadCounter
                0x00001df4       0x14 .\CortexM3\ARM_GCC_541\Debug\ColourSensor.a(Motor_2_driver.o)
                0x00001df4                Motor_2_driver_ReadCounter
 .text.Motor_2_driver_WritePeriod
                0x00001e08        0xc .\CortexM3\ARM_GCC_541\Debug\ColourSensor.a(Motor_2_driver.o)
                0x00001e08                Motor_2_driver_WritePeriod
 .text.Motor_2_driver_WriteCompare1
                0x00001e14        0xc .\CortexM3\ARM_GCC_541\Debug\ColourSensor.a(Motor_2_driver.o)
                0x00001e14                Motor_2_driver_WriteCompare1
 .text.Motor_2_driver_WriteCompare2
                0x00001e20        0xc .\CortexM3\ARM_GCC_541\Debug\ColourSensor.a(Motor_2_driver.o)
                0x00001e20                Motor_2_driver_WriteCompare2
 .text.Motor_2_driver_SetInterruptMode
                0x00001e2c        0xc .\CortexM3\ARM_GCC_541\Debug\ColourSensor.a(Motor_2_driver.o)
                0x00001e2c                Motor_2_driver_SetInterruptMode
 .text.Motor_2_driver_ReadStatusRegister
                0x00001e38        0xc .\CortexM3\ARM_GCC_541\Debug\ColourSensor.a(Motor_2_driver.o)
                0x00001e38                Motor_2_driver_ReadStatusRegister
 .text.Motor_2_driver_ReadControlRegister
                0x00001e44        0xc .\CortexM3\ARM_GCC_541\Debug\ColourSensor.a(Motor_2_driver.o)
                0x00001e44                Motor_2_driver_ReadControlRegister
 .text.Motor_2_driver_WriteControlRegister
                0x00001e50        0xc .\CortexM3\ARM_GCC_541\Debug\ColourSensor.a(Motor_2_driver.o)
                0x00001e50                Motor_2_driver_WriteControlRegister
 .text.Motor_2_driver_ReadCapture
                0x00001e5c        0xc .\CortexM3\ARM_GCC_541\Debug\ColourSensor.a(Motor_2_driver.o)
                0x00001e5c                Motor_2_driver_ReadCapture
 .text.Motor_2_driver_ClearFIFO
                0x00001e68       0x14 .\CortexM3\ARM_GCC_541\Debug\ColourSensor.a(Motor_2_driver.o)
                0x00001e68                Motor_2_driver_ClearFIFO
 .text.Motor_2_driver_Init
                0x00001e7c       0x68 .\CortexM3\ARM_GCC_541\Debug\ColourSensor.a(Motor_2_driver.o)
                0x00001e7c                Motor_2_driver_Init
 .text.Motor_2_driver_Start
                0x00001ee4       0x1c .\CortexM3\ARM_GCC_541\Debug\ColourSensor.a(Motor_2_driver.o)
                0x00001ee4                Motor_2_driver_Start
 .text.Motor_2_driver_ReadPeriod
                0x00001f00        0xc .\CortexM3\ARM_GCC_541\Debug\ColourSensor.a(Motor_2_driver.o)
                0x00001f00                Motor_2_driver_ReadPeriod
 .text.Motor_2_driver_SaveConfig
                0x00001f0c       0x28 .\CortexM3\ARM_GCC_541\Debug\ColourSensor.a(Motor_2_driver_PM.o)
                0x00001f0c                Motor_2_driver_SaveConfig
 .text.Motor_2_driver_RestoreConfig
                0x00001f34       0x28 .\CortexM3\ARM_GCC_541\Debug\ColourSensor.a(Motor_2_driver_PM.o)
                0x00001f34                Motor_2_driver_RestoreConfig
 .text.Motor_2_driver_Sleep
                0x00001f5c       0x2c .\CortexM3\ARM_GCC_541\Debug\ColourSensor.a(Motor_2_driver_PM.o)
                0x00001f5c                Motor_2_driver_Sleep
 .text.Motor_2_driver_Wakeup
                0x00001f88       0x18 .\CortexM3\ARM_GCC_541\Debug\ColourSensor.a(Motor_2_driver_PM.o)
                0x00001f88                Motor_2_driver_Wakeup
 .text.Motor_1_driver_Enable
                0x00001fa0       0x10 .\CortexM3\ARM_GCC_541\Debug\ColourSensor.a(Motor_1_driver.o)
                0x00001fa0                Motor_1_driver_Enable
 .text.Motor_1_driver_Stop
                0x00001fb0       0x10 .\CortexM3\ARM_GCC_541\Debug\ColourSensor.a(Motor_1_driver.o)
                0x00001fb0                Motor_1_driver_Stop
 .text.Motor_1_driver_WriteCounter
                0x00001fc0        0xc .\CortexM3\ARM_GCC_541\Debug\ColourSensor.a(Motor_1_driver.o)
                0x00001fc0                Motor_1_driver_WriteCounter
 .text.Motor_1_driver_ReadCounter
                0x00001fcc       0x14 .\CortexM3\ARM_GCC_541\Debug\ColourSensor.a(Motor_1_driver.o)
                0x00001fcc                Motor_1_driver_ReadCounter
 .text.Motor_1_driver_WritePeriod
                0x00001fe0        0xc .\CortexM3\ARM_GCC_541\Debug\ColourSensor.a(Motor_1_driver.o)
                0x00001fe0                Motor_1_driver_WritePeriod
 .text.Motor_1_driver_WriteCompare1
                0x00001fec        0xc .\CortexM3\ARM_GCC_541\Debug\ColourSensor.a(Motor_1_driver.o)
                0x00001fec                Motor_1_driver_WriteCompare1
 .text.Motor_1_driver_WriteCompare2
                0x00001ff8        0xc .\CortexM3\ARM_GCC_541\Debug\ColourSensor.a(Motor_1_driver.o)
                0x00001ff8                Motor_1_driver_WriteCompare2
 .text.Motor_1_driver_SetInterruptMode
                0x00002004        0xc .\CortexM3\ARM_GCC_541\Debug\ColourSensor.a(Motor_1_driver.o)
                0x00002004                Motor_1_driver_SetInterruptMode
 .text.Motor_1_driver_ReadStatusRegister
                0x00002010        0xc .\CortexM3\ARM_GCC_541\Debug\ColourSensor.a(Motor_1_driver.o)
                0x00002010                Motor_1_driver_ReadStatusRegister
 .text.Motor_1_driver_ReadControlRegister
                0x0000201c        0xc .\CortexM3\ARM_GCC_541\Debug\ColourSensor.a(Motor_1_driver.o)
                0x0000201c                Motor_1_driver_ReadControlRegister
 .text.Motor_1_driver_WriteControlRegister
                0x00002028        0xc .\CortexM3\ARM_GCC_541\Debug\ColourSensor.a(Motor_1_driver.o)
                0x00002028                Motor_1_driver_WriteControlRegister
 .text.Motor_1_driver_ReadCapture
                0x00002034        0xc .\CortexM3\ARM_GCC_541\Debug\ColourSensor.a(Motor_1_driver.o)
                0x00002034                Motor_1_driver_ReadCapture
 .text.Motor_1_driver_ClearFIFO
                0x00002040       0x14 .\CortexM3\ARM_GCC_541\Debug\ColourSensor.a(Motor_1_driver.o)
                0x00002040                Motor_1_driver_ClearFIFO
 .text.Motor_1_driver_Init
                0x00002054       0x64 .\CortexM3\ARM_GCC_541\Debug\ColourSensor.a(Motor_1_driver.o)
                0x00002054                Motor_1_driver_Init
 .text.Motor_1_driver_Start
                0x000020b8       0x1c .\CortexM3\ARM_GCC_541\Debug\ColourSensor.a(Motor_1_driver.o)
                0x000020b8                Motor_1_driver_Start
 .text.Motor_1_driver_ReadPeriod
                0x000020d4        0xc .\CortexM3\ARM_GCC_541\Debug\ColourSensor.a(Motor_1_driver.o)
                0x000020d4                Motor_1_driver_ReadPeriod
 .text.Motor_1_driver_SaveConfig
                0x000020e0       0x28 .\CortexM3\ARM_GCC_541\Debug\ColourSensor.a(Motor_1_driver_PM.o)
                0x000020e0                Motor_1_driver_SaveConfig
 .text.Motor_1_driver_RestoreConfig
                0x00002108       0x28 .\CortexM3\ARM_GCC_541\Debug\ColourSensor.a(Motor_1_driver_PM.o)
                0x00002108                Motor_1_driver_RestoreConfig
 .text.Motor_1_driver_Sleep
                0x00002130       0x2c .\CortexM3\ARM_GCC_541\Debug\ColourSensor.a(Motor_1_driver_PM.o)
                0x00002130                Motor_1_driver_Sleep
 .text.Motor_1_driver_Wakeup
                0x0000215c       0x18 .\CortexM3\ARM_GCC_541\Debug\ColourSensor.a(Motor_1_driver_PM.o)
                0x0000215c                Motor_1_driver_Wakeup
 .text.Gripper_Servo_PWM_Enable
                0x00002174       0x28 .\CortexM3\ARM_GCC_541\Debug\ColourSensor.a(Gripper_Servo_PWM.o)
                0x00002174                Gripper_Servo_PWM_Enable
 .text.Gripper_Servo_PWM_WritePeriod
                0x0000219c        0xc .\CortexM3\ARM_GCC_541\Debug\ColourSensor.a(Gripper_Servo_PWM.o)
                0x0000219c                Gripper_Servo_PWM_WritePeriod
 .text.Gripper_Servo_PWM_WriteCompare
                0x000021a8        0xc .\CortexM3\ARM_GCC_541\Debug\ColourSensor.a(Gripper_Servo_PWM.o)
                0x000021a8                Gripper_Servo_PWM_WriteCompare
 .text.Gripper_Servo_PWM_SetInterruptMode
                0x000021b4        0xc .\CortexM3\ARM_GCC_541\Debug\ColourSensor.a(Gripper_Servo_PWM.o)
                0x000021b4                Gripper_Servo_PWM_SetInterruptMode
 .text.Gripper_Servo_PWM_Init
                0x000021c0       0x78 .\CortexM3\ARM_GCC_541\Debug\ColourSensor.a(Gripper_Servo_PWM.o)
                0x000021c0                Gripper_Servo_PWM_Init
 .text.Gripper_Servo_PWM_Start
                0x00002238       0x1c .\CortexM3\ARM_GCC_541\Debug\ColourSensor.a(Gripper_Servo_PWM.o)
                0x00002238                Gripper_Servo_PWM_Start
 .text.Rack_Servo_PWM_Enable
                0x00002254       0x28 .\CortexM3\ARM_GCC_541\Debug\ColourSensor.a(Rack_Servo_PWM.o)
                0x00002254                Rack_Servo_PWM_Enable
 .text.Rack_Servo_PWM_WritePeriod
                0x0000227c        0xc .\CortexM3\ARM_GCC_541\Debug\ColourSensor.a(Rack_Servo_PWM.o)
                0x0000227c                Rack_Servo_PWM_WritePeriod
 .text.Rack_Servo_PWM_WriteCompare
                0x00002288        0xc .\CortexM3\ARM_GCC_541\Debug\ColourSensor.a(Rack_Servo_PWM.o)
                0x00002288                Rack_Servo_PWM_WriteCompare
 .text.Rack_Servo_PWM_SetInterruptMode
                0x00002294        0xc .\CortexM3\ARM_GCC_541\Debug\ColourSensor.a(Rack_Servo_PWM.o)
                0x00002294                Rack_Servo_PWM_SetInterruptMode
 .text.Rack_Servo_PWM_Init
                0x000022a0       0x78 .\CortexM3\ARM_GCC_541\Debug\ColourSensor.a(Rack_Servo_PWM.o)
                0x000022a0                Rack_Servo_PWM_Init
 .text.Rack_Servo_PWM_Start
                0x00002318       0x1c .\CortexM3\ARM_GCC_541\Debug\ColourSensor.a(Rack_Servo_PWM.o)
                0x00002318                Rack_Servo_PWM_Start
 .text.Rack_Servo_PWM_ReadCompare
                0x00002334        0xc .\CortexM3\ARM_GCC_541\Debug\ColourSensor.a(Rack_Servo_PWM.o)
                0x00002334                Rack_Servo_PWM_ReadCompare
 .text.PWM_colour_Enable
                0x00002340       0x10 .\CortexM3\ARM_GCC_541\Debug\ColourSensor.a(PWM_colour.o)
                0x00002340                PWM_colour_Enable
 .text.PWM_colour_Stop
                0x00002350       0x10 .\CortexM3\ARM_GCC_541\Debug\ColourSensor.a(PWM_colour.o)
                0x00002350                PWM_colour_Stop
 .text.PWM_colour_WriteCounter
                0x00002360        0xc .\CortexM3\ARM_GCC_541\Debug\ColourSensor.a(PWM_colour.o)
                0x00002360                PWM_colour_WriteCounter
 .text.PWM_colour_ReadCounter
                0x0000236c       0x14 .\CortexM3\ARM_GCC_541\Debug\ColourSensor.a(PWM_colour.o)
                0x0000236c                PWM_colour_ReadCounter
 .text.PWM_colour_WritePeriod
                0x00002380        0xc .\CortexM3\ARM_GCC_541\Debug\ColourSensor.a(PWM_colour.o)
                0x00002380                PWM_colour_WritePeriod
 .text.PWM_colour_WriteCompare
                0x0000238c        0xc .\CortexM3\ARM_GCC_541\Debug\ColourSensor.a(PWM_colour.o)
                0x0000238c                PWM_colour_WriteCompare
 .text.PWM_colour_SetInterruptMode
                0x00002398        0xc .\CortexM3\ARM_GCC_541\Debug\ColourSensor.a(PWM_colour.o)
                0x00002398                PWM_colour_SetInterruptMode
 .text.PWM_colour_ReadStatusRegister
                0x000023a4        0xc .\CortexM3\ARM_GCC_541\Debug\ColourSensor.a(PWM_colour.o)
                0x000023a4                PWM_colour_ReadStatusRegister
 .text.PWM_colour_ReadControlRegister
                0x000023b0        0xc .\CortexM3\ARM_GCC_541\Debug\ColourSensor.a(PWM_colour.o)
                0x000023b0                PWM_colour_ReadControlRegister
 .text.PWM_colour_WriteControlRegister
                0x000023bc        0xc .\CortexM3\ARM_GCC_541\Debug\ColourSensor.a(PWM_colour.o)
                0x000023bc                PWM_colour_WriteControlRegister
 .text.PWM_colour_ReadCapture
                0x000023c8        0xc .\CortexM3\ARM_GCC_541\Debug\ColourSensor.a(PWM_colour.o)
                0x000023c8                PWM_colour_ReadCapture
 .text.PWM_colour_ClearFIFO
                0x000023d4       0x14 .\CortexM3\ARM_GCC_541\Debug\ColourSensor.a(PWM_colour.o)
                0x000023d4                PWM_colour_ClearFIFO
 .text.PWM_colour_Init
                0x000023e8       0x54 .\CortexM3\ARM_GCC_541\Debug\ColourSensor.a(PWM_colour.o)
                0x000023e8                PWM_colour_Init
 .text.PWM_colour_Start
                0x0000243c       0x1c .\CortexM3\ARM_GCC_541\Debug\ColourSensor.a(PWM_colour.o)
                0x0000243c                PWM_colour_Start
 .text.PWM_colour_ReadPeriod
                0x00002458        0xc .\CortexM3\ARM_GCC_541\Debug\ColourSensor.a(PWM_colour.o)
                0x00002458                PWM_colour_ReadPeriod
 .text.PWM_colour_SaveConfig
                0x00002464       0x28 .\CortexM3\ARM_GCC_541\Debug\ColourSensor.a(PWM_colour_PM.o)
                0x00002464                PWM_colour_SaveConfig
 .text.PWM_colour_RestoreConfig
                0x0000248c       0x28 .\CortexM3\ARM_GCC_541\Debug\ColourSensor.a(PWM_colour_PM.o)
                0x0000248c                PWM_colour_RestoreConfig
 .text.PWM_colour_Sleep
                0x000024b4       0x2c .\CortexM3\ARM_GCC_541\Debug\ColourSensor.a(PWM_colour_PM.o)
                0x000024b4                PWM_colour_Sleep
 .text.PWM_colour_Wakeup
                0x000024e0       0x18 .\CortexM3\ARM_GCC_541\Debug\ColourSensor.a(PWM_colour_PM.o)
                0x000024e0                PWM_colour_Wakeup
 .text.control_led_Write
                0x000024f8        0xc .\CortexM3\ARM_GCC_541\Debug\ColourSensor.a(control_led.o)
                0x000024f8                control_led_Write
 .text.control_photodiode_Write
                0x00002504        0xc .\CortexM3\ARM_GCC_541\Debug\ColourSensor.a(control_photodiode.o)
                0x00002504                control_photodiode_Write
 .text.Start_SetVector
                0x00002510        0xc .\CortexM3\ARM_GCC_541\Debug\ColourSensor.a(Start.o)
                0x00002510                Start_SetVector
 .text.Start_SetPriority
                0x0000251c       0x10 .\CortexM3\ARM_GCC_541\Debug\ColourSensor.a(Start.o)
                0x0000251c                Start_SetPriority
 .text.Start_Enable
                0x0000252c        0xc .\CortexM3\ARM_GCC_541\Debug\ColourSensor.a(Start.o)
                0x0000252c                Start_Enable
 .text.Start_Disable
                0x00002538        0xc .\CortexM3\ARM_GCC_541\Debug\ColourSensor.a(Start.o)
                0x00002538                Start_Disable
 .text.Start_StartEx
                0x00002544       0x1c .\CortexM3\ARM_GCC_541\Debug\ColourSensor.a(Start.o)
                0x00002544                Start_StartEx
 .text          0x00002560       0x20 .\CortexM3\ARM_GCC_541\Debug\ColourSensor.a(CyBootAsmGnu.o)
                0x00002560                CyDelayCycles
                0x00002570                CyEnterCriticalSection
                0x00002578                CyExitCriticalSection
 .text.sin      0x00002580       0x90 c:/program files (x86)/cypress/psoc creator/4.2/psoc creator/import/gnu/arm/5.4.1/bin/../lib/gcc/arm-none-eabi/5.4.1/../../../../arm-none-eabi/lib/armv7-m\libm.a(lib_a-s_sin.o)
                0x00002580                sin
 .text.tan      0x00002610       0x60 c:/program files (x86)/cypress/psoc creator/4.2/psoc creator/import/gnu/arm/5.4.1/bin/../lib/gcc/arm-none-eabi/5.4.1/../../../../arm-none-eabi/lib/armv7-m\libm.a(lib_a-s_tan.o)
                0x00002610                tan
 .text.__ieee754_rem_pio2
                0x00002670      0x42c c:/program files (x86)/cypress/psoc creator/4.2/psoc creator/import/gnu/arm/5.4.1/bin/../lib/gcc/arm-none-eabi/5.4.1/../../../../arm-none-eabi/lib/armv7-m\libm.a(lib_a-e_rem_pio2.o)
                0x00002670                __ieee754_rem_pio2
 *fill*         0x00002a9c        0x4 
 .text.__kernel_cos
                0x00002aa0      0x248 c:/program files (x86)/cypress/psoc creator/4.2/psoc creator/import/gnu/arm/5.4.1/bin/../lib/gcc/arm-none-eabi/5.4.1/../../../../arm-none-eabi/lib/armv7-m\libm.a(lib_a-k_cos.o)
                0x00002aa0                __kernel_cos
 .text.__kernel_rem_pio2
                0x00002ce8      0x7f0 c:/program files (x86)/cypress/psoc creator/4.2/psoc creator/import/gnu/arm/5.4.1/bin/../lib/gcc/arm-none-eabi/5.4.1/../../../../arm-none-eabi/lib/armv7-m\libm.a(lib_a-k_rem_pio2.o)
                0x00002ce8                __kernel_rem_pio2
 .text.__kernel_sin
                0x000034d8      0x16c c:/program files (x86)/cypress/psoc creator/4.2/psoc creator/import/gnu/arm/5.4.1/bin/../lib/gcc/arm-none-eabi/5.4.1/../../../../arm-none-eabi/lib/armv7-m\libm.a(lib_a-k_sin.o)
                0x000034d8                __kernel_sin
 *fill*         0x00003644        0x4 
 .text.__kernel_tan
                0x00003648      0x390 c:/program files (x86)/cypress/psoc creator/4.2/psoc creator/import/gnu/arm/5.4.1/bin/../lib/gcc/arm-none-eabi/5.4.1/../../../../arm-none-eabi/lib/armv7-m\libm.a(lib_a-k_tan.o)
                0x00003648                __kernel_tan
 .text.fabs     0x000039d8        0x8 c:/program files (x86)/cypress/psoc creator/4.2/psoc creator/import/gnu/arm/5.4.1/bin/../lib/gcc/arm-none-eabi/5.4.1/../../../../arm-none-eabi/lib/armv7-m\libm.a(lib_a-s_fabs.o)
                0x000039d8                fabs
 .text.floor    0x000039e0      0x110 c:/program files (x86)/cypress/psoc creator/4.2/psoc creator/import/gnu/arm/5.4.1/bin/../lib/gcc/arm-none-eabi/5.4.1/../../../../arm-none-eabi/lib/armv7-m\libm.a(lib_a-s_floor.o)
                0x000039e0                floor
 .text.scalbn   0x00003af0       0xe4 c:/program files (x86)/cypress/psoc creator/4.2/psoc creator/import/gnu/arm/5.4.1/bin/../lib/gcc/arm-none-eabi/5.4.1/../../../../arm-none-eabi/lib/armv7-m\libm.a(lib_a-s_scalbn.o)
                0x00003af0                scalbn
 .text.copysign
                0x00003bd4       0x10 c:/program files (x86)/cypress/psoc creator/4.2/psoc creator/import/gnu/arm/5.4.1/bin/../lib/gcc/arm-none-eabi/5.4.1/../../../../arm-none-eabi/lib/armv7-m\libm.a(lib_a-s_copysign.o)
                0x00003bd4                copysign
 .text          0x00003be4      0x370 c:/program files (x86)/cypress/psoc creator/4.2/psoc creator/import/gnu/arm/5.4.1/bin/../lib/gcc/arm-none-eabi/5.4.1/armv7-m\libgcc.a(_arm_addsubdf3.o)
                0x00003be4                __aeabi_drsub
                0x00003bec                __aeabi_dsub
                0x00003bec                __subdf3
                0x00003bf0                __aeabi_dadd
                0x00003bf0                __adddf3
                0x00003e68                __floatunsidf
                0x00003e68                __aeabi_ui2d
                0x00003e88                __floatsidf
                0x00003e88                __aeabi_i2d
                0x00003eac                __aeabi_f2d
                0x00003eac                __extendsfdf2
                0x00003ee8                __floatundidf
                0x00003ee8                __aeabi_ul2d
                0x00003ef8                __floatdidf
                0x00003ef8                __aeabi_l2d
 .text          0x00003f54      0x424 c:/program files (x86)/cypress/psoc creator/4.2/psoc creator/import/gnu/arm/5.4.1/bin/../lib/gcc/arm-none-eabi/5.4.1/armv7-m\libgcc.a(_arm_muldivdf3.o)
                0x00003f54                __aeabi_dmul
                0x00003f54                __muldf3
                0x000041a8                __divdf3
                0x000041a8                __aeabi_ddiv
 .text          0x00004378      0x110 c:/program files (x86)/cypress/psoc creator/4.2/psoc creator/import/gnu/arm/5.4.1/bin/../lib/gcc/arm-none-eabi/5.4.1/armv7-m\libgcc.a(_arm_cmpdf2.o)
                0x00004378                __gtdf2
                0x00004378                __gedf2
                0x00004380                __ltdf2
                0x00004380                __ledf2
                0x00004388                __nedf2
                0x00004388                __eqdf2
                0x00004388                __cmpdf2
                0x00004404                __aeabi_cdrcmple
                0x00004414                __aeabi_cdcmpeq
                0x00004414                __aeabi_cdcmple
                0x00004424                __aeabi_dcmpeq
                0x00004438                __aeabi_dcmplt
                0x0000444c                __aeabi_dcmple
                0x00004460                __aeabi_dcmpge
                0x00004474                __aeabi_dcmpgt
 .text          0x00004488       0x50 c:/program files (x86)/cypress/psoc creator/4.2/psoc creator/import/gnu/arm/5.4.1/bin/../lib/gcc/arm-none-eabi/5.4.1/armv7-m\libgcc.a(_arm_fixdfsi.o)
                0x00004488                __aeabi_d2iz
                0x00004488                __fixdfsi
 .text          0x000044d8       0xa0 c:/program files (x86)/cypress/psoc creator/4.2/psoc creator/import/gnu/arm/5.4.1/bin/../lib/gcc/arm-none-eabi/5.4.1/armv7-m\libgcc.a(_arm_truncdfsf2.o)
                0x000044d8                __truncdfsf2
                0x000044d8                __aeabi_d2f
 .text          0x00004578      0x21c c:/program files (x86)/cypress/psoc creator/4.2/psoc creator/import/gnu/arm/5.4.1/bin/../lib/gcc/arm-none-eabi/5.4.1/armv7-m\libgcc.a(_arm_addsubsf3.o)
                0x00004578                __aeabi_frsub
                0x00004580                __subsf3
                0x00004580                __aeabi_fsub
                0x00004584                __aeabi_fadd
                0x00004584                __addsf3
                0x000046e4                __aeabi_ui2f
                0x000046e4                __floatunsisf
                0x000046ec                __aeabi_i2f
                0x000046ec                __floatsisf
                0x00004708                __aeabi_ul2f
                0x00004708                __floatundisf
                0x00004718                __aeabi_l2f
                0x00004718                __floatdisf
 .text          0x00004794       0xec c:/program files (x86)/cypress/psoc creator/4.2/psoc creator/import/gnu/arm/5.4.1/bin/../lib/gcc/arm-none-eabi/5.4.1/armv7-m\libgcc.a(_arm_cmpsf2.o)
                0x00004794                __gesf2
                0x00004794                __gtsf2
                0x0000479c                __lesf2
                0x0000479c                __ltsf2
                0x000047a4                __nesf2
                0x000047a4                __eqsf2
                0x000047a4                __cmpsf2
                0x00004804                __aeabi_cfrcmple
                0x0000480c                __aeabi_cfcmpeq
                0x0000480c                __aeabi_cfcmple
                0x0000481c                __aeabi_fcmpeq
                0x00004830                __aeabi_fcmplt
                0x00004844                __aeabi_fcmple
                0x00004858                __aeabi_fcmpge
                0x0000486c                __aeabi_fcmpgt
 .text.__errno  0x00004880        0xc c:/program files (x86)/cypress/psoc creator/4.2/psoc creator/import/gnu/arm/5.4.1/bin/../lib/gcc/arm-none-eabi/5.4.1/../../../../arm-none-eabi/lib/armv7-m\libg_nano.a(lib_a-errno.o)
                0x00004880                __errno
 .text.__libc_init_array
                0x0000488c       0x4c c:/program files (x86)/cypress/psoc creator/4.2/psoc creator/import/gnu/arm/5.4.1/bin/../lib/gcc/arm-none-eabi/5.4.1/../../../../arm-none-eabi/lib/armv7-m\libg_nano.a(lib_a-init.o)
                0x0000488c                __libc_init_array
 .text.memcpy   0x000048d8       0x16 c:/program files (x86)/cypress/psoc creator/4.2/psoc creator/import/gnu/arm/5.4.1/bin/../lib/gcc/arm-none-eabi/5.4.1/../../../../arm-none-eabi/lib/armv7-m\libg_nano.a(lib_a-memcpy-stub.o)
                0x000048d8                memcpy
 .text.memset   0x000048ee       0x10 c:/program files (x86)/cypress/psoc creator/4.2/psoc creator/import/gnu/arm/5.4.1/bin/../lib/gcc/arm-none-eabi/5.4.1/../../../../arm-none-eabi/lib/armv7-m\libg_nano.a(lib_a-memset.o)
                0x000048ee                memset
 .text.__cvt    0x000048fe       0xc0 c:/program files (x86)/cypress/psoc creator/4.2/psoc creator/import/gnu/arm/5.4.1/bin/../lib/gcc/arm-none-eabi/5.4.1/../../../../arm-none-eabi/lib/armv7-m\libg_nano.a(lib_a-nano-vfprintf_float.o)
                0x000048fe                __cvt
 .text.__exponent
                0x000049be       0x62 c:/program files (x86)/cypress/psoc creator/4.2/psoc creator/import/gnu/arm/5.4.1/bin/../lib/gcc/arm-none-eabi/5.4.1/../../../../arm-none-eabi/lib/armv7-m\libg_nano.a(lib_a-nano-vfprintf_float.o)
                0x000049be                __exponent
 .text._printf_float
                0x00004a20      0x488 c:/program files (x86)/cypress/psoc creator/4.2/psoc creator/import/gnu/arm/5.4.1/bin/../lib/gcc/arm-none-eabi/5.4.1/../../../../arm-none-eabi/lib/armv7-m\libg_nano.a(lib_a-nano-vfprintf_float.o)
                0x00004a20                _printf_float
 .text._printf_common
                0x00004ea8       0xec c:/program files (x86)/cypress/psoc creator/4.2/psoc creator/import/gnu/arm/5.4.1/bin/../lib/gcc/arm-none-eabi/5.4.1/../../../../arm-none-eabi/lib/armv7-m\libg_nano.a(lib_a-nano-vfprintf_i.o)
                0x00004ea8                _printf_common
 .text._printf_i
                0x00004f94      0x24c c:/program files (x86)/cypress/psoc creator/4.2/psoc creator/import/gnu/arm/5.4.1/bin/../lib/gcc/arm-none-eabi/5.4.1/../../../../arm-none-eabi/lib/armv7-m\libg_nano.a(lib_a-nano-vfprintf_i.o)
                0x00004f94                _printf_i
 .text.sprintf  0x000051e0       0x48 c:/program files (x86)/cypress/psoc creator/4.2/psoc creator/import/gnu/arm/5.4.1/bin/../lib/gcc/arm-none-eabi/5.4.1/../../../../arm-none-eabi/lib/armv7-m\libg_nano.a(lib_a-sprintf.o)
                0x000051e0                siprintf
                0x000051e0                sprintf
 .text          0x00005228       0x10 c:/program files (x86)/cypress/psoc creator/4.2/psoc creator/import/gnu/arm/5.4.1/bin/../lib/gcc/arm-none-eabi/5.4.1/../../../../arm-none-eabi/lib/armv7-m\libg_nano.a(lib_a-strlen.o)
                0x00005228                strlen
 .text.quorem   0x00005238      0x116 c:/program files (x86)/cypress/psoc creator/4.2/psoc creator/import/gnu/arm/5.4.1/bin/../lib/gcc/arm-none-eabi/5.4.1/../../../../arm-none-eabi/lib/armv7-m\libg_nano.a(lib_a-dtoa.o)
 *fill*         0x0000534e        0x2 
 .text._dtoa_r  0x00005350      0xb30 c:/program files (x86)/cypress/psoc creator/4.2/psoc creator/import/gnu/arm/5.4.1/bin/../lib/gcc/arm-none-eabi/5.4.1/../../../../arm-none-eabi/lib/armv7-m\libg_nano.a(lib_a-dtoa.o)
                0x00005350                _dtoa_r
 .text._localeconv_r
                0x00005e80        0x8 c:/program files (x86)/cypress/psoc creator/4.2/psoc creator/import/gnu/arm/5.4.1/bin/../lib/gcc/arm-none-eabi/5.4.1/../../../../arm-none-eabi/lib/armv7-m\libg_nano.a(lib_a-locale.o)
                0x00005e80                _localeconv_r
 .text.malloc   0x00005e88       0x10 c:/program files (x86)/cypress/psoc creator/4.2/psoc creator/import/gnu/arm/5.4.1/bin/../lib/gcc/arm-none-eabi/5.4.1/../../../../arm-none-eabi/lib/armv7-m\libg_nano.a(lib_a-malloc.o)
                0x00005e88                malloc
 .text.memchr   0x00005e98       0x1c c:/program files (x86)/cypress/psoc creator/4.2/psoc creator/import/gnu/arm/5.4.1/bin/../lib/gcc/arm-none-eabi/5.4.1/../../../../arm-none-eabi/lib/armv7-m\libg_nano.a(lib_a-memchr-stub.o)
                0x00005e98                memchr
 .text._Balloc  0x00005eb4       0x6a c:/program files (x86)/cypress/psoc creator/4.2/psoc creator/import/gnu/arm/5.4.1/bin/../lib/gcc/arm-none-eabi/5.4.1/../../../../arm-none-eabi/lib/armv7-m\libg_nano.a(lib_a-mprec.o)
                0x00005eb4                _Balloc
 .text._Bfree   0x00005f1e       0x2e c:/program files (x86)/cypress/psoc creator/4.2/psoc creator/import/gnu/arm/5.4.1/bin/../lib/gcc/arm-none-eabi/5.4.1/../../../../arm-none-eabi/lib/armv7-m\libg_nano.a(lib_a-mprec.o)
                0x00005f1e                _Bfree
 .text.__multadd
                0x00005f4c       0x76 c:/program files (x86)/cypress/psoc creator/4.2/psoc creator/import/gnu/arm/5.4.1/bin/../lib/gcc/arm-none-eabi/5.4.1/../../../../arm-none-eabi/lib/armv7-m\libg_nano.a(lib_a-mprec.o)
                0x00005f4c                __multadd
 .text.__hi0bits
                0x00005fc2       0x40 c:/program files (x86)/cypress/psoc creator/4.2/psoc creator/import/gnu/arm/5.4.1/bin/../lib/gcc/arm-none-eabi/5.4.1/../../../../arm-none-eabi/lib/armv7-m\libg_nano.a(lib_a-mprec.o)
                0x00005fc2                __hi0bits
 .text.__lo0bits
                0x00006002       0x5a c:/program files (x86)/cypress/psoc creator/4.2/psoc creator/import/gnu/arm/5.4.1/bin/../lib/gcc/arm-none-eabi/5.4.1/../../../../arm-none-eabi/lib/armv7-m\libg_nano.a(lib_a-mprec.o)
                0x00006002                __lo0bits
 .text.__i2b    0x0000605c       0x12 c:/program files (x86)/cypress/psoc creator/4.2/psoc creator/import/gnu/arm/5.4.1/bin/../lib/gcc/arm-none-eabi/5.4.1/../../../../arm-none-eabi/lib/armv7-m\libg_nano.a(lib_a-mprec.o)
                0x0000605c                __i2b
 .text.__multiply
                0x0000606e      0x120 c:/program files (x86)/cypress/psoc creator/4.2/psoc creator/import/gnu/arm/5.4.1/bin/../lib/gcc/arm-none-eabi/5.4.1/../../../../arm-none-eabi/lib/armv7-m\libg_nano.a(lib_a-mprec.o)
                0x0000606e                __multiply
 *fill*         0x0000618e        0x2 
 .text.__pow5mult
                0x00006190       0x9c c:/program files (x86)/cypress/psoc creator/4.2/psoc creator/import/gnu/arm/5.4.1/bin/../lib/gcc/arm-none-eabi/5.4.1/../../../../arm-none-eabi/lib/armv7-m\libg_nano.a(lib_a-mprec.o)
                0x00006190                __pow5mult
 .text.__lshift
                0x0000622c       0xa2 c:/program files (x86)/cypress/psoc creator/4.2/psoc creator/import/gnu/arm/5.4.1/bin/../lib/gcc/arm-none-eabi/5.4.1/../../../../arm-none-eabi/lib/armv7-m\libg_nano.a(lib_a-mprec.o)
                0x0000622c                __lshift
 .text.__mcmp   0x000062ce       0x38 c:/program files (x86)/cypress/psoc creator/4.2/psoc creator/import/gnu/arm/5.4.1/bin/../lib/gcc/arm-none-eabi/5.4.1/../../../../arm-none-eabi/lib/armv7-m\libg_nano.a(lib_a-mprec.o)
                0x000062ce                __mcmp
 .text.__mdiff  0x00006306       0xbe c:/program files (x86)/cypress/psoc creator/4.2/psoc creator/import/gnu/arm/5.4.1/bin/../lib/gcc/arm-none-eabi/5.4.1/../../../../arm-none-eabi/lib/armv7-m\libg_nano.a(lib_a-mprec.o)
                0x00006306                __mdiff
 .text.__d2b    0x000063c4       0x9c c:/program files (x86)/cypress/psoc creator/4.2/psoc creator/import/gnu/arm/5.4.1/bin/../lib/gcc/arm-none-eabi/5.4.1/../../../../arm-none-eabi/lib/armv7-m\libg_nano.a(lib_a-mprec.o)
                0x000063c4                __d2b
 .text._calloc_r
                0x00006460       0x1c c:/program files (x86)/cypress/psoc creator/4.2/psoc creator/import/gnu/arm/5.4.1/bin/../lib/gcc/arm-none-eabi/5.4.1/../../../../arm-none-eabi/lib/armv7-m\libg_nano.a(lib_a-nano-callocr.o)
                0x00006460                _calloc_r
 .text._free_r  0x0000647c       0x98 c:/program files (x86)/cypress/psoc creator/4.2/psoc creator/import/gnu/arm/5.4.1/bin/../lib/gcc/arm-none-eabi/5.4.1/../../../../arm-none-eabi/lib/armv7-m\libg_nano.a(lib_a-nano-freer.o)
                0x0000647c                _free_r
 .text._malloc_r
                0x00006514       0xbc c:/program files (x86)/cypress/psoc creator/4.2/psoc creator/import/gnu/arm/5.4.1/bin/../lib/gcc/arm-none-eabi/5.4.1/../../../../arm-none-eabi/lib/armv7-m\libg_nano.a(lib_a-nano-mallocr.o)
                0x00006514                _malloc_r
 .text.__ssputs_r
                0x000065d0       0xb2 c:/program files (x86)/cypress/psoc creator/4.2/psoc creator/import/gnu/arm/5.4.1/bin/../lib/gcc/arm-none-eabi/5.4.1/../../../../arm-none-eabi/lib/armv7-m\libg_nano.a(lib_a-nano-svfprintf.o)
                0x000065d0                __ssputs_r
 *fill*         0x00006682        0x2 
 .text._svfprintf_r
                0x00006684      0x1e8 c:/program files (x86)/cypress/psoc creator/4.2/psoc creator/import/gnu/arm/5.4.1/bin/../lib/gcc/arm-none-eabi/5.4.1/../../../../arm-none-eabi/lib/armv7-m\libg_nano.a(lib_a-nano-svfprintf.o)
                0x00006684                _svfiprintf_r
                0x00006684                _svfprintf_r
 .text._sbrk_r  0x0000686c       0x20 c:/program files (x86)/cypress/psoc creator/4.2/psoc creator/import/gnu/arm/5.4.1/bin/../lib/gcc/arm-none-eabi/5.4.1/../../../../arm-none-eabi/lib/armv7-m\libg_nano.a(lib_a-sbrkr.o)
                0x0000686c                _sbrk_r
 .text.memmove  0x0000688c       0x36 c:/program files (x86)/cypress/psoc creator/4.2/psoc creator/import/gnu/arm/5.4.1/bin/../lib/gcc/arm-none-eabi/5.4.1/../../../../arm-none-eabi/lib/armv7-m\libg_nano.a(lib_a-memmove.o)
                0x0000688c                memmove
 .text.__malloc_lock
                0x000068c2        0x2 c:/program files (x86)/cypress/psoc creator/4.2/psoc creator/import/gnu/arm/5.4.1/bin/../lib/gcc/arm-none-eabi/5.4.1/../../../../arm-none-eabi/lib/armv7-m\libg_nano.a(lib_a-mlock.o)
                0x000068c2                __malloc_lock
 .text.__malloc_unlock
                0x000068c4        0x2 c:/program files (x86)/cypress/psoc creator/4.2/psoc creator/import/gnu/arm/5.4.1/bin/../lib/gcc/arm-none-eabi/5.4.1/../../../../arm-none-eabi/lib/armv7-m\libg_nano.a(lib_a-mlock.o)
                0x000068c4                __malloc_unlock
 .text._realloc_r
                0x000068c6       0x4c c:/program files (x86)/cypress/psoc creator/4.2/psoc creator/import/gnu/arm/5.4.1/bin/../lib/gcc/arm-none-eabi/5.4.1/../../../../arm-none-eabi/lib/armv7-m\libg_nano.a(lib_a-nano-reallocr.o)
                0x000068c6                _realloc_r
 .text._malloc_usable_size_r
                0x00006912       0x14 c:/program files (x86)/cypress/psoc creator/4.2/psoc creator/import/gnu/arm/5.4.1/bin/../lib/gcc/arm-none-eabi/5.4.1/../../../../arm-none-eabi/lib/armv7-m\libg_nano.a(lib_a-nano-msizer.o)
                0x00006912                _malloc_usable_size_r
 *fill*         0x00006926        0x2 
 .text          0x00006928       0x2c c:/program files (x86)/cypress/psoc creator/4.2/psoc creator/import/gnu/arm/5.4.1/bin/../lib/gcc/arm-none-eabi/5.4.1/armv7-m\libgcc.a(_arm_unorddf2.o)
                0x00006928                __unorddf2
                0x00006928                __aeabi_dcmpun
 *(.plt)
 *(.gnu.warning)
 *(.glue_7t)
 .glue_7t       0x00006954        0x0 linker stubs
 *(.glue_7)
 .glue_7        0x00006954        0x0 linker stubs
 *(.vfp11_veneer)
 .vfp11_veneer  0x00006954        0x0 linker stubs
 *(.bootloader)
 *(.ARM.extab* .gnu.linkonce.armextab.*)
 *(.gcc_except_table)

.v4_bx          0x00006954        0x0
 .v4_bx         0x00006954        0x0 linker stubs

.iplt           0x00006954        0x0
 .iplt          0x00006954        0x0 c:/program files (x86)/cypress/psoc creator/4.2/psoc creator/import/gnu/arm/5.4.1/bin/../lib/gcc/arm-none-eabi/5.4.1/armv7-m/crtbegin.o

.eh_frame_hdr
 *(.eh_frame_hdr)

.eh_frame       0x00006954        0x4
 *(.eh_frame)
 .eh_frame      0x00006954        0x0 c:/program files (x86)/cypress/psoc creator/4.2/psoc creator/import/gnu/arm/5.4.1/bin/../lib/gcc/arm-none-eabi/5.4.1/armv7-m/crtbegin.o
 .eh_frame      0x00006954        0x4 c:/program files (x86)/cypress/psoc creator/4.2/psoc creator/import/gnu/arm/5.4.1/bin/../lib/gcc/arm-none-eabi/5.4.1/armv7-m/crtend.o
                [!provide]                PROVIDE (__exidx_start, .)

.ARM.exidx
 *(.ARM.exidx* .gnu.linkonce.armexidx.*)
                0x00006958                __exidx_end = .

.rodata         0x00006958      0x4a0
 *(.rodata .rodata.* .gnu.linkonce.r.*)
 .rodata.str1.4
                0x00006958       0x15 .\CortexM3\ARM_GCC_541\Debug\main.o
 *fill*         0x0000696d        0x3 
 .rodata.str1.4
                0x00006970       0xc8 .\CortexM3\ARM_GCC_541\Debug\colour.o
                                 0xcc (size before relaxing)
 .rodata.str1.4
                0x00006a38        0xc .\CortexM3\ARM_GCC_541\Debug\ultrasonic.o
                                  0xa (size before relaxing)
 .rodata        0x00006a44       0x44 .\CortexM3\ARM_GCC_541\Debug\cyfitter_cfg.o
 .rodata.npio2_hw
                0x00006a88       0x80 c:/program files (x86)/cypress/psoc creator/4.2/psoc creator/import/gnu/arm/5.4.1/bin/../lib/gcc/arm-none-eabi/5.4.1/../../../../arm-none-eabi/lib/armv7-m\libm.a(lib_a-e_rem_pio2.o)
 .rodata.two_over_pi
                0x00006b08      0x108 c:/program files (x86)/cypress/psoc creator/4.2/psoc creator/import/gnu/arm/5.4.1/bin/../lib/gcc/arm-none-eabi/5.4.1/../../../../arm-none-eabi/lib/armv7-m\libm.a(lib_a-e_rem_pio2.o)
 .rodata.init_jk
                0x00006c10       0x10 c:/program files (x86)/cypress/psoc creator/4.2/psoc creator/import/gnu/arm/5.4.1/bin/../lib/gcc/arm-none-eabi/5.4.1/../../../../arm-none-eabi/lib/armv7-m\libm.a(lib_a-k_rem_pio2.o)
 .rodata.PIo2   0x00006c20       0x40 c:/program files (x86)/cypress/psoc creator/4.2/psoc creator/import/gnu/arm/5.4.1/bin/../lib/gcc/arm-none-eabi/5.4.1/../../../../arm-none-eabi/lib/armv7-m\libm.a(lib_a-k_rem_pio2.o)
 .rodata.str1.1
                0x00006c60        0x2 c:/program files (x86)/cypress/psoc creator/4.2/psoc creator/import/gnu/arm/5.4.1/bin/../lib/gcc/arm-none-eabi/5.4.1/../../../../arm-none-eabi/lib/armv7-m\libg_nano.a(lib_a-impure.o)
 .rodata.str1.1
                0x00006c62       0x12 c:/program files (x86)/cypress/psoc creator/4.2/psoc creator/import/gnu/arm/5.4.1/bin/../lib/gcc/arm-none-eabi/5.4.1/../../../../arm-none-eabi/lib/armv7-m\libg_nano.a(lib_a-nano-vfprintf_float.o)
 .rodata.str1.1
                0x00006c74       0x22 c:/program files (x86)/cypress/psoc creator/4.2/psoc creator/import/gnu/arm/5.4.1/bin/../lib/gcc/arm-none-eabi/5.4.1/../../../../arm-none-eabi/lib/armv7-m\libg_nano.a(lib_a-nano-vfprintf_i.o)
 .rodata.str1.1
                0x00006c96        0xd c:/program files (x86)/cypress/psoc creator/4.2/psoc creator/import/gnu/arm/5.4.1/bin/../lib/gcc/arm-none-eabi/5.4.1/../../../../arm-none-eabi/lib/armv7-m\libg_nano.a(lib_a-dtoa.o)
                                  0xf (size before relaxing)
 .rodata.str1.1
                0x00006ca3        0x8 c:/program files (x86)/cypress/psoc creator/4.2/psoc creator/import/gnu/arm/5.4.1/bin/../lib/gcc/arm-none-eabi/5.4.1/../../../../arm-none-eabi/lib/armv7-m\libg_nano.a(lib_a-locale.o)
                                  0xb (size before relaxing)
 *fill*         0x00006cab        0x5 
 .rodata.__mprec_tens
                0x00006cb0       0xc8 c:/program files (x86)/cypress/psoc creator/4.2/psoc creator/import/gnu/arm/5.4.1/bin/../lib/gcc/arm-none-eabi/5.4.1/../../../../arm-none-eabi/lib/armv7-m\libg_nano.a(lib_a-mprec.o)
                0x00006cb0                __mprec_tens
 .rodata.p05.5408
                0x00006d78        0xc c:/program files (x86)/cypress/psoc creator/4.2/psoc creator/import/gnu/arm/5.4.1/bin/../lib/gcc/arm-none-eabi/5.4.1/../../../../arm-none-eabi/lib/armv7-m\libg_nano.a(lib_a-mprec.o)
 *fill*         0x00006d84        0x4 
 .rodata.__mprec_bigtens
                0x00006d88       0x28 c:/program files (x86)/cypress/psoc creator/4.2/psoc creator/import/gnu/arm/5.4.1/bin/../lib/gcc/arm-none-eabi/5.4.1/../../../../arm-none-eabi/lib/armv7-m\libg_nano.a(lib_a-mprec.o)
                0x00006d88                __mprec_bigtens
 .rodata.str1.1
                0x00006db0       0x11 c:/program files (x86)/cypress/psoc creator/4.2/psoc creator/import/gnu/arm/5.4.1/bin/../lib/gcc/arm-none-eabi/5.4.1/../../../../arm-none-eabi/lib/armv7-m\libg_nano.a(lib_a-nano-svfprintf.o)
                0x00006dc4                . = ALIGN (0x4)
 *fill*         0x00006dc1        0x3 
 *(.init)
 .init          0x00006dc4        0x4 c:/program files (x86)/cypress/psoc creator/4.2/psoc creator/import/gnu/arm/5.4.1/bin/../lib/gcc/arm-none-eabi/5.4.1/armv7-m/crti.o
                0x00006dc4                _init
 .init          0x00006dc8        0x8 c:/program files (x86)/cypress/psoc creator/4.2/psoc creator/import/gnu/arm/5.4.1/bin/../lib/gcc/arm-none-eabi/5.4.1/armv7-m/crtn.o
                0x00006dd0                . = ALIGN (0x4)
                0x00006dd0                __preinit_array_start = .
 *(.preinit_array)
                0x00006dd0                __preinit_array_end = .
                0x00006dd0                . = ALIGN (0x4)
                0x00006dd0                __init_array_start = .
 *(SORT(.init_array.*))
 *(.init_array)
 .init_array    0x00006dd0        0x4 c:/program files (x86)/cypress/psoc creator/4.2/psoc creator/import/gnu/arm/5.4.1/bin/../lib/gcc/arm-none-eabi/5.4.1/armv7-m/crtbegin.o
 .init_array    0x00006dd4        0x4 .\CortexM3\ARM_GCC_541\Debug\Cm3Start.o
                0x00006dd8                __init_array_end = .
                0x00006dd8                . = ALIGN (0x4)
 *(.fini)
 .fini          0x00006dd8        0x4 c:/program files (x86)/cypress/psoc creator/4.2/psoc creator/import/gnu/arm/5.4.1/bin/../lib/gcc/arm-none-eabi/5.4.1/armv7-m/crti.o
                0x00006dd8                _fini
 .fini          0x00006ddc        0x8 c:/program files (x86)/cypress/psoc creator/4.2/psoc creator/import/gnu/arm/5.4.1/bin/../lib/gcc/arm-none-eabi/5.4.1/armv7-m/crtn.o
                0x00006de4                . = ALIGN (0x4)
                0x00006de4                __fini_array_start = .
 *(.fini_array)
 .fini_array    0x00006de4        0x4 c:/program files (x86)/cypress/psoc creator/4.2/psoc creator/import/gnu/arm/5.4.1/bin/../lib/gcc/arm-none-eabi/5.4.1/armv7-m/crtbegin.o
 *(SORT(.fini_array.*))
                0x00006de8                __fini_array_end = .
                0x00006de8                . = ALIGN (0x4)
 *crtbegin.o(.ctors)
 *(EXCLUDE_FILE(*crtend.o) .ctors)
 *(SORT(.ctors.*))
 *crtend.o(.ctors)
                0x00006de8                . = ALIGN (0x4)
 *crtbegin.o(.dtors)
 *(EXCLUDE_FILE(*crtend.o) .dtors)
 *(SORT(.dtors.*))
 *crtend.o(.dtors)
                0x00006de8                . = ALIGN (0x4)
                0x00006de8                __cy_regions = .
                0x00006de8        0x4 LONG 0x6df8 __cy_region_init_ram
                0x00006dec        0x4 LONG 0x1fff80c8 __cy_region_start_data
                0x00006df0        0x4 LONG 0xd8 __cy_region_init_size_ram
                0x00006df4        0x4 LONG 0x150 __cy_region_zero_size_ram
                0x00006df8                __cy_regions_end = .
                0x00006df8                . = ALIGN (0x8)
                0x00006df8                _etext = .

.cy_checksum_exclude
                0x00006df8        0x0
 *(.cy_checksum_exclude)

.ramvectors     0x1fff8000       0xc0
                0x1fff8000                __cy_region_start_ram = .
 *(.ramvectors)
 .ramvectors    0x1fff8000       0xc0 .\CortexM3\ARM_GCC_541\Debug\Cm3Start.o
                0x1fff8000                CyRamVectors

.noinit         0x1fff80c0        0x1
 *(.noinit)
 .noinit        0x1fff80c0        0x1 .\CortexM3\ARM_GCC_541\Debug\ColourSensor.a(CyLib.o)
                0x1fff80c0                CyResetStatus

.data           0x1fff80c8       0xd8 load address 0x00006df8
                0x1fff80c8                __cy_region_start_data = .
 *(.jcr)
 .jcr           0x1fff80c8        0x0 c:/program files (x86)/cypress/psoc creator/4.2/psoc creator/import/gnu/arm/5.4.1/bin/../lib/gcc/arm-none-eabi/5.4.1/armv7-m/crtbegin.o
 .jcr           0x1fff80c8        0x4 c:/program files (x86)/cypress/psoc creator/4.2/psoc creator/import/gnu/arm/5.4.1/bin/../lib/gcc/arm-none-eabi/5.4.1/armv7-m/crtend.o
 *(.got.plt)
 *(.got)
 *(.shdata)
 *(.data .data.* .gnu.linkonce.d.*)
 .data          0x1fff80cc       0x1c .\CortexM3\ARM_GCC_541\Debug\main.o
                0x1fff80cc                colour_flag
                0x1fff80d0                setup
                0x1fff80d4                running
                0x1fff80d8                northWall
                0x1fff80dc                southWall
                0x1fff80e0                homeToNW
                0x1fff80e4                findingPuck
 .data          0x1fff80e8        0x4 .\CortexM3\ARM_GCC_541\Debug\Cm3Start.o
 .data          0x1fff80ec       0x10 .\CortexM3\ARM_GCC_541\Debug\ColourSensor.a(CyLib.o)
                0x1fff80ec                cydelay_32k_ms
                0x1fff80f0                cydelay_freq_khz
                0x1fff80f4                cydelay_freq_mhz
                0x1fff80f8                cydelay_freq_hz
 .data          0x1fff80fc        0x1 .\CortexM3\ARM_GCC_541\Debug\ColourSensor.a(ADC.o)
                0x1fff80fc                ADC_Config
 *fill*         0x1fff80fd        0x3 
 .data.impure_data
                0x1fff8100       0x60 c:/program files (x86)/cypress/psoc creator/4.2/psoc creator/import/gnu/arm/5.4.1/bin/../lib/gcc/arm-none-eabi/5.4.1/../../../../arm-none-eabi/lib/armv7-m\libg_nano.a(lib_a-impure.o)
 .data._impure_ptr
                0x1fff8160        0x4 c:/program files (x86)/cypress/psoc creator/4.2/psoc creator/import/gnu/arm/5.4.1/bin/../lib/gcc/arm-none-eabi/5.4.1/../../../../arm-none-eabi/lib/armv7-m\libg_nano.a(lib_a-impure.o)
                0x1fff8160                _impure_ptr
 .data.lconv    0x1fff8164       0x38 c:/program files (x86)/cypress/psoc creator/4.2/psoc creator/import/gnu/arm/5.4.1/bin/../lib/gcc/arm-none-eabi/5.4.1/../../../../arm-none-eabi/lib/armv7-m\libg_nano.a(lib_a-locale.o)
                0x1fff81a0                . = ALIGN (0x8)
 *fill*         0x1fff819c        0x4 
 *(.ram)
                0x1fff81a0                _edata = .

.igot.plt       0x1fff81a0        0x0 load address 0x00006ed0
 .igot.plt      0x1fff81a0        0x0 c:/program files (x86)/cypress/psoc creator/4.2/psoc creator/import/gnu/arm/5.4.1/bin/../lib/gcc/arm-none-eabi/5.4.1/armv7-m/crtbegin.o

.bss            0x1fff81a0      0x150 load address 0x00006ed0
                0x1fff81a0                PROVIDE (__bss_start__, .)
 *(.shbss)
 *(.bss .bss.* .gnu.linkonce.b.*)
 .bss           0x1fff81a0       0x1c c:/program files (x86)/cypress/psoc creator/4.2/psoc creator/import/gnu/arm/5.4.1/bin/../lib/gcc/arm-none-eabi/5.4.1/armv7-m/crtbegin.o
 .bss           0x1fff81bc       0x28 .\CortexM3\ARM_GCC_541\Debug\main.o
                0x1fff81bc                beginNavigation
                0x1fff81c0                idac_value
                0x1fff81c4                driveStraightEnable
                0x1fff81c8                state
                0x1fff81cc                eastWall
                0x1fff81d0                westWall
                0x1fff81d4                NEToHome
                0x1fff81d8                homeToNE
                0x1fff81dc                NWToHome
                0x1fff81e0                returningHome
 .bss           0x1fff81e4       0x18 .\CortexM3\ARM_GCC_541\Debug\colour.o
                0x1fff81e4                puck_all
                0x1fff81f4                puck_output
                0x1fff81f8                sum
 .bss           0x1fff81fc       0x24 .\CortexM3\ARM_GCC_541\Debug\ultrasonic.o
                0x1fff81fc                count
                0x1fff8200                ultrasonic_mux_control
                0x1fff8204                ultrasonic_distances
                0x1fff8218                distance_measured
                0x1fff821c                i
 .bss           0x1fff8220        0x1 .\CortexM3\ARM_GCC_541\Debug\ColourSensor.a(TIA_1.o)
                0x1fff8220                TIA_1_initVar
 .bss           0x1fff8221        0x2 .\CortexM3\ARM_GCC_541\Debug\ColourSensor.a(UART_1.o)
                0x1fff8221                UART_1_initVar
 *fill*         0x1fff8223        0x1 
 .bss           0x1fff8224       0x18 .\CortexM3\ARM_GCC_541\Debug\ColourSensor.a(ADC.o)
                0x1fff8234                ADC_stopConversion
                0x1fff8235                ADC_convDone
                0x1fff8236                ADC_initVar
                0x1fff8237                ADC_started
                0x1fff8238                ADC_Offset
 .bss           0x1fff823c        0x1 .\CortexM3\ARM_GCC_541\Debug\ColourSensor.a(IDAC8_1.o)
                0x1fff823c                IDAC8_1_initVar
 .bss           0x1fff823d        0x1 .\CortexM3\ARM_GCC_541\Debug\ColourSensor.a(Timer_1.o)
                0x1fff823d                Timer_1_initVar
 .bss           0x1fff823e        0x1 .\CortexM3\ARM_GCC_541\Debug\ColourSensor.a(Motor_2_driver.o)
                0x1fff823e                Motor_2_driver_initVar
 *fill*         0x1fff823f        0x1 
 .bss           0x1fff8240        0x8 .\CortexM3\ARM_GCC_541\Debug\ColourSensor.a(Motor_2_driver_PM.o)
 .bss           0x1fff8248        0x1 .\CortexM3\ARM_GCC_541\Debug\ColourSensor.a(Motor_1_driver.o)
                0x1fff8248                Motor_1_driver_initVar
 *fill*         0x1fff8249        0x3 
 .bss           0x1fff824c        0x8 .\CortexM3\ARM_GCC_541\Debug\ColourSensor.a(Motor_1_driver_PM.o)
 .bss           0x1fff8254        0x1 .\CortexM3\ARM_GCC_541\Debug\ColourSensor.a(Gripper_Servo_PWM.o)
                0x1fff8254                Gripper_Servo_PWM_initVar
 .bss           0x1fff8255        0x1 .\CortexM3\ARM_GCC_541\Debug\ColourSensor.a(Rack_Servo_PWM.o)
                0x1fff8255                Rack_Servo_PWM_initVar
 .bss           0x1fff8256        0x1 .\CortexM3\ARM_GCC_541\Debug\ColourSensor.a(PWM_colour.o)
                0x1fff8256                PWM_colour_initVar
 *fill*         0x1fff8257        0x1 
 .bss           0x1fff8258        0x5 .\CortexM3\ARM_GCC_541\Debug\ColourSensor.a(PWM_colour_PM.o)
 *fill*         0x1fff825d        0x3 
 .bss.__malloc_sbrk_start
                0x1fff8260        0x4 c:/program files (x86)/cypress/psoc creator/4.2/psoc creator/import/gnu/arm/5.4.1/bin/../lib/gcc/arm-none-eabi/5.4.1/../../../../arm-none-eabi/lib/armv7-m\libg_nano.a(lib_a-nano-mallocr.o)
                0x1fff8260                __malloc_sbrk_start
 .bss.__malloc_free_list
                0x1fff8264        0x4 c:/program files (x86)/cypress/psoc creator/4.2/psoc creator/import/gnu/arm/5.4.1/bin/../lib/gcc/arm-none-eabi/5.4.1/../../../../arm-none-eabi/lib/armv7-m\libg_nano.a(lib_a-nano-mallocr.o)
                0x1fff8264                __malloc_free_list
 *(COMMON)
 COMMON         0x1fff8268       0x54 .\CortexM3\ARM_GCC_541\Debug\colour.o
                0x1fff8268                test_white
                0x1fff826c                test_red
                0x1fff8270                ambient_current
                0x1fff8274                input_current
                0x1fff8278                colour_output
                0x1fff827c                ambient_green
                0x1fff8280                ambient_white
                0x1fff8284                ambient_red
                0x1fff8288                test_blue
                0x1fff828c                ambient_blue
                0x1fff8290                pd_voltage
                0x1fff8294                stored
                0x1fff82b8                test_green
 COMMON         0x1fff82bc       0x28 .\CortexM3\ARM_GCC_541\Debug\ultrasonic.o
                0x1fff82bc                output
 COMMON         0x1fff82e4        0x4 .\CortexM3\ARM_GCC_541\Debug\ColourSensor.a(ADC.o)
                0x1fff82e4                ADC_CountsPerVolt
 COMMON         0x1fff82e8        0x4 c:/program files (x86)/cypress/psoc creator/4.2/psoc creator/import/gnu/arm/5.4.1/bin/../lib/gcc/arm-none-eabi/5.4.1/../../../../arm-none-eabi/lib/armv7-m\libg_nano.a(lib_a-reent.o)
                0x1fff82e8                errno
                0x1fff82f0                . = ALIGN (0x8)
 *fill*         0x1fff82ec        0x4 
 *(.ram.b)
                0x1fff82f0                _end = .
                0x1fff82f0                __end = .
                0x1fff82f0                PROVIDE (end, .)
                0x1fff82f0                PROVIDE (__bss_end__, .)
                0x00006df8                __cy_region_init_ram = LOADADDR (.data)
                0x000000d8                __cy_region_init_size_ram = (_edata - ADDR (.data))
                0x00000150                __cy_region_zero_size_ram = (_end - _edata)

.heap           0x1fff82f0      0x200 load address 0x00006ed0
                0x1fff82f0                . = _end
                0x1fff84f0                . = (. + 0x200)
 *fill*         0x1fff82f0      0x200 
                0x1fff84f0                __cy_heap_limit = .

.stack          0x20007800      0x800
                0x20007800                __cy_stack_limit = .
                0x20008000                . = (. + 0x800)
 *fill*         0x20007800      0x800 
                0x00000001                ASSERT ((__cy_stack_limit >= __cy_heap_limit), region RAM overflowed with stack)
                0x00000000                cy_checksum_exclude_size = (CY_APPL_LOADABLE == 0x1)?SIZEOF (.cy_checksum_exclude):0x0
                0x00000001                ASSERT ((cy_checksum_exclude_size <= CY_CHECKSUM_EXCLUDE_SIZE), CY_BOOT: Section .cy_checksum_exclude size exceedes specified limit.)

.cyloadermeta
 *(.cyloadermeta)

.cyloadablemeta
 *(.cyloadablemeta)

.cyconfigecc    0x80000000      0xca4
 *(.cyconfigecc)
 .cyconfigecc   0x80000000      0xca4 .\CortexM3\ARM_GCC_541\Debug\cymetadata.o
                0x80000000                cy_meta_configecc

.cycustnvl      0x90000000        0x4
 *(.cycustnvl)
 .cycustnvl     0x90000000        0x4 .\CortexM3\ARM_GCC_541\Debug\cymetadata.o
                0x90000000                cy_meta_custnvl

.cywolatch      0x90100000        0x4
 *(.cywolatch)
 .cywolatch     0x90100000        0x4 .\CortexM3\ARM_GCC_541\Debug\cymetadata.o
                0x90100000                cy_meta_wonvl

.cyeeprom       0x90200000        0x0
 *(.cyeeprom)
                0x00000001                ASSERT ((. <= ((0x90200000 + ee_offset) + ee_size)), .cyeeprom data will not fit in EEPROM)

.cyflashprotect
                0x90400000      0x100
 *(.cyflashprotect)
 .cyflashprotect
                0x90400000      0x100 .\CortexM3\ARM_GCC_541\Debug\cymetadata.o
                0x90400000                cy_meta_flashprotect

.cymeta         0x90500000        0xc
 *(.cymeta)
 .cymeta        0x90500000        0xc .\CortexM3\ARM_GCC_541\Debug\cymetadata.o
                0x90500000                cy_metadata

.rel.dyn        0x00006ed0        0x0 load address 0x9050000c
 .rel.iplt      0x00006ed0        0x0 c:/program files (x86)/cypress/psoc creator/4.2/psoc creator/import/gnu/arm/5.4.1/bin/../lib/gcc/arm-none-eabi/5.4.1/armv7-m/crtbegin.o

.stab
 *(.stab)

.stabstr
 *(.stabstr)

.debug
 *(.debug)

.line
 *(.line)

.debug_srcinfo
 *(.debug_srcinfo)

.debug_sfnames
 *(.debug_sfnames)

.debug_aranges  0x00000000     0x12d0
 *(.debug_aranges)
 .debug_aranges
                0x00000000       0x30 .\CortexM3\ARM_GCC_541\Debug\main.o
 .debug_aranges
                0x00000030       0x70 .\CortexM3\ARM_GCC_541\Debug\colour.o
 .debug_aranges
                0x000000a0       0x38 .\CortexM3\ARM_GCC_541\Debug\ultrasonic.o
 .debug_aranges
                0x000000d8       0x78 .\CortexM3\ARM_GCC_541\Debug\dcmotor.o
 .debug_aranges
                0x00000150       0x50 .\CortexM3\ARM_GCC_541\Debug\servo.o
 .debug_aranges
                0x000001a0       0x58 .\CortexM3\ARM_GCC_541\Debug\cyfitter_cfg.o
 .debug_aranges
                0x000001f8       0x18 .\CortexM3\ARM_GCC_541\Debug\cymetadata.o
 .debug_aranges
                0x00000210       0x48 .\CortexM3\ARM_GCC_541\Debug\Cm3Start.o
 .debug_aranges
                0x00000258       0x50 .\CortexM3\ARM_GCC_541\Debug\ColourSensor.a(TIA_1.o)
 .debug_aranges
                0x000002a8      0x2a0 .\CortexM3\ARM_GCC_541\Debug\ColourSensor.a(CyLib.o)
 .debug_aranges
                0x00000548       0x98 .\CortexM3\ARM_GCC_541\Debug\ColourSensor.a(cyPm.o)
 .debug_aranges
                0x000005e0       0xf0 .\CortexM3\ARM_GCC_541\Debug\ColourSensor.a(UART_1.o)
 .debug_aranges
                0x000006d0       0x70 .\CortexM3\ARM_GCC_541\Debug\ColourSensor.a(UART_1_IntClock.o)
 .debug_aranges
                0x00000740       0xe8 .\CortexM3\ARM_GCC_541\Debug\ColourSensor.a(ADC.o)
 .debug_aranges
                0x00000828       0x38 .\CortexM3\ARM_GCC_541\Debug\ColourSensor.a(ADC_INT.o)
 .debug_aranges
                0x00000860       0x70 .\CortexM3\ARM_GCC_541\Debug\ColourSensor.a(ADC_Ext_CP_Clk.o)
 .debug_aranges
                0x000008d0       0x80 .\CortexM3\ARM_GCC_541\Debug\ColourSensor.a(ADC_theACLK.o)
 .debug_aranges
                0x00000950       0x60 .\CortexM3\ARM_GCC_541\Debug\ColourSensor.a(IDAC8_1.o)
 .debug_aranges
                0x000009b0       0x38 .\CortexM3\ARM_GCC_541\Debug\ColourSensor.a(LED_Blue.o)
 .debug_aranges
                0x000009e8       0x38 .\CortexM3\ARM_GCC_541\Debug\ColourSensor.a(LED_Red.o)
 .debug_aranges
                0x00000a20       0x38 .\CortexM3\ARM_GCC_541\Debug\ColourSensor.a(LED_Green.o)
 .debug_aranges
                0x00000a58       0x38 .\CortexM3\ARM_GCC_541\Debug\ColourSensor.a(RGB_Green.o)
 .debug_aranges
                0x00000a90       0x38 .\CortexM3\ARM_GCC_541\Debug\ColourSensor.a(RGB_Red.o)
 .debug_aranges
                0x00000ac8       0x38 .\CortexM3\ARM_GCC_541\Debug\ColourSensor.a(RGB_Blue.o)
 .debug_aranges
                0x00000b00       0x98 .\CortexM3\ARM_GCC_541\Debug\ColourSensor.a(Timer_1.o)
 .debug_aranges
                0x00000b98       0x38 .\CortexM3\ARM_GCC_541\Debug\ColourSensor.a(Trigger_1.o)
 .debug_aranges
                0x00000bd0       0x80 .\CortexM3\ARM_GCC_541\Debug\ColourSensor.a(isr_1.o)
 .debug_aranges
                0x00000c50       0x38 .\CortexM3\ARM_GCC_541\Debug\ColourSensor.a(Trigger_2.o)
 .debug_aranges
                0x00000c88       0x38 .\CortexM3\ARM_GCC_541\Debug\ColourSensor.a(Trigger_3.o)
 .debug_aranges
                0x00000cc0       0x38 .\CortexM3\ARM_GCC_541\Debug\ColourSensor.a(Trigger_4.o)
 .debug_aranges
                0x00000cf8       0x38 .\CortexM3\ARM_GCC_541\Debug\ColourSensor.a(Trigger_5.o)
 .debug_aranges
                0x00000d30       0x28 .\CortexM3\ARM_GCC_541\Debug\ColourSensor.a(Ultrasonic_Mux_Control.o)
 .debug_aranges
                0x00000d58       0xa8 .\CortexM3\ARM_GCC_541\Debug\ColourSensor.a(Motor_2_driver.o)
 .debug_aranges
                0x00000e00       0x38 .\CortexM3\ARM_GCC_541\Debug\ColourSensor.a(Motor_2_driver_PM.o)
 .debug_aranges
                0x00000e38       0xa8 .\CortexM3\ARM_GCC_541\Debug\ColourSensor.a(Motor_1_driver.o)
 .debug_aranges
                0x00000ee0       0x38 .\CortexM3\ARM_GCC_541\Debug\ColourSensor.a(Motor_1_driver_PM.o)
 .debug_aranges
                0x00000f18       0x78 .\CortexM3\ARM_GCC_541\Debug\ColourSensor.a(Gripper_Servo_PWM.o)
 .debug_aranges
                0x00000f90       0x78 .\CortexM3\ARM_GCC_541\Debug\ColourSensor.a(Rack_Servo_PWM.o)
 .debug_aranges
                0x00001008       0x98 .\CortexM3\ARM_GCC_541\Debug\ColourSensor.a(PWM_colour.o)
 .debug_aranges
                0x000010a0       0x38 .\CortexM3\ARM_GCC_541\Debug\ColourSensor.a(PWM_colour_PM.o)
 .debug_aranges
                0x000010d8       0x28 .\CortexM3\ARM_GCC_541\Debug\ColourSensor.a(control_led.o)
 .debug_aranges
                0x00001100       0x28 .\CortexM3\ARM_GCC_541\Debug\ColourSensor.a(control_photodiode.o)
 .debug_aranges
                0x00001128       0x80 .\CortexM3\ARM_GCC_541\Debug\ColourSensor.a(Start.o)
 .debug_aranges
                0x000011a8       0x20 .\CortexM3\ARM_GCC_541\Debug\ColourSensor.a(CyBootAsmGnu.o)
 .debug_aranges
                0x000011c8       0x88 .\CortexM3\ARM_GCC_541\Debug\ColourSensor.a(CyFlash.o)
 .debug_aranges
                0x00001250       0x80 .\CortexM3\ARM_GCC_541\Debug\ColourSensor.a(CySpc.o)

.debug_pubnames
 *(.debug_pubnames)

.debug_info     0x00000000     0xad31
 *(.debug_info .gnu.linkonce.wi.*)
 .debug_info    0x00000000      0x636 .\CortexM3\ARM_GCC_541\Debug\main.o
 .debug_info    0x00000636     0x153e .\CortexM3\ARM_GCC_541\Debug\colour.o
 .debug_info    0x00001b74      0x4ee .\CortexM3\ARM_GCC_541\Debug\ultrasonic.o
 .debug_info    0x00002062      0x8b7 .\CortexM3\ARM_GCC_541\Debug\dcmotor.o
 .debug_info    0x00002919      0x375 .\CortexM3\ARM_GCC_541\Debug\servo.o
 .debug_info    0x00002c8e      0x63f .\CortexM3\ARM_GCC_541\Debug\cyfitter_cfg.o
 .debug_info    0x000032cd      0x139 .\CortexM3\ARM_GCC_541\Debug\cymetadata.o
 .debug_info    0x00003406      0x3bb .\CortexM3\ARM_GCC_541\Debug\Cm3Start.o
 .debug_info    0x000037c1      0x1d6 .\CortexM3\ARM_GCC_541\Debug\ColourSensor.a(TIA_1.o)
 .debug_info    0x00003997     0x1374 .\CortexM3\ARM_GCC_541\Debug\ColourSensor.a(CyLib.o)
 .debug_info    0x00004d0b      0xa2a .\CortexM3\ARM_GCC_541\Debug\ColourSensor.a(cyPm.o)
 .debug_info    0x00005735      0x60c .\CortexM3\ARM_GCC_541\Debug\ColourSensor.a(UART_1.o)
 .debug_info    0x00005d41      0x283 .\CortexM3\ARM_GCC_541\Debug\ColourSensor.a(UART_1_IntClock.o)
 .debug_info    0x00005fc4      0xb94 .\CortexM3\ARM_GCC_541\Debug\ColourSensor.a(ADC.o)
 .debug_info    0x00006b58       0xd3 .\CortexM3\ARM_GCC_541\Debug\ColourSensor.a(ADC_INT.o)
 .debug_info    0x00006c2b      0x283 .\CortexM3\ARM_GCC_541\Debug\ColourSensor.a(ADC_Ext_CP_Clk.o)
 .debug_info    0x00006eae      0x2c4 .\CortexM3\ARM_GCC_541\Debug\ColourSensor.a(ADC_theACLK.o)
 .debug_info    0x00007172      0x20a .\CortexM3\ARM_GCC_541\Debug\ColourSensor.a(IDAC8_1.o)
 .debug_info    0x0000737c      0x11f .\CortexM3\ARM_GCC_541\Debug\ColourSensor.a(LED_Blue.o)
 .debug_info    0x0000749b      0x11f .\CortexM3\ARM_GCC_541\Debug\ColourSensor.a(LED_Red.o)
 .debug_info    0x000075ba      0x11f .\CortexM3\ARM_GCC_541\Debug\ColourSensor.a(LED_Green.o)
 .debug_info    0x000076d9      0x11f .\CortexM3\ARM_GCC_541\Debug\ColourSensor.a(RGB_Green.o)
 .debug_info    0x000077f8      0x11f .\CortexM3\ARM_GCC_541\Debug\ColourSensor.a(RGB_Red.o)
 .debug_info    0x00007917      0x11f .\CortexM3\ARM_GCC_541\Debug\ColourSensor.a(RGB_Blue.o)
 .debug_info    0x00007a36      0x328 .\CortexM3\ARM_GCC_541\Debug\ColourSensor.a(Timer_1.o)
 .debug_info    0x00007d5e      0x11f .\CortexM3\ARM_GCC_541\Debug\ColourSensor.a(Trigger_1.o)
 .debug_info    0x00007e7d      0x2d2 .\CortexM3\ARM_GCC_541\Debug\ColourSensor.a(isr_1.o)
 .debug_info    0x0000814f      0x11f .\CortexM3\ARM_GCC_541\Debug\ColourSensor.a(Trigger_2.o)
 .debug_info    0x0000826e      0x11f .\CortexM3\ARM_GCC_541\Debug\ColourSensor.a(Trigger_3.o)
 .debug_info    0x0000838d      0x11f .\CortexM3\ARM_GCC_541\Debug\ColourSensor.a(Trigger_4.o)
 .debug_info    0x000084ac      0x11f .\CortexM3\ARM_GCC_541\Debug\ColourSensor.a(Trigger_5.o)
 .debug_info    0x000085cb       0xd6 .\CortexM3\ARM_GCC_541\Debug\ColourSensor.a(Ultrasonic_Mux_Control.o)
 .debug_info    0x000086a1      0x3a0 .\CortexM3\ARM_GCC_541\Debug\ColourSensor.a(Motor_2_driver.o)
 .debug_info    0x00008a41      0x223 .\CortexM3\ARM_GCC_541\Debug\ColourSensor.a(Motor_2_driver_PM.o)
 .debug_info    0x00008c64      0x3a0 .\CortexM3\ARM_GCC_541\Debug\ColourSensor.a(Motor_1_driver.o)
 .debug_info    0x00009004      0x223 .\CortexM3\ARM_GCC_541\Debug\ColourSensor.a(Motor_1_driver_PM.o)
 .debug_info    0x00009227      0x281 .\CortexM3\ARM_GCC_541\Debug\ColourSensor.a(Gripper_Servo_PWM.o)
 .debug_info    0x000094a8      0x281 .\CortexM3\ARM_GCC_541\Debug\ColourSensor.a(Rack_Servo_PWM.o)
 .debug_info    0x00009729      0x333 .\CortexM3\ARM_GCC_541\Debug\ColourSensor.a(PWM_colour.o)
 .debug_info    0x00009a5c      0x217 .\CortexM3\ARM_GCC_541\Debug\ColourSensor.a(PWM_colour_PM.o)
 .debug_info    0x00009c73       0xd6 .\CortexM3\ARM_GCC_541\Debug\ColourSensor.a(control_led.o)
 .debug_info    0x00009d49       0xd6 .\CortexM3\ARM_GCC_541\Debug\ColourSensor.a(control_photodiode.o)
 .debug_info    0x00009e1f      0x2d2 .\CortexM3\ARM_GCC_541\Debug\ColourSensor.a(Start.o)
 .debug_info    0x0000a0f1       0xa3 .\CortexM3\ARM_GCC_541\Debug\ColourSensor.a(CyBootAsmGnu.o)
 .debug_info    0x0000a194      0x64d .\CortexM3\ARM_GCC_541\Debug\ColourSensor.a(CyFlash.o)
 .debug_info    0x0000a7e1      0x550 .\CortexM3\ARM_GCC_541\Debug\ColourSensor.a(CySpc.o)

.debug_abbrev   0x00000000     0x2f28
 *(.debug_abbrev)
 .debug_abbrev  0x00000000      0x125 .\CortexM3\ARM_GCC_541\Debug\main.o
 .debug_abbrev  0x00000125      0x17d .\CortexM3\ARM_GCC_541\Debug\colour.o
 .debug_abbrev  0x000002a2      0x154 .\CortexM3\ARM_GCC_541\Debug\ultrasonic.o
 .debug_abbrev  0x000003f6      0x165 .\CortexM3\ARM_GCC_541\Debug\dcmotor.o
 .debug_abbrev  0x0000055b      0x117 .\CortexM3\ARM_GCC_541\Debug\servo.o
 .debug_abbrev  0x00000672      0x20d .\CortexM3\ARM_GCC_541\Debug\cyfitter_cfg.o
 .debug_abbrev  0x0000087f       0x77 .\CortexM3\ARM_GCC_541\Debug\cymetadata.o
 .debug_abbrev  0x000008f6      0x1e8 .\CortexM3\ARM_GCC_541\Debug\Cm3Start.o
 .debug_abbrev  0x00000ade       0xf7 .\CortexM3\ARM_GCC_541\Debug\ColourSensor.a(TIA_1.o)
 .debug_abbrev  0x00000bd5      0x254 .\CortexM3\ARM_GCC_541\Debug\ColourSensor.a(CyLib.o)
 .debug_abbrev  0x00000e29      0x1ab .\CortexM3\ARM_GCC_541\Debug\ColourSensor.a(cyPm.o)
 .debug_abbrev  0x00000fd4      0x175 .\CortexM3\ARM_GCC_541\Debug\ColourSensor.a(UART_1.o)
 .debug_abbrev  0x00001149      0x139 .\CortexM3\ARM_GCC_541\Debug\ColourSensor.a(UART_1_IntClock.o)
 .debug_abbrev  0x00001282      0x1eb .\CortexM3\ARM_GCC_541\Debug\ColourSensor.a(ADC.o)
 .debug_abbrev  0x0000146d       0x42 .\CortexM3\ARM_GCC_541\Debug\ColourSensor.a(ADC_INT.o)
 .debug_abbrev  0x000014af      0x139 .\CortexM3\ARM_GCC_541\Debug\ColourSensor.a(ADC_Ext_CP_Clk.o)
 .debug_abbrev  0x000015e8      0x121 .\CortexM3\ARM_GCC_541\Debug\ColourSensor.a(ADC_theACLK.o)
 .debug_abbrev  0x00001709      0x106 .\CortexM3\ARM_GCC_541\Debug\ColourSensor.a(IDAC8_1.o)
 .debug_abbrev  0x0000180f       0x90 .\CortexM3\ARM_GCC_541\Debug\ColourSensor.a(LED_Blue.o)
 .debug_abbrev  0x0000189f       0x90 .\CortexM3\ARM_GCC_541\Debug\ColourSensor.a(LED_Red.o)
 .debug_abbrev  0x0000192f       0x90 .\CortexM3\ARM_GCC_541\Debug\ColourSensor.a(LED_Green.o)
 .debug_abbrev  0x000019bf       0x90 .\CortexM3\ARM_GCC_541\Debug\ColourSensor.a(RGB_Green.o)
 .debug_abbrev  0x00001a4f       0x90 .\CortexM3\ARM_GCC_541\Debug\ColourSensor.a(RGB_Red.o)
 .debug_abbrev  0x00001adf       0x90 .\CortexM3\ARM_GCC_541\Debug\ColourSensor.a(RGB_Blue.o)
 .debug_abbrev  0x00001b6f      0x13a .\CortexM3\ARM_GCC_541\Debug\ColourSensor.a(Timer_1.o)
 .debug_abbrev  0x00001ca9       0x90 .\CortexM3\ARM_GCC_541\Debug\ColourSensor.a(Trigger_1.o)
 .debug_abbrev  0x00001d39      0x173 .\CortexM3\ARM_GCC_541\Debug\ColourSensor.a(isr_1.o)
 .debug_abbrev  0x00001eac       0x90 .\CortexM3\ARM_GCC_541\Debug\ColourSensor.a(Trigger_2.o)
 .debug_abbrev  0x00001f3c       0x90 .\CortexM3\ARM_GCC_541\Debug\ColourSensor.a(Trigger_3.o)
 .debug_abbrev  0x00001fcc       0x90 .\CortexM3\ARM_GCC_541\Debug\ColourSensor.a(Trigger_4.o)
 .debug_abbrev  0x0000205c       0x90 .\CortexM3\ARM_GCC_541\Debug\ColourSensor.a(Trigger_5.o)
 .debug_abbrev  0x000020ec       0x81 .\CortexM3\ARM_GCC_541\Debug\ColourSensor.a(Ultrasonic_Mux_Control.o)
 .debug_abbrev  0x0000216d      0x133 .\CortexM3\ARM_GCC_541\Debug\ColourSensor.a(Motor_2_driver.o)
 .debug_abbrev  0x000022a0       0xac .\CortexM3\ARM_GCC_541\Debug\ColourSensor.a(Motor_2_driver_PM.o)
 .debug_abbrev  0x0000234c      0x133 .\CortexM3\ARM_GCC_541\Debug\ColourSensor.a(Motor_1_driver.o)
 .debug_abbrev  0x0000247f       0xac .\CortexM3\ARM_GCC_541\Debug\ColourSensor.a(Motor_1_driver_PM.o)
 .debug_abbrev  0x0000252b      0x12d .\CortexM3\ARM_GCC_541\Debug\ColourSensor.a(Gripper_Servo_PWM.o)
 .debug_abbrev  0x00002658      0x12d .\CortexM3\ARM_GCC_541\Debug\ColourSensor.a(Rack_Servo_PWM.o)
 .debug_abbrev  0x00002785      0x133 .\CortexM3\ARM_GCC_541\Debug\ColourSensor.a(PWM_colour.o)
 .debug_abbrev  0x000028b8       0xac .\CortexM3\ARM_GCC_541\Debug\ColourSensor.a(PWM_colour_PM.o)
 .debug_abbrev  0x00002964       0x81 .\CortexM3\ARM_GCC_541\Debug\ColourSensor.a(control_led.o)
 .debug_abbrev  0x000029e5       0x81 .\CortexM3\ARM_GCC_541\Debug\ColourSensor.a(control_photodiode.o)
 .debug_abbrev  0x00002a66      0x173 .\CortexM3\ARM_GCC_541\Debug\ColourSensor.a(Start.o)
 .debug_abbrev  0x00002bd9       0x14 .\CortexM3\ARM_GCC_541\Debug\ColourSensor.a(CyBootAsmGnu.o)
 .debug_abbrev  0x00002bed      0x1a7 .\CortexM3\ARM_GCC_541\Debug\ColourSensor.a(CyFlash.o)
 .debug_abbrev  0x00002d94      0x194 .\CortexM3\ARM_GCC_541\Debug\ColourSensor.a(CySpc.o)

.debug_line     0x00000000     0x4b06
 *(.debug_line)
 .debug_line    0x00000000      0x2c4 .\CortexM3\ARM_GCC_541\Debug\main.o
 .debug_line    0x000002c4      0x607 .\CortexM3\ARM_GCC_541\Debug\colour.o
 .debug_line    0x000008cb      0x3fa .\CortexM3\ARM_GCC_541\Debug\ultrasonic.o