Archive member included to satisfy reference by file (symbol)

.\CortexM3\ARM_GCC_541\Debug\Group17Robot.a(TIA_1.o)
                              .\CortexM3\ARM_GCC_541\Debug\main.o (TIA_1_Start)
.\CortexM3\ARM_GCC_541\Debug\Group17Robot.a(CyLib.o)
                              .\CortexM3\ARM_GCC_541\Debug\Cm3Start.o (CyHalt)
.\CortexM3\ARM_GCC_541\Debug\Group17Robot.a(cyPm.o)
                              .\CortexM3\ARM_GCC_541\Debug\Group17Robot.a(CyLib.o) (CyPmReadStatus)
.\CortexM3\ARM_GCC_541\Debug\Group17Robot.a(UART_1.o)
                              .\CortexM3\ARM_GCC_541\Debug\main.o (UART_1_Start)
.\CortexM3\ARM_GCC_541\Debug\Group17Robot.a(UART_1_IntClock.o)
                              .\CortexM3\ARM_GCC_541\Debug\Group17Robot.a(UART_1.o) (UART_1_IntClock_Start)
.\CortexM3\ARM_GCC_541\Debug\Group17Robot.a(ADC.o)
                              .\CortexM3\ARM_GCC_541\Debug\main.o (ADC_Start)
.\CortexM3\ARM_GCC_541\Debug\Group17Robot.a(ADC_INT.o)
                              .\CortexM3\ARM_GCC_541\Debug\Group17Robot.a(ADC.o) (ADC_ISR1)
.\CortexM3\ARM_GCC_541\Debug\Group17Robot.a(ADC_Ext_CP_Clk.o)
                              .\CortexM3\ARM_GCC_541\Debug\Group17Robot.a(ADC.o) (ADC_Ext_CP_Clk_SetModeRegister)
.\CortexM3\ARM_GCC_541\Debug\Group17Robot.a(ADC_theACLK.o)
                              .\CortexM3\ARM_GCC_541\Debug\Group17Robot.a(ADC.o) (ADC_theACLK_SetModeRegister)
.\CortexM3\ARM_GCC_541\Debug\Group17Robot.a(IDAC8_1.o)
                              .\CortexM3\ARM_GCC_541\Debug\main.o (IDAC8_1_SetValue)
.\CortexM3\ARM_GCC_541\Debug\Group17Robot.a(Timer_1.o)
                              .\CortexM3\ARM_GCC_541\Debug\ultrasonic.o (Timer_1_Stop)
.\CortexM3\ARM_GCC_541\Debug\Group17Robot.a(Trigger_1.o)
                              .\CortexM3\ARM_GCC_541\Debug\ultrasonic.o (Trigger_1_Write)
.\CortexM3\ARM_GCC_541\Debug\Group17Robot.a(Trigger_2.o)
                              .\CortexM3\ARM_GCC_541\Debug\ultrasonic.o (Trigger_2_Write)
.\CortexM3\ARM_GCC_541\Debug\Group17Robot.a(Trigger_3.o)
                              .\CortexM3\ARM_GCC_541\Debug\ultrasonic.o (Trigger_3_Write)
.\CortexM3\ARM_GCC_541\Debug\Group17Robot.a(Trigger_4.o)
                              .\CortexM3\ARM_GCC_541\Debug\ultrasonic.o (Trigger_4_Write)
.\CortexM3\ARM_GCC_541\Debug\Group17Robot.a(Trigger_5.o)
                              .\CortexM3\ARM_GCC_541\Debug\ultrasonic.o (Trigger_5_Write)
.\CortexM3\ARM_GCC_541\Debug\Group17Robot.a(Ultrasonic_Mux_Control.o)
                              .\CortexM3\ARM_GCC_541\Debug\ultrasonic.o (Ultrasonic_Mux_Control_Write)
.\CortexM3\ARM_GCC_541\Debug\Group17Robot.a(Gripper_Servo_PWM.o)
                              .\CortexM3\ARM_GCC_541\Debug\main.o (Gripper_Servo_PWM_WriteCompare)
.\CortexM3\ARM_GCC_541\Debug\Group17Robot.a(Gripper_Servo_PWM_PM.o)
                              .\CortexM3\ARM_GCC_541\Debug\main.o (Gripper_Servo_PWM_Sleep)
.\CortexM3\ARM_GCC_541\Debug\Group17Robot.a(Rack_Servo_PWM.o)
                              .\CortexM3\ARM_GCC_541\Debug\main.o (Rack_Servo_PWM_WriteCompare)
.\CortexM3\ARM_GCC_541\Debug\Group17Robot.a(Rack_Servo_PWM_PM.o)
                              .\CortexM3\ARM_GCC_541\Debug\main.o (Rack_Servo_PWM_Sleep)
.\CortexM3\ARM_GCC_541\Debug\Group17Robot.a(control_led.o)
                              .\CortexM3\ARM_GCC_541\Debug\main.o (control_led_Write)
.\CortexM3\ARM_GCC_541\Debug\Group17Robot.a(control_photodiode.o)
                              .\CortexM3\ARM_GCC_541\Debug\main.o (control_photodiode_Write)
.\CortexM3\ARM_GCC_541\Debug\Group17Robot.a(Start.o)
                              .\CortexM3\ARM_GCC_541\Debug\main.o (Start_StartEx)
.\CortexM3\ARM_GCC_541\Debug\Group17Robot.a(Sonic.o)
                              .\CortexM3\ARM_GCC_541\Debug\main.o (Sonic_StartEx)
.\CortexM3\ARM_GCC_541\Debug\Group17Robot.a(Motor_Left_Decoder.o)
                              .\CortexM3\ARM_GCC_541\Debug\mishamotor.o (Motor_Left_Decoder_GetCounter)
.\CortexM3\ARM_GCC_541\Debug\Group17Robot.a(Motor_Right_Decoder.o)
                              .\CortexM3\ARM_GCC_541\Debug\mishamotor.o (Motor_Right_Decoder_GetCounter)
.\CortexM3\ARM_GCC_541\Debug\Group17Robot.a(Motor_Left_Driver.o)
                              .\CortexM3\ARM_GCC_541\Debug\mishamotor.o (Motor_Left_Driver_WriteCompare)
.\CortexM3\ARM_GCC_541\Debug\Group17Robot.a(Motor_Left_Driver_PM.o)
                              .\CortexM3\ARM_GCC_541\Debug\main.o (Motor_Left_Driver_Sleep)
.\CortexM3\ARM_GCC_541\Debug\Group17Robot.a(Motor_Right_Driver.o)
                              .\CortexM3\ARM_GCC_541\Debug\mishamotor.o (Motor_Right_Driver_WriteCompare)
.\CortexM3\ARM_GCC_541\Debug\Group17Robot.a(Motor_Right_Driver_PM.o)
                              .\CortexM3\ARM_GCC_541\Debug\main.o (Motor_Right_Driver_Sleep)
.\CortexM3\ARM_GCC_541\Debug\Group17Robot.a(Motor_Left_Control.o)
                              .\CortexM3\ARM_GCC_541\Debug\mishamotor.o (Motor_Left_Control_Write)
[...]
Memory Configuration

Name             Origin             Length             Attributes
rom              0x00000000         0x00040000         xr
ram              0x1fff8000         0x00010000         xrw
*default*        0x00000000         0xffffffff

Linker script and memory map

LOAD c:/program files (x86)/cypress/psoc creator/4.2/psoc creator/import/gnu/arm/5.4.1/bin/../lib/gcc/arm-none-eabi/5.4.1/armv7-m/crti.o
LOAD c:/program files (x86)/cypress/psoc creator/4.2/psoc creator/import/gnu/arm/5.4.1/bin/../lib/gcc/arm-none-eabi/5.4.1/armv7-m/crtbegin.o
LOAD c:/program files (x86)/cypress/psoc creator/4.2/psoc creator/import/gnu/arm/5.4.1/bin/../lib/gcc/arm-none-eabi/5.4.1/../../../../arm-none-eabi/lib/armv7-m/crt0.o
START GROUP
LOAD .\CortexM3\ARM_GCC_541\Debug\main.o
LOAD .\CortexM3\ARM_GCC_541\Debug\colour.o
LOAD .\CortexM3\ARM_GCC_541\Debug\ultrasonic.o
LOAD .\CortexM3\ARM_GCC_541\Debug\servo.o
LOAD .\CortexM3\ARM_GCC_541\Debug\customMath.o
LOAD .\CortexM3\ARM_GCC_541\Debug\mishamotor.o
LOAD .\CortexM3\ARM_GCC_541\Debug\navigation.o
LOAD .\CortexM3\ARM_GCC_541\Debug\cyfitter_cfg.o
LOAD .\CortexM3\ARM_GCC_541\Debug\cymetadata.o
LOAD .\CortexM3\ARM_GCC_541\Debug\Cm3Start.o
LOAD .\CortexM3\ARM_GCC_541\Debug\Group17Robot.a
LOAD C:\Program Files (x86)\Cypress\PSoC Creator\4.2\PSoC Creator\psoc\content\cycomponentlibrary\CyComponentLibrary.cylib\CortexM3\ARM_GCC_541\Debug\CyComponentLibrary.a
LOAD c:/program files (x86)/cypress/psoc creator/4.2/psoc creator/import/gnu/arm/5.4.1/bin/../lib/gcc/arm-none-eabi/5.4.1/../../../../arm-none-eabi/lib/armv7-m\libm.a
END GROUP
START GROUP
LOAD c:/program files (x86)/cypress/psoc creator/4.2/psoc creator/import/gnu/arm/5.4.1/bin/../lib/gcc/arm-none-eabi/5.4.1/armv7-m\libgcc.a
LOAD c:/program files (x86)/cypress/psoc creator/4.2/psoc creator/import/gnu/arm/5.4.1/bin/../lib/gcc/arm-none-eabi/5.4.1/../../../../arm-none-eabi/lib/armv7-m\libg_nano.a
LOAD c:/program files (x86)/cypress/psoc creator/4.2/psoc creator/import/gnu/arm/5.4.1/bin/../lib/gcc/arm-none-eabi/5.4.1/../../../../arm-none-eabi/lib/armv7-m\libc_nano.a
END GROUP
START GROUP
LOAD c:/program files (x86)/cypress/psoc creator/4.2/psoc creator/import/gnu/arm/5.4.1/bin/../lib/gcc/arm-none-eabi/5.4.1/armv7-m\libgcc.a
LOAD c:/program files (x86)/cypress/psoc creator/4.2/psoc creator/import/gnu/arm/5.4.1/bin/../lib/gcc/arm-none-eabi/5.4.1/../../../../arm-none-eabi/lib/armv7-m\libc_nano.a
END GROUP
LOAD c:/program files (x86)/cypress/psoc creator/4.2/psoc creator/import/gnu/arm/5.4.1/bin/../lib/gcc/arm-none-eabi/5.4.1/armv7-m/crtend.o
LOAD c:/program files (x86)/cypress/psoc creator/4.2/psoc creator/import/gnu/arm/5.4.1/bin/../lib/gcc/arm-none-eabi/5.4.1/armv7-m/crtn.o
START GROUP
LOAD c:/program files (x86)/cypress/psoc creator/4.2/psoc creator/import/gnu/arm/5.4.1/bin/../lib/gcc/arm-none-eabi/5.4.1/armv7-m\libgcc.a
LOAD c:/program files (x86)/cypress/psoc creator/4.2/psoc creator/import/gnu/arm/5.4.1/bin/../lib/gcc/arm-none-eabi/5.4.1/../../../../arm-none-eabi/lib/armv7-m\libc.a
LOAD c:/program files (x86)/cypress/psoc creator/4.2/psoc creator/import/gnu/arm/5.4.1/bin/../lib/gcc/arm-none-eabi/5.4.1/../../../../arm-none-eabi/lib/armv7-m\libnosys.a
END GROUP
                0x00000000                CY_APPL_ORIGIN = 0x0
                0x00000100                CY_FLASH_ROW_SIZE = 0x100
                0x00000020                CY_ECC_ROW_SIZE = 0x20
                0x00000000                CY_EE_IN_BTLDR = 0x0
                0x00000000                CY_APPL_LOADABLE = 0x0
                0x00000800                CY_EE_SIZE = 0x800
                0x00000001                CY_APPL_NUM = 0x1
                0x00000001                CY_APPL_MAX = 0x1
                0x00000040                CY_METADATA_SIZE = 0x40
                0x00000000                CY_APPL_LOADABLE = 0x0
                0x00000000                CY_CHECKSUM_EXCLUDE_SIZE = ALIGN (0x0, CY_FLASH_ROW_SIZE)
                [!provide]                PROVIDE (__cy_heap_start, _end)
                0x00000001                PROVIDE (__cy_region_num, ((__cy_regions_end - __cy_regions) / 0x10))
                0x20008000                PROVIDE (__cy_stack, (ORIGIN (ram) + LENGTH (ram)))
                [!provide]                PROVIDE (__cy_heap_end, (__cy_stack - 0x800))

.cybootloader   0x00000000        0x0
 *(.cybootloader)
                0x00000000                appl1_start = CY_APPL_ORIGIN?CY_APPL_ORIGIN:ALIGN (CY_FLASH_ROW_SIZE)
                0x0001ff00                appl2_start = (appl1_start + ALIGN ((((LENGTH (rom) - appl1_start) - (0x2 * CY_FLASH_ROW_SIZE)) / 0x2), CY_FLASH_ROW_SIZE))
                0x00000000                appl_start = (CY_APPL_NUM == 0x1)?appl1_start:appl2_start
                0x00000000                ecc_offset = ((appl_start / CY_FLASH_ROW_SIZE) * CY_ECC_ROW_SIZE)
                0x00000000                ee_offset = (CY_APPL_LOADABLE && ! (CY_EE_IN_BTLDR))?((CY_EE_SIZE / CY_APPL_MAX) * (CY_APPL_NUM - 0x1)):0x0
                0x00000800                ee_size = (CY_APPL_LOADABLE && ! (CY_EE_IN_BTLDR))?(CY_EE_SIZE / CY_APPL_MAX):CY_EE_SIZE
                [!provide]                PROVIDE (CY_ECC_OFFSET, ecc_offset)

.text           0x00000000     0x5414
 CREATE_OBJECT_SYMBOLS
                0x00000000                PROVIDE (__cy_interrupt_vector, RomVectors)
 *(.romvectors)
 .romvectors    0x00000000       0x10 .\CortexM3\ARM_GCC_541\Debug\Cm3Start.o
                0x00000000                RomVectors
                0x00000001                ASSERT ((. != __cy_interrupt_vector), No interrupt vector)
                0x00000001                ASSERT (CY_APPL_ORIGIN?(SIZEOF (.cybootloader) <= CY_APPL_ORIGIN):0x1, Wrong image location)
                0x00000010                PROVIDE (__cy_reset, Reset)
 *(.text.Reset)
 .text.Reset    0x00000010       0x18 .\CortexM3\ARM_GCC_541\Debug\Cm3Start.o
                0x00000010                Reset
                0x00000001                ASSERT ((. != __cy_reset), No reset code)
 *(.dma_init)
                0x00000001                ASSERT ((((appl_start + .) <= 0x10000) || 0x1), DMA Init must be within the first 64k of flash)
 *(.text .text.* .gnu.linkonce.t.*)
 .text          0x00000028       0x5c c:/program files (x86)/cypress/psoc creator/4.2/psoc creator/import/gnu/arm/5.4.1/bin/../lib/gcc/arm-none-eabi/5.4.1/armv7-m/crtbegin.o
 .text.TIH      0x00000084        0x8 .\CortexM3\ARM_GCC_541\Debug\main.o
                0x00000084                TIH
 .text.StartIH  0x0000008c       0x20 .\CortexM3\ARM_GCC_541\Debug\main.o
                0x0000008c                StartIH
 .text.main     0x000000ac      0x294 .\CortexM3\ARM_GCC_541\Debug\main.o
                0x000000ac                main
 .text.colourSensingInitialise
                0x00000340       0x68 .\CortexM3\ARM_GCC_541\Debug\colour.o
                0x00000340                colourSensingInitialise
 .text.blinkLED
                0x000003a8       0x34 .\CortexM3\ARM_GCC_541\Debug\colour.o
                0x000003a8                blinkLED
 *fill*         0x000003dc        0x4 
 .text.ultrasonicInterruptHandler
                0x000003e0       0x48 .\CortexM3\ARM_GCC_541\Debug\ultrasonic.o
                0x000003e0                ultrasonicInterruptHandler
 .text.distanceSensor
                0x00000428       0x94 .\CortexM3\ARM_GCC_541\Debug\ultrasonic.o
                0x00000428                distanceSensor
 .text.safetyDistanceCheck
                0x000004bc       0x54 .\CortexM3\ARM_GCC_541\Debug\ultrasonic.o
                0x000004bc                safetyDistanceCheck
 .text.mishaMoveDynamic
                0x00000510      0x13c .\CortexM3\ARM_GCC_541\Debug\mishamotor.o
                0x00000510                mishaMoveDynamic
 *fill*         0x0000064c        0x4 
 .text.mishaSwivel
                0x00000650       0xb4 .\CortexM3\ARM_GCC_541\Debug\mishamotor.o
                0x00000650                mishaSwivel
 .text.straightAdjust
                0x00000704      0x1d4 .\CortexM3\ARM_GCC_541\Debug\navigation.o
                0x00000704                straightAdjust
 .text.changeOrientation
                0x000008d8       0x38 .\CortexM3\ARM_GCC_541\Debug\navigation.o
                0x000008d8                changeOrientation
 .text.failsafe
                0x00000910       0x68 .\CortexM3\ARM_GCC_541\Debug\navigation.o
                0x00000910                failsafe
 .text.moveUntil
                0x00000978      0x218 .\CortexM3\ARM_GCC_541\Debug\navigation.o
                0x00000978                moveUntil
 .text.CyClockStartupError
                0x00000b90        0x4 .\CortexM3\ARM_GCC_541\Debug\cyfitter_cfg.o
 .text.cfg_write_bytes32
                0x00000b94       0x34 .\CortexM3\ARM_GCC_541\Debug\cyfitter_cfg.o
 .text.AnalogSetDefault
                0x00000bc8       0x84 .\CortexM3\ARM_GCC_541\Debug\cyfitter_cfg.o
 .text.CYMEMZERO
                0x00000c4c        0xc .\CortexM3\ARM_GCC_541\Debug\cyfitter_cfg.o
 .text.CYCONFIGCPY
                0x00000c58        0x8 .\CortexM3\ARM_GCC_541\Debug\cyfitter_cfg.o
 .text.ClockSetup
                0x00000c60      0x114 .\CortexM3\ARM_GCC_541\Debug\cyfitter_cfg.o
 .text.cyfitter_cfg
                0x00000d74      0x178 .\CortexM3\ARM_GCC_541\Debug\cyfitter_cfg.o
                0x00000d74                cyfitter_cfg
 .text.IntDefaultHandler
                0x00000eec       0x10 .\CortexM3\ARM_GCC_541\Debug\Cm3Start.o
                0x00000eec                IntDefaultHandler
 .text._sbrk    0x00000efc       0x30 .\CortexM3\ARM_GCC_541\Debug\Cm3Start.o
                0x00000efc                _sbrk
 .text.Start_c  0x00000f2c       0x4c .\CortexM3\ARM_GCC_541\Debug\Cm3Start.o
                0x00000f2c                Start_c
 .text.initialize_psoc
                0x00000f78       0x68 .\CortexM3\ARM_GCC_541\Debug\Cm3Start.o
                0x00000f78                initialize_psoc
 .text.TIA_1_Enable
                0x00000fe0       0x28 .\CortexM3\ARM_GCC_541\Debug\Group17Robot.a(TIA_1.o)
                0x00000fe0                TIA_1_Enable
 .text.TIA_1_SetPower
                0x00001008       0x18 .\CortexM3\ARM_GCC_541\Debug\Group17Robot.a(TIA_1.o)
                0x00001008                TIA_1_SetPower
 .text.TIA_1_SetResFB
                0x00001020       0x20 .\CortexM3\ARM_GCC_541\Debug\Group17Robot.a(TIA_1.o)
                0x00001020                TIA_1_SetResFB
 .text.TIA_1_SetCapFB
                0x00001040       0x20 .\CortexM3\ARM_GCC_541\Debug\Group17Robot.a(TIA_1.o)
                0x00001040                TIA_1_SetCapFB
 .text.TIA_1_Init
                0x00001060       0x2c .\CortexM3\ARM_GCC_541\Debug\Group17Robot.a(TIA_1.o)
                0x00001060                TIA_1_Init
 .text.TIA_1_Start
                0x0000108c       0x1c .\CortexM3\ARM_GCC_541\Debug\Group17Robot.a(TIA_1.o)
                0x0000108c                TIA_1_Start
 .text.CyHalt   0x000010a8        0x4 .\CortexM3\ARM_GCC_541\Debug\Group17Robot.a(CyLib.o)
                0x000010a8                CyHalt
 .text.CyDelay  0x000010ac       0x2c .\CortexM3\ARM_GCC_541\Debug\Group17Robot.a(CyLib.o)
                0x000010ac                CyDelay
 .text.CyDelayUs
                0x000010d8       0x14 .\CortexM3\ARM_GCC_541\Debug\Group17Robot.a(CyLib.o)
                0x000010d8                CyDelayUs
 .text.CyIntSetVector
                0x000010ec       0x28 .\CortexM3\ARM_GCC_541\Debug\Group17Robot.a(CyLib.o)
                0x000010ec                CyIntSetVector
 .text.CyIntSetPriority
                0x00001114       0x30 .\CortexM3\ARM_GCC_541\Debug\Group17Robot.a(CyLib.o)
                0x00001114                CyIntSetPriority
 .text.UART_1_Init
                0x00001144       0x24 .\CortexM3\ARM_GCC_541\Debug\Group17Robot.a(UART_1.o)
                0x00001144                UART_1_Init
 .text.UART_1_Enable
                0x00001168       0x38 .\CortexM3\ARM_GCC_541\Debug\Group17Robot.a(UART_1.o)
                0x00001168                UART_1_Enable
 .text.UART_1_Start
                0x000011a0       0x1c .\CortexM3\ARM_GCC_541\Debug\Group17Robot.a(UART_1.o)
                0x000011a0                UART_1_Start
 .text.UART_1_PutChar
                0x000011bc       0x18 .\CortexM3\ARM_GCC_541\Debug\Group17Robot.a(UART_1.o)
                0x000011bc                UART_1_PutChar
 .text.UART_1_PutString
                0x000011d4       0x24 .\CortexM3\ARM_GCC_541\Debug\Group17Robot.a(UART_1.o)
                0x000011d4                UART_1_PutString
 .text.UART_1_IntClock_Start
                0x000011f8       0x1c .\CortexM3\ARM_GCC_541\Debug\Group17Robot.a(UART_1_IntClock.o)
                0x000011f8                UART_1_IntClock_Start
 .text.ADC_GainCompensation
                0x00001214       0xe0 .\CortexM3\ARM_GCC_541\Debug\Group17Robot.a(ADC.o)
 .text.ADC_SetDSMRef0Reg
                0x000012f4       0x4c .\CortexM3\ARM_GCC_541\Debug\Group17Robot.a(ADC.o)
 .text.ADC_InitConfig
                0x00001340      0x314 .\CortexM3\ARM_GCC_541\Debug\Group17Robot.a(ADC.o)
 .text.ADC_Init
                0x00001654      0x108 .\CortexM3\ARM_GCC_541\Debug\Group17Robot.a(ADC.o)
                0x00001654                ADC_Init
 .text.ADC_Enable
                0x0000175c       0xd8 .\CortexM3\ARM_GCC_541\Debug\Group17Robot.a(ADC.o)
                0x0000175c                ADC_Enable
 .text.ADC_Start
                0x00001834       0x28 .\CortexM3\ARM_GCC_541\Debug\Group17Robot.a(ADC.o)
                0x00001834                ADC_Start
 .text.ADC_StartConvert
                0x0000185c       0x10 .\CortexM3\ARM_GCC_541\Debug\Group17Robot.a(ADC.o)
                0x0000185c                ADC_StartConvert
 .text.ADC_StopConvert
                0x0000186c       0x10 .\CortexM3\ARM_GCC_541\Debug\Group17Robot.a(ADC.o)
                0x0000186c                ADC_StopConvert
 .text.ADC_IsEndConversion
                0x0000187c       0x30 .\CortexM3\ARM_GCC_541\Debug\Group17Robot.a(ADC.o)
                0x0000187c                ADC_IsEndConversion
 .text.ADC_GetResult32
                0x000018ac       0x6c .\CortexM3\ARM_GCC_541\Debug\Group17Robot.a(ADC.o)
                0x000018ac                ADC_GetResult32
 .text.ADC_Read32
                0x00001918       0x28 .\CortexM3\ARM_GCC_541\Debug\Group17Robot.a(ADC.o)
                0x00001918                ADC_Read32
 .text.ADC_ISR1
                0x00001940        0x4 .\CortexM3\ARM_GCC_541\Debug\Group17Robot.a(ADC_INT.o)
                0x00001940                ADC_ISR1
 .text.ADC_ISR2
                0x00001944        0x4 .\CortexM3\ARM_GCC_541\Debug\Group17Robot.a(ADC_INT.o)
                0x00001944                ADC_ISR2
 .text.ADC_ISR3
                0x00001948        0x4 .\CortexM3\ARM_GCC_541\Debug\Group17Robot.a(ADC_INT.o)
                0x00001948                ADC_ISR3
 .text.ADC_ISR4
                0x0000194c        0x4 .\CortexM3\ARM_GCC_541\Debug\Group17Robot.a(ADC_INT.o)
                0x0000194c                ADC_ISR4
 .text.ADC_Ext_CP_Clk_GetDividerRegister
                0x00001950        0xc .\CortexM3\ARM_GCC_541\Debug\Group17Robot.a(ADC_Ext_CP_Clk.o)
                0x00001950                ADC_Ext_CP_Clk_GetDividerRegister
 .text.ADC_Ext_CP_Clk_SetModeRegister
                0x0000195c       0x14 .\CortexM3\ARM_GCC_541\Debug\Group17Robot.a(ADC_Ext_CP_Clk.o)
                0x0000195c                ADC_Ext_CP_Clk_SetModeRegister
 .text.ADC_Ext_CP_Clk_GetSourceRegister
                0x00001970       0x10 .\CortexM3\ARM_GCC_541\Debug\Group17Robot.a(ADC_Ext_CP_Clk.o)
                0x00001970                ADC_Ext_CP_Clk_GetSourceRegister
 .text.ADC_Ext_CP_Clk_SetDividerRegister
                0x00001980       0xd8 .\CortexM3\ARM_GCC_541\Debug\Group17Robot.a(ADC_Ext_CP_Clk.o)
                0x00001980                ADC_Ext_CP_Clk_SetDividerRegister
 .text.ADC_theACLK_GetDividerRegister
                0x00001a58        0xc .\CortexM3\ARM_GCC_541\Debug\Group17Robot.a(ADC_theACLK.o)
                0x00001a58                ADC_theACLK_GetDividerRegister
 .text.ADC_theACLK_SetModeRegister
                0x00001a64       0x14 .\CortexM3\ARM_GCC_541\Debug\Group17Robot.a(ADC_theACLK.o)
                0x00001a64                ADC_theACLK_SetModeRegister
 .text.ADC_theACLK_GetSourceRegister
                0x00001a78       0x10 .\CortexM3\ARM_GCC_541\Debug\Group17Robot.a(ADC_theACLK.o)
                0x00001a78                ADC_theACLK_GetSourceRegister
 .text.ADC_theACLK_SetDividerRegister
                0x00001a88       0xd8 .\CortexM3\ARM_GCC_541\Debug\Group17Robot.a(ADC_theACLK.o)
                0x00001a88                ADC_theACLK_SetDividerRegister
 .text.IDAC8_1_Enable
                0x00001b60       0x1c .\CortexM3\ARM_GCC_541\Debug\Group17Robot.a(IDAC8_1.o)
                0x00001b60                IDAC8_1_Enable
 .text.IDAC8_1_SetSpeed
                0x00001b7c       0x1c .\CortexM3\ARM_GCC_541\Debug\Group17Robot.a(IDAC8_1.o)
                0x00001b7c                IDAC8_1_SetSpeed
 .text.IDAC8_1_SetValue
                0x00001b98        0xc .\CortexM3\ARM_GCC_541\Debug\Group17Robot.a(IDAC8_1.o)
                0x00001b98                IDAC8_1_SetValue
 .text.IDAC8_1_DacTrim
                0x00001ba4       0x34 .\CortexM3\ARM_GCC_541\Debug\Group17Robot.a(IDAC8_1.o)
                0x00001ba4                IDAC8_1_DacTrim
 .text.IDAC8_1_Init
                0x00001bd8       0x24 .\CortexM3\ARM_GCC_541\Debug\Group17Robot.a(IDAC8_1.o)
                0x00001bd8                IDAC8_1_Init
 .text.IDAC8_1_Start
                0x00001bfc       0x24 .\CortexM3\ARM_GCC_541\Debug\Group17Robot.a(IDAC8_1.o)
                0x00001bfc                IDAC8_1_Start
 .text.IDAC8_1_SetRange
                0x00001c20       0x20 .\CortexM3\ARM_GCC_541\Debug\Group17Robot.a(IDAC8_1.o)
                0x00001c20                IDAC8_1_SetRange
 .text.Timer_1_Enable
                0x00001c40       0x10 .\CortexM3\ARM_GCC_541\Debug\Group17Robot.a(Timer_1.o)
                0x00001c40                Timer_1_Enable
 .text.Timer_1_Stop
                0x00001c50       0x10 .\CortexM3\ARM_GCC_541\Debug\Group17Robot.a(Timer_1.o)
                0x00001c50                Timer_1_Stop
 .text.Timer_1_SetInterruptMode
                0x00001c60        0xc .\CortexM3\ARM_GCC_541\Debug\Group17Robot.a(Timer_1.o)
                0x00001c60                Timer_1_SetInterruptMode
 .text.Timer_1_ReadStatusRegister
                0x00001c6c        0xc .\CortexM3\ARM_GCC_541\Debug\Group17Robot.a(Timer_1.o)
                0x00001c6c                Timer_1_ReadStatusRegister
 .text.Timer_1_WritePeriod
                0x00001c78        0xc .\CortexM3\ARM_GCC_541\Debug\Group17Robot.a(Timer_1.o)
                0x00001c78                Timer_1_WritePeriod
 .text.Timer_1_ReadCapture
                0x00001c84        0xc .\CortexM3\ARM_GCC_541\Debug\Group17Robot.a(Timer_1.o)
                0x00001c84                Timer_1_ReadCapture
 .text.Timer_1_WriteCounter
                0x00001c90        0xc .\CortexM3\ARM_GCC_541\Debug\Group17Robot.a(Timer_1.o)
                0x00001c90                Timer_1_WriteCounter
 .text.Timer_1_ReadCounter
                0x00001c9c       0x14 .\CortexM3\ARM_GCC_541\Debug\Group17Robot.a(Timer_1.o)
                0x00001c9c                Timer_1_ReadCounter
 .text.Timer_1_SetInterruptCount
                0x00001cb0       0x1c .\CortexM3\ARM_GCC_541\Debug\Group17Robot.a(Timer_1.o)
                0x00001cb0                Timer_1_SetInterruptCount
 .text.Timer_1_ClearFIFO
                0x00001ccc       0x14 .\CortexM3\ARM_GCC_541\Debug\Group17Robot.a(Timer_1.o)
                0x00001ccc                Timer_1_ClearFIFO
 .text.Timer_1_Init
                0x00001ce0       0x3c .\CortexM3\ARM_GCC_541\Debug\Group17Robot.a(Timer_1.o)
                0x00001ce0                Timer_1_Init
 .text.Timer_1_Start
                0x00001d1c       0x1c .\CortexM3\ARM_GCC_541\Debug\Group17Robot.a(Timer_1.o)
                0x00001d1c                Timer_1_Start
 .text.Trigger_1_Write
                0x00001d38       0x18 .\CortexM3\ARM_GCC_541\Debug\Group17Robot.a(Trigger_1.o)
                0x00001d38                Trigger_1_Write
 .text.Trigger_2_Write
                0x00001d50       0x18 .\CortexM3\ARM_GCC_541\Debug\Group17Robot.a(Trigger_2.o)
                0x00001d50                Trigger_2_Write
 .text.Trigger_3_Write
                0x00001d68       0x18 .\CortexM3\ARM_GCC_541\Debug\Group17Robot.a(Trigger_3.o)
                0x00001d68                Trigger_3_Write
 .text.Trigger_4_Write
                0x00001d80       0x18 .\CortexM3\ARM_GCC_541\Debug\Group17Robot.a(Trigger_4.o)
                0x00001d80                Trigger_4_Write
 .text.Trigger_5_Write
                0x00001d98       0x18 .\CortexM3\ARM_GCC_541\Debug\Group17Robot.a(Trigger_5.o)
                0x00001d98                Trigger_5_Write
 .text.Ultrasonic_Mux_Control_Write
                0x00001db0        0xc .\CortexM3\ARM_GCC_541\Debug\Group17Robot.a(Ultrasonic_Mux_Control.o)
                0x00001db0                Ultrasonic_Mux_Control_Write
 .text.Gripper_Servo_PWM_Enable
                0x00001dbc       0x28 .\CortexM3\ARM_GCC_541\Debug\Group17Robot.a(Gripper_Servo_PWM.o)
                0x00001dbc                Gripper_Servo_PWM_Enable
 .text.Gripper_Servo_PWM_Stop
                0x00001de4       0x28 .\CortexM3\ARM_GCC_541\Debug\Group17Robot.a(Gripper_Servo_PWM.o)
                0x00001de4                Gripper_Servo_PWM_Stop
 .text.Gripper_Servo_PWM_WritePeriod
                0x00001e0c        0xc .\CortexM3\ARM_GCC_541\Debug\Group17Robot.a(Gripper_Servo_PWM.o)
                0x00001e0c                Gripper_Servo_PWM_WritePeriod
 .text.Gripper_Servo_PWM_WriteCompare
                0x00001e18        0xc .\CortexM3\ARM_GCC_541\Debug\Group17Robot.a(Gripper_Servo_PWM.o)
                0x00001e18                Gripper_Servo_PWM_WriteCompare
 .text.Gripper_Servo_PWM_SetInterruptMode
                0x00001e24        0xc .\CortexM3\ARM_GCC_541\Debug\Group17Robot.a(Gripper_Servo_PWM.o)
                0x00001e24                Gripper_Servo_PWM_SetInterruptMode
 .text.Gripper_Servo_PWM_Init
                0x00001e30       0x78 .\CortexM3\ARM_GCC_541\Debug\Group17Robot.a(Gripper_Servo_PWM.o)
                0x00001e30                Gripper_Servo_PWM_Init
 .text.Gripper_Servo_PWM_Start
                0x00001ea8       0x1c .\CortexM3\ARM_GCC_541\Debug\Group17Robot.a(Gripper_Servo_PWM.o)
                0x00001ea8                Gripper_Servo_PWM_Start
 .text.Gripper_Servo_PWM_Sleep
                0x00001ec4       0x28 .\CortexM3\ARM_GCC_541\Debug\Group17Robot.a(Gripper_Servo_PWM_PM.o)
                0x00001ec4                Gripper_Servo_PWM_Sleep
 .text.Rack_Servo_PWM_Enable
                0x00001eec       0x28 .\CortexM3\ARM_GCC_541\Debug\Group17Robot.a(Rack_Servo_PWM.o)
                0x00001eec                Rack_Servo_PWM_Enable
 .text.Rack_Servo_PWM_Stop
                0x00001f14       0x28 .\CortexM3\ARM_GCC_541\Debug\Group17Robot.a(Rack_Servo_PWM.o)
                0x00001f14                Rack_Servo_PWM_Stop
 .text.Rack_Servo_PWM_WritePeriod
                0x00001f3c        0xc .\CortexM3\ARM_GCC_541\Debug\Group17Robot.a(Rack_Servo_PWM.o)
                0x00001f3c                Rack_Servo_PWM_WritePeriod
 .text.Rack_Servo_PWM_WriteCompare
                0x00001f48        0xc .\CortexM3\ARM_GCC_541\Debug\Group17Robot.a(Rack_Servo_PWM.o)
                0x00001f48                Rack_Servo_PWM_WriteCompare
 .text.Rack_Servo_PWM_SetInterruptMode
                0x00001f54        0xc .\CortexM3\ARM_GCC_541\Debug\Group17Robot.a(Rack_Servo_PWM.o)
                0x00001f54                Rack_Servo_PWM_SetInterruptMode
 .text.Rack_Servo_PWM_Init
                0x00001f60       0x78 .\CortexM3\ARM_GCC_541\Debug\Group17Robot.a(Rack_Servo_PWM.o)
                0x00001f60                Rack_Servo_PWM_Init
 .text.Rack_Servo_PWM_Start
                0x00001fd8       0x1c .\CortexM3\ARM_GCC_541\Debug\Group17Robot.a(Rack_Servo_PWM.o)
                0x00001fd8                Rack_Servo_PWM_Start
 .text.Rack_Servo_PWM_Sleep
                0x00001ff4       0x28 .\CortexM3\ARM_GCC_541\Debug\Group17Robot.a(Rack_Servo_PWM_PM.o)
                0x00001ff4                Rack_Servo_PWM_Sleep
 .text.control_led_Write
                0x0000201c        0xc .\CortexM3\ARM_GCC_541\Debug\Group17Robot.a(control_led.o)
                0x0000201c                control_led_Write
 .text.control_photodiode_Write
                0x00002028        0xc .\CortexM3\ARM_GCC_541\Debug\Group17Robot.a(control_photodiode.o)
                0x00002028                control_photodiode_Write
 .text.control_photodiode_Read
                0x00002034        0xc .\CortexM3\ARM_GCC_541\Debug\Group17Robot.a(control_photodiode.o)
                0x00002034                control_photodiode_Read
 .text.Start_SetVector
                0x00002040        0xc .\CortexM3\ARM_GCC_541\Debug\Group17Robot.a(Start.o)
                0x00002040                Start_SetVector
 .text.Start_SetPriority
                0x0000204c       0x10 .\CortexM3\ARM_GCC_541\Debug\Group17Robot.a(Start.o)
                0x0000204c                Start_SetPriority
 .text.Start_Enable
                0x0000205c        0xc .\CortexM3\ARM_GCC_541\Debug\Group17Robot.a(Start.o)
                0x0000205c                Start_Enable
 .text.Start_Disable
                0x00002068        0xc .\CortexM3\ARM_GCC_541\Debug\Group17Robot.a(Start.o)
                0x00002068                Start_Disable
 .text.Start_StartEx
                0x00002074       0x1c .\CortexM3\ARM_GCC_541\Debug\Group17Robot.a(Start.o)
                0x00002074                Start_StartEx
 .text.Sonic_SetVector
                0x00002090        0xc .\CortexM3\ARM_GCC_541\Debug\Group17Robot.a(Sonic.o)
                0x00002090                Sonic_SetVector
 .text.Sonic_SetPriority
                0x0000209c       0x10 .\CortexM3\ARM_GCC_541\Debug\Group17Robot.a(Sonic.o)
                0x0000209c                Sonic_SetPriority
 .text.Sonic_Enable
                0x000020ac        0xc .\CortexM3\ARM_GCC_541\Debug\Group17Robot.a(Sonic.o)
                0x000020ac                Sonic_Enable
 .text.Sonic_Disable
                0x000020b8        0xc .\CortexM3\ARM_GCC_541\Debug\Group17Robot.a(Sonic.o)
                0x000020b8                Sonic_Disable
 .text.Sonic_StartEx
                0x000020c4       0x1c .\CortexM3\ARM_GCC_541\Debug\Group17Robot.a(Sonic.o)
                0x000020c4                Sonic_StartEx
 .text.Motor_Left_Decoder_GetCounter
                0x000020e0       0x10 .\CortexM3\ARM_GCC_541\Debug\Group17Robot.a(Motor_Left_Decoder.o)
                0x000020e0                Motor_Left_Decoder_GetCounter
 .text.Motor_Left_Decoder_SetCounter
                0x000020f0       0x1c .\CortexM3\ARM_GCC_541\Debug\Group17Robot.a(Motor_Left_Decoder.o)
                0x000020f0                Motor_Left_Decoder_SetCounter
 .text.Motor_Left_Decoder_GetEvents
                0x0000210c       0x10 .\CortexM3\ARM_GCC_541\Debug\Group17Robot.a(Motor_Left_Decoder.o)
                0x0000210c                Motor_Left_Decoder_GetEvents
 .text.Motor_Left_Decoder_SetInterruptMask
                0x0000211c        0xc .\CortexM3\ARM_GCC_541\Debug\Group17Robot.a(Motor_Left_Decoder.o)
                0x0000211c                Motor_Left_Decoder_SetInterruptMask
 .text.Motor_Left_Decoder_Enable
                0x00002128       0x24 .\CortexM3\ARM_GCC_541\Debug\Group17Robot.a(Motor_Left_Decoder.o)
                0x00002128                Motor_Left_Decoder_Enable
 .text.Motor_Left_Decoder_Start
                0x0000214c       0x24 .\CortexM3\ARM_GCC_541\Debug\Group17Robot.a(Motor_Left_Decoder.o)
                0x0000214c                Motor_Left_Decoder_Start
 .text.Motor_Right_Decoder_GetCounter
                0x00002170       0x10 .\CortexM3\ARM_GCC_541\Debug\Group17Robot.a(Motor_Right_Decoder.o)
                0x00002170                Motor_Right_Decoder_GetCounter
 .text.Motor_Right_Decoder_SetCounter
                0x00002180       0x1c .\CortexM3\ARM_GCC_541\Debug\Group17Robot.a(Motor_Right_Decoder.o)
                0x00002180                Motor_Right_Decoder_SetCounter
 .text.Motor_Right_Decoder_GetEvents
                0x0000219c       0x10 .\CortexM3\ARM_GCC_541\Debug\Group17Robot.a(Motor_Right_Decoder.o)
                0x0000219c                Motor_Right_Decoder_GetEvents
 .text.Motor_Right_Decoder_SetInterruptMask
                0x000021ac        0xc .\CortexM3\ARM_GCC_541\Debug\Group17Robot.a(Motor_Right_Decoder.o)
                0x000021ac                Motor_Right_Decoder_SetInterruptMask
 .text.Motor_Right_Decoder_Enable
                0x000021b8       0x24 .\CortexM3\ARM_GCC_541\Debug\Group17Robot.a(Motor_Right_Decoder.o)
                0x000021b8                Motor_Right_Decoder_Enable
 .text.Motor_Right_Decoder_Start
                0x000021dc       0x24 .\CortexM3\ARM_GCC_541\Debug\Group17Robot.a(Motor_Right_Decoder.o)
                0x000021dc                Motor_Right_Decoder_Start
 .text.Motor_Left_Driver_Enable
                0x00002200       0x10 .\CortexM3\ARM_GCC_541\Debug\Group17Robot.a(Motor_Left_Driver.o)
                0x00002200                Motor_Left_Driver_Enable
 .text.Motor_Left_Driver_Stop
                0x00002210       0x10 .\CortexM3\ARM_GCC_541\Debug\Group17Robot.a(Motor_Left_Driver.o)
                0x00002210                Motor_Left_Driver_Stop
 .text.Motor_Left_Driver_WriteCounter
                0x00002220        0xc .\CortexM3\ARM_GCC_541\Debug\Group17Robot.a(Motor_Left_Driver.o)
                0x00002220                Motor_Left_Driver_WriteCounter
 .text.Motor_Left_Driver_ReadCounter
                0x0000222c       0x14 .\CortexM3\ARM_GCC_541\Debug\Group17Robot.a(Motor_Left_Driver.o)
                0x0000222c                Motor_Left_Driver_ReadCounter
 .text.Motor_Left_Driver_WritePeriod
                0x00002240        0xc .\CortexM3\ARM_GCC_541\Debug\Group17Robot.a(Motor_Left_Driver.o)
                0x00002240                Motor_Left_Driver_WritePeriod
 .text.Motor_Left_Driver_WriteCompare
                0x0000224c        0xc .\CortexM3\ARM_GCC_541\Debug\Group17Robot.a(Motor_Left_Driver.o)
                0x0000224c                Motor_Left_Driver_WriteCompare
 .text.Motor_Left_Driver_SetInterruptMode
                0x00002258        0xc .\CortexM3\ARM_GCC_541\Debug\Group17Robot.a(Motor_Left_Driver.o)
                0x00002258                Motor_Left_Driver_SetInterruptMode
 .text.Motor_Left_Driver_ReadStatusRegister
                0x00002264        0xc .\CortexM3\ARM_GCC_541\Debug\Group17Robot.a(Motor_Left_Driver.o)
                0x00002264                Motor_Left_Driver_ReadStatusRegister
 .text.Motor_Left_Driver_ReadControlRegister
                0x00002270        0xc .\CortexM3\ARM_GCC_541\Debug\Group17Robot.a(Motor_Left_Driver.o)
                0x00002270                Motor_Left_Driver_ReadControlRegister
 .text.Motor_Left_Driver_WriteControlRegister
                0x0000227c        0xc .\CortexM3\ARM_GCC_541\Debug\Group17Robot.a(Motor_Left_Driver.o)
                0x0000227c                Motor_Left_Driver_WriteControlRegister
 .text.Motor_Left_Driver_ReadCapture
                0x00002288        0xc .\CortexM3\ARM_GCC_541\Debug\Group17Robot.a(Motor_Left_Driver.o)
                0x00002288                Motor_Left_Driver_ReadCapture
 .text.Motor_Left_Driver_ClearFIFO
                0x00002294       0x14 .\CortexM3\ARM_GCC_541\Debug\Group17Robot.a(Motor_Left_Driver.o)
                0x00002294                Motor_Left_Driver_ClearFIFO
 .text.Motor_Left_Driver_Init
                0x000022a8       0x54 .\CortexM3\ARM_GCC_541\Debug\Group17Robot.a(Motor_Left_Driver.o)
                0x000022a8                Motor_Left_Driver_Init
 .text.Motor_Left_Driver_Start
                0x000022fc       0x1c .\CortexM3\ARM_GCC_541\Debug\Group17Robot.a(Motor_Left_Driver.o)
                0x000022fc                Motor_Left_Driver_Start
 .text.Motor_Left_Driver_ReadPeriod
                0x00002318        0xc .\CortexM3\ARM_GCC_541\Debug\Group17Robot.a(Motor_Left_Driver.o)
                0x00002318                Motor_Left_Driver_ReadPeriod
 .text.Motor_Left_Driver_SaveConfig
                0x00002324       0x28 .\CortexM3\ARM_GCC_541\Debug\Group17Robot.a(Motor_Left_Driver_PM.o)
                0x00002324                Motor_Left_Driver_SaveConfig
 .text.Motor_Left_Driver_RestoreConfig
                0x0000234c       0x28 .\CortexM3\ARM_GCC_541\Debug\Group17Robot.a(Motor_Left_Driver_PM.o)
                0x0000234c                Motor_Left_Driver_RestoreConfig
 .text.Motor_Left_Driver_Sleep
                0x00002374       0x2c .\CortexM3\ARM_GCC_541\Debug\Group17Robot.a(Motor_Left_Driver_PM.o)
                0x00002374                Motor_Left_Driver_Sleep
 .text.Motor_Left_Driver_Wakeup
                0x000023a0       0x18 .\CortexM3\ARM_GCC_541\Debug\Group17Robot.a(Motor_Left_Driver_PM.o)
                0x000023a0                Motor_Left_Driver_Wakeup
 .text.Motor_Right_Driver_Enable
                0x000023b8       0x10 .\CortexM3\ARM_GCC_541\Debug\Group17Robot.a(Motor_Right_Driver.o)
                0x000023b8                Motor_Right_Driver_Enable
 .text.Motor_Right_Driver_Stop
                0x000023c8       0x10 .\CortexM3\ARM_GCC_541\Debug\Group17Robot.a(Motor_Right_Driver.o)
                0x000023c8                Motor_Right_Driver_Stop
 .text.Motor_Right_Driver_WriteCounter
                0x000023d8        0xc .\CortexM3\ARM_GCC_541\Debug\Group17Robot.a(Motor_Right_Driver.o)
                0x000023d8                Motor_Right_Driver_WriteCounter
 .text.Motor_Right_Driver_ReadCounter
                0x000023e4       0x14 .\CortexM3\ARM_GCC_541\Debug\Group17Robot.a(Motor_Right_Driver.o)
                0x000023e4                Motor_Right_Driver_ReadCounter
 .text.Motor_Right_Driver_WritePeriod
                0x000023f8        0xc .\CortexM3\ARM_GCC_541\Debug\Group17Robot.a(Motor_Right_Driver.o)
                0x000023f8                Motor_Right_Driver_WritePeriod
 .text.Motor_Right_Driver_WriteCompare
                0x00002404        0xc .\CortexM3\ARM_GCC_541\Debug\Group17Robot.a(Motor_Right_Driver.o)
                0x00002404                Motor_Right_Driver_WriteCompare
 .text.Motor_Right_Driver_SetInterruptMode
                0x00002410        0xc .\CortexM3\ARM_GCC_541\Debug\Group17Robot.a(Motor_Right_Driver.o)
                0x00002410                Motor_Right_Driver_SetInterruptMode
 .text.Motor_Right_Driver_ReadStatusRegister
                0x0000241c        0xc .\CortexM3\ARM_GCC_541\Debug\Group17Robot.a(Motor_Right_Driver.o)
                0x0000241c                Motor_Right_Driver_ReadStatusRegister
 .text.Motor_Right_Driver_ReadControlRegister
                0x00002428        0xc .\CortexM3\ARM_GCC_541\Debug\Group17Robot.a(Motor_Right_Driver.o)
                0x00002428                Motor_Right_Driver_ReadControlRegister
 .text.Motor_Right_Driver_WriteControlRegister
                0x00002434        0xc .\CortexM3\ARM_GCC_541\Debug\Group17Robot.a(Motor_Right_Driver.o)
                0x00002434                Motor_Right_Driver_WriteControlRegister
 .text.Motor_Right_Driver_ReadCapture
                0x00002440        0xc .\CortexM3\ARM_GCC_541\Debug\Group17Robot.a(Motor_Right_Driver.o)
                0x00002440                Motor_Right_Driver_ReadCapture
 .text.Motor_Right_Driver_ClearFIFO
                0x0000244c       0x14 .\CortexM3\ARM_GCC_541\Debug\Group17Robot.a(Motor_Right_Driver.o)
                0x0000244c                Motor_Right_Driver_ClearFIFO
 .text.Motor_Right_Driver_Init
                0x00002460       0x54 .\CortexM3\ARM_GCC_541\Debug\Group17Robot.a(Motor_Right_Driver.o)
                0x00002460                Motor_Right_Driver_Init
 .text.Motor_Right_Driver_Start
                0x000024b4       0x1c .\CortexM3\ARM_GCC_541\Debug\Group17Robot.a(Motor_Right_Driver.o)
                0x000024b4                Motor_Right_Driver_Start
 .text.Motor_Right_Driver_ReadPeriod
                0x000024d0        0xc .\CortexM3\ARM_GCC_541\Debug\Group17Robot.a(Motor_Right_Driver.o)
                0x000024d0                Motor_Right_Driver_ReadPeriod
 .text.Motor_Right_Driver_SaveConfig
                0x000024dc       0x28 .\CortexM3\ARM_GCC_541\Debug\Group17Robot.a(Motor_Right_Driver_PM.o)
                0x000024dc                Motor_Right_Driver_SaveConfig
 .text.Motor_Right_Driver_RestoreConfig
                0x00002504       0x28 .\CortexM3\ARM_GCC_541\Debug\Group17Robot.a(Motor_Right_Driver_PM.o)
                0x00002504                Motor_Right_Driver_RestoreConfig
 .text.Motor_Right_Driver_Sleep
                0x0000252c       0x2c .\CortexM3\ARM_GCC_541\Debug\Group17Robot.a(Motor_Right_Driver_PM.o)
                0x0000252c                Motor_Right_Driver_Sleep
 .text.Motor_Right_Driver_Wakeup
                0x00002558       0x18 .\CortexM3\ARM_GCC_541\Debug\Group17Robot.a(Motor_Right_Driver_PM.o)
                0x00002558                Motor_Right_Driver_Wakeup
 .text.Motor_Left_Control_Write
                0x00002570        0xc .\CortexM3\ARM_GCC_541\Debug\Group17Robot.a(Motor_Left_Control.o)
                0x00002570                Motor_Left_Control_Write
 .text.Motor_Right_Control_Write
                0x0000257c        0xc .\CortexM3\ARM_GCC_541\Debug\Group17Robot.a(Motor_Right_Control.o)
                0x0000257c                Motor_Right_Control_Write
 .text.Motor_Left_Decoder_Cnt16_Enable
                0x00002588       0x10 .\CortexM3\ARM_GCC_541\Debug\Group17Robot.a(Motor_Left_Decoder_Cnt16.o)
                0x00002588                Motor_Left_Decoder_Cnt16_Enable
 .text.Motor_Left_Decoder_Cnt16_SetInterruptMode
                0x00002598        0xc .\CortexM3\ARM_GCC_541\Debug\Group17Robot.a(Motor_Left_Decoder_Cnt16.o)
                0x00002598                Motor_Left_Decoder_Cnt16_SetInterruptMode
 .text.Motor_Left_Decoder_Cnt16_ReadStatusRegister
                0x000025a4        0xc .\CortexM3\ARM_GCC_541\Debug\Group17Robot.a(Motor_Left_Decoder_Cnt16.o)
                0x000025a4                Motor_Left_Decoder_Cnt16_ReadStatusRegister
 .text.Motor_Left_Decoder_Cnt16_WriteCounter
                0x000025b0        0xc .\CortexM3\ARM_GCC_541\Debug\Group17Robot.a(Motor_Left_Decoder_Cnt16.o)
                0x000025b0                Motor_Left_Decoder_Cnt16_WriteCounter
 .text.Motor_Left_Decoder_Cnt16_ReadCounter
                0x000025bc       0x14 .\CortexM3\ARM_GCC_541\Debug\Group17Robot.a(Motor_Left_Decoder_Cnt16.o)
                0x000025bc                Motor_Left_Decoder_Cnt16_ReadCounter
 .text.Motor_Left_Decoder_Cnt16_ReadCapture
                0x000025d0        0xc .\CortexM3\ARM_GCC_541\Debug\Group17Robot.a(Motor_Left_Decoder_Cnt16.o)
                0x000025d0                Motor_Left_Decoder_Cnt16_ReadCapture
 .text.Motor_Left_Decoder_Cnt16_WritePeriod
                0x000025dc        0xc .\CortexM3\ARM_GCC_541\Debug\Group17Robot.a(Motor_Left_Decoder_Cnt16.o)
                0x000025dc                Motor_Left_Decoder_Cnt16_WritePeriod
 .text.Motor_Left_Decoder_Cnt16_WriteCompare
                0x000025e8        0xc .\CortexM3\ARM_GCC_541\Debug\Group17Robot.a(Motor_Left_Decoder_Cnt16.o)
                0x000025e8                Motor_Left_Decoder_Cnt16_WriteCompare
 .text.Motor_Left_Decoder_Cnt16_ClearFIFO
                0x000025f4       0x14 .\CortexM3\ARM_GCC_541\Debug\Group17Robot.a(Motor_Left_Decoder_Cnt16.o)
                0x000025f4                Motor_Left_Decoder_Cnt16_ClearFIFO
 .text.Motor_Left_Decoder_Cnt16_Init
                0x00002608       0x58 .\CortexM3\ARM_GCC_541\Debug\Group17Robot.a(Motor_Left_Decoder_Cnt16.o)
                0x00002608                Motor_Left_Decoder_Cnt16_Init
 .text.Motor_Left_Decoder_Cnt16_Start
                0x00002660       0x1c .\CortexM3\ARM_GCC_541\Debug\Group17Robot.a(Motor_Left_Decoder_Cnt16.o)
                0x00002660                Motor_Left_Decoder_Cnt16_Start
 .text.Motor_Right_Decoder_Cnt16_Enable
                0x0000267c       0x10 .\CortexM3\ARM_GCC_541\Debug\Group17Robot.a(Motor_Right_Decoder_Cnt16.o)
                0x0000267c                Motor_Right_Decoder_Cnt16_Enable
 .text.Motor_Right_Decoder_Cnt16_SetInterruptMode
                0x0000268c        0xc .\CortexM3\ARM_GCC_541\Debug\Group17Robot.a(Motor_Right_Decoder_Cnt16.o)
                0x0000268c                Motor_Right_Decoder_Cnt16_SetInterruptMode
 .text.Motor_Right_Decoder_Cnt16_ReadStatusRegister
                0x00002698        0xc .\CortexM3\ARM_GCC_541\Debug\Group17Robot.a(Motor_Right_Decoder_Cnt16.o)
                0x00002698                Motor_Right_Decoder_Cnt16_ReadStatusRegister
 .text.Motor_Right_Decoder_Cnt16_WriteCounter
                0x000026a4        0xc .\CortexM3\ARM_GCC_541\Debug\Group17Robot.a(Motor_Right_Decoder_Cnt16.o)
                0x000026a4                Motor_Right_Decoder_Cnt16_WriteCounter
 .text.Motor_Right_Decoder_Cnt16_ReadCounter
                0x000026b0       0x14 .\CortexM3\ARM_GCC_541\Debug\Group17Robot.a(Motor_Right_Decoder_Cnt16.o)
                0x000026b0                Motor_Right_Decoder_Cnt16_ReadCounter
 .text.Motor_Right_Decoder_Cnt16_ReadCapture
                0x000026c4        0xc .\CortexM3\ARM_GCC_541\Debug\Group17Robot.a(Motor_Right_Decoder_Cnt16.o)
                0x000026c4                Motor_Right_Decoder_Cnt16_ReadCapture
 .text.Motor_Right_Decoder_Cnt16_WritePeriod
                0x000026d0        0xc .\CortexM3\ARM_GCC_541\Debug\Group17Robot.a(Motor_Right_Decoder_Cnt16.o)
                0x000026d0                Motor_Right_Decoder_Cnt16_WritePeriod
 .text.Motor_Right_Decoder_Cnt16_WriteCompare
                0x000026dc        0xc .\CortexM3\ARM_GCC_541\Debug\Group17Robot.a(Motor_Right_Decoder_Cnt16.o)
                0x000026dc                Motor_Right_Decoder_Cnt16_WriteCompare
 .text.Motor_Right_Decoder_Cnt16_ClearFIFO
                0x000026e8       0x14 .\CortexM3\ARM_GCC_541\Debug\Group17Robot.a(Motor_Right_Decoder_Cnt16.o)
                0x000026e8                Motor_Right_Decoder_Cnt16_ClearFIFO
 .text.Motor_Right_Decoder_Cnt16_Init
                0x000026fc       0x58 .\CortexM3\ARM_GCC_541\Debug\Group17Robot.a(Motor_Right_Decoder_Cnt16.o)
                0x000026fc                Motor_Right_Decoder_Cnt16_Init
 .text.Motor_Right_Decoder_Cnt16_Start
                0x00002754       0x1c .\CortexM3\ARM_GCC_541\Debug\Group17Robot.a(Motor_Right_Decoder_Cnt16.o)
                0x00002754                Motor_Right_Decoder_Cnt16_Start
 .text          0x00002770       0x20 .\CortexM3\ARM_GCC_541\Debug\Group17Robot.a(CyBootAsmGnu.o)
                0x00002770                CyDelayCycles
                0x00002780                CyEnterCriticalSection
                0x00002788                CyExitCriticalSection
 .text.round    0x00002790       0xa0 c:/program files (x86)/cypress/psoc creator/4.2/psoc creator/import/gnu/arm/5.4.1/bin/../lib/gcc/arm-none-eabi/5.4.1/../../../../arm-none-eabi/lib/armv7-m\libm.a(lib_a-s_round.o)
                0x00002790                round
 .text          0x00002830      0x370 c:/program files (x86)/cypress/psoc creator/4.2/psoc creator/import/gnu/arm/5.4.1/bin/../lib/gcc/arm-none-eabi/5.4.1/armv7-m\libgcc.a(_arm_addsubdf3.o)
                0x00002830                __aeabi_drsub
                0x00002838                __aeabi_dsub
                0x00002838                __subdf3
                0x0000283c                __aeabi_dadd
                0x0000283c                __adddf3
                0x00002ab4                __floatunsidf
                0x00002ab4                __aeabi_ui2d
                0x00002ad4                __floatsidf
                0x00002ad4                __aeabi_i2d
                0x00002af8                __aeabi_f2d
                0x00002af8                __extendsfdf2
                0x00002b34                __floatundidf
                0x00002b34                __aeabi_ul2d
                0x00002b44                __floatdidf
                0x00002b44                __aeabi_l2d
 .text          0x00002ba0      0x424 c:/program files (x86)/cypress/psoc creator/4.2/psoc creator/import/gnu/arm/5.4.1/bin/../lib/gcc/arm-none-eabi/5.4.1/armv7-m\libgcc.a(_arm_muldivdf3.o)
                0x00002ba0                __aeabi_dmul
                0x00002ba0                __muldf3
                0x00002df4                __divdf3
                0x00002df4                __aeabi_ddiv
 .text          0x00002fc4      0x110 c:/program files (x86)/cypress/psoc creator/4.2/psoc creator/import/gnu/arm/5.4.1/bin/../lib/gcc/arm-none-eabi/5.4.1/armv7-m\libgcc.a(_arm_cmpdf2.o)
                0x00002fc4                __gtdf2
                0x00002fc4                __gedf2
                0x00002fcc                __ltdf2
                0x00002fcc                __ledf2
                0x00002fd4                __nedf2
                0x00002fd4                __eqdf2
                0x00002fd4                __cmpdf2
                0x00003050                __aeabi_cdrcmple
                0x00003060                __aeabi_cdcmpeq
                0x00003060                __aeabi_cdcmple
                0x00003070                __aeabi_dcmpeq
                0x00003084                __aeabi_dcmplt
                0x00003098                __aeabi_dcmple
                0x000030ac                __aeabi_dcmpge
                0x000030c0                __aeabi_dcmpgt
 .text          0x000030d4       0x50 c:/program files (x86)/cypress/psoc creator/4.2/psoc creator/import/gnu/arm/5.4.1/bin/../lib/gcc/arm-none-eabi/5.4.1/armv7-m\libgcc.a(_arm_fixdfsi.o)
                0x000030d4                __aeabi_d2iz
                0x000030d4                __fixdfsi
 .text          0x00003124      0x21c c:/program files (x86)/cypress/psoc creator/4.2/psoc creator/import/gnu/arm/5.4.1/bin/../lib/gcc/arm-none-eabi/5.4.1/armv7-m\libgcc.a(_arm_addsubsf3.o)
                0x00003124                __aeabi_frsub
                0x0000312c                __subsf3
                0x0000312c                __aeabi_fsub
                0x00003130                __aeabi_fadd
                0x00003130                __addsf3
                0x00003290                __aeabi_ui2f
                0x00003290                __floatunsisf
                0x00003298                __aeabi_i2f
                0x00003298                __floatsisf
                0x000032b4                __aeabi_ul2f
                0x000032b4                __floatundisf
                0x000032c4                __aeabi_l2f
                0x000032c4                __floatdisf
 .text.__errno  0x00003340        0xc c:/program files (x86)/cypress/psoc creator/4.2/psoc creator/import/gnu/arm/5.4.1/bin/../lib/gcc/arm-none-eabi/5.4.1/../../../../arm-none-eabi/lib/armv7-m\libg_nano.a(lib_a-errno.o)
                0x00003340                __errno
 .text.__libc_init_array
                0x0000334c       0x4c c:/program files (x86)/cypress/psoc creator/4.2/psoc creator/import/gnu/arm/5.4.1/bin/../lib/gcc/arm-none-eabi/5.4.1/../../../../arm-none-eabi/lib/armv7-m\libg_nano.a(lib_a-init.o)
                0x0000334c                __libc_init_array
 .text.memcpy   0x00003398       0x16 c:/program files (x86)/cypress/psoc creator/4.2/psoc creator/import/gnu/arm/5.4.1/bin/../lib/gcc/arm-none-eabi/5.4.1/../../../../arm-none-eabi/lib/armv7-m\libg_nano.a(lib_a-memcpy-stub.o)
                0x00003398                memcpy
 .text.memset   0x000033ae       0x10 c:/program files (x86)/cypress/psoc creator/4.2/psoc creator/import/gnu/arm/5.4.1/bin/../lib/gcc/arm-none-eabi/5.4.1/../../../../arm-none-eabi/lib/armv7-m\libg_nano.a(lib_a-memset.o)
                0x000033ae                memset
 .text.__cvt    0x000033be       0xc0 c:/program files (x86)/cypress/psoc creator/4.2/psoc creator/import/gnu/arm/5.4.1/bin/../lib/gcc/arm-none-eabi/5.4.1/../../../../arm-none-eabi/lib/armv7-m\libg_nano.a(lib_a-nano-vfprintf_float.o)
                0x000033be                __cvt
 .text.__exponent
                0x0000347e       0x62 c:/program files (x86)/cypress/psoc creator/4.2/psoc creator/import/gnu/arm/5.4.1/bin/../lib/gcc/arm-none-eabi/5.4.1/../../../../arm-none-eabi/lib/armv7-m\libg_nano.a(lib_a-nano-vfprintf_float.o)
                0x0000347e                __exponent
 .text._printf_float
                0x000034e0      0x488 c:/program files (x86)/cypress/psoc creator/4.2/psoc creator/import/gnu/arm/5.4.1/bin/../lib/gcc/arm-none-eabi/5.4.1/../../../../arm-none-eabi/lib/armv7-m\libg_nano.a(lib_a-nano-vfprintf_float.o)
                0x000034e0                _printf_float
 .text._printf_common
                0x00003968       0xec c:/program files (x86)/cypress/psoc creator/4.2/psoc creator/import/gnu/arm/5.4.1/bin/../lib/gcc/arm-none-eabi/5.4.1/../../../../arm-none-eabi/lib/armv7-m\libg_nano.a(lib_a-nano-vfprintf_i.o)
                0x00003968                _printf_common
 .text._printf_i
                0x00003a54      0x24c c:/program files (x86)/cypress/psoc creator/4.2/psoc creator/import/gnu/arm/5.4.1/bin/../lib/gcc/arm-none-eabi/5.4.1/../../../../arm-none-eabi/lib/armv7-m\libg_nano.a(lib_a-nano-vfprintf_i.o)
                0x00003a54                _printf_i
 .text.sprintf  0x00003ca0       0x48 c:/program files (x86)/cypress/psoc creator/4.2/psoc creator/import/gnu/arm/5.4.1/bin/../lib/gcc/arm-none-eabi/5.4.1/../../../../arm-none-eabi/lib/armv7-m\libg_nano.a(lib_a-sprintf.o)
                0x00003ca0                siprintf
                0x00003ca0                sprintf
 .text          0x00003ce8       0x10 c:/program files (x86)/cypress/psoc creator/4.2/psoc creator/import/gnu/arm/5.4.1/bin/../lib/gcc/arm-none-eabi/5.4.1/../../../../arm-none-eabi/lib/armv7-m\libg_nano.a(lib_a-strlen.o)
                0x00003ce8                strlen
 .text.quorem   0x00003cf8      0x116 c:/program files (x86)/cypress/psoc creator/4.2/psoc creator/import/gnu/arm/5.4.1/bin/../lib/gcc/arm-none-eabi/5.4.1/../../../../arm-none-eabi/lib/armv7-m\libg_nano.a(lib_a-dtoa.o)
 *fill*         0x00003e0e        0x2 
 .text._dtoa_r  0x00003e10      0xb30 c:/program files (x86)/cypress/psoc creator/4.2/psoc creator/import/gnu/arm/5.4.1/bin/../lib/gcc/arm-none-eabi/5.4.1/../../../../arm-none-eabi/lib/armv7-m\libg_nano.a(lib_a-dtoa.o)
                0x00003e10                _dtoa_r
 .text._localeconv_r
                0x00004940        0x8 c:/program files (x86)/cypress/psoc creator/4.2/psoc creator/import/gnu/arm/5.4.1/bin/../lib/gcc/arm-none-eabi/5.4.1/../../../../arm-none-eabi/lib/armv7-m\libg_nano.a(lib_a-locale.o)
                0x00004940                _localeconv_r
 .text.malloc   0x00004948       0x10 c:/program files (x86)/cypress/psoc creator/4.2/psoc creator/import/gnu/arm/5.4.1/bin/../lib/gcc/arm-none-eabi/5.4.1/../../../../arm-none-eabi/lib/armv7-m\libg_nano.a(lib_a-malloc.o)
                0x00004948                malloc
 .text.memchr   0x00004958       0x1c c:/program files (x86)/cypress/psoc creator/4.2/psoc creator/import/gnu/arm/5.4.1/bin/../lib/gcc/arm-none-eabi/5.4.1/../../../../arm-none-eabi/lib/armv7-m\libg_nano.a(lib_a-memchr-stub.o)
                0x00004958                memchr
 .text._Balloc  0x00004974       0x6a c:/program files (x86)/cypress/psoc creator/4.2/psoc creator/import/gnu/arm/5.4.1/bin/../lib/gcc/arm-none-eabi/5.4.1/../../../../arm-none-eabi/lib/armv7-m\libg_nano.a(lib_a-mprec.o)
                0x00004974                _Balloc
 .text._Bfree   0x000049de       0x2e c:/program files (x86)/cypress/psoc creator/4.2/psoc creator/import/gnu/arm/5.4.1/bin/../lib/gcc/arm-none-eabi/5.4.1/../../../../arm-none-eabi/lib/armv7-m\libg_nano.a(lib_a-mprec.o)
                0x000049de                _Bfree
 .text.__multadd
                0x00004a0c       0x76 c:/program files (x86)/cypress/psoc creator/4.2/psoc creator/import/gnu/arm/5.4.1/bin/../lib/gcc/arm-none-eabi/5.4.1/../../../../arm-none-eabi/lib/armv7-m\libg_nano.a(lib_a-mprec.o)
                0x00004a0c                __multadd
 .text.__hi0bits
                0x00004a82       0x40 c:/program files (x86)/cypress/psoc creator/4.2/psoc creator/import/gnu/arm/5.4.1/bin/../lib/gcc/arm-none-eabi/5.4.1/../../../../arm-none-eabi/lib/armv7-m\libg_nano.a(lib_a-mprec.o)
                0x00004a82                __hi0bits
 .text.__lo0bits
                0x00004ac2       0x5a c:/program files (x86)/cypress/psoc creator/4.2/psoc creator/import/gnu/arm/5.4.1/bin/../lib/gcc/arm-none-eabi/5.4.1/../../../../arm-none-eabi/lib/armv7-m\libg_nano.a(lib_a-mprec.o)
                0x00004ac2                __lo0bits
 .text.__i2b    0x00004b1c       0x12 c:/program files (x86)/cypress/psoc creator/4.2/psoc creator/import/gnu/arm/5.4.1/bin/../lib/gcc/arm-none-eabi/5.4.1/../../../../arm-none-eabi/lib/armv7-m\libg_nano.a(lib_a-mprec.o)
                0x00004b1c                __i2b
 .text.__multiply
                0x00004b2e      0x120 c:/program files (x86)/cypress/psoc creator/4.2/psoc creator/import/gnu/arm/5.4.1/bin/../lib/gcc/arm-none-eabi/5.4.1/../../../../arm-none-eabi/lib/armv7-m\libg_nano.a(lib_a-mprec.o)
                0x00004b2e                __multiply
 *fill*         0x00004c4e        0x2 
 .text.__pow5mult
                0x00004c50       0x9c c:/program files (x86)/cypress/psoc creator/4.2/psoc creator/import/gnu/arm/5.4.1/bin/../lib/gcc/arm-none-eabi/5.4.1/../../../../arm-none-eabi/lib/armv7-m\libg_nano.a(lib_a-mprec.o)
                0x00004c50                __pow5mult
 .text.__lshift
                0x00004cec       0xa2 c:/program files (x86)/cypress/psoc creator/4.2/psoc creator/import/gnu/arm/5.4.1/bin/../lib/gcc/arm-none-eabi/5.4.1/../../../../arm-none-eabi/lib/armv7-m\libg_nano.a(lib_a-mprec.o)
                0x00004cec                __lshift
 .text.__mcmp   0x00004d8e       0x38 c:/program files (x86)/cypress/psoc creator/4.2/psoc creator/import/gnu/arm/5.4.1/bin/../lib/gcc/arm-none-eabi/5.4.1/../../../../arm-none-eabi/lib/armv7-m\libg_nano.a(lib_a-mprec.o)
                0x00004d8e                __mcmp
 .text.__mdiff  0x00004dc6       0xbe c:/program files (x86)/cypress/psoc creator/4.2/psoc creator/import/gnu/arm/5.4.1/bin/../lib/gcc/arm-none-eabi/5.4.1/../../../../arm-none-eabi/lib/armv7-m\libg_nano.a(lib_a-mprec.o)
                0x00004dc6                __mdiff
 .text.__d2b    0x00004e84       0x9c c:/program files (x86)/cypress/psoc creator/4.2/psoc creator/import/gnu/arm/5.4.1/bin/../lib/gcc/arm-none-eabi/5.4.1/../../../../arm-none-eabi/lib/armv7-m\libg_nano.a(lib_a-mprec.o)
                0x00004e84                __d2b
 .text._calloc_r
                0x00004f20       0x1c c:/program files (x86)/cypress/psoc creator/4.2/psoc creator/import/gnu/arm/5.4.1/bin/../lib/gcc/arm-none-eabi/5.4.1/../../../../arm-none-eabi/lib/armv7-m\libg_nano.a(lib_a-nano-callocr.o)
                0x00004f20                _calloc_r
 .text._free_r  0x00004f3c       0x98 c:/program files (x86)/cypress/psoc creator/4.2/psoc creator/import/gnu/arm/5.4.1/bin/../lib/gcc/arm-none-eabi/5.4.1/../../../../arm-none-eabi/lib/armv7-m\libg_nano.a(lib_a-nano-freer.o)
                0x00004f3c                _free_r
 .text._malloc_r
                0x00004fd4       0xbc c:/program files (x86)/cypress/psoc creator/4.2/psoc creator/import/gnu/arm/5.4.1/bin/../lib/gcc/arm-none-eabi/5.4.1/../../../../arm-none-eabi/lib/armv7-m\libg_nano.a(lib_a-nano-mallocr.o)
                0x00004fd4                _malloc_r
 .text.__ssputs_r
                0x00005090       0xb2 c:/program files (x86)/cypress/psoc creator/4.2/psoc creator/import/gnu/arm/5.4.1/bin/../lib/gcc/arm-none-eabi/5.4.1/../../../../arm-none-eabi/lib/armv7-m\libg_nano.a(lib_a-nano-svfprintf.o)
                0x00005090                __ssputs_r
 *fill*         0x00005142        0x2 
 .text._svfprintf_r
                0x00005144      0x1e8 c:/program files (x86)/cypress/psoc creator/4.2/psoc creator/import/gnu/arm/5.4.1/bin/../lib/gcc/arm-none-eabi/5.4.1/../../../../arm-none-eabi/lib/armv7-m\libg_nano.a(lib_a-nano-svfprintf.o)
                0x00005144                _svfiprintf_r
                0x00005144                _svfprintf_r
 .text._sbrk_r  0x0000532c       0x20 c:/program files (x86)/cypress/psoc creator/4.2/psoc creator/import/gnu/arm/5.4.1/bin/../lib/gcc/arm-none-eabi/5.4.1/../../../../arm-none-eabi/lib/armv7-m\libg_nano.a(lib_a-sbrkr.o)
                0x0000532c                _sbrk_r
 .text.memmove  0x0000534c       0x36 c:/program files (x86)/cypress/psoc creator/4.2/psoc creator/import/gnu/arm/5.4.1/bin/../lib/gcc/arm-none-eabi/5.4.1/../../../../arm-none-eabi/lib/armv7-m\libg_nano.a(lib_a-memmove.o)
                0x0000534c                memmove
 .text.__malloc_lock
                0x00005382        0x2 c:/program files (x86)/cypress/psoc creator/4.2/psoc creator/import/gnu/arm/5.4.1/bin/../lib/gcc/arm-none-eabi/5.4.1/../../../../arm-none-eabi/lib/armv7-m\libg_nano.a(lib_a-mlock.o)
                0x00005382                __malloc_lock
 .text.__malloc_unlock
                0x00005384        0x2 c:/program files (x86)/cypress/psoc creator/4.2/psoc creator/import/gnu/arm/5.4.1/bin/../lib/gcc/arm-none-eabi/5.4.1/../../../../arm-none-eabi/lib/armv7-m\libg_nano.a(lib_a-mlock.o)
                0x00005384                __malloc_unlock
 .text._realloc_r
                0x00005386       0x4c c:/program files (x86)/cypress/psoc creator/4.2/psoc creator/import/gnu/arm/5.4.1/bin/../lib/gcc/arm-none-eabi/5.4.1/../../../../arm-none-eabi/lib/armv7-m\libg_nano.a(lib_a-nano-reallocr.o)
                0x00005386                _realloc_r
 .text._malloc_usable_size_r
                0x000053d2       0x14 c:/program files (x86)/cypress/psoc creator/4.2/psoc creator/import/gnu/arm/5.4.1/bin/../lib/gcc/arm-none-eabi/5.4.1/../../../../arm-none-eabi/lib/armv7-m\libg_nano.a(lib_a-nano-msizer.o)
                0x000053d2                _malloc_usable_size_r
 *fill*         0x000053e6        0x2 
 .text          0x000053e8       0x2c c:/program files (x86)/cypress/psoc creator/4.2/psoc creator/import/gnu/arm/5.4.1/bin/../lib/gcc/arm-none-eabi/5.4.1/armv7-m\libgcc.a(_arm_unorddf2.o)
                0x000053e8                __unorddf2
                0x000053e8                __aeabi_dcmpun
 *(.plt)
 *(.gnu.warning)
 *(.glue_7t)
 .glue_7t       0x00005414        0x0 linker stubs
 *(.glue_7)
 .glue_7        0x00005414        0x0 linker stubs
 *(.vfp11_veneer)
 .vfp11_veneer  0x00005414        0x0 linker stubs
 *(.bootloader)
 *(.ARM.extab* .gnu.linkonce.armextab.*)
 *(.gcc_except_table)

.v4_bx          0x00005414        0x0
 .v4_bx         0x00005414        0x0 linker stubs

.iplt           0x00005414        0x0
 .iplt          0x00005414        0x0 c:/program files (x86)/cypress/psoc creator/4.2/psoc creator/import/gnu/arm/5.4.1/bin/../lib/gcc/arm-none-eabi/5.4.1/armv7-m/crtbegin.o

.eh_frame_hdr
 *(.eh_frame_hdr)

.eh_frame       0x00005414        0x4
 *(.eh_frame)
 .eh_frame      0x00005414        0x0 c:/program files (x86)/cypress/psoc creator/4.2/psoc creator/import/gnu/arm/5.4.1/bin/../lib/gcc/arm-none-eabi/5.4.1/armv7-m/crtbegin.o
 .eh_frame      0x00005414        0x4 c:/program files (x86)/cypress/psoc creator/4.2/psoc creator/import/gnu/arm/5.4.1/bin/../lib/gcc/arm-none-eabi/5.4.1/armv7-m/crtend.o
                [!provide]                PROVIDE (__exidx_start, .)

.ARM.exidx
 *(.ARM.exidx* .gnu.linkonce.armexidx.*)
                0x00005418                __exidx_end = .

.rodata         0x00005418      0x338
 *(.rodata .rodata.* .gnu.linkonce.r.*)
 .rodata.str1.4
                0x00005418       0x5b .\CortexM3\ARM_GCC_541\Debug\main.o
 *fill*         0x00005473        0x1 
 .rodata.str1.4
                0x00005474       0x47 .\CortexM3\ARM_GCC_541\Debug\ultrasonic.o
 *fill*         0x000054bb        0x1 
 .rodata.str1.4
                0x000054bc       0x26 .\CortexM3\ARM_GCC_541\Debug\mishamotor.o
 *fill*         0x000054e2        0x2 
 .rodata.str1.4
                0x000054e4       0x94 .\CortexM3\ARM_GCC_541\Debug\navigation.o
                                 0x9c (size before relaxing)
 .rodata        0x00005578       0x44 .\CortexM3\ARM_GCC_541\Debug\cyfitter_cfg.o
 .rodata.str1.1
                0x000055bc        0x2 c:/program files (x86)/cypress/psoc creator/4.2/psoc creator/import/gnu/arm/5.4.1/bin/../lib/gcc/arm-none-eabi/5.4.1/../../../../arm-none-eabi/lib/armv7-m\libg_nano.a(lib_a-impure.o)
 .rodata.str1.1
                0x000055be       0x12 c:/program files (x86)/cypress/psoc creator/4.2/psoc creator/import/gnu/arm/5.4.1/bin/../lib/gcc/arm-none-eabi/5.4.1/../../../../arm-none-eabi/lib/armv7-m\libg_nano.a(lib_a-nano-vfprintf_float.o)
 .rodata.str1.1
                0x000055d0       0x22 c:/program files (x86)/cypress/psoc creator/4.2/psoc creator/import/gnu/arm/5.4.1/bin/../lib/gcc/arm-none-eabi/5.4.1/../../../../arm-none-eabi/lib/armv7-m\libg_nano.a(lib_a-nano-vfprintf_i.o)
 .rodata.str1.1
                0x000055f2        0xd c:/program files (x86)/cypress/psoc creator/4.2/psoc creator/import/gnu/arm/5.4.1/bin/../lib/gcc/arm-none-eabi/5.4.1/../../../../arm-none-eabi/lib/armv7-m\libg_nano.a(lib_a-dtoa.o)
                                  0xf (size before relaxing)
 .rodata.str1.1
                0x000055ff        0x8 c:/program files (x86)/cypress/psoc creator/4.2/psoc creator/import/gnu/arm/5.4.1/bin/../lib/gcc/arm-none-eabi/5.4.1/../../../../arm-none-eabi/lib/armv7-m\libg_nano.a(lib_a-locale.o)
                                  0xb (size before relaxing)
 *fill*         0x00005607        0x1 
 .rodata.__mprec_tens
                0x00005608       0xc8 c:/program files (x86)/cypress/psoc creator/4.2/psoc creator/import/gnu/arm/5.4.1/bin/../lib/gcc/arm-none-eabi/5.4.1/../../../../arm-none-eabi/lib/armv7-m\libg_nano.a(lib_a-mprec.o)
                0x00005608                __mprec_tens
 .rodata.p05.5408
                0x000056d0        0xc c:/program files (x86)/cypress/psoc creator/4.2/psoc creator/import/gnu/arm/5.4.1/bin/../lib/gcc/arm-none-eabi/5.4.1/../../../../arm-none-eabi/lib/armv7-m\libg_nano.a(lib_a-mprec.o)
 *fill*         0x000056dc        0x4 
 .rodata.__mprec_bigtens
                0x000056e0       0x28 c:/program files (x86)/cypress/psoc creator/4.2/psoc creator/import/gnu/arm/5.4.1/bin/../lib/gcc/arm-none-eabi/5.4.1/../../../../arm-none-eabi/lib/armv7-m\libg_nano.a(lib_a-mprec.o)
                0x000056e0                __mprec_bigtens
 .rodata.str1.1
                0x00005708       0x11 c:/program files (x86)/cypress/psoc creator/4.2/psoc creator/import/gnu/arm/5.4.1/bin/../lib/gcc/arm-none-eabi/5.4.1/../../../../arm-none-eabi/lib/armv7-m\libg_nano.a(lib_a-nano-svfprintf.o)
                0x0000571c                . = ALIGN (0x4)
 *fill*         0x00005719        0x3 
 *(.init)
 .init          0x0000571c        0x4 c:/program files (x86)/cypress/psoc creator/4.2/psoc creator/import/gnu/arm/5.4.1/bin/../lib/gcc/arm-none-eabi/5.4.1/armv7-m/crti.o
                0x0000571c                _init
 .init          0x00005720        0x8 c:/program files (x86)/cypress/psoc creator/4.2/psoc creator/import/gnu/arm/5.4.1/bin/../lib/gcc/arm-none-eabi/5.4.1/armv7-m/crtn.o
                0x00005728                . = ALIGN (0x4)
                0x00005728                __preinit_array_start = .
 *(.preinit_array)
                0x00005728                __preinit_array_end = .
                0x00005728                . = ALIGN (0x4)
                0x00005728                __init_array_start = .
 *(SORT(.init_array.*))
 *(.init_array)
 .init_array    0x00005728        0x4 c:/program files (x86)/cypress/psoc creator/4.2/psoc creator/import/gnu/arm/5.4.1/bin/../lib/gcc/arm-none-eabi/5.4.1/armv7-m/crtbegin.o
 .init_array    0x0000572c        0x4 .\CortexM3\ARM_GCC_541\Debug\Cm3Start.o
                0x00005730                __init_array_end = .
                0x00005730                . = ALIGN (0x4)
 *(.fini)
 .fini          0x00005730        0x4 c:/program files (x86)/cypress/psoc creator/4.2/psoc creator/import/gnu/arm/5.4.1/bin/../lib/gcc/arm-none-eabi/5.4.1/armv7-m/crti.o
                0x00005730                _fini
 .fini          0x00005734        0x8 c:/program files (x86)/cypress/psoc creator/4.2/psoc creator/import/gnu/arm/5.4.1/bin/../lib/gcc/arm-none-eabi/5.4.1/armv7-m/crtn.o
                0x0000573c                . = ALIGN (0x4)
                0x0000573c                __fini_array_start = .
 *(.fini_array)
 .fini_array    0x0000573c        0x4 c:/program files (x86)/cypress/psoc creator/4.2/psoc creator/import/gnu/arm/5.4.1/bin/../lib/gcc/arm-none-eabi/5.4.1/armv7-m/crtbegin.o
 *(SORT(.fini_array.*))
                0x00005740                __fini_array_end = .
                0x00005740                . = ALIGN (0x4)
 *crtbegin.o(.ctors)
 *(EXCLUDE_FILE(*crtend.o) .ctors)
 *(SORT(.ctors.*))
 *crtend.o(.ctors)
                0x00005740                . = ALIGN (0x4)
 *crtbegin.o(.dtors)
 *(EXCLUDE_FILE(*crtend.o) .dtors)
 *(SORT(.dtors.*))
 *crtend.o(.dtors)
                0x00005740                . = ALIGN (0x4)
                0x00005740                __cy_regions = .
                0x00005740        0x4 LONG 0x5750 __cy_region_init_ram
                0x00005744        0x4 LONG 0x1fff80c8 __cy_region_start_data
                0x00005748        0x4 LONG 0xe0 __cy_region_init_size_ram
                0x0000574c        0x4 LONG 0x1c0 __cy_region_zero_size_ram
                0x00005750                __cy_regions_end = .
                0x00005750                . = ALIGN (0x8)
                0x00005750                _etext = .

.cy_checksum_exclude
                0x00005750        0x0
 *(.cy_checksum_exclude)

.ramvectors     0x1fff8000       0xc0
                0x1fff8000                __cy_region_start_ram = .
 *(.ramvectors)
 .ramvectors    0x1fff8000       0xc0 .\CortexM3\ARM_GCC_541\Debug\Cm3Start.o
                0x1fff8000                CyRamVectors

.noinit         0x1fff80c0        0x1
 *(.noinit)
 .noinit        0x1fff80c0        0x1 .\CortexM3\ARM_GCC_541\Debug\Group17Robot.a(CyLib.o)
                0x1fff80c0                CyResetStatus

.data           0x1fff80c8       0xe0 load address 0x00005750
                0x1fff80c8                __cy_region_start_data = .
 *(.jcr)
 .jcr           0x1fff80c8        0x0 c:/program files (x86)/cypress/psoc creator/4.2/psoc creator/import/gnu/arm/5.4.1/bin/../lib/gcc/arm-none-eabi/5.4.1/armv7-m/crtbegin.o
 .jcr           0x1fff80c8        0x4 c:/program files (x86)/cypress/psoc creator/4.2/psoc creator/import/gnu/arm/5.4.1/bin/../lib/gcc/arm-none-eabi/5.4.1/armv7-m/crtend.o
 *(.got.plt)
 *(.got)
 *(.shdata)
 *(.data .data.* .gnu.linkonce.d.*)
 .data          0x1fff80cc       0x24 .\CortexM3\ARM_GCC_541\Debug\main.o
                0x1fff80cc                colour_flag
                0x1fff80d0                current_stage
                0x1fff80d4                state
                0x1fff80d8                running
                0x1fff80dc                puckRackOffsetsFromWest
 .data          0x1fff80f0        0x4 .\CortexM3\ARM_GCC_541\Debug\Cm3Start.o
 .data          0x1fff80f4       0x10 .\CortexM3\ARM_GCC_541\Debug\Group17Robot.a(CyLib.o)
                0x1fff80f4                cydelay_32k_ms
                0x1fff80f8                cydelay_freq_khz
                0x1fff80fc                cydelay_freq_mhz
                0x1fff8100                cydelay_freq_hz
 .data          0x1fff8104        0x1 .\CortexM3\ARM_GCC_541\Debug\Group17Robot.a(ADC.o)
                0x1fff8104                ADC_Config
 *fill*         0x1fff8105        0x3 
 .data.impure_data
                0x1fff8108       0x60 c:/program files (x86)/cypress/psoc creator/4.2/psoc creator/import/gnu/arm/5.4.1/bin/../lib/gcc/arm-none-eabi/5.4.1/../../../../arm-none-eabi/lib/armv7-m\libg_nano.a(lib_a-impure.o)
 .data._impure_ptr
                0x1fff8168        0x4 c:/program files (x86)/cypress/psoc creator/4.2/psoc creator/import/gnu/arm/5.4.1/bin/../lib/gcc/arm-none-eabi/5.4.1/../../../../arm-none-eabi/lib/armv7-m\libg_nano.a(lib_a-impure.o)
                0x1fff8168                _impure_ptr
 .data.lconv    0x1fff816c       0x38 c:/program files (x86)/cypress/psoc creator/4.2/psoc creator/import/gnu/arm/5.4.1/bin/../lib/gcc/arm-none-eabi/5.4.1/../../../../arm-none-eabi/lib/armv7-m\libg_nano.a(lib_a-locale.o)
                0x1fff81a8                . = ALIGN (0x8)
 *fill*         0x1fff81a4        0x4 
 *(.ram)
                0x1fff81a8                _edata = .

.igot.plt       0x1fff81a8        0x0 load address 0x00005830
 .igot.plt      0x1fff81a8        0x0 c:/program files (x86)/cypress/psoc creator/4.2/psoc creator/import/gnu/arm/5.4.1/bin/../lib/gcc/arm-none-eabi/5.4.1/armv7-m/crtbegin.o

.bss            0x1fff81a8      0x1c0 load address 0x00005830
                0x1fff81a8                PROVIDE (__bss_start__, .)
 *(.shbss)
 *(.bss .bss.* .gnu.linkonce.b.*)
 .bss           0x1fff81a8       0x1c c:/program files (x86)/cypress/psoc creator/4.2/psoc creator/import/gnu/arm/5.4.1/bin/../lib/gcc/arm-none-eabi/5.4.1/armv7-m/crtbegin.o
 .bss           0x1fff81c4       0x7c .\CortexM3\ARM_GCC_541\Debug\main.o
                0x1fff81c4                beginNavigation
                0x1fff81c8                idac_value
                0x1fff81cc                colour_sensing_algorithm
                0x1fff81d0                currentPuckStackSize
                0x1fff81d4                blockEastClearance
                0x1fff81d6                blockWestClearance
                0x1fff81d8                puckEastClearance
                0x1fff81da                puckWestClearance
                0x1fff81dc                block_location
                0x1fff81ec                puckConstructionPlan
                0x1fff81f8                safety_override
                0x1fff81fc                moving
                0x1fff8200                puck_location
                0x1fff8210                horizontalPuckGrid
                0x1fff8214                block_edge_location
                0x1fff8224                sweeping
                0x1fff8228                puckRackColours
                0x1fff823c                currentPuckRackScanningIndex
 .bss           0x1fff8240       0x3c .\CortexM3\ARM_GCC_541\Debug\ultrasonic.o
                0x1fff8240                count
                0x1fff8244                ultrasonic_distances_mm
                0x1fff8258                puck_start
                0x1fff825c                block_start
                0x1fff8260                ultrasonic_distances
                0x1fff8274                distance_measured
                0x1fff8278                i
 .bss           0x1fff827c        0x1 .\CortexM3\ARM_GCC_541\Debug\Group17Robot.a(TIA_1.o)
                0x1fff827c                TIA_1_initVar
 .bss           0x1fff827d        0x2 .\CortexM3\ARM_GCC_541\Debug\Group17Robot.a(UART_1.o)
                0x1fff827d                UART_1_initVar
 *fill*         0x1fff827f        0x1 
 .bss           0x1fff8280       0x18 .\CortexM3\ARM_GCC_541\Debug\Group17Robot.a(ADC.o)
                0x1fff8290                ADC_stopConversion
                0x1fff8291                ADC_convDone
                0x1fff8292                ADC_initVar
                0x1fff8293                ADC_started
                0x1fff8294                ADC_Offset
 .bss           0x1fff8298        0x1 .\CortexM3\ARM_GCC_541\Debug\Group17Robot.a(IDAC8_1.o)
                0x1fff8298                IDAC8_1_initVar
 .bss           0x1fff8299        0x1 .\CortexM3\ARM_GCC_541\Debug\Group17Robot.a(Timer_1.o)
                0x1fff8299                Timer_1_initVar
 .bss           0x1fff829a        0x1 .\CortexM3\ARM_GCC_541\Debug\Group17Robot.a(Gripper_Servo_PWM.o)
                0x1fff829a                Gripper_Servo_PWM_initVar
 *fill*         0x1fff829b        0x1 
 .bss           0x1fff829c        0x1 .\CortexM3\ARM_GCC_541\Debug\Group17Robot.a(Gripper_Servo_PWM_PM.o)
 .bss           0x1fff829d        0x1 .\CortexM3\ARM_GCC_541\Debug\Group17Robot.a(Rack_Servo_PWM.o)
                0x1fff829d                Rack_Servo_PWM_initVar
 *fill*         0x1fff829e        0x2 
 .bss           0x1fff82a0        0x1 .\CortexM3\ARM_GCC_541\Debug\Group17Robot.a(Rack_Servo_PWM_PM.o)
 .bss           0x1fff82a1        0x1 .\CortexM3\ARM_GCC_541\Debug\Group17Robot.a(Motor_Left_Decoder.o)
                0x1fff82a1                Motor_Left_Decoder_initVar
 .bss           0x1fff82a2        0x1 .\CortexM3\ARM_GCC_541\Debug\Group17Robot.a(Motor_Right_Decoder.o)
                0x1fff82a2                Motor_Right_Decoder_initVar
 .bss           0x1fff82a3        0x1 .\CortexM3\ARM_GCC_541\Debug\Group17Robot.a(Motor_Left_Driver.o)
                0x1fff82a3                Motor_Left_Driver_initVar
 .bss           0x1fff82a4        0x5 .\CortexM3\ARM_GCC_541\Debug\Group17Robot.a(Motor_Left_Driver_PM.o)
 .bss           0x1fff82a9        0x1 .\CortexM3\ARM_GCC_541\Debug\Group17Robot.a(Motor_Right_Driver.o)
                0x1fff82a9                Motor_Right_Driver_initVar
 *fill*         0x1fff82aa        0x2 
 .bss           0x1fff82ac        0x5 .\CortexM3\ARM_GCC_541\Debug\Group17Robot.a(Motor_Right_Driver_PM.o)
 .bss           0x1fff82b1        0x1 .\CortexM3\ARM_GCC_541\Debug\Group17Robot.a(Motor_Left_Decoder_Cnt16.o)
                0x1fff82b1                Motor_Left_Decoder_Cnt16_initVar
 .bss           0x1fff82b2        0x1 .\CortexM3\ARM_GCC_541\Debug\Group17Robot.a(Motor_Right_Decoder_Cnt16.o)
                0x1fff82b2                Motor_Right_Decoder_Cnt16_initVar
 *fill*         0x1fff82b3        0x1 
 .bss.__malloc_sbrk_start
                0x1fff82b4        0x4 c:/program files (x86)/cypress/psoc creator/4.2/psoc creator/import/gnu/arm/5.4.1/bin/../lib/gcc/arm-none-eabi/5.4.1/../../../../arm-none-eabi/lib/armv7-m\libg_nano.a(lib_a-nano-mallocr.o)
                0x1fff82b4                __malloc_sbrk_start
 .bss.__malloc_free_list
                0x1fff82b8        0x4 c:/program files (x86)/cypress/psoc creator/4.2/psoc creator/import/gnu/arm/5.4.1/bin/../lib/gcc/arm-none-eabi/5.4.1/../../../../arm-none-eabi/lib/armv7-m\libg_nano.a(lib_a-nano-mallocr.o)
                0x1fff82b8                __malloc_free_list
 *(COMMON)
 COMMON         0x1fff82bc       0x46 .\CortexM3\ARM_GCC_541\Debug\main.o
                0x1fff82bc                turningLeftFlag
                0x1fff82c0                output
                0x1fff82e0                pathPastBlock
                0x1fff82e4                driveStraightEnable
                0x1fff82e8                distance_returned_global
                0x1fff82ec                internal_orientation
                0x1fff82f0                ultrasonic_flag
                0x1fff82f4                pathToPucks
                0x1fff82f8                puckPileLocation
                0x1fff82fc                turningRightFlag
                0x1fff82fe                drivingForwardFlag
                0x1fff8300                drivingBackwardFlag
 *fill*         0x1fff8302        0x2 
 COMMON         0x1fff8304       0x54 .\CortexM3\ARM_GCC_541\Debug\colour.o
                0x1fff8304                test_white
                0x1fff8308                test_red
                0x1fff830c                ambient_current
                0x1fff8310                input_current
                0x1fff8314                colour_output
                0x1fff8318                ambient_green
                0x1fff831c                ambient_white
                0x1fff8320                ambient_red
                0x1fff8324                test_blue
                0x1fff8328                ambient_blue
                0x1fff832c                pd_voltage
                0x1fff8330                stored
                0x1fff8354                test_green
 COMMON         0x1fff8358        0x4 .\CortexM3\ARM_GCC_541\Debug\ultrasonic.o
                0x1fff8358                ultrasonic_mux_control
 COMMON         0x1fff835c        0x4 .\CortexM3\ARM_GCC_541\Debug\Group17Robot.a(ADC.o)
                0x1fff835c                ADC_CountsPerVolt
 COMMON         0x1fff8360        0x4 c:/program files (x86)/cypress/psoc creator/4.2/psoc creator/import/gnu/arm/5.4.1/bin/../lib/gcc/arm-none-eabi/5.4.1/../../../../arm-none-eabi/lib/armv7-m\libg_nano.a(lib_a-reent.o)
                0x1fff8360                errno
                0x1fff8368                . = ALIGN (0x8)
 *fill*         0x1fff8364        0x4 
 *(.ram.b)
                0x1fff8368                _end = .
                0x1fff8368                __end = .
                0x1fff8368                PROVIDE (end, .)
                0x1fff8368                PROVIDE (__bss_end__, .)
                0x00005750                __cy_region_init_ram = LOADADDR (.data)
                0x000000e0                __cy_region_init_size_ram = (_edata - ADDR (.data))
                0x000001c0                __cy_region_zero_size_ram = (_end - _edata)

.heap           0x1fff8368      0x200 load address 0x00005830
                0x1fff8368                . = _end
                0x1fff8568                . = (. + 0x200)
 *fill*         0x1fff8368      0x200 
                0x1fff8568                __cy_heap_limit = .

.stack          0x20007800      0x800
                0x20007800                __cy_stack_limit = .
                0x20008000                . = (. + 0x800)
 *fill*         0x20007800      0x800 
                0x00000001                ASSERT ((__cy_stack_limit >= __cy_heap_limit), region RAM overflowed with stack)
                0x00000000                cy_checksum_exclude_size = (CY_APPL_LOADABLE == 0x1)?SIZEOF (.cy_checksum_exclude):0x0
                0x00000001                ASSERT ((cy_checksum_exclude_size <= CY_CHECKSUM_EXCLUDE_SIZE), CY_BOOT: Section .cy_checksum_exclude size exceedes specified limit.)

.cyloadermeta
 *(.cyloadermeta)

.cyloadablemeta
 *(.cyloadablemeta)

.cyconfigecc    0x80000000     0x1070
 *(.cyconfigecc)
 .cyconfigecc   0x80000000     0x1070 .\CortexM3\ARM_GCC_541\Debug\cymetadata.o
                0x80000000                cy_meta_configecc

.cycustnvl      0x90000000        0x4
 *(.cycustnvl)
 .cycustnvl     0x90000000        0x4 .\CortexM3\ARM_GCC_541\Debug\cymetadata.o
                0x90000000                cy_meta_custnvl

.cywolatch      0x90100000        0x4
 *(.cywolatch)
 .cywolatch     0x90100000        0x4 .\CortexM3\ARM_GCC_541\Debug\cymetadata.o
                0x90100000                cy_meta_wonvl

.cyeeprom       0x90200000        0x0
 *(.cyeeprom)
                0x00000001                ASSERT ((. <= ((0x90200000 + ee_offset) + ee_size)), .cyeeprom data will not fit in EEPROM)

.cyflashprotect
                0x90400000      0x100
 *(.cyflashprotect)
 .cyflashprotect
                0x90400000      0x100 .\CortexM3\ARM_GCC_541\Debug\cymetadata.o
                0x90400000                cy_meta_flashprotect

.cymeta         0x90500000        0xc
 *(.cymeta)
 .cymeta        0x90500000        0xc .\CortexM3\ARM_GCC_541\Debug\cymetadata.o
                0x90500000                cy_metadata

.rel.dyn        0x00005830        0x0 load address 0x9050000c
 .rel.iplt      0x00005830        0x0 c:/program files (x86)/cypress/psoc creator/4.2/psoc creator/import/gnu/arm/5.4.1/bin/../lib/gcc/arm-none-eabi/5.4.1/armv7-m/crtbegin.o

.stab
 *(.stab)

.stabstr
 *(.stabstr)

.debug
 *(.debug)

.line
 *(.line)

.debug_srcinfo
 *(.debug_srcinfo)

.debug_sfnames
 *(.debug_sfnames)

.debug_aranges  0x00000000     0x1360
 *(.debug_aranges)
 .debug_aranges
                0x00000000       0x30 .\CortexM3\ARM_GCC_541\Debug\main.o
 .debug_aranges
                0x00000030       0x40 .\CortexM3\ARM_GCC_541\Debug\colour.o
 .debug_aranges
                0x00000070       0x40 .\CortexM3\ARM_GCC_541\Debug\ultrasonic.o
 .debug_aranges
                0x000000b0       0x50 .\CortexM3\ARM_GCC_541\Debug\servo.o
 .debug_aranges
                0x00000100       0x28 .\CortexM3\ARM_GCC_541\Debug\customMath.o
 .debug_aranges
                0x00000128       0x30 .\CortexM3\ARM_GCC_541\Debug\mishamotor.o
 .debug_aranges
                0x00000158       0x68 .\CortexM3\ARM_GCC_541\Debug\navigation.o
 .debug_aranges
                0x000001c0       0x58 .\CortexM3\ARM_GCC_541\Debug\cyfitter_cfg.o
 .debug_aranges
                0x00000218       0x18 .\CortexM3\ARM_GCC_541\Debug\cymetadata.o
 .debug_aranges
                0x00000230       0x48 .\CortexM3\ARM_GCC_541\Debug\Cm3Start.o
 .debug_aranges
                0x00000278       0x50 .\CortexM3\ARM_GCC_541\Debug\Group17Robot.a(TIA_1.o)
 .debug_aranges
                0x000002c8      0x2a0 .\CortexM3\ARM_GCC_541\Debug\Group17Robot.a(CyLib.o)
 .debug_aranges
                0x00000568       0x98 .\CortexM3\ARM_GCC_541\Debug\Group17Robot.a(cyPm.o)
 .debug_aranges
                0x00000600       0xf0 .\CortexM3\ARM_GCC_541\Debug\Group17Robot.a(UART_1.o)
 .debug_aranges
                0x000006f0       0x70 .\CortexM3\ARM_GCC_541\Debug\Group17Robot.a(UART_1_IntClock.o)
 .debug_aranges
                0x00000760       0xe8 .\CortexM3\ARM_GCC_541\Debug\Group17Robot.a(ADC.o)
 .debug_aranges
                0x00000848       0x38 .\CortexM3\ARM_GCC_541\Debug\Group17Robot.a(ADC_INT.o)
 .debug_aranges
                0x00000880       0x70 .\CortexM3\ARM_GCC_541\Debug\Group17Robot.a(ADC_Ext_CP_Clk.o)
 .debug_aranges
                0x000008f0       0x80 .\CortexM3\ARM_GCC_541\Debug\Group17Robot.a(ADC_theACLK.o)
 .debug_aranges
                0x00000970       0x60 .\CortexM3\ARM_GCC_541\Debug\Group17Robot.a(IDAC8_1.o)
 .debug_aranges
                0x000009d0       0x98 .\CortexM3\ARM_GCC_541\Debug\Group17Robot.a(Timer_1.o)
 .debug_aranges
                0x00000a68       0x38 .\CortexM3\ARM_GCC_541\Debug\Group17Robot.a(Trigger_1.o)
 .debug_aranges
                0x00000aa0       0x38 .\CortexM3\ARM_GCC_541\Debug\Group17Robot.a(Trigger_2.o)
 .debug_aranges
                0x00000ad8       0x38 .\CortexM3\ARM_GCC_541\Debug\Group17Robot.a(Trigger_3.o)
 .debug_aranges
                0x00000b10       0x38 .\CortexM3\ARM_GCC_541\Debug\Group17Robot.a(Trigger_4.o)
 .debug_aranges
                0x00000b48       0x38 .\CortexM3\ARM_GCC_541\Debug\Group17Robot.a(Trigger_5.o)
 .debug_aranges
                0x00000b80       0x28 .\CortexM3\ARM_GCC_541\Debug\Group17Robot.a(Ultrasonic_Mux_Control.o)
 .debug_aranges
                0x00000ba8       0x78 .\CortexM3\ARM_GCC_541\Debug\Group17Robot.a(Gripper_Servo_PWM.o)
 .debug_aranges
                0x00000c20       0x38 .\CortexM3\ARM_GCC_541\Debug\Group17Robot.a(Gripper_Servo_PWM_PM.o)
 .debug_aranges
                0x00000c58       0x78 .\CortexM3\ARM_GCC_541\Debug\Group17Robot.a(Rack_Servo_PWM.o)
 .debug_aranges
                0x00000cd0       0x38 .\CortexM3\ARM_GCC_541\Debug\Group17Robot.a(Rack_Servo_PWM_PM.o)
 .debug_aranges
                0x00000d08       0x28 .\CortexM3\ARM_GCC_541\Debug\Group17Robot.a(control_led.o)
 .debug_aranges
                0x00000d30       0x28 .\CortexM3\ARM_GCC_541\Debug\Group17Robot.a(control_photodiode.o)
 .debug_aranges
                0x00000d58       0x80 .\CortexM3\ARM_GCC_541\Debug\Group17Robot.a(Start.o)
 .debug_aranges
                0x00000dd8       0x80 .\CortexM3\ARM_GCC_541\Debug\Group17Robot.a(Sonic.o)
 .debug_aranges
                0x00000e58       0x60 .\CortexM3\ARM_GCC_541\Debug\Group17Robot.a(Motor_Left_Decoder.o)
 .debug_aranges
                0x00000eb8       0x60 .\CortexM3\ARM_GCC_541\Debug\Group17Robot.a(Motor_Right_Decoder.o)
 .debug_aranges
                0x00000f18       0x98 .\CortexM3\ARM_GCC_541\Debug\Group17Robot.a(Motor_Left_Driver.o)
 .debug_aranges
                0x00000fb0       0x38 .\CortexM3\ARM_GCC_541\Debug\Group17Robot.a(Motor_Left_Driver_PM.o)
 .debug_aranges
                0x00000fe8       0x98 .\CortexM3\ARM_GCC_541\Debug\Group17Robot.a(Motor_Right_Driver.o)
 .debug_aranges
                0x00001080       0x38 .\CortexM3\ARM_GCC_541\Debug\Group17Robot.a(Motor_Right_Driver_PM.o)
 .debug_aranges
                0x000010b8       0x28 .\CortexM3\ARM_GCC_541\Debug\Group17Robot.a(Motor_Left_Control.o)
 .debug_aranges
                0x000010e0       0x28 .\CortexM3\ARM_GCC_541\Debug\Group17Robot.a(Motor_Right_Control.o)
 .debug_aranges
                0x00001108       0x98 .\CortexM3\ARM_GCC_541\Debug\Group17Robot.a(Motor_Left_Decoder_Cnt16.o)
 .debug_aranges
                0x000011a0       0x98 .\CortexM3\ARM_GCC_541\Debug\Group17Robot.a(Motor_Right_Decoder_Cnt16.o)
 .debug_aranges
                0x00001238       0x20 .\CortexM3\ARM_GCC_541\Debug\Group17Robot.a(CyBootAsmGnu.o)
 .debug_aranges
                0x00001258       0x88 .\CortexM3\ARM_GCC_541\Debug\Group17Robot.a(CyFlash.o)
 .debug_aranges
                0x000012e0       0x80 .\CortexM3\ARM_GCC_541\Debug\Group17Robot.a(CySpc.o)

.debug_pubnames
 *(.debug_pubnames)

.debug_info     0x00000000     0xbb6e
 *(.debug_info .gnu.linkonce.wi.*)
 .debug_info    0x00000000      0xaf4 .\CortexM3\ARM_GCC_541\Debug\main.o
 .debug_info    0x00000af4      0x748 .\CortexM3\ARM_GCC_541\Debug\colour.o
 .debug_info    0x0000123c      0x609 .\CortexM3\ARM_GCC_541\Debug\ultrasonic.o
 .debug_info    0x00001845      0x4e6 .\CortexM3\ARM_GCC_541\Debug\servo.o
 .debug_info    0x00001d2b      0x23d .\CortexM3\ARM_GCC_541\Debug\customMath.o
 .debug_info    0x00001f68      0x6cc .\CortexM3\ARM_GCC_541\Debug\mishamotor.o
 .debug_info    0x00002634     0x10ea .\CortexM3\ARM_GCC_541\Debug\navigation.o
 .debug_info    0x0000371e      0x651 .\CortexM3\ARM_GCC_541\Debug\cyfitter_cfg.o
 .debug_info    0x00003d6f      0x139 .\CortexM3\ARM_GCC_541\Debug\cymetadata.o
 .debug_info    0x00003ea8      0x3bb .\CortexM3\ARM_GCC_541\Debug\Cm3Start.o
 .debug_info    0x00004263      0x1d6 .\CortexM3\ARM_GCC_541\Debug\Group17Robot.a(TIA_1.o)
 .debug_info    0x00004439     0x1374 .\CortexM3\ARM_GCC_541\Debug\Group17Robot.a(CyLib.o)
 .debug_info    0x000057ad      0xa2a .\CortexM3\ARM_GCC_541\Debug\Group17Robot.a(cyPm.o)
 .debug_info    0x000061d7      0x60c .\CortexM3\ARM_GCC_541\Debug\Group17Robot.a(UART_1.o)
 .debug_info    0x000067e3      0x283 .\CortexM3\ARM_GCC_541\Debug\Group17Robot.a(UART_1_IntClock.o)
 .debug_info    0x00006a66      0xb94 .\CortexM3\ARM_GCC_541\Debug\Group17Robot.a(ADC.o)
 .debug_info    0x000075fa       0xd3 .\CortexM3\ARM_GCC_541\Debug\Group17Robot.a(ADC_INT.o)
 .debug_info    0x000076cd      0x283 .\CortexM3\ARM_GCC_541\Debug\Group17Robot.a(ADC_Ext_CP_Clk.o)
 .debug_info    0x00007950      0x2c4 .\CortexM3\ARM_GCC_541\Debug\Group17Robot.a(ADC_theACLK.o)
 .debug_info    0x00007c14      0x20a .\CortexM3\ARM_GCC_541\Debug\Group17Robot.a(IDAC8_1.o)
 .debug_info    0x00007e1e      0x328 .\CortexM3\ARM_GCC_541\Debug\Group17Robot.a(Timer_1.o)
 .debug_info    0x00008146      0x11f .\CortexM3\ARM_GCC_541\Debug\Group17Robot.a(Trigger_1.o)
 .debug_info    0x00008265      0x11f .\CortexM3\ARM_GCC_541\Debug\Group17Robot.a(Trigger_2.o)
 .debug_info    0x00008384      0x11f .\CortexM3\ARM_GCC_541\Debug\Group17Robot.a(Trigger_3.o)
 .debug_info    0x000084a3      0x11f .\CortexM3\ARM_GCC_541\Debug\Group17Robot.a(Trigger_4.o)
 .debug_info    0x000085c2      0x11f .\CortexM3\ARM_GCC_541\Debug\Group17Robot.a(Trigger_5.o)
 .debug_info    0x000086e1       0xd6 .\CortexM3\ARM_GCC_541\Debug\Group17Robot.a(Ultrasonic_Mux_Control.o)
 .debug_info    0x000087b7      0x281 .\CortexM3\ARM_GCC_541\Debug\Group17Robot.a(Gripper_Servo_PWM.o)
 .debug_info    0x00008a38      0x153 .\CortexM3\ARM_GCC_541\Debug\Group17Robot.a(Gripper_Servo_PWM_PM.o)
 .debug_info    0x00008b8b      0x281 .\CortexM3\ARM_GCC_541\Debug\Group17Robot.a(Rack_Servo_PWM.o)
 .debug_info    0x00008e0c      0x153 .\CortexM3\ARM_GCC_541\Debug\Group17Robot.a(Rack_Servo_PWM_PM.o)
 .debug_info    0x00008f5f       0xd6 .\CortexM3\ARM_GCC_541\Debug\Group17Robot.a(control_led.o)
 .debug_info    0x00009035       0xd6 .\CortexM3\ARM_GCC_541\Debug\Group17Robot.a(control_photodiode.o)
 .debug_info    0x0000910b      0x2d2 .\CortexM3\ARM_GCC_541\Debug\Group17Robot.a(Start.o)
 .debug_info    0x000093dd      0x2d2 .\CortexM3\ARM_GCC_541\Debug\Group17Robot.a(Sonic.o)
 .debug_info    0x000096af      0x2d4 .\CortexM3\ARM_GCC_541\Debug\Group17Robot.a(Motor_Left_Decoder.o)
 .debug_info    0x00009983      0x2d4 .\CortexM3\ARM_GCC_541\Debug\Group17Robot.a(Motor_Right_Decoder.o)
 .debug_info    0x00009c57      0x334 .\CortexM3\ARM_GCC_541\Debug\Group17Robot.a(Motor_Left_Driver.o)
 .debug_info    0x00009f8b      0x217 .\CortexM3\ARM_GCC_541\Debug\Group17Robot.a(Motor_Left_Driver_PM.o)
 .debug_info    0x0000a1a2      0x334 .\CortexM3\ARM_GCC_541\Debug\Group17Robot.a(Motor_Right_Driver.o)
 .debug_info    0x0000a4d6      0x217 .\CortexM3\ARM_GCC_541\Debug\Group17Robot.a(Motor_Right_Driver_PM.o)
 .debug_info    0x0000a6ed       0xd6 .\CortexM3\ARM_GCC_541\Debug\Group17Robot.a(Motor_Left_Control.o)
 .debug_info    0x0000a7c3       0xd6 .\CortexM3\ARM_GCC_541\Debug\Group17Robot.a(Motor_Right_Control.o)
 .debug_info    0x0000a899      0x348 .\CortexM3\ARM_GCC_541\Debug\Group17Robot.a(Motor_Left_Decoder_Cnt16.o)
 .debug_info    0x0000abe1      0x348 .\CortexM3\ARM_GCC_541\Debug\Group17Robot.a(Motor_Right_Decoder_Cnt16.o)
 .debug_info    0x0000af29       0xa8 .\CortexM3\ARM_GCC_541\Debug\Group17Robot.a(CyBootAsmGnu.o)
 .debug_info    0x0000afd1      0x64d .\CortexM3\ARM_GCC_541\Debug\Group17Robot.a(CyFlash.o)
 .debug_info    0x0000b61e      0x550 .\CortexM3\ARM_GCC_541\Debug\Group17Robot.a(CySpc.o)

.debug_abbrev   0x00000000     0x3408
 *(.debug_abbrev)
 .debug_abbrev  0x00000000      0x15e .\CortexM3\ARM_GCC_541\Debug\main.o
 .debug_abbrev  0x0000015e      0x1bb .\CortexM3\ARM_GCC_541\Debug\colour.o
 .debug_abbrev  0x00000319      0x138 .\CortexM3\ARM_GCC_541\Debug\ultrasonic.o
 .debug_abbrev  0x00000451      0x12b .\CortexM3\ARM_GCC_541\Debug\servo.o
 .debug_abbrev  0x0000057c       0xc6 .\CortexM3\ARM_GCC_541\Debug\customMath.o
 .debug_abbrev  0x00000642      0x122 .\CortexM3\ARM_GCC_541\Debug\mishamotor.o
 .debug_abbrev  0x00000764      0x1d3 .\CortexM3\ARM_GCC_541\Debug\navigation.o
 .debug_abbrev  0x00000937      0x20d .\CortexM3\ARM_GCC_541\Debug\cyfitter_cfg.o
 .debug_abbrev  0x00000b44       0x77 .\CortexM3\ARM_GCC_541\Debug\cymetadata.o
 .debug_abbrev  0x00000bbb      0x1e8 .\CortexM3\ARM_GCC_541\Debug\Cm3Start.o
 .debug_abbrev  0x00000da3       0xf7 .\CortexM3\ARM_GCC_541\Debug\Group17Robot.a(TIA_1.o)
 .debug_abbrev  0x00000e9a      0x254 .\CortexM3\ARM_GCC_541\Debug\Group17Robot.a(CyLib.o)
 .debug_abbrev  0x000010ee      0x1ab .\CortexM3\ARM_GCC_541\Debug\Group17Robot.a(cyPm.o)
 .debug_abbrev  0x00001299      0x175 .\CortexM3\ARM_GCC_541\Debug\Group17Robot.a(UART_1.o)
 .debug_abbrev  0x0000140e      0x139 .\CortexM3\ARM_GCC_541\Debug\Group17Robot.a(UART_1_IntClock.o)
 .debug_abbrev  0x00001547      0x1eb .\CortexM3\ARM_GCC_541\Debug\Group17Robot.a(ADC.o)
 .debug_abbrev  0x00001732       0x42 .\CortexM3\ARM_GCC_541\Debug\Group17Robot.a(ADC_INT.o)
 .debug_abbrev  0x00001774      0x139 .\CortexM3\ARM_GCC_541\Debug\Group17Robot.a(ADC_Ext_CP_Clk.o)
 .debug_abbrev  0x000018ad      0x121 .\CortexM3\ARM_GCC_541\Debug\Group17Robot.a(ADC_theACLK.o)
 .debug_abbrev  0x000019ce      0x106 .\CortexM3\ARM_GCC_541\Debug\Group17Robot.a(IDAC8_1.o)
 .debug_abbrev  0x00001ad4      0x13a .\CortexM3\ARM_GCC_541\Debug\Group17Robot.a(Timer_1.o)
 .debug_abbrev  0x00001c0e       0x90 .\CortexM3\ARM_GCC_541\Debug\Group17Robot.a(Trigger_1.o)
 .debug_abbrev  0x00001c9e       0x90 .\CortexM3\ARM_GCC_541\Debug\Group17Robot.a(Trigger_2.o)
 .debug_abbrev  0x00001d2e       0x90 .\CortexM3\ARM_GCC_541\Debug\Group17Robot.a(Trigger_3.o)
 .debug_abbrev  0x00001dbe       0x90 .\CortexM3\ARM_GCC_541\Debug\Group17Robot.a(Trigger_4.o)
 .debug_abbrev  0x00001e4e       0x90 .\CortexM3\ARM_GCC_541\Debug\Group17Robot.a(Trigger_5.o)
 .debug_abbrev  0x00001ede       0x81 .\CortexM3\ARM_GCC_541\Debug\Group17Robot.a(Ultrasonic_Mux_Control.o)
 .debug_abbrev  0x00001f5f      0x12d .\CortexM3\ARM_GCC_541\Debug\Group17Robot.a(Gripper_Servo_PWM.o)
 .debug_abbrev  0x0000208c       0xc4 .\CortexM3\ARM_GCC_541\Debug\Group17Robot.a(Gripper_Servo_PWM_PM.o)
 .debug_abbrev  0x00002150      0x12d .\CortexM3\ARM_GCC_541\Debug\Group17Robot.a(Rack_Servo_PWM.o)
 .debug_abbrev  0x0000227d       0xc4 .\CortexM3\ARM_GCC_541\Debug\Group17Robot.a(Rack_Servo_PWM_PM.o)
 .debug_abbrev  0x00002341       0x81 .\CortexM3\ARM_GCC_541\Debug\Group17Robot.a(control_led.o)
 .debug_abbrev  0x000023c2       0x81 .\CortexM3\ARM_GCC_541\Debug\Group17Robot.a(control_photodiode.o)
 .debug_abbrev  0x00002443      0x173 .\CortexM3\ARM_GCC_541\Debug\Group17Robot.a(Start.o)
 .debug_abbrev  0x000025b6      0x173 .\CortexM3\ARM_GCC_541\Debug\Group17Robot.a(Sonic.o)
 .debug_abbrev  0x00002729      0x151 .\CortexM3\ARM_GCC_541\Debug\Group17Robot.a(Motor_Left_Decoder.o)
 .debug_abbrev  0x0000287a      0x151 .\CortexM3\ARM_GCC_541\Debug\Group17Robot.a(Motor_Right_Decoder.o)
 .debug_abbrev  0x000029cb      0x133 .\CortexM3\ARM_GCC_541\Debug\Group17Robot.a(Motor_Left_Driver.o)
 .debug_abbrev  0x00002afe       0xac .\CortexM3\ARM_GCC_541\Debug\Group17Robot.a(Motor_Left_Driver_PM.o)
 .debug_abbrev  0x00002baa      0x133 .\CortexM3\ARM_GCC_541\Debug\Group17Robot.a(Motor_Right_Driver.o)
 .debug_abbrev  0x00002cdd       0xac .\CortexM3\ARM_GCC_541\Debug\Group17Robot.a(Motor_Right_Driver_PM.o)
 .debug_abbrev  0x00002d89       0x81 .\CortexM3\ARM_GCC_541\Debug\Group17Robot.a(Motor_Left_Control.o)
 .debug_abbrev  0x00002e0a       0x81 .\CortexM3\ARM_GCC_541\Debug\Group17Robot.a(Motor_Right_Control.o)
 .debug_abbrev  0x00002e8b      0x117 .\CortexM3\ARM_GCC_541\Debug\Group17Robot.a(Motor_Left_Decoder_Cnt16.o)
 .debug_abbrev  0x00002fa2      0x117 .\CortexM3\ARM_GCC_541\Debug\Group17Robot.a(Motor_Right_Decoder_Cnt16.o)
 .debug_abbrev  0x000030b9       0x14 .\CortexM3\ARM_GCC_541\Debug\Group17Robot.a(CyBootAsmGnu.o)
 .debug_abbrev  0x000030cd      0x1a7 .\CortexM3\ARM_GCC_541\Debug\Group17Robot.a(CyFlash.o)
 .debug_abbrev  0x00003274      0x194 .\CortexM3\ARM_GCC_541\Debug\Group17Robot.a(CySpc.o)

.debug_line     0x00000000     0x5199
 *(.debug_line)
 .debug_line    0x00000000      0x3a8 .\CortexM3\ARM_GCC_541\Debug\main.o
 .debug_line    0x000003a8      0x400 .\CortexM3\ARM_GCC_541\Debug\colour.o