Archive member included to satisfy reference by file (symbol)

.\CortexM3\ARM_GCC_541\Debug\Group17Robot.a(TIA_1.o)
                              .\CortexM3\ARM_GCC_541\Debug\main.o (TIA_1_Start)
.\CortexM3\ARM_GCC_541\Debug\Group17Robot.a(CyLib.o)
                              .\CortexM3\ARM_GCC_541\Debug\Cm3Start.o (CyHalt)
.\CortexM3\ARM_GCC_541\Debug\Group17Robot.a(cyPm.o)
                              .\CortexM3\ARM_GCC_541\Debug\Group17Robot.a(CyLib.o) (CyPmReadStatus)
.\CortexM3\ARM_GCC_541\Debug\Group17Robot.a(UART_1.o)
                              .\CortexM3\ARM_GCC_541\Debug\main.o (UART_1_Start)
.\CortexM3\ARM_GCC_541\Debug\Group17Robot.a(UART_1_IntClock.o)
                              .\CortexM3\ARM_GCC_541\Debug\Group17Robot.a(UART_1.o) (UART_1_IntClock_Start)
.\CortexM3\ARM_GCC_541\Debug\Group17Robot.a(ADC.o)
                              .\CortexM3\ARM_GCC_541\Debug\main.o (ADC_Start)
.\CortexM3\ARM_GCC_541\Debug\Group17Robot.a(ADC_INT.o)
                              .\CortexM3\ARM_GCC_541\Debug\Group17Robot.a(ADC.o) (ADC_ISR1)
.\CortexM3\ARM_GCC_541\Debug\Group17Robot.a(ADC_Ext_CP_Clk.o)
                              .\CortexM3\ARM_GCC_541\Debug\Group17Robot.a(ADC.o) (ADC_Ext_CP_Clk_SetModeRegister)
.\CortexM3\ARM_GCC_541\Debug\Group17Robot.a(ADC_theACLK.o)
                              .\CortexM3\ARM_GCC_541\Debug\Group17Robot.a(ADC.o) (ADC_theACLK_SetModeRegister)
.\CortexM3\ARM_GCC_541\Debug\Group17Robot.a(IDAC8_1.o)
                              .\CortexM3\ARM_GCC_541\Debug\main.o (IDAC8_1_SetValue)
.\CortexM3\ARM_GCC_541\Debug\Group17Robot.a(Timer_1.o)
                              .\CortexM3\ARM_GCC_541\Debug\ultrasonic.o (Timer_1_Stop)
.\CortexM3\ARM_GCC_541\Debug\Group17Robot.a(Trigger_1.o)
                              .\CortexM3\ARM_GCC_541\Debug\ultrasonic.o (Trigger_1_Write)
.\CortexM3\ARM_GCC_541\Debug\Group17Robot.a(Trigger_2.o)
                              .\CortexM3\ARM_GCC_541\Debug\ultrasonic.o (Trigger_2_Write)
.\CortexM3\ARM_GCC_541\Debug\Group17Robot.a(Trigger_3.o)
                              .\CortexM3\ARM_GCC_541\Debug\ultrasonic.o (Trigger_3_Write)
.\CortexM3\ARM_GCC_541\Debug\Group17Robot.a(Trigger_4.o)
                              .\CortexM3\ARM_GCC_541\Debug\ultrasonic.o (Trigger_4_Write)
.\CortexM3\ARM_GCC_541\Debug\Group17Robot.a(Trigger_5.o)
                              .\CortexM3\ARM_GCC_541\Debug\ultrasonic.o (Trigger_5_Write)
.\CortexM3\ARM_GCC_541\Debug\Group17Robot.a(Ultrasonic_Mux_Control.o)
                              .\CortexM3\ARM_GCC_541\Debug\ultrasonic.o (Ultrasonic_Mux_Control_Write)
.\CortexM3\ARM_GCC_541\Debug\Group17Robot.a(Gripper_Servo_PWM.o)
                              .\CortexM3\ARM_GCC_541\Debug\main.o (Gripper_Servo_PWM_WriteCompare)
.\CortexM3\ARM_GCC_541\Debug\Group17Robot.a(Gripper_Servo_PWM_PM.o)
                              .\CortexM3\ARM_GCC_541\Debug\main.o (Gripper_Servo_PWM_Sleep)
.\CortexM3\ARM_GCC_541\Debug\Group17Robot.a(Rack_Servo_PWM.o)
                              .\CortexM3\ARM_GCC_541\Debug\main.o (Rack_Servo_PWM_WriteCompare)
.\CortexM3\ARM_GCC_541\Debug\Group17Robot.a(Rack_Servo_PWM_PM.o)
                              .\CortexM3\ARM_GCC_541\Debug\main.o (Rack_Servo_PWM_Sleep)
.\CortexM3\ARM_GCC_541\Debug\Group17Robot.a(control_led.o)
                              .\CortexM3\ARM_GCC_541\Debug\main.o (control_led_Write)
.\CortexM3\ARM_GCC_541\Debug\Group17Robot.a(control_photodiode.o)
                              .\CortexM3\ARM_GCC_541\Debug\main.o (control_photodiode_Write)
.\CortexM3\ARM_GCC_541\Debug\Group17Robot.a(Start.o)
                              .\CortexM3\ARM_GCC_541\Debug\main.o (Start_StartEx)
.\CortexM3\ARM_GCC_541\Debug\Group17Robot.a(Sonic.o)
                              .\CortexM3\ARM_GCC_541\Debug\main.o (Sonic_StartEx)
.\CortexM3\ARM_GCC_541\Debug\Group17Robot.a(Motor_Left_Decoder.o)
                              .\CortexM3\ARM_GCC_541\Debug\navigation.o (Motor_Left_Decoder_GetCounter)
.\CortexM3\ARM_GCC_541\Debug\Group17Robot.a(Motor_Right_Decoder.o)
                              .\CortexM3\ARM_GCC_541\Debug\navigation.o (Motor_Right_Decoder_GetCounter)
.\CortexM3\ARM_GCC_541\Debug\Group17Robot.a(Motor_Left_Driver.o)
                              .\CortexM3\ARM_GCC_541\Debug\main.o (Motor_Left_Driver_WriteCompare)
.\CortexM3\ARM_GCC_541\Debug\Group17Robot.a(Motor_Left_Driver_PM.o)
                              .\CortexM3\ARM_GCC_541\Debug\main.o (Motor_Left_Driver_Sleep)
.\CortexM3\ARM_GCC_541\Debug\Group17Robot.a(Motor_Right_Driver.o)
                              .\CortexM3\ARM_GCC_541\Debug\main.o (Motor_Right_Driver_WriteCompare)
.\CortexM3\ARM_GCC_541\Debug\Group17Robot.a(Motor_Right_Driver_PM.o)
                              .\CortexM3\ARM_GCC_541\Debug\main.o (Motor_Right_Driver_Sleep)
.\CortexM3\ARM_GCC_541\Debug\Group17Robot.a(Motor_Left_Control.o)
                              .\CortexM3\ARM_GCC_541\Debug\navigation.o (Motor_Left_Control_Write)
[...]
Memory Configuration

Name             Origin             Length             Attributes
rom              0x00000000         0x00040000         xr
ram              0x1fff8000         0x00010000         xrw
*default*        0x00000000         0xffffffff

Linker script and memory map

LOAD c:/program files (x86)/cypress/psoc creator/4.2/psoc creator/import/gnu/arm/5.4.1/bin/../lib/gcc/arm-none-eabi/5.4.1/armv7-m/crti.o
LOAD c:/program files (x86)/cypress/psoc creator/4.2/psoc creator/import/gnu/arm/5.4.1/bin/../lib/gcc/arm-none-eabi/5.4.1/armv7-m/crtbegin.o
LOAD c:/program files (x86)/cypress/psoc creator/4.2/psoc creator/import/gnu/arm/5.4.1/bin/../lib/gcc/arm-none-eabi/5.4.1/../../../../arm-none-eabi/lib/armv7-m/crt0.o
START GROUP
LOAD .\CortexM3\ARM_GCC_541\Debug\main.o
LOAD .\CortexM3\ARM_GCC_541\Debug\colour.o
LOAD .\CortexM3\ARM_GCC_541\Debug\ultrasonic.o
LOAD .\CortexM3\ARM_GCC_541\Debug\servo.o
LOAD .\CortexM3\ARM_GCC_541\Debug\customMath.o
LOAD .\CortexM3\ARM_GCC_541\Debug\navigation.o
LOAD .\CortexM3\ARM_GCC_541\Debug\motor.o
LOAD .\CortexM3\ARM_GCC_541\Debug\debugging.o
LOAD .\CortexM3\ARM_GCC_541\Debug\cyfitter_cfg.o
LOAD .\CortexM3\ARM_GCC_541\Debug\cymetadata.o
LOAD .\CortexM3\ARM_GCC_541\Debug\Cm3Start.o
LOAD .\CortexM3\ARM_GCC_541\Debug\Group17Robot.a
LOAD C:\Program Files (x86)\Cypress\PSoC Creator\4.2\PSoC Creator\psoc\content\cycomponentlibrary\CyComponentLibrary.cylib\CortexM3\ARM_GCC_541\Debug\CyComponentLibrary.a
LOAD c:/program files (x86)/cypress/psoc creator/4.2/psoc creator/import/gnu/arm/5.4.1/bin/../lib/gcc/arm-none-eabi/5.4.1/../../../../arm-none-eabi/lib/armv7-m\libm.a
END GROUP
START GROUP
LOAD c:/program files (x86)/cypress/psoc creator/4.2/psoc creator/import/gnu/arm/5.4.1/bin/../lib/gcc/arm-none-eabi/5.4.1/armv7-m\libgcc.a
LOAD c:/program files (x86)/cypress/psoc creator/4.2/psoc creator/import/gnu/arm/5.4.1/bin/../lib/gcc/arm-none-eabi/5.4.1/../../../../arm-none-eabi/lib/armv7-m\libg_nano.a
LOAD c:/program files (x86)/cypress/psoc creator/4.2/psoc creator/import/gnu/arm/5.4.1/bin/../lib/gcc/arm-none-eabi/5.4.1/../../../../arm-none-eabi/lib/armv7-m\libc_nano.a
END GROUP
START GROUP
LOAD c:/program files (x86)/cypress/psoc creator/4.2/psoc creator/import/gnu/arm/5.4.1/bin/../lib/gcc/arm-none-eabi/5.4.1/armv7-m\libgcc.a
LOAD c:/program files (x86)/cypress/psoc creator/4.2/psoc creator/import/gnu/arm/5.4.1/bin/../lib/gcc/arm-none-eabi/5.4.1/../../../../arm-none-eabi/lib/armv7-m\libc_nano.a
END GROUP
LOAD c:/program files (x86)/cypress/psoc creator/4.2/psoc creator/import/gnu/arm/5.4.1/bin/../lib/gcc/arm-none-eabi/5.4.1/armv7-m/crtend.o
LOAD c:/program files (x86)/cypress/psoc creator/4.2/psoc creator/import/gnu/arm/5.4.1/bin/../lib/gcc/arm-none-eabi/5.4.1/armv7-m/crtn.o
START GROUP
LOAD c:/program files (x86)/cypress/psoc creator/4.2/psoc creator/import/gnu/arm/5.4.1/bin/../lib/gcc/arm-none-eabi/5.4.1/armv7-m\libgcc.a
LOAD c:/program files (x86)/cypress/psoc creator/4.2/psoc creator/import/gnu/arm/5.4.1/bin/../lib/gcc/arm-none-eabi/5.4.1/../../../../arm-none-eabi/lib/armv7-m\libc.a
LOAD c:/program files (x86)/cypress/psoc creator/4.2/psoc creator/import/gnu/arm/5.4.1/bin/../lib/gcc/arm-none-eabi/5.4.1/../../../../arm-none-eabi/lib/armv7-m\libnosys.a
END GROUP
                0x00000000                CY_APPL_ORIGIN = 0x0
                0x00000100                CY_FLASH_ROW_SIZE = 0x100
                0x00000020                CY_ECC_ROW_SIZE = 0x20
                0x00000000                CY_EE_IN_BTLDR = 0x0
                0x00000000                CY_APPL_LOADABLE = 0x0
                0x00000800                CY_EE_SIZE = 0x800
                0x00000001                CY_APPL_NUM = 0x1
                0x00000001                CY_APPL_MAX = 0x1
                0x00000040                CY_METADATA_SIZE = 0x40
                0x00000000                CY_APPL_LOADABLE = 0x0
                0x00000000                CY_CHECKSUM_EXCLUDE_SIZE = ALIGN (0x0, CY_FLASH_ROW_SIZE)
                [!provide]                PROVIDE (__cy_heap_start, _end)
                0x00000001                PROVIDE (__cy_region_num, ((__cy_regions_end - __cy_regions) / 0x10))
                0x20008000                PROVIDE (__cy_stack, (ORIGIN (ram) + LENGTH (ram)))
                [!provide]                PROVIDE (__cy_heap_end, (__cy_stack - 0x800))

.cybootloader   0x00000000        0x0
 *(.cybootloader)
                0x00000000                appl1_start = CY_APPL_ORIGIN?CY_APPL_ORIGIN:ALIGN (CY_FLASH_ROW_SIZE)
                0x0001ff00                appl2_start = (appl1_start + ALIGN ((((LENGTH (rom) - appl1_start) - (0x2 * CY_FLASH_ROW_SIZE)) / 0x2), CY_FLASH_ROW_SIZE))
                0x00000000                appl_start = (CY_APPL_NUM == 0x1)?appl1_start:appl2_start
                0x00000000                ecc_offset = ((appl_start / CY_FLASH_ROW_SIZE) * CY_ECC_ROW_SIZE)
                0x00000000                ee_offset = (CY_APPL_LOADABLE && ! (CY_EE_IN_BTLDR))?((CY_EE_SIZE / CY_APPL_MAX) * (CY_APPL_NUM - 0x1)):0x0
                0x00000800                ee_size = (CY_APPL_LOADABLE && ! (CY_EE_IN_BTLDR))?(CY_EE_SIZE / CY_APPL_MAX):CY_EE_SIZE
                [!provide]                PROVIDE (CY_ECC_OFFSET, ecc_offset)

.text           0x00000000     0x7804
 CREATE_OBJECT_SYMBOLS
                0x00000000                PROVIDE (__cy_interrupt_vector, RomVectors)
 *(.romvectors)
 .romvectors    0x00000000       0x10 .\CortexM3\ARM_GCC_541\Debug\Cm3Start.o
                0x00000000                RomVectors
                0x00000001                ASSERT ((. != __cy_interrupt_vector), No interrupt vector)
                0x00000001                ASSERT (CY_APPL_ORIGIN?(SIZEOF (.cybootloader) <= CY_APPL_ORIGIN):0x1, Wrong image location)
                0x00000010                PROVIDE (__cy_reset, Reset)
 *(.text.Reset)
 .text.Reset    0x00000010       0x18 .\CortexM3\ARM_GCC_541\Debug\Cm3Start.o
                0x00000010                Reset
                0x00000001                ASSERT ((. != __cy_reset), No reset code)
 *(.dma_init)
                0x00000001                ASSERT ((((appl_start + .) <= 0x10000) || 0x1), DMA Init must be within the first 64k of flash)
 *(.text .text.* .gnu.linkonce.t.*)
 .text          0x00000028       0x5c c:/program files (x86)/cypress/psoc creator/4.2/psoc creator/import/gnu/arm/5.4.1/bin/../lib/gcc/arm-none-eabi/5.4.1/armv7-m/crtbegin.o
 .text.TIH      0x00000084        0x8 .\CortexM3\ARM_GCC_541\Debug\main.o
                0x00000084                TIH
 .text.StartIH  0x0000008c       0x20 .\CortexM3\ARM_GCC_541\Debug\main.o
                0x0000008c                StartIH
 .text.main     0x000000ac      0xb2c .\CortexM3\ARM_GCC_541\Debug\main.o
                0x000000ac                main
 .text.colourSensingInitialise
                0x00000bd8       0x68 .\CortexM3\ARM_GCC_541\Debug\colour.o
                0x00000bd8                colourSensingInitialise
 .text.colourSensingOutput
                0x00000c40      0x264 .\CortexM3\ARM_GCC_541\Debug\colour.o
                0x00000c40                colourSensingOutput
 .text.colourSensingCalibration
                0x00000ea4       0x78 .\CortexM3\ARM_GCC_541\Debug\colour.o
                0x00000ea4                colourSensingCalibration
 .text.blinkLED
                0x00000f1c       0x34 .\CortexM3\ARM_GCC_541\Debug\colour.o
                0x00000f1c                blinkLED
 .text.ultrasonicInterruptHandler
                0x00000f50       0x48 .\CortexM3\ARM_GCC_541\Debug\ultrasonic.o
                0x00000f50                ultrasonicInterruptHandler
 .text.distanceSensor
                0x00000f98       0x94 .\CortexM3\ARM_GCC_541\Debug\ultrasonic.o
                0x00000f98                distanceSensor
 .text.safetyDistanceCheck
                0x0000102c       0x54 .\CortexM3\ARM_GCC_541\Debug\ultrasonic.o
                0x0000102c                safetyDistanceCheck
 .text.armOpen  0x00001080       0x1c .\CortexM3\ARM_GCC_541\Debug\servo.o
                0x00001080                armOpen
 .text.armClose
                0x0000109c       0x1c .\CortexM3\ARM_GCC_541\Debug\servo.o
                0x0000109c                armClose
 .text.armTranslate
                0x000010b8       0x54 .\CortexM3\ARM_GCC_541\Debug\servo.o
                0x000010b8                armTranslate
 .text.changeHeightToPuck
                0x0000110c       0x6c .\CortexM3\ARM_GCC_541\Debug\servo.o
                0x0000110c                changeHeightToPuck
 .text.armMoving
                0x00001178       0x48 .\CortexM3\ARM_GCC_541\Debug\navigation.o
                0x00001178                armMoving
 .text.moveUntilPuck
                0x000011c0       0x84 .\CortexM3\ARM_GCC_541\Debug\navigation.o
                0x000011c0                moveUntilPuck
 .text.changeOrientation
                0x00001244       0x3c .\CortexM3\ARM_GCC_541\Debug\navigation.o
                0x00001244                changeOrientation
 .text.failsafe
                0x00001280       0x90 .\CortexM3\ARM_GCC_541\Debug\navigation.o
                0x00001280                failsafe
 .text.moveUntil
                0x00001310      0x284 .\CortexM3\ARM_GCC_541\Debug\navigation.o
                0x00001310                moveUntil
 .text.straightAdjust
                0x00001594      0x1d8 .\CortexM3\ARM_GCC_541\Debug\navigation.o
                0x00001594                straightAdjust
 *fill*         0x0000176c        0x4 
 .text.moveDynamic
                0x00001770      0x180 .\CortexM3\ARM_GCC_541\Debug\motor.o
                0x00001770                moveDynamic
 .text.moveSwivel
                0x000018f0       0xd4 .\CortexM3\ARM_GCC_541\Debug\motor.o
                0x000018f0                moveSwivel
 *fill*         0x000019c4        0x4 
 .text.translateMoveDynamic
                0x000019c8       0x70 .\CortexM3\ARM_GCC_541\Debug\motor.o
                0x000019c8                translateMoveDynamic
 .text.ultimateDebugging
                0x00001a38      0x1b0 .\CortexM3\ARM_GCC_541\Debug\debugging.o
                0x00001a38                ultimateDebugging
 .text.CyClockStartupError
                0x00001be8        0x4 .\CortexM3\ARM_GCC_541\Debug\cyfitter_cfg.o
 .text.cfg_write_bytes32
                0x00001bec       0x34 .\CortexM3\ARM_GCC_541\Debug\cyfitter_cfg.o
 .text.AnalogSetDefault
                0x00001c20       0x84 .\CortexM3\ARM_GCC_541\Debug\cyfitter_cfg.o
 .text.CYMEMZERO
                0x00001ca4        0xc .\CortexM3\ARM_GCC_541\Debug\cyfitter_cfg.o
 .text.CYCONFIGCPY
                0x00001cb0        0x8 .\CortexM3\ARM_GCC_541\Debug\cyfitter_cfg.o
 .text.ClockSetup
                0x00001cb8      0x114 .\CortexM3\ARM_GCC_541\Debug\cyfitter_cfg.o
 .text.cyfitter_cfg
                0x00001dcc      0x178 .\CortexM3\ARM_GCC_541\Debug\cyfitter_cfg.o
                0x00001dcc                cyfitter_cfg
 .text.IntDefaultHandler
                0x00001f44       0x10 .\CortexM3\ARM_GCC_541\Debug\Cm3Start.o
                0x00001f44                IntDefaultHandler
 .text._sbrk    0x00001f54       0x30 .\CortexM3\ARM_GCC_541\Debug\Cm3Start.o
                0x00001f54                _sbrk
 .text.Start_c  0x00001f84       0x4c .\CortexM3\ARM_GCC_541\Debug\Cm3Start.o
                0x00001f84                Start_c
 .text.initialize_psoc
                0x00001fd0       0x68 .\CortexM3\ARM_GCC_541\Debug\Cm3Start.o
                0x00001fd0                initialize_psoc
 .text.TIA_1_Enable
                0x00002038       0x28 .\CortexM3\ARM_GCC_541\Debug\Group17Robot.a(TIA_1.o)
                0x00002038                TIA_1_Enable
 .text.TIA_1_SetPower
                0x00002060       0x18 .\CortexM3\ARM_GCC_541\Debug\Group17Robot.a(TIA_1.o)
                0x00002060                TIA_1_SetPower
 .text.TIA_1_SetResFB
                0x00002078       0x20 .\CortexM3\ARM_GCC_541\Debug\Group17Robot.a(TIA_1.o)
                0x00002078                TIA_1_SetResFB
 .text.TIA_1_SetCapFB
                0x00002098       0x20 .\CortexM3\ARM_GCC_541\Debug\Group17Robot.a(TIA_1.o)
                0x00002098                TIA_1_SetCapFB
 .text.TIA_1_Init
                0x000020b8       0x2c .\CortexM3\ARM_GCC_541\Debug\Group17Robot.a(TIA_1.o)
                0x000020b8                TIA_1_Init
 .text.TIA_1_Start
                0x000020e4       0x1c .\CortexM3\ARM_GCC_541\Debug\Group17Robot.a(TIA_1.o)
                0x000020e4                TIA_1_Start
 .text.CyHalt   0x00002100        0x4 .\CortexM3\ARM_GCC_541\Debug\Group17Robot.a(CyLib.o)
                0x00002100                CyHalt
 .text.CyDelay  0x00002104       0x2c .\CortexM3\ARM_GCC_541\Debug\Group17Robot.a(CyLib.o)
                0x00002104                CyDelay
 .text.CyDelayUs
                0x00002130       0x14 .\CortexM3\ARM_GCC_541\Debug\Group17Robot.a(CyLib.o)
                0x00002130                CyDelayUs
 .text.CyIntSetVector
                0x00002144       0x28 .\CortexM3\ARM_GCC_541\Debug\Group17Robot.a(CyLib.o)
                0x00002144                CyIntSetVector
 .text.CyIntSetPriority
                0x0000216c       0x30 .\CortexM3\ARM_GCC_541\Debug\Group17Robot.a(CyLib.o)
                0x0000216c                CyIntSetPriority
 .text.UART_1_Init
                0x0000219c       0x24 .\CortexM3\ARM_GCC_541\Debug\Group17Robot.a(UART_1.o)
                0x0000219c                UART_1_Init
 .text.UART_1_Enable
                0x000021c0       0x38 .\CortexM3\ARM_GCC_541\Debug\Group17Robot.a(UART_1.o)
                0x000021c0                UART_1_Enable
 .text.UART_1_Start
                0x000021f8       0x1c .\CortexM3\ARM_GCC_541\Debug\Group17Robot.a(UART_1.o)
                0x000021f8                UART_1_Start
 .text.UART_1_PutChar
                0x00002214       0x18 .\CortexM3\ARM_GCC_541\Debug\Group17Robot.a(UART_1.o)
                0x00002214                UART_1_PutChar
 .text.UART_1_PutString
                0x0000222c       0x24 .\CortexM3\ARM_GCC_541\Debug\Group17Robot.a(UART_1.o)
                0x0000222c                UART_1_PutString
 .text.UART_1_IntClock_Start
                0x00002250       0x1c .\CortexM3\ARM_GCC_541\Debug\Group17Robot.a(UART_1_IntClock.o)
                0x00002250                UART_1_IntClock_Start
 .text.ADC_GainCompensation
                0x0000226c       0xe0 .\CortexM3\ARM_GCC_541\Debug\Group17Robot.a(ADC.o)
 .text.ADC_SetDSMRef0Reg
                0x0000234c       0x4c .\CortexM3\ARM_GCC_541\Debug\Group17Robot.a(ADC.o)
 .text.ADC_InitConfig
                0x00002398      0x314 .\CortexM3\ARM_GCC_541\Debug\Group17Robot.a(ADC.o)
 .text.ADC_Init
                0x000026ac      0x108 .\CortexM3\ARM_GCC_541\Debug\Group17Robot.a(ADC.o)
                0x000026ac                ADC_Init
 .text.ADC_Enable
                0x000027b4       0xd8 .\CortexM3\ARM_GCC_541\Debug\Group17Robot.a(ADC.o)
                0x000027b4                ADC_Enable
 .text.ADC_Start
                0x0000288c       0x28 .\CortexM3\ARM_GCC_541\Debug\Group17Robot.a(ADC.o)
                0x0000288c                ADC_Start
 .text.ADC_StartConvert
                0x000028b4       0x10 .\CortexM3\ARM_GCC_541\Debug\Group17Robot.a(ADC.o)
                0x000028b4                ADC_StartConvert
 .text.ADC_StopConvert
                0x000028c4       0x10 .\CortexM3\ARM_GCC_541\Debug\Group17Robot.a(ADC.o)
                0x000028c4                ADC_StopConvert
 .text.ADC_IsEndConversion
                0x000028d4       0x30 .\CortexM3\ARM_GCC_541\Debug\Group17Robot.a(ADC.o)
                0x000028d4                ADC_IsEndConversion
 .text.ADC_GetResult32
                0x00002904       0x6c .\CortexM3\ARM_GCC_541\Debug\Group17Robot.a(ADC.o)
                0x00002904                ADC_GetResult32
 .text.ADC_Read32
                0x00002970       0x28 .\CortexM3\ARM_GCC_541\Debug\Group17Robot.a(ADC.o)
                0x00002970                ADC_Read32
 .text.ADC_ISR1
                0x00002998        0x4 .\CortexM3\ARM_GCC_541\Debug\Group17Robot.a(ADC_INT.o)
                0x00002998                ADC_ISR1
 .text.ADC_ISR2
                0x0000299c        0x4 .\CortexM3\ARM_GCC_541\Debug\Group17Robot.a(ADC_INT.o)
                0x0000299c                ADC_ISR2
 .text.ADC_ISR3
                0x000029a0        0x4 .\CortexM3\ARM_GCC_541\Debug\Group17Robot.a(ADC_INT.o)
                0x000029a0                ADC_ISR3
 .text.ADC_ISR4
                0x000029a4        0x4 .\CortexM3\ARM_GCC_541\Debug\Group17Robot.a(ADC_INT.o)
                0x000029a4                ADC_ISR4
 .text.ADC_Ext_CP_Clk_GetDividerRegister
                0x000029a8        0xc .\CortexM3\ARM_GCC_541\Debug\Group17Robot.a(ADC_Ext_CP_Clk.o)
                0x000029a8                ADC_Ext_CP_Clk_GetDividerRegister
 .text.ADC_Ext_CP_Clk_SetModeRegister
                0x000029b4       0x14 .\CortexM3\ARM_GCC_541\Debug\Group17Robot.a(ADC_Ext_CP_Clk.o)
                0x000029b4                ADC_Ext_CP_Clk_SetModeRegister
 .text.ADC_Ext_CP_Clk_GetSourceRegister
                0x000029c8       0x10 .\CortexM3\ARM_GCC_541\Debug\Group17Robot.a(ADC_Ext_CP_Clk.o)
                0x000029c8                ADC_Ext_CP_Clk_GetSourceRegister
 .text.ADC_Ext_CP_Clk_SetDividerRegister
                0x000029d8       0xd8 .\CortexM3\ARM_GCC_541\Debug\Group17Robot.a(ADC_Ext_CP_Clk.o)
                0x000029d8                ADC_Ext_CP_Clk_SetDividerRegister
 .text.ADC_theACLK_GetDividerRegister
                0x00002ab0        0xc .\CortexM3\ARM_GCC_541\Debug\Group17Robot.a(ADC_theACLK.o)
                0x00002ab0                ADC_theACLK_GetDividerRegister
 .text.ADC_theACLK_SetModeRegister
                0x00002abc       0x14 .\CortexM3\ARM_GCC_541\Debug\Group17Robot.a(ADC_theACLK.o)
                0x00002abc                ADC_theACLK_SetModeRegister
 .text.ADC_theACLK_GetSourceRegister
                0x00002ad0       0x10 .\CortexM3\ARM_GCC_541\Debug\Group17Robot.a(ADC_theACLK.o)
                0x00002ad0                ADC_theACLK_GetSourceRegister
 .text.ADC_theACLK_SetDividerRegister
                0x00002ae0       0xd8 .\CortexM3\ARM_GCC_541\Debug\Group17Robot.a(ADC_theACLK.o)
                0x00002ae0                ADC_theACLK_SetDividerRegister
 .text.IDAC8_1_Enable
                0x00002bb8       0x1c .\CortexM3\ARM_GCC_541\Debug\Group17Robot.a(IDAC8_1.o)
                0x00002bb8                IDAC8_1_Enable
 .text.IDAC8_1_SetSpeed
                0x00002bd4       0x1c .\CortexM3\ARM_GCC_541\Debug\Group17Robot.a(IDAC8_1.o)
                0x00002bd4                IDAC8_1_SetSpeed
 .text.IDAC8_1_SetValue
                0x00002bf0        0xc .\CortexM3\ARM_GCC_541\Debug\Group17Robot.a(IDAC8_1.o)
                0x00002bf0                IDAC8_1_SetValue
 .text.IDAC8_1_DacTrim
                0x00002bfc       0x34 .\CortexM3\ARM_GCC_541\Debug\Group17Robot.a(IDAC8_1.o)
                0x00002bfc                IDAC8_1_DacTrim
 .text.IDAC8_1_Init
                0x00002c30       0x24 .\CortexM3\ARM_GCC_541\Debug\Group17Robot.a(IDAC8_1.o)
                0x00002c30                IDAC8_1_Init
 .text.IDAC8_1_Start
                0x00002c54       0x24 .\CortexM3\ARM_GCC_541\Debug\Group17Robot.a(IDAC8_1.o)
                0x00002c54                IDAC8_1_Start
 .text.IDAC8_1_SetRange
                0x00002c78       0x20 .\CortexM3\ARM_GCC_541\Debug\Group17Robot.a(IDAC8_1.o)
                0x00002c78                IDAC8_1_SetRange
 .text.Timer_1_Enable
                0x00002c98       0x10 .\CortexM3\ARM_GCC_541\Debug\Group17Robot.a(Timer_1.o)
                0x00002c98                Timer_1_Enable
 .text.Timer_1_Stop
                0x00002ca8       0x10 .\CortexM3\ARM_GCC_541\Debug\Group17Robot.a(Timer_1.o)
                0x00002ca8                Timer_1_Stop
 .text.Timer_1_SetInterruptMode
                0x00002cb8        0xc .\CortexM3\ARM_GCC_541\Debug\Group17Robot.a(Timer_1.o)
                0x00002cb8                Timer_1_SetInterruptMode
 .text.Timer_1_ReadStatusRegister
                0x00002cc4        0xc .\CortexM3\ARM_GCC_541\Debug\Group17Robot.a(Timer_1.o)
                0x00002cc4                Timer_1_ReadStatusRegister
 .text.Timer_1_WritePeriod
                0x00002cd0        0xc .\CortexM3\ARM_GCC_541\Debug\Group17Robot.a(Timer_1.o)
                0x00002cd0                Timer_1_WritePeriod
 .text.Timer_1_ReadCapture
                0x00002cdc        0xc .\CortexM3\ARM_GCC_541\Debug\Group17Robot.a(Timer_1.o)
                0x00002cdc                Timer_1_ReadCapture
 .text.Timer_1_WriteCounter
                0x00002ce8        0xc .\CortexM3\ARM_GCC_541\Debug\Group17Robot.a(Timer_1.o)
                0x00002ce8                Timer_1_WriteCounter
 .text.Timer_1_ReadCounter
                0x00002cf4       0x14 .\CortexM3\ARM_GCC_541\Debug\Group17Robot.a(Timer_1.o)
                0x00002cf4                Timer_1_ReadCounter
 .text.Timer_1_SetInterruptCount
                0x00002d08       0x1c .\CortexM3\ARM_GCC_541\Debug\Group17Robot.a(Timer_1.o)
                0x00002d08                Timer_1_SetInterruptCount
 .text.Timer_1_ClearFIFO
                0x00002d24       0x14 .\CortexM3\ARM_GCC_541\Debug\Group17Robot.a(Timer_1.o)
                0x00002d24                Timer_1_ClearFIFO
 .text.Timer_1_Init
                0x00002d38       0x3c .\CortexM3\ARM_GCC_541\Debug\Group17Robot.a(Timer_1.o)
                0x00002d38                Timer_1_Init
 .text.Timer_1_Start
                0x00002d74       0x1c .\CortexM3\ARM_GCC_541\Debug\Group17Robot.a(Timer_1.o)
                0x00002d74                Timer_1_Start
 .text.Trigger_1_Write
                0x00002d90       0x18 .\CortexM3\ARM_GCC_541\Debug\Group17Robot.a(Trigger_1.o)
                0x00002d90                Trigger_1_Write
 .text.Trigger_2_Write
                0x00002da8       0x18 .\CortexM3\ARM_GCC_541\Debug\Group17Robot.a(Trigger_2.o)
                0x00002da8                Trigger_2_Write
 .text.Trigger_3_Write
                0x00002dc0       0x18 .\CortexM3\ARM_GCC_541\Debug\Group17Robot.a(Trigger_3.o)
                0x00002dc0                Trigger_3_Write
 .text.Trigger_4_Write
                0x00002dd8       0x18 .\CortexM3\ARM_GCC_541\Debug\Group17Robot.a(Trigger_4.o)
                0x00002dd8                Trigger_4_Write
 .text.Trigger_5_Write
                0x00002df0       0x18 .\CortexM3\ARM_GCC_541\Debug\Group17Robot.a(Trigger_5.o)
                0x00002df0                Trigger_5_Write
 .text.Ultrasonic_Mux_Control_Write
                0x00002e08        0xc .\CortexM3\ARM_GCC_541\Debug\Group17Robot.a(Ultrasonic_Mux_Control.o)
                0x00002e08                Ultrasonic_Mux_Control_Write
 .text.Gripper_Servo_PWM_Enable
                0x00002e14       0x28 .\CortexM3\ARM_GCC_541\Debug\Group17Robot.a(Gripper_Servo_PWM.o)
                0x00002e14                Gripper_Servo_PWM_Enable
 .text.Gripper_Servo_PWM_Stop
                0x00002e3c       0x28 .\CortexM3\ARM_GCC_541\Debug\Group17Robot.a(Gripper_Servo_PWM.o)
                0x00002e3c                Gripper_Servo_PWM_Stop
 .text.Gripper_Servo_PWM_WritePeriod
                0x00002e64        0xc .\CortexM3\ARM_GCC_541\Debug\Group17Robot.a(Gripper_Servo_PWM.o)
                0x00002e64                Gripper_Servo_PWM_WritePeriod
 .text.Gripper_Servo_PWM_WriteCompare
                0x00002e70        0xc .\CortexM3\ARM_GCC_541\Debug\Group17Robot.a(Gripper_Servo_PWM.o)
                0x00002e70                Gripper_Servo_PWM_WriteCompare
 .text.Gripper_Servo_PWM_SetInterruptMode
                0x00002e7c        0xc .\CortexM3\ARM_GCC_541\Debug\Group17Robot.a(Gripper_Servo_PWM.o)
                0x00002e7c                Gripper_Servo_PWM_SetInterruptMode
 .text.Gripper_Servo_PWM_Init
                0x00002e88       0x78 .\CortexM3\ARM_GCC_541\Debug\Group17Robot.a(Gripper_Servo_PWM.o)
                0x00002e88                Gripper_Servo_PWM_Init
 .text.Gripper_Servo_PWM_Start
                0x00002f00       0x1c .\CortexM3\ARM_GCC_541\Debug\Group17Robot.a(Gripper_Servo_PWM.o)
                0x00002f00                Gripper_Servo_PWM_Start
 .text.Gripper_Servo_PWM_Sleep
                0x00002f1c       0x28 .\CortexM3\ARM_GCC_541\Debug\Group17Robot.a(Gripper_Servo_PWM_PM.o)
                0x00002f1c                Gripper_Servo_PWM_Sleep
 .text.Gripper_Servo_PWM_Wakeup
                0x00002f44       0x14 .\CortexM3\ARM_GCC_541\Debug\Group17Robot.a(Gripper_Servo_PWM_PM.o)
                0x00002f44                Gripper_Servo_PWM_Wakeup
 .text.Rack_Servo_PWM_Enable
                0x00002f58       0x28 .\CortexM3\ARM_GCC_541\Debug\Group17Robot.a(Rack_Servo_PWM.o)
                0x00002f58                Rack_Servo_PWM_Enable
 .text.Rack_Servo_PWM_Stop
                0x00002f80       0x28 .\CortexM3\ARM_GCC_541\Debug\Group17Robot.a(Rack_Servo_PWM.o)
                0x00002f80                Rack_Servo_PWM_Stop
 .text.Rack_Servo_PWM_WritePeriod
                0x00002fa8        0xc .\CortexM3\ARM_GCC_541\Debug\Group17Robot.a(Rack_Servo_PWM.o)
                0x00002fa8                Rack_Servo_PWM_WritePeriod
 .text.Rack_Servo_PWM_WriteCompare
                0x00002fb4        0xc .\CortexM3\ARM_GCC_541\Debug\Group17Robot.a(Rack_Servo_PWM.o)
                0x00002fb4                Rack_Servo_PWM_WriteCompare
 .text.Rack_Servo_PWM_SetInterruptMode
                0x00002fc0        0xc .\CortexM3\ARM_GCC_541\Debug\Group17Robot.a(Rack_Servo_PWM.o)
                0x00002fc0                Rack_Servo_PWM_SetInterruptMode
 .text.Rack_Servo_PWM_Init
                0x00002fcc       0x78 .\CortexM3\ARM_GCC_541\Debug\Group17Robot.a(Rack_Servo_PWM.o)
                0x00002fcc                Rack_Servo_PWM_Init
 .text.Rack_Servo_PWM_Start
                0x00003044       0x1c .\CortexM3\ARM_GCC_541\Debug\Group17Robot.a(Rack_Servo_PWM.o)
                0x00003044                Rack_Servo_PWM_Start
 .text.Rack_Servo_PWM_ReadCompare
                0x00003060        0xc .\CortexM3\ARM_GCC_541\Debug\Group17Robot.a(Rack_Servo_PWM.o)
                0x00003060                Rack_Servo_PWM_ReadCompare
 .text.Rack_Servo_PWM_Sleep
                0x0000306c       0x28 .\CortexM3\ARM_GCC_541\Debug\Group17Robot.a(Rack_Servo_PWM_PM.o)
                0x0000306c                Rack_Servo_PWM_Sleep
 .text.Rack_Servo_PWM_Wakeup
                0x00003094       0x14 .\CortexM3\ARM_GCC_541\Debug\Group17Robot.a(Rack_Servo_PWM_PM.o)
                0x00003094                Rack_Servo_PWM_Wakeup
 .text.control_led_Write
                0x000030a8        0xc .\CortexM3\ARM_GCC_541\Debug\Group17Robot.a(control_led.o)
                0x000030a8                control_led_Write
 .text.control_photodiode_Write
                0x000030b4        0xc .\CortexM3\ARM_GCC_541\Debug\Group17Robot.a(control_photodiode.o)
                0x000030b4                control_photodiode_Write
 .text.control_photodiode_Read
                0x000030c0        0xc .\CortexM3\ARM_GCC_541\Debug\Group17Robot.a(control_photodiode.o)
                0x000030c0                control_photodiode_Read
 .text.Start_SetVector
                0x000030cc        0xc .\CortexM3\ARM_GCC_541\Debug\Group17Robot.a(Start.o)
                0x000030cc                Start_SetVector
 .text.Start_SetPriority
                0x000030d8       0x10 .\CortexM3\ARM_GCC_541\Debug\Group17Robot.a(Start.o)
                0x000030d8                Start_SetPriority
 .text.Start_Enable
                0x000030e8        0xc .\CortexM3\ARM_GCC_541\Debug\Group17Robot.a(Start.o)
                0x000030e8                Start_Enable
 .text.Start_Disable
                0x000030f4        0xc .\CortexM3\ARM_GCC_541\Debug\Group17Robot.a(Start.o)
                0x000030f4                Start_Disable
 .text.Start_StartEx
                0x00003100       0x1c .\CortexM3\ARM_GCC_541\Debug\Group17Robot.a(Start.o)
                0x00003100                Start_StartEx
 .text.Sonic_SetVector
                0x0000311c        0xc .\CortexM3\ARM_GCC_541\Debug\Group17Robot.a(Sonic.o)
                0x0000311c                Sonic_SetVector
 .text.Sonic_SetPriority
                0x00003128       0x10 .\CortexM3\ARM_GCC_541\Debug\Group17Robot.a(Sonic.o)
                0x00003128                Sonic_SetPriority
 .text.Sonic_Enable
                0x00003138        0xc .\CortexM3\ARM_GCC_541\Debug\Group17Robot.a(Sonic.o)
                0x00003138                Sonic_Enable
 .text.Sonic_Disable
                0x00003144        0xc .\CortexM3\ARM_GCC_541\Debug\Group17Robot.a(Sonic.o)
                0x00003144                Sonic_Disable
 .text.Sonic_StartEx
                0x00003150       0x1c .\CortexM3\ARM_GCC_541\Debug\Group17Robot.a(Sonic.o)
                0x00003150                Sonic_StartEx
 .text.Motor_Left_Decoder_GetCounter
                0x0000316c       0x10 .\CortexM3\ARM_GCC_541\Debug\Group17Robot.a(Motor_Left_Decoder.o)
                0x0000316c                Motor_Left_Decoder_GetCounter
 .text.Motor_Left_Decoder_SetCounter
                0x0000317c       0x1c .\CortexM3\ARM_GCC_541\Debug\Group17Robot.a(Motor_Left_Decoder.o)
                0x0000317c                Motor_Left_Decoder_SetCounter
 .text.Motor_Left_Decoder_GetEvents
                0x00003198       0x10 .\CortexM3\ARM_GCC_541\Debug\Group17Robot.a(Motor_Left_Decoder.o)
                0x00003198                Motor_Left_Decoder_GetEvents
 .text.Motor_Left_Decoder_SetInterruptMask
                0x000031a8        0xc .\CortexM3\ARM_GCC_541\Debug\Group17Robot.a(Motor_Left_Decoder.o)
                0x000031a8                Motor_Left_Decoder_SetInterruptMask
 .text.Motor_Left_Decoder_Enable
                0x000031b4       0x24 .\CortexM3\ARM_GCC_541\Debug\Group17Robot.a(Motor_Left_Decoder.o)
                0x000031b4                Motor_Left_Decoder_Enable
 .text.Motor_Left_Decoder_Start
                0x000031d8       0x24 .\CortexM3\ARM_GCC_541\Debug\Group17Robot.a(Motor_Left_Decoder.o)
                0x000031d8                Motor_Left_Decoder_Start
 .text.Motor_Right_Decoder_GetCounter
                0x000031fc       0x10 .\CortexM3\ARM_GCC_541\Debug\Group17Robot.a(Motor_Right_Decoder.o)
                0x000031fc                Motor_Right_Decoder_GetCounter
 .text.Motor_Right_Decoder_SetCounter
                0x0000320c       0x1c .\CortexM3\ARM_GCC_541\Debug\Group17Robot.a(Motor_Right_Decoder.o)
                0x0000320c                Motor_Right_Decoder_SetCounter
 .text.Motor_Right_Decoder_GetEvents
                0x00003228       0x10 .\CortexM3\ARM_GCC_541\Debug\Group17Robot.a(Motor_Right_Decoder.o)
                0x00003228                Motor_Right_Decoder_GetEvents
 .text.Motor_Right_Decoder_SetInterruptMask
                0x00003238        0xc .\CortexM3\ARM_GCC_541\Debug\Group17Robot.a(Motor_Right_Decoder.o)
                0x00003238                Motor_Right_Decoder_SetInterruptMask
 .text.Motor_Right_Decoder_Enable
                0x00003244       0x24 .\CortexM3\ARM_GCC_541\Debug\Group17Robot.a(Motor_Right_Decoder.o)
                0x00003244                Motor_Right_Decoder_Enable
 .text.Motor_Right_Decoder_Start
                0x00003268       0x24 .\CortexM3\ARM_GCC_541\Debug\Group17Robot.a(Motor_Right_Decoder.o)
                0x00003268                Motor_Right_Decoder_Start
 .text.Motor_Left_Driver_Enable
                0x0000328c       0x10 .\CortexM3\ARM_GCC_541\Debug\Group17Robot.a(Motor_Left_Driver.o)
                0x0000328c                Motor_Left_Driver_Enable
 .text.Motor_Left_Driver_Stop
                0x0000329c       0x10 .\CortexM3\ARM_GCC_541\Debug\Group17Robot.a(Motor_Left_Driver.o)
                0x0000329c                Motor_Left_Driver_Stop
 .text.Motor_Left_Driver_WriteCounter
                0x000032ac        0xc .\CortexM3\ARM_GCC_541\Debug\Group17Robot.a(Motor_Left_Driver.o)
                0x000032ac                Motor_Left_Driver_WriteCounter
 .text.Motor_Left_Driver_ReadCounter
                0x000032b8       0x14 .\CortexM3\ARM_GCC_541\Debug\Group17Robot.a(Motor_Left_Driver.o)
                0x000032b8                Motor_Left_Driver_ReadCounter
 .text.Motor_Left_Driver_WritePeriod
                0x000032cc        0xc .\CortexM3\ARM_GCC_541\Debug\Group17Robot.a(Motor_Left_Driver.o)
                0x000032cc                Motor_Left_Driver_WritePeriod
 .text.Motor_Left_Driver_WriteCompare
                0x000032d8        0xc .\CortexM3\ARM_GCC_541\Debug\Group17Robot.a(Motor_Left_Driver.o)
                0x000032d8                Motor_Left_Driver_WriteCompare
 .text.Motor_Left_Driver_SetInterruptMode
                0x000032e4        0xc .\CortexM3\ARM_GCC_541\Debug\Group17Robot.a(Motor_Left_Driver.o)
                0x000032e4                Motor_Left_Driver_SetInterruptMode
 .text.Motor_Left_Driver_ReadStatusRegister
                0x000032f0        0xc .\CortexM3\ARM_GCC_541\Debug\Group17Robot.a(Motor_Left_Driver.o)
                0x000032f0                Motor_Left_Driver_ReadStatusRegister
 .text.Motor_Left_Driver_ReadControlRegister
                0x000032fc        0xc .\CortexM3\ARM_GCC_541\Debug\Group17Robot.a(Motor_Left_Driver.o)
                0x000032fc                Motor_Left_Driver_ReadControlRegister
 .text.Motor_Left_Driver_WriteControlRegister
                0x00003308        0xc .\CortexM3\ARM_GCC_541\Debug\Group17Robot.a(Motor_Left_Driver.o)
                0x00003308                Motor_Left_Driver_WriteControlRegister
 .text.Motor_Left_Driver_ReadCapture
                0x00003314        0xc .\CortexM3\ARM_GCC_541\Debug\Group17Robot.a(Motor_Left_Driver.o)
                0x00003314                Motor_Left_Driver_ReadCapture
 .text.Motor_Left_Driver_ClearFIFO
                0x00003320       0x14 .\CortexM3\ARM_GCC_541\Debug\Group17Robot.a(Motor_Left_Driver.o)
                0x00003320                Motor_Left_Driver_ClearFIFO
 .text.Motor_Left_Driver_Init
                0x00003334       0x54 .\CortexM3\ARM_GCC_541\Debug\Group17Robot.a(Motor_Left_Driver.o)
                0x00003334                Motor_Left_Driver_Init
 .text.Motor_Left_Driver_Start
                0x00003388       0x1c .\CortexM3\ARM_GCC_541\Debug\Group17Robot.a(Motor_Left_Driver.o)
                0x00003388                Motor_Left_Driver_Start
 .text.Motor_Left_Driver_ReadPeriod
                0x000033a4        0xc .\CortexM3\ARM_GCC_541\Debug\Group17Robot.a(Motor_Left_Driver.o)
                0x000033a4                Motor_Left_Driver_ReadPeriod
 .text.Motor_Left_Driver_SaveConfig
                0x000033b0       0x28 .\CortexM3\ARM_GCC_541\Debug\Group17Robot.a(Motor_Left_Driver_PM.o)
                0x000033b0                Motor_Left_Driver_SaveConfig
 .text.Motor_Left_Driver_RestoreConfig
                0x000033d8       0x28 .\CortexM3\ARM_GCC_541\Debug\Group17Robot.a(Motor_Left_Driver_PM.o)
                0x000033d8                Motor_Left_Driver_RestoreConfig
 .text.Motor_Left_Driver_Sleep
                0x00003400       0x2c .\CortexM3\ARM_GCC_541\Debug\Group17Robot.a(Motor_Left_Driver_PM.o)
                0x00003400                Motor_Left_Driver_Sleep
 .text.Motor_Left_Driver_Wakeup
                0x0000342c       0x18 .\CortexM3\ARM_GCC_541\Debug\Group17Robot.a(Motor_Left_Driver_PM.o)
                0x0000342c                Motor_Left_Driver_Wakeup
 .text.Motor_Right_Driver_Enable
                0x00003444       0x10 .\CortexM3\ARM_GCC_541\Debug\Group17Robot.a(Motor_Right_Driver.o)
                0x00003444                Motor_Right_Driver_Enable
 .text.Motor_Right_Driver_Stop
                0x00003454       0x10 .\CortexM3\ARM_GCC_541\Debug\Group17Robot.a(Motor_Right_Driver.o)
                0x00003454                Motor_Right_Driver_Stop
 .text.Motor_Right_Driver_WriteCounter
                0x00003464        0xc .\CortexM3\ARM_GCC_541\Debug\Group17Robot.a(Motor_Right_Driver.o)
                0x00003464                Motor_Right_Driver_WriteCounter
 .text.Motor_Right_Driver_ReadCounter
                0x00003470       0x14 .\CortexM3\ARM_GCC_541\Debug\Group17Robot.a(Motor_Right_Driver.o)
                0x00003470                Motor_Right_Driver_ReadCounter
 .text.Motor_Right_Driver_WritePeriod
                0x00003484        0xc .\CortexM3\ARM_GCC_541\Debug\Group17Robot.a(Motor_Right_Driver.o)
                0x00003484                Motor_Right_Driver_WritePeriod
 .text.Motor_Right_Driver_WriteCompare
                0x00003490        0xc .\CortexM3\ARM_GCC_541\Debug\Group17Robot.a(Motor_Right_Driver.o)
                0x00003490                Motor_Right_Driver_WriteCompare
 .text.Motor_Right_Driver_SetInterruptMode
                0x0000349c        0xc .\CortexM3\ARM_GCC_541\Debug\Group17Robot.a(Motor_Right_Driver.o)
                0x0000349c                Motor_Right_Driver_SetInterruptMode
 .text.Motor_Right_Driver_ReadStatusRegister
                0x000034a8        0xc .\CortexM3\ARM_GCC_541\Debug\Group17Robot.a(Motor_Right_Driver.o)
                0x000034a8                Motor_Right_Driver_ReadStatusRegister
 .text.Motor_Right_Driver_ReadControlRegister
                0x000034b4        0xc .\CortexM3\ARM_GCC_541\Debug\Group17Robot.a(Motor_Right_Driver.o)
                0x000034b4                Motor_Right_Driver_ReadControlRegister
 .text.Motor_Right_Driver_WriteControlRegister
                0x000034c0        0xc .\CortexM3\ARM_GCC_541\Debug\Group17Robot.a(Motor_Right_Driver.o)
                0x000034c0                Motor_Right_Driver_WriteControlRegister
 .text.Motor_Right_Driver_ReadCapture
                0x000034cc        0xc .\CortexM3\ARM_GCC_541\Debug\Group17Robot.a(Motor_Right_Driver.o)
                0x000034cc                Motor_Right_Driver_ReadCapture
 .text.Motor_Right_Driver_ClearFIFO
                0x000034d8       0x14 .\CortexM3\ARM_GCC_541\Debug\Group17Robot.a(Motor_Right_Driver.o)
                0x000034d8                Motor_Right_Driver_ClearFIFO
 .text.Motor_Right_Driver_Init
                0x000034ec       0x54 .\CortexM3\ARM_GCC_541\Debug\Group17Robot.a(Motor_Right_Driver.o)
                0x000034ec                Motor_Right_Driver_Init
 .text.Motor_Right_Driver_Start
                0x00003540       0x1c .\CortexM3\ARM_GCC_541\Debug\Group17Robot.a(Motor_Right_Driver.o)
                0x00003540                Motor_Right_Driver_Start
 .text.Motor_Right_Driver_ReadPeriod
                0x0000355c        0xc .\CortexM3\ARM_GCC_541\Debug\Group17Robot.a(Motor_Right_Driver.o)
                0x0000355c                Motor_Right_Driver_ReadPeriod
 .text.Motor_Right_Driver_SaveConfig
                0x00003568       0x28 .\CortexM3\ARM_GCC_541\Debug\Group17Robot.a(Motor_Right_Driver_PM.o)
                0x00003568                Motor_Right_Driver_SaveConfig
 .text.Motor_Right_Driver_RestoreConfig
                0x00003590       0x28 .\CortexM3\ARM_GCC_541\Debug\Group17Robot.a(Motor_Right_Driver_PM.o)
                0x00003590                Motor_Right_Driver_RestoreConfig
 .text.Motor_Right_Driver_Sleep
                0x000035b8       0x2c .\CortexM3\ARM_GCC_541\Debug\Group17Robot.a(Motor_Right_Driver_PM.o)
                0x000035b8                Motor_Right_Driver_Sleep
 .text.Motor_Right_Driver_Wakeup
                0x000035e4       0x18 .\CortexM3\ARM_GCC_541\Debug\Group17Robot.a(Motor_Right_Driver_PM.o)
                0x000035e4                Motor_Right_Driver_Wakeup
 .text.Motor_Left_Control_Write
                0x000035fc        0xc .\CortexM3\ARM_GCC_541\Debug\Group17Robot.a(Motor_Left_Control.o)
                0x000035fc                Motor_Left_Control_Write
 .text.Motor_Right_Control_Write
                0x00003608        0xc .\CortexM3\ARM_GCC_541\Debug\Group17Robot.a(Motor_Right_Control.o)
                0x00003608                Motor_Right_Control_Write
 .text.Motor_Left_Decoder_Cnt16_Enable
                0x00003614       0x10 .\CortexM3\ARM_GCC_541\Debug\Group17Robot.a(Motor_Left_Decoder_Cnt16.o)
                0x00003614                Motor_Left_Decoder_Cnt16_Enable
 .text.Motor_Left_Decoder_Cnt16_SetInterruptMode
                0x00003624        0xc .\CortexM3\ARM_GCC_541\Debug\Group17Robot.a(Motor_Left_Decoder_Cnt16.o)
                0x00003624                Motor_Left_Decoder_Cnt16_SetInterruptMode
 .text.Motor_Left_Decoder_Cnt16_ReadStatusRegister
                0x00003630        0xc .\CortexM3\ARM_GCC_541\Debug\Group17Robot.a(Motor_Left_Decoder_Cnt16.o)
                0x00003630                Motor_Left_Decoder_Cnt16_ReadStatusRegister
 .text.Motor_Left_Decoder_Cnt16_WriteCounter
                0x0000363c        0xc .\CortexM3\ARM_GCC_541\Debug\Group17Robot.a(Motor_Left_Decoder_Cnt16.o)
                0x0000363c                Motor_Left_Decoder_Cnt16_WriteCounter
 .text.Motor_Left_Decoder_Cnt16_ReadCounter
                0x00003648       0x14 .\CortexM3\ARM_GCC_541\Debug\Group17Robot.a(Motor_Left_Decoder_Cnt16.o)
                0x00003648                Motor_Left_Decoder_Cnt16_ReadCounter
 .text.Motor_Left_Decoder_Cnt16_ReadCapture
                0x0000365c        0xc .\CortexM3\ARM_GCC_541\Debug\Group17Robot.a(Motor_Left_Decoder_Cnt16.o)
                0x0000365c                Motor_Left_Decoder_Cnt16_ReadCapture
 .text.Motor_Left_Decoder_Cnt16_WritePeriod
                0x00003668        0xc .\CortexM3\ARM_GCC_541\Debug\Group17Robot.a(Motor_Left_Decoder_Cnt16.o)
                0x00003668                Motor_Left_Decoder_Cnt16_WritePeriod
 .text.Motor_Left_Decoder_Cnt16_WriteCompare
                0x00003674        0xc .\CortexM3\ARM_GCC_541\Debug\Group17Robot.a(Motor_Left_Decoder_Cnt16.o)
                0x00003674                Motor_Left_Decoder_Cnt16_WriteCompare
 .text.Motor_Left_Decoder_Cnt16_ClearFIFO
                0x00003680       0x14 .\CortexM3\ARM_GCC_541\Debug\Group17Robot.a(Motor_Left_Decoder_Cnt16.o)
                0x00003680                Motor_Left_Decoder_Cnt16_ClearFIFO
 .text.Motor_Left_Decoder_Cnt16_Init
                0x00003694       0x58 .\CortexM3\ARM_GCC_541\Debug\Group17Robot.a(Motor_Left_Decoder_Cnt16.o)
                0x00003694                Motor_Left_Decoder_Cnt16_Init
 .text.Motor_Left_Decoder_Cnt16_Start
                0x000036ec       0x1c .\CortexM3\ARM_GCC_541\Debug\Group17Robot.a(Motor_Left_Decoder_Cnt16.o)
                0x000036ec                Motor_Left_Decoder_Cnt16_Start
 .text.Motor_Right_Decoder_Cnt16_Enable
                0x00003708       0x10 .\CortexM3\ARM_GCC_541\Debug\Group17Robot.a(Motor_Right_Decoder_Cnt16.o)
                0x00003708                Motor_Right_Decoder_Cnt16_Enable
 .text.Motor_Right_Decoder_Cnt16_SetInterruptMode
                0x00003718        0xc .\CortexM3\ARM_GCC_541\Debug\Group17Robot.a(Motor_Right_Decoder_Cnt16.o)
                0x00003718                Motor_Right_Decoder_Cnt16_SetInterruptMode
 .text.Motor_Right_Decoder_Cnt16_ReadStatusRegister
                0x00003724        0xc .\CortexM3\ARM_GCC_541\Debug\Group17Robot.a(Motor_Right_Decoder_Cnt16.o)
                0x00003724                Motor_Right_Decoder_Cnt16_ReadStatusRegister
 .text.Motor_Right_Decoder_Cnt16_WriteCounter
                0x00003730        0xc .\CortexM3\ARM_GCC_541\Debug\Group17Robot.a(Motor_Right_Decoder_Cnt16.o)
                0x00003730                Motor_Right_Decoder_Cnt16_WriteCounter
 .text.Motor_Right_Decoder_Cnt16_ReadCounter
                0x0000373c       0x14 .\CortexM3\ARM_GCC_541\Debug\Group17Robot.a(Motor_Right_Decoder_Cnt16.o)
                0x0000373c                Motor_Right_Decoder_Cnt16_ReadCounter
 .text.Motor_Right_Decoder_Cnt16_ReadCapture
                0x00003750        0xc .\CortexM3\ARM_GCC_541\Debug\Group17Robot.a(Motor_Right_Decoder_Cnt16.o)
                0x00003750                Motor_Right_Decoder_Cnt16_ReadCapture
 .text.Motor_Right_Decoder_Cnt16_WritePeriod
                0x0000375c        0xc .\CortexM3\ARM_GCC_541\Debug\Group17Robot.a(Motor_Right_Decoder_Cnt16.o)
                0x0000375c                Motor_Right_Decoder_Cnt16_WritePeriod
 .text.Motor_Right_Decoder_Cnt16_WriteCompare
                0x00003768        0xc .\CortexM3\ARM_GCC_541\Debug\Group17Robot.a(Motor_Right_Decoder_Cnt16.o)
                0x00003768                Motor_Right_Decoder_Cnt16_WriteCompare
 .text.Motor_Right_Decoder_Cnt16_ClearFIFO
                0x00003774       0x14 .\CortexM3\ARM_GCC_541\Debug\Group17Robot.a(Motor_Right_Decoder_Cnt16.o)
                0x00003774                Motor_Right_Decoder_Cnt16_ClearFIFO
 .text.Motor_Right_Decoder_Cnt16_Init
                0x00003788       0x58 .\CortexM3\ARM_GCC_541\Debug\Group17Robot.a(Motor_Right_Decoder_Cnt16.o)
                0x00003788                Motor_Right_Decoder_Cnt16_Init
 .text.Motor_Right_Decoder_Cnt16_Start
                0x000037e0       0x1c .\CortexM3\ARM_GCC_541\Debug\Group17Robot.a(Motor_Right_Decoder_Cnt16.o)
                0x000037e0                Motor_Right_Decoder_Cnt16_Start
 *fill*         0x000037fc        0x4 
 .text          0x00003800       0x20 .\CortexM3\ARM_GCC_541\Debug\Group17Robot.a(CyBootAsmGnu.o)
                0x00003800                CyDelayCycles
                0x00003810                CyEnterCriticalSection
                0x00003818                CyExitCriticalSection
 .text.round    0x00003820       0xa0 c:/program files (x86)/cypress/psoc creator/4.2/psoc creator/import/gnu/arm/5.4.1/bin/../lib/gcc/arm-none-eabi/5.4.1/../../../../arm-none-eabi/lib/armv7-m\libm.a(lib_a-s_round.o)
                0x00003820                round
 .text.sin      0x000038c0       0x90 c:/program files (x86)/cypress/psoc creator/4.2/psoc creator/import/gnu/arm/5.4.1/bin/../lib/gcc/arm-none-eabi/5.4.1/../../../../arm-none-eabi/lib/armv7-m\libm.a(lib_a-s_sin.o)
                0x000038c0                sin
 .text.__ieee754_rem_pio2
                0x00003950      0x42c c:/program files (x86)/cypress/psoc creator/4.2/psoc creator/import/gnu/arm/5.4.1/bin/../lib/gcc/arm-none-eabi/5.4.1/../../../../arm-none-eabi/lib/armv7-m\libm.a(lib_a-e_rem_pio2.o)
                0x00003950                __ieee754_rem_pio2
 *fill*         0x00003d7c        0x4 
 .text.__kernel_cos
                0x00003d80      0x248 c:/program files (x86)/cypress/psoc creator/4.2/psoc creator/import/gnu/arm/5.4.1/bin/../lib/gcc/arm-none-eabi/5.4.1/../../../../arm-none-eabi/lib/armv7-m\libm.a(lib_a-k_cos.o)
                0x00003d80                __kernel_cos
 .text.__kernel_rem_pio2
                0x00003fc8      0x7f0 c:/program files (x86)/cypress/psoc creator/4.2/psoc creator/import/gnu/arm/5.4.1/bin/../lib/gcc/arm-none-eabi/5.4.1/../../../../arm-none-eabi/lib/armv7-m\libm.a(lib_a-k_rem_pio2.o)
                0x00003fc8                __kernel_rem_pio2
 .text.__kernel_sin
                0x000047b8      0x16c c:/program files (x86)/cypress/psoc creator/4.2/psoc creator/import/gnu/arm/5.4.1/bin/../lib/gcc/arm-none-eabi/5.4.1/../../../../arm-none-eabi/lib/armv7-m\libm.a(lib_a-k_sin.o)
                0x000047b8                __kernel_sin
 .text.fabs     0x00004924        0x8 c:/program files (x86)/cypress/psoc creator/4.2/psoc creator/import/gnu/arm/5.4.1/bin/../lib/gcc/arm-none-eabi/5.4.1/../../../../arm-none-eabi/lib/armv7-m\libm.a(lib_a-s_fabs.o)
                0x00004924                fabs
 *fill*         0x0000492c        0x4 
 .text.floor    0x00004930      0x110 c:/program files (x86)/cypress/psoc creator/4.2/psoc creator/import/gnu/arm/5.4.1/bin/../lib/gcc/arm-none-eabi/5.4.1/../../../../arm-none-eabi/lib/armv7-m\libm.a(lib_a-s_floor.o)
                0x00004930                floor
 .text.scalbn   0x00004a40       0xe4 c:/program files (x86)/cypress/psoc creator/4.2/psoc creator/import/gnu/arm/5.4.1/bin/../lib/gcc/arm-none-eabi/5.4.1/../../../../arm-none-eabi/lib/armv7-m\libm.a(lib_a-s_scalbn.o)
                0x00004a40                scalbn
 .text.copysign
                0x00004b24       0x10 c:/program files (x86)/cypress/psoc creator/4.2/psoc creator/import/gnu/arm/5.4.1/bin/../lib/gcc/arm-none-eabi/5.4.1/../../../../arm-none-eabi/lib/armv7-m\libm.a(lib_a-s_copysign.o)
                0x00004b24                copysign
 .text          0x00004b34      0x370 c:/program files (x86)/cypress/psoc creator/4.2/psoc creator/import/gnu/arm/5.4.1/bin/../lib/gcc/arm-none-eabi/5.4.1/armv7-m\libgcc.a(_arm_addsubdf3.o)
                0x00004b34                __aeabi_drsub
                0x00004b3c                __aeabi_dsub
                0x00004b3c                __subdf3
                0x00004b40                __aeabi_dadd
                0x00004b40                __adddf3
                0x00004db8                __floatunsidf
                0x00004db8                __aeabi_ui2d
                0x00004dd8                __floatsidf
                0x00004dd8                __aeabi_i2d
                0x00004dfc                __aeabi_f2d
                0x00004dfc                __extendsfdf2
                0x00004e38                __floatundidf
                0x00004e38                __aeabi_ul2d
                0x00004e48                __floatdidf
                0x00004e48                __aeabi_l2d
 .text          0x00004ea4      0x424 c:/program files (x86)/cypress/psoc creator/4.2/psoc creator/import/gnu/arm/5.4.1/bin/../lib/gcc/arm-none-eabi/5.4.1/armv7-m\libgcc.a(_arm_muldivdf3.o)
                0x00004ea4                __aeabi_dmul
                0x00004ea4                __muldf3
                0x000050f8                __divdf3
                0x000050f8                __aeabi_ddiv
 .text          0x000052c8      0x110 c:/program files (x86)/cypress/psoc creator/4.2/psoc creator/import/gnu/arm/5.4.1/bin/../lib/gcc/arm-none-eabi/5.4.1/armv7-m\libgcc.a(_arm_cmpdf2.o)
                0x000052c8                __gtdf2
                0x000052c8                __gedf2
                0x000052d0                __ltdf2
                0x000052d0                __ledf2
                0x000052d8                __nedf2
                0x000052d8                __eqdf2
                0x000052d8                __cmpdf2
                0x00005354                __aeabi_cdrcmple
                0x00005364                __aeabi_cdcmpeq
                0x00005364                __aeabi_cdcmple
                0x00005374                __aeabi_dcmpeq
                0x00005388                __aeabi_dcmplt
                0x0000539c                __aeabi_dcmple
                0x000053b0                __aeabi_dcmpge
                0x000053c4                __aeabi_dcmpgt
 .text          0x000053d8       0x50 c:/program files (x86)/cypress/psoc creator/4.2/psoc creator/import/gnu/arm/5.4.1/bin/../lib/gcc/arm-none-eabi/5.4.1/armv7-m\libgcc.a(_arm_fixdfsi.o)
                0x000053d8                __aeabi_d2iz
                0x000053d8                __fixdfsi
 .text          0x00005428      0x21c c:/program files (x86)/cypress/psoc creator/4.2/psoc creator/import/gnu/arm/5.4.1/bin/../lib/gcc/arm-none-eabi/5.4.1/armv7-m\libgcc.a(_arm_addsubsf3.o)
                0x00005428                __aeabi_frsub
                0x00005430                __subsf3
                0x00005430                __aeabi_fsub
                0x00005434                __aeabi_fadd
                0x00005434                __addsf3
                0x00005594                __aeabi_ui2f
                0x00005594                __floatunsisf
                0x0000559c                __aeabi_i2f
                0x0000559c                __floatsisf
                0x000055b8                __aeabi_ul2f
                0x000055b8                __floatundisf
                0x000055c8                __aeabi_l2f
                0x000055c8                __floatdisf
 .text          0x00005644       0xec c:/program files (x86)/cypress/psoc creator/4.2/psoc creator/import/gnu/arm/5.4.1/bin/../lib/gcc/arm-none-eabi/5.4.1/armv7-m\libgcc.a(_arm_cmpsf2.o)
                0x00005644                __gesf2
                0x00005644                __gtsf2
                0x0000564c                __lesf2
                0x0000564c                __ltsf2
                0x00005654                __nesf2
                0x00005654                __eqsf2
                0x00005654                __cmpsf2
                0x000056b4                __aeabi_cfrcmple
                0x000056bc                __aeabi_cfcmpeq
                0x000056bc                __aeabi_cfcmple
                0x000056cc                __aeabi_fcmpeq
                0x000056e0                __aeabi_fcmplt
                0x000056f4                __aeabi_fcmple
                0x00005708                __aeabi_fcmpge
                0x0000571c                __aeabi_fcmpgt
 .text.__errno  0x00005730        0xc c:/program files (x86)/cypress/psoc creator/4.2/psoc creator/import/gnu/arm/5.4.1/bin/../lib/gcc/arm-none-eabi/5.4.1/../../../../arm-none-eabi/lib/armv7-m\libg_nano.a(lib_a-errno.o)
                0x00005730                __errno
 .text.__libc_init_array
                0x0000573c       0x4c c:/program files (x86)/cypress/psoc creator/4.2/psoc creator/import/gnu/arm/5.4.1/bin/../lib/gcc/arm-none-eabi/5.4.1/../../../../arm-none-eabi/lib/armv7-m\libg_nano.a(lib_a-init.o)
                0x0000573c                __libc_init_array
 .text.memcpy   0x00005788       0x16 c:/program files (x86)/cypress/psoc creator/4.2/psoc creator/import/gnu/arm/5.4.1/bin/../lib/gcc/arm-none-eabi/5.4.1/../../../../arm-none-eabi/lib/armv7-m\libg_nano.a(lib_a-memcpy-stub.o)
                0x00005788                memcpy
 .text.memset   0x0000579e       0x10 c:/program files (x86)/cypress/psoc creator/4.2/psoc creator/import/gnu/arm/5.4.1/bin/../lib/gcc/arm-none-eabi/5.4.1/../../../../arm-none-eabi/lib/armv7-m\libg_nano.a(lib_a-memset.o)
                0x0000579e                memset
 .text.__cvt    0x000057ae       0xc0 c:/program files (x86)/cypress/psoc creator/4.2/psoc creator/import/gnu/arm/5.4.1/bin/../lib/gcc/arm-none-eabi/5.4.1/../../../../arm-none-eabi/lib/armv7-m\libg_nano.a(lib_a-nano-vfprintf_float.o)
                0x000057ae                __cvt
 .text.__exponent
                0x0000586e       0x62 c:/program files (x86)/cypress/psoc creator/4.2/psoc creator/import/gnu/arm/5.4.1/bin/../lib/gcc/arm-none-eabi/5.4.1/../../../../arm-none-eabi/lib/armv7-m\libg_nano.a(lib_a-nano-vfprintf_float.o)
                0x0000586e                __exponent
 .text._printf_float
                0x000058d0      0x488 c:/program files (x86)/cypress/psoc creator/4.2/psoc creator/import/gnu/arm/5.4.1/bin/../lib/gcc/arm-none-eabi/5.4.1/../../../../arm-none-eabi/lib/armv7-m\libg_nano.a(lib_a-nano-vfprintf_float.o)
                0x000058d0                _printf_float
 .text._printf_common
                0x00005d58       0xec c:/program files (x86)/cypress/psoc creator/4.2/psoc creator/import/gnu/arm/5.4.1/bin/../lib/gcc/arm-none-eabi/5.4.1/../../../../arm-none-eabi/lib/armv7-m\libg_nano.a(lib_a-nano-vfprintf_i.o)
                0x00005d58                _printf_common
 .text._printf_i
                0x00005e44      0x24c c:/program files (x86)/cypress/psoc creator/4.2/psoc creator/import/gnu/arm/5.4.1/bin/../lib/gcc/arm-none-eabi/5.4.1/../../../../arm-none-eabi/lib/armv7-m\libg_nano.a(lib_a-nano-vfprintf_i.o)
                0x00005e44                _printf_i
 .text.sprintf  0x00006090       0x48 c:/program files (x86)/cypress/psoc creator/4.2/psoc creator/import/gnu/arm/5.4.1/bin/../lib/gcc/arm-none-eabi/5.4.1/../../../../arm-none-eabi/lib/armv7-m\libg_nano.a(lib_a-sprintf.o)
                0x00006090                siprintf
                0x00006090                sprintf
 .text          0x000060d8       0x10 c:/program files (x86)/cypress/psoc creator/4.2/psoc creator/import/gnu/arm/5.4.1/bin/../lib/gcc/arm-none-eabi/5.4.1/../../../../arm-none-eabi/lib/armv7-m\libg_nano.a(lib_a-strlen.o)
                0x000060d8                strlen
 .text.quorem   0x000060e8      0x116 c:/program files (x86)/cypress/psoc creator/4.2/psoc creator/import/gnu/arm/5.4.1/bin/../lib/gcc/arm-none-eabi/5.4.1/../../../../arm-none-eabi/lib/armv7-m\libg_nano.a(lib_a-dtoa.o)
 *fill*         0x000061fe        0x2 
 .text._dtoa_r  0x00006200      0xb30 c:/program files (x86)/cypress/psoc creator/4.2/psoc creator/import/gnu/arm/5.4.1/bin/../lib/gcc/arm-none-eabi/5.4.1/../../../../arm-none-eabi/lib/armv7-m\libg_nano.a(lib_a-dtoa.o)
                0x00006200                _dtoa_r
 .text._localeconv_r
                0x00006d30        0x8 c:/program files (x86)/cypress/psoc creator/4.2/psoc creator/import/gnu/arm/5.4.1/bin/../lib/gcc/arm-none-eabi/5.4.1/../../../../arm-none-eabi/lib/armv7-m\libg_nano.a(lib_a-locale.o)
                0x00006d30                _localeconv_r
 .text.malloc   0x00006d38       0x10 c:/program files (x86)/cypress/psoc creator/4.2/psoc creator/import/gnu/arm/5.4.1/bin/../lib/gcc/arm-none-eabi/5.4.1/../../../../arm-none-eabi/lib/armv7-m\libg_nano.a(lib_a-malloc.o)
                0x00006d38                malloc
 .text.memchr   0x00006d48       0x1c c:/program files (x86)/cypress/psoc creator/4.2/psoc creator/import/gnu/arm/5.4.1/bin/../lib/gcc/arm-none-eabi/5.4.1/../../../../arm-none-eabi/lib/armv7-m\libg_nano.a(lib_a-memchr-stub.o)
                0x00006d48                memchr
 .text._Balloc  0x00006d64       0x6a c:/program files (x86)/cypress/psoc creator/4.2/psoc creator/import/gnu/arm/5.4.1/bin/../lib/gcc/arm-none-eabi/5.4.1/../../../../arm-none-eabi/lib/armv7-m\libg_nano.a(lib_a-mprec.o)
                0x00006d64                _Balloc
 .text._Bfree   0x00006dce       0x2e c:/program files (x86)/cypress/psoc creator/4.2/psoc creator/import/gnu/arm/5.4.1/bin/../lib/gcc/arm-none-eabi/5.4.1/../../../../arm-none-eabi/lib/armv7-m\libg_nano.a(lib_a-mprec.o)
                0x00006dce                _Bfree
 .text.__multadd
                0x00006dfc       0x76 c:/program files (x86)/cypress/psoc creator/4.2/psoc creator/import/gnu/arm/5.4.1/bin/../lib/gcc/arm-none-eabi/5.4.1/../../../../arm-none-eabi/lib/armv7-m\libg_nano.a(lib_a-mprec.o)
                0x00006dfc                __multadd
 .text.__hi0bits
                0x00006e72       0x40 c:/program files (x86)/cypress/psoc creator/4.2/psoc creator/import/gnu/arm/5.4.1/bin/../lib/gcc/arm-none-eabi/5.4.1/../../../../arm-none-eabi/lib/armv7-m\libg_nano.a(lib_a-mprec.o)
                0x00006e72                __hi0bits
 .text.__lo0bits
                0x00006eb2       0x5a c:/program files (x86)/cypress/psoc creator/4.2/psoc creator/import/gnu/arm/5.4.1/bin/../lib/gcc/arm-none-eabi/5.4.1/../../../../arm-none-eabi/lib/armv7-m\libg_nano.a(lib_a-mprec.o)
                0x00006eb2                __lo0bits
 .text.__i2b    0x00006f0c       0x12 c:/program files (x86)/cypress/psoc creator/4.2/psoc creator/import/gnu/arm/5.4.1/bin/../lib/gcc/arm-none-eabi/5.4.1/../../../../arm-none-eabi/lib/armv7-m\libg_nano.a(lib_a-mprec.o)
                0x00006f0c                __i2b
 .text.__multiply
                0x00006f1e      0x120 c:/program files (x86)/cypress/psoc creator/4.2/psoc creator/import/gnu/arm/5.4.1/bin/../lib/gcc/arm-none-eabi/5.4.1/../../../../arm-none-eabi/lib/armv7-m\libg_nano.a(lib_a-mprec.o)
                0x00006f1e                __multiply
 *fill*         0x0000703e        0x2 
 .text.__pow5mult
                0x00007040       0x9c c:/program files (x86)/cypress/psoc creator/4.2/psoc creator/import/gnu/arm/5.4.1/bin/../lib/gcc/arm-none-eabi/5.4.1/../../../../arm-none-eabi/lib/armv7-m\libg_nano.a(lib_a-mprec.o)
                0x00007040                __pow5mult
 .text.__lshift
                0x000070dc       0xa2 c:/program files (x86)/cypress/psoc creator/4.2/psoc creator/import/gnu/arm/5.4.1/bin/../lib/gcc/arm-none-eabi/5.4.1/../../../../arm-none-eabi/lib/armv7-m\libg_nano.a(lib_a-mprec.o)
                0x000070dc                __lshift
 .text.__mcmp   0x0000717e       0x38 c:/program files (x86)/cypress/psoc creator/4.2/psoc creator/import/gnu/arm/5.4.1/bin/../lib/gcc/arm-none-eabi/5.4.1/../../../../arm-none-eabi/lib/armv7-m\libg_nano.a(lib_a-mprec.o)
                0x0000717e                __mcmp
 .text.__mdiff  0x000071b6       0xbe c:/program files (x86)/cypress/psoc creator/4.2/psoc creator/import/gnu/arm/5.4.1/bin/../lib/gcc/arm-none-eabi/5.4.1/../../../../arm-none-eabi/lib/armv7-m\libg_nano.a(lib_a-mprec.o)
                0x000071b6                __mdiff
 .text.__d2b    0x00007274       0x9c c:/program files (x86)/cypress/psoc creator/4.2/psoc creator/import/gnu/arm/5.4.1/bin/../lib/gcc/arm-none-eabi/5.4.1/../../../../arm-none-eabi/lib/armv7-m\libg_nano.a(lib_a-mprec.o)
                0x00007274                __d2b
 .text._calloc_r
                0x00007310       0x1c c:/program files (x86)/cypress/psoc creator/4.2/psoc creator/import/gnu/arm/5.4.1/bin/../lib/gcc/arm-none-eabi/5.4.1/../../../../arm-none-eabi/lib/armv7-m\libg_nano.a(lib_a-nano-callocr.o)
                0x00007310                _calloc_r
 .text._free_r  0x0000732c       0x98 c:/program files (x86)/cypress/psoc creator/4.2/psoc creator/import/gnu/arm/5.4.1/bin/../lib/gcc/arm-none-eabi/5.4.1/../../../../arm-none-eabi/lib/armv7-m\libg_nano.a(lib_a-nano-freer.o)
                0x0000732c                _free_r
 .text._malloc_r
                0x000073c4       0xbc c:/program files (x86)/cypress/psoc creator/4.2/psoc creator/import/gnu/arm/5.4.1/bin/../lib/gcc/arm-none-eabi/5.4.1/../../../../arm-none-eabi/lib/armv7-m\libg_nano.a(lib_a-nano-mallocr.o)
                0x000073c4                _malloc_r
 .text.__ssputs_r
                0x00007480       0xb2 c:/program files (x86)/cypress/psoc creator/4.2/psoc creator/import/gnu/arm/5.4.1/bin/../lib/gcc/arm-none-eabi/5.4.1/../../../../arm-none-eabi/lib/armv7-m\libg_nano.a(lib_a-nano-svfprintf.o)
                0x00007480                __ssputs_r
 *fill*         0x00007532        0x2 
 .text._svfprintf_r
                0x00007534      0x1e8 c:/program files (x86)/cypress/psoc creator/4.2/psoc creator/import/gnu/arm/5.4.1/bin/../lib/gcc/arm-none-eabi/5.4.1/../../../../arm-none-eabi/lib/armv7-m\libg_nano.a(lib_a-nano-svfprintf.o)
                0x00007534                _svfiprintf_r
                0x00007534                _svfprintf_r
 .text._sbrk_r  0x0000771c       0x20 c:/program files (x86)/cypress/psoc creator/4.2/psoc creator/import/gnu/arm/5.4.1/bin/../lib/gcc/arm-none-eabi/5.4.1/../../../../arm-none-eabi/lib/armv7-m\libg_nano.a(lib_a-sbrkr.o)
                0x0000771c                _sbrk_r
 .text.memmove  0x0000773c       0x36 c:/program files (x86)/cypress/psoc creator/4.2/psoc creator/import/gnu/arm/5.4.1/bin/../lib/gcc/arm-none-eabi/5.4.1/../../../../arm-none-eabi/lib/armv7-m\libg_nano.a(lib_a-memmove.o)
                0x0000773c                memmove
 .text.__malloc_lock
                0x00007772        0x2 c:/program files (x86)/cypress/psoc creator/4.2/psoc creator/import/gnu/arm/5.4.1/bin/../lib/gcc/arm-none-eabi/5.4.1/../../../../arm-none-eabi/lib/armv7-m\libg_nano.a(lib_a-mlock.o)
                0x00007772                __malloc_lock
 .text.__malloc_unlock
                0x00007774        0x2 c:/program files (x86)/cypress/psoc creator/4.2/psoc creator/import/gnu/arm/5.4.1/bin/../lib/gcc/arm-none-eabi/5.4.1/../../../../arm-none-eabi/lib/armv7-m\libg_nano.a(lib_a-mlock.o)
                0x00007774                __malloc_unlock
 .text._realloc_r
                0x00007776       0x4c c:/program files (x86)/cypress/psoc creator/4.2/psoc creator/import/gnu/arm/5.4.1/bin/../lib/gcc/arm-none-eabi/5.4.1/../../../../arm-none-eabi/lib/armv7-m\libg_nano.a(lib_a-nano-reallocr.o)
                0x00007776                _realloc_r
 .text._malloc_usable_size_r
                0x000077c2       0x14 c:/program files (x86)/cypress/psoc creator/4.2/psoc creator/import/gnu/arm/5.4.1/bin/../lib/gcc/arm-none-eabi/5.4.1/../../../../arm-none-eabi/lib/armv7-m\libg_nano.a(lib_a-nano-msizer.o)
                0x000077c2                _malloc_usable_size_r
 *fill*         0x000077d6        0x2 
 .text          0x000077d8       0x2c c:/program files (x86)/cypress/psoc creator/4.2/psoc creator/import/gnu/arm/5.4.1/bin/../lib/gcc/arm-none-eabi/5.4.1/armv7-m\libgcc.a(_arm_unorddf2.o)
                0x000077d8                __unorddf2
                0x000077d8                __aeabi_dcmpun
 *(.plt)
 *(.gnu.warning)
 *(.glue_7t)
 .glue_7t       0x00007804        0x0 linker stubs
 *(.glue_7)
 .glue_7        0x00007804        0x0 linker stubs
 *(.vfp11_veneer)
 .vfp11_veneer  0x00007804        0x0 linker stubs
 *(.bootloader)
 *(.ARM.extab* .gnu.linkonce.armextab.*)
 *(.gcc_except_table)

.v4_bx          0x00007804        0x0
 .v4_bx         0x00007804        0x0 linker stubs

.iplt           0x00007804        0x0
 .iplt          0x00007804        0x0 c:/program files (x86)/cypress/psoc creator/4.2/psoc creator/import/gnu/arm/5.4.1/bin/../lib/gcc/arm-none-eabi/5.4.1/armv7-m/crtbegin.o

.eh_frame_hdr
 *(.eh_frame_hdr)

.eh_frame       0x00007804        0x4
 *(.eh_frame)
 .eh_frame      0x00007804        0x0 c:/program files (x86)/cypress/psoc creator/4.2/psoc creator/import/gnu/arm/5.4.1/bin/../lib/gcc/arm-none-eabi/5.4.1/armv7-m/crtbegin.o
 .eh_frame      0x00007804        0x4 c:/program files (x86)/cypress/psoc creator/4.2/psoc creator/import/gnu/arm/5.4.1/bin/../lib/gcc/arm-none-eabi/5.4.1/armv7-m/crtend.o
                [!provide]                PROVIDE (__exidx_start, .)

.ARM.exidx
 *(.ARM.exidx* .gnu.linkonce.armexidx.*)
                0x00007808                __exidx_end = .

.rodata         0x00007808      0x648
 *(.rodata .rodata.* .gnu.linkonce.r.*)
 .rodata.str1.4
                0x00007808       0xc2 .\CortexM3\ARM_GCC_541\Debug\main.o
 *fill*         0x000078ca        0x2 
 .rodata.str1.4
                0x000078cc       0x39 .\CortexM3\ARM_GCC_541\Debug\colour.o
 *fill*         0x00007905        0x3 
 .rodata.str1.4
                0x00007908       0x47 .\CortexM3\ARM_GCC_541\Debug\ultrasonic.o
 *fill*         0x0000794f        0x1 
 .rodata.str1.4
                0x00007950       0xad .\CortexM3\ARM_GCC_541\Debug\navigation.o
                                 0xb5 (size before relaxing)
 *fill*         0x000079fd        0x3 
 .rodata.str1.4
                0x00007a00       0x26 .\CortexM3\ARM_GCC_541\Debug\motor.o
 *fill*         0x00007a26        0x2 
 .rodata.str1.4
                0x00007a28       0x74 .\CortexM3\ARM_GCC_541\Debug\debugging.o
                                 0x7e (size before relaxing)
 .rodata        0x00007a9c       0x44 .\CortexM3\ARM_GCC_541\Debug\cyfitter_cfg.o
 .rodata.npio2_hw
                0x00007ae0       0x80 c:/program files (x86)/cypress/psoc creator/4.2/psoc creator/import/gnu/arm/5.4.1/bin/../lib/gcc/arm-none-eabi/5.4.1/../../../../arm-none-eabi/lib/armv7-m\libm.a(lib_a-e_rem_pio2.o)
 .rodata.two_over_pi
                0x00007b60      0x108 c:/program files (x86)/cypress/psoc creator/4.2/psoc creator/import/gnu/arm/5.4.1/bin/../lib/gcc/arm-none-eabi/5.4.1/../../../../arm-none-eabi/lib/armv7-m\libm.a(lib_a-e_rem_pio2.o)
 .rodata.init_jk
                0x00007c68       0x10 c:/program files (x86)/cypress/psoc creator/4.2/psoc creator/import/gnu/arm/5.4.1/bin/../lib/gcc/arm-none-eabi/5.4.1/../../../../arm-none-eabi/lib/armv7-m\libm.a(lib_a-k_rem_pio2.o)
 .rodata.PIo2   0x00007c78       0x40 c:/program files (x86)/cypress/psoc creator/4.2/psoc creator/import/gnu/arm/5.4.1/bin/../lib/gcc/arm-none-eabi/5.4.1/../../../../arm-none-eabi/lib/armv7-m\libm.a(lib_a-k_rem_pio2.o)
 .rodata.str1.1
                0x00007cb8        0x2 c:/program files (x86)/cypress/psoc creator/4.2/psoc creator/import/gnu/arm/5.4.1/bin/../lib/gcc/arm-none-eabi/5.4.1/../../../../arm-none-eabi/lib/armv7-m\libg_nano.a(lib_a-impure.o)
 .rodata.str1.1
                0x00007cba       0x12 c:/program files (x86)/cypress/psoc creator/4.2/psoc creator/import/gnu/arm/5.4.1/bin/../lib/gcc/arm-none-eabi/5.4.1/../../../../arm-none-eabi/lib/armv7-m\libg_nano.a(lib_a-nano-vfprintf_float.o)
 .rodata.str1.1
                0x00007ccc       0x22 c:/program files (x86)/cypress/psoc creator/4.2/psoc creator/import/gnu/arm/5.4.1/bin/../lib/gcc/arm-none-eabi/5.4.1/../../../../arm-none-eabi/lib/armv7-m\libg_nano.a(lib_a-nano-vfprintf_i.o)
 .rodata.str1.1
                0x00007cee        0xd c:/program files (x86)/cypress/psoc creator/4.2/psoc creator/import/gnu/arm/5.4.1/bin/../lib/gcc/arm-none-eabi/5.4.1/../../../../arm-none-eabi/lib/armv7-m\libg_nano.a(lib_a-dtoa.o)
                                  0xf (size before relaxing)
 .rodata.str1.1
                0x00007cfb        0x8 c:/program files (x86)/cypress/psoc creator/4.2/psoc creator/import/gnu/arm/5.4.1/bin/../lib/gcc/arm-none-eabi/5.4.1/../../../../arm-none-eabi/lib/armv7-m\libg_nano.a(lib_a-locale.o)
                                  0xb (size before relaxing)
 *fill*         0x00007d03        0x5 
 .rodata.__mprec_tens
                0x00007d08       0xc8 c:/program files (x86)/cypress/psoc creator/4.2/psoc creator/import/gnu/arm/5.4.1/bin/../lib/gcc/arm-none-eabi/5.4.1/../../../../arm-none-eabi/lib/armv7-m\libg_nano.a(lib_a-mprec.o)
                0x00007d08                __mprec_tens
 .rodata.p05.5408
                0x00007dd0        0xc c:/program files (x86)/cypress/psoc creator/4.2/psoc creator/import/gnu/arm/5.4.1/bin/../lib/gcc/arm-none-eabi/5.4.1/../../../../arm-none-eabi/lib/armv7-m\libg_nano.a(lib_a-mprec.o)
 *fill*         0x00007ddc        0x4 
 .rodata.__mprec_bigtens
                0x00007de0       0x28 c:/program files (x86)/cypress/psoc creator/4.2/psoc creator/import/gnu/arm/5.4.1/bin/../lib/gcc/arm-none-eabi/5.4.1/../../../../arm-none-eabi/lib/armv7-m\libg_nano.a(lib_a-mprec.o)
                0x00007de0                __mprec_bigtens
 .rodata.str1.1
                0x00007e08       0x11 c:/program files (x86)/cypress/psoc creator/4.2/psoc creator/import/gnu/arm/5.4.1/bin/../lib/gcc/arm-none-eabi/5.4.1/../../../../arm-none-eabi/lib/armv7-m\libg_nano.a(lib_a-nano-svfprintf.o)
                0x00007e1c                . = ALIGN (0x4)
 *fill*         0x00007e19        0x3 
 *(.init)
 .init          0x00007e1c        0x4 c:/program files (x86)/cypress/psoc creator/4.2/psoc creator/import/gnu/arm/5.4.1/bin/../lib/gcc/arm-none-eabi/5.4.1/armv7-m/crti.o
                0x00007e1c                _init
 .init          0x00007e20        0x8 c:/program files (x86)/cypress/psoc creator/4.2/psoc creator/import/gnu/arm/5.4.1/bin/../lib/gcc/arm-none-eabi/5.4.1/armv7-m/crtn.o
                0x00007e28                . = ALIGN (0x4)
                0x00007e28                __preinit_array_start = .
 *(.preinit_array)
                0x00007e28                __preinit_array_end = .
                0x00007e28                . = ALIGN (0x4)
                0x00007e28                __init_array_start = .
 *(SORT(.init_array.*))
 *(.init_array)
 .init_array    0x00007e28        0x4 c:/program files (x86)/cypress/psoc creator/4.2/psoc creator/import/gnu/arm/5.4.1/bin/../lib/gcc/arm-none-eabi/5.4.1/armv7-m/crtbegin.o
 .init_array    0x00007e2c        0x4 .\CortexM3\ARM_GCC_541\Debug\Cm3Start.o
                0x00007e30                __init_array_end = .
                0x00007e30                . = ALIGN (0x4)
 *(.fini)
 .fini          0x00007e30        0x4 c:/program files (x86)/cypress/psoc creator/4.2/psoc creator/import/gnu/arm/5.4.1/bin/../lib/gcc/arm-none-eabi/5.4.1/armv7-m/crti.o
                0x00007e30                _fini
 .fini          0x00007e34        0x8 c:/program files (x86)/cypress/psoc creator/4.2/psoc creator/import/gnu/arm/5.4.1/bin/../lib/gcc/arm-none-eabi/5.4.1/armv7-m/crtn.o
                0x00007e3c                . = ALIGN (0x4)
                0x00007e3c                __fini_array_start = .
 *(.fini_array)
 .fini_array    0x00007e3c        0x4 c:/program files (x86)/cypress/psoc creator/4.2/psoc creator/import/gnu/arm/5.4.1/bin/../lib/gcc/arm-none-eabi/5.4.1/armv7-m/crtbegin.o
 *(SORT(.fini_array.*))
                0x00007e40                __fini_array_end = .
                0x00007e40                . = ALIGN (0x4)
 *crtbegin.o(.ctors)
 *(EXCLUDE_FILE(*crtend.o) .ctors)
 *(SORT(.ctors.*))
 *crtend.o(.ctors)
                0x00007e40                . = ALIGN (0x4)
 *crtbegin.o(.dtors)
 *(EXCLUDE_FILE(*crtend.o) .dtors)
 *(SORT(.dtors.*))
 *crtend.o(.dtors)
                0x00007e40                . = ALIGN (0x4)
                0x00007e40                __cy_regions = .
                0x00007e40        0x4 LONG 0x7e50 __cy_region_init_ram
                0x00007e44        0x4 LONG 0x1fff80c8 __cy_region_start_data
                0x00007e48        0x4 LONG 0xe0 __cy_region_init_size_ram
                0x00007e4c        0x4 LONG 0x1d8 __cy_region_zero_size_ram
                0x00007e50                __cy_regions_end = .
                0x00007e50                . = ALIGN (0x8)
                0x00007e50                _etext = .

.cy_checksum_exclude
                0x00007e50        0x0
 *(.cy_checksum_exclude)

.ramvectors     0x1fff8000       0xc0
                0x1fff8000                __cy_region_start_ram = .
 *(.ramvectors)
 .ramvectors    0x1fff8000       0xc0 .\CortexM3\ARM_GCC_541\Debug\Cm3Start.o
                0x1fff8000                CyRamVectors

.noinit         0x1fff80c0        0x1
 *(.noinit)
 .noinit        0x1fff80c0        0x1 .\CortexM3\ARM_GCC_541\Debug\Group17Robot.a(CyLib.o)
                0x1fff80c0                CyResetStatus

.data           0x1fff80c8       0xe0 load address 0x00007e50
                0x1fff80c8                __cy_region_start_data = .
 *(.jcr)
 .jcr           0x1fff80c8        0x0 c:/program files (x86)/cypress/psoc creator/4.2/psoc creator/import/gnu/arm/5.4.1/bin/../lib/gcc/arm-none-eabi/5.4.1/armv7-m/crtbegin.o
 .jcr           0x1fff80c8        0x4 c:/program files (x86)/cypress/psoc creator/4.2/psoc creator/import/gnu/arm/5.4.1/bin/../lib/gcc/arm-none-eabi/5.4.1/armv7-m/crtend.o
 *(.got.plt)
 *(.got)
 *(.shdata)
 *(.data .data.* .gnu.linkonce.d.*)
 .data          0x1fff80cc       0x24 .\CortexM3\ARM_GCC_541\Debug\main.o
                0x1fff80cc                colour_flag
                0x1fff80d0                current_stage
                0x1fff80d4                state
                0x1fff80d8                running
                0x1fff80dc                puckRackOffsetsFromWest
 .data          0x1fff80f0        0x4 .\CortexM3\ARM_GCC_541\Debug\Cm3Start.o
 .data          0x1fff80f4       0x10 .\CortexM3\ARM_GCC_541\Debug\Group17Robot.a(CyLib.o)
                0x1fff80f4                cydelay_32k_ms
                0x1fff80f8                cydelay_freq_khz
                0x1fff80fc                cydelay_freq_mhz
                0x1fff8100                cydelay_freq_hz
 .data          0x1fff8104        0x1 .\CortexM3\ARM_GCC_541\Debug\Group17Robot.a(ADC.o)
                0x1fff8104                ADC_Config
 *fill*         0x1fff8105        0x3 
 .data.impure_data
                0x1fff8108       0x60 c:/program files (x86)/cypress/psoc creator/4.2/psoc creator/import/gnu/arm/5.4.1/bin/../lib/gcc/arm-none-eabi/5.4.1/../../../../arm-none-eabi/lib/armv7-m\libg_nano.a(lib_a-impure.o)
 .data._impure_ptr
                0x1fff8168        0x4 c:/program files (x86)/cypress/psoc creator/4.2/psoc creator/import/gnu/arm/5.4.1/bin/../lib/gcc/arm-none-eabi/5.4.1/../../../../arm-none-eabi/lib/armv7-m\libg_nano.a(lib_a-impure.o)
                0x1fff8168                _impure_ptr
 .data.lconv    0x1fff816c       0x38 c:/program files (x86)/cypress/psoc creator/4.2/psoc creator/import/gnu/arm/5.4.1/bin/../lib/gcc/arm-none-eabi/5.4.1/../../../../arm-none-eabi/lib/armv7-m\libg_nano.a(lib_a-locale.o)
                0x1fff81a8                . = ALIGN (0x8)
 *fill*         0x1fff81a4        0x4 
 *(.ram)
                0x1fff81a8                _edata = .

.igot.plt       0x1fff81a8        0x0 load address 0x00007f30
 .igot.plt      0x1fff81a8        0x0 c:/program files (x86)/cypress/psoc creator/4.2/psoc creator/import/gnu/arm/5.4.1/bin/../lib/gcc/arm-none-eabi/5.4.1/armv7-m/crtbegin.o

.bss            0x1fff81a8      0x1d8 load address 0x00007f30
                0x1fff81a8                PROVIDE (__bss_start__, .)
 *(.shbss)
 *(.bss .bss.* .gnu.linkonce.b.*)
 .bss           0x1fff81a8       0x1c c:/program files (x86)/cypress/psoc creator/4.2/psoc creator/import/gnu/arm/5.4.1/bin/../lib/gcc/arm-none-eabi/5.4.1/armv7-m/crtbegin.o
 .bss           0x1fff81c4       0x84 .\CortexM3\ARM_GCC_541\Debug\main.o
                0x1fff81c4                beginNavigation
                0x1fff81c8                idac_value
                0x1fff81cc                colour_sensing_algorithm
                0x1fff81d0                currentPuckStackSize
                0x1fff81d4                blockEastClearance
                0x1fff81d6                blockWestClearance
                0x1fff81d8                puckEastClearance
                0x1fff81da                puckWestClearance
                0x1fff81dc                puckConstructionPlan
                0x1fff81e8                puckRackColours
                0x1fff81fc                block_location
                0x1fff820c                puck_location
                0x1fff821c                safety_override
                0x1fff8220                moving
                0x1fff8224                horizontalPuckGrid
                0x1fff8228                puckColoursTempPile
                0x1fff8230                block_edge_location
                0x1fff8240                sweeping
                0x1fff8244                currentPuckRackScanningIndex
 .bss           0x1fff8248       0x3c .\CortexM3\ARM_GCC_541\Debug\ultrasonic.o
                0x1fff8248                count
                0x1fff824c                ultrasonic_distances_mm
                0x1fff8260                puck_start
                0x1fff8264                block_start
                0x1fff8268                ultrasonic_distances
                0x1fff827c                distance_measured
                0x1fff8280                i
 .bss           0x1fff8284       0x10 .\CortexM3\ARM_GCC_541\Debug\debugging.o
                0x1fff8284                colour_calibration
                0x1fff8288                servo_testing
                0x1fff828c                motor_testing
                0x1fff8290                ultrasonic_testing
 .bss           0x1fff8294        0x1 .\CortexM3\ARM_GCC_541\Debug\Group17Robot.a(TIA_1.o)
                0x1fff8294                TIA_1_initVar
 .bss           0x1fff8295        0x2 .\CortexM3\ARM_GCC_541\Debug\Group17Robot.a(UART_1.o)
                0x1fff8295                UART_1_initVar
 *fill*         0x1fff8297        0x1 
 .bss           0x1fff8298       0x18 .\CortexM3\ARM_GCC_541\Debug\Group17Robot.a(ADC.o)
                0x1fff82a8                ADC_stopConversion
                0x1fff82a9                ADC_convDone
                0x1fff82aa                ADC_initVar
                0x1fff82ab                ADC_started
                0x1fff82ac                ADC_Offset
 .bss           0x1fff82b0        0x1 .\CortexM3\ARM_GCC_541\Debug\Group17Robot.a(IDAC8_1.o)
                0x1fff82b0                IDAC8_1_initVar
 .bss           0x1fff82b1        0x1 .\CortexM3\ARM_GCC_541\Debug\Group17Robot.a(Timer_1.o)
                0x1fff82b1                Timer_1_initVar
 .bss           0x1fff82b2        0x1 .\CortexM3\ARM_GCC_541\Debug\Group17Robot.a(Gripper_Servo_PWM.o)
                0x1fff82b2                Gripper_Servo_PWM_initVar
 *fill*         0x1fff82b3        0x1 
 .bss           0x1fff82b4        0x1 .\CortexM3\ARM_GCC_541\Debug\Group17Robot.a(Gripper_Servo_PWM_PM.o)
 .bss           0x1fff82b5        0x1 .\CortexM3\ARM_GCC_541\Debug\Group17Robot.a(Rack_Servo_PWM.o)
                0x1fff82b5                Rack_Servo_PWM_initVar
 *fill*         0x1fff82b6        0x2 
 .bss           0x1fff82b8        0x1 .\CortexM3\ARM_GCC_541\Debug\Group17Robot.a(Rack_Servo_PWM_PM.o)
 .bss           0x1fff82b9        0x1 .\CortexM3\ARM_GCC_541\Debug\Group17Robot.a(Motor_Left_Decoder.o)
                0x1fff82b9                Motor_Left_Decoder_initVar
 .bss           0x1fff82ba        0x1 .\CortexM3\ARM_GCC_541\Debug\Group17Robot.a(Motor_Right_Decoder.o)
                0x1fff82ba                Motor_Right_Decoder_initVar
 .bss           0x1fff82bb        0x1 .\CortexM3\ARM_GCC_541\Debug\Group17Robot.a(Motor_Left_Driver.o)
                0x1fff82bb                Motor_Left_Driver_initVar
 .bss           0x1fff82bc        0x5 .\CortexM3\ARM_GCC_541\Debug\Group17Robot.a(Motor_Left_Driver_PM.o)
 .bss           0x1fff82c1        0x1 .\CortexM3\ARM_GCC_541\Debug\Group17Robot.a(Motor_Right_Driver.o)
                0x1fff82c1                Motor_Right_Driver_initVar
 *fill*         0x1fff82c2        0x2 
 .bss           0x1fff82c4        0x5 .\CortexM3\ARM_GCC_541\Debug\Group17Robot.a(Motor_Right_Driver_PM.o)
 .bss           0x1fff82c9        0x1 .\CortexM3\ARM_GCC_541\Debug\Group17Robot.a(Motor_Left_Decoder_Cnt16.o)
                0x1fff82c9                Motor_Left_Decoder_Cnt16_initVar
 .bss           0x1fff82ca        0x1 .\CortexM3\ARM_GCC_541\Debug\Group17Robot.a(Motor_Right_Decoder_Cnt16.o)
                0x1fff82ca                Motor_Right_Decoder_Cnt16_initVar
 *fill*         0x1fff82cb        0x1 
 .bss.__malloc_sbrk_start
                0x1fff82cc        0x4 c:/program files (x86)/cypress/psoc creator/4.2/psoc creator/import/gnu/arm/5.4.1/bin/../lib/gcc/arm-none-eabi/5.4.1/../../../../arm-none-eabi/lib/armv7-m\libg_nano.a(lib_a-nano-mallocr.o)
                0x1fff82cc                __malloc_sbrk_start
 .bss.__malloc_free_list
                0x1fff82d0        0x4 c:/program files (x86)/cypress/psoc creator/4.2/psoc creator/import/gnu/arm/5.4.1/bin/../lib/gcc/arm-none-eabi/5.4.1/../../../../arm-none-eabi/lib/armv7-m\libg_nano.a(lib_a-nano-mallocr.o)
                0x1fff82d0                __malloc_free_list
 *(COMMON)
 COMMON         0x1fff82d4       0x46 .\CortexM3\ARM_GCC_541\Debug\main.o
                0x1fff82d4                turningLeftFlag
                0x1fff82d8                output
                0x1fff82f8                pathPastBlock
                0x1fff82fc                driveStraightEnable
                0x1fff8300                distance_returned_global
                0x1fff8304                internal_orientation
                0x1fff8308                ultrasonic_flag
                0x1fff830c                pathToPucks
                0x1fff8310                puckPileLocation
                0x1fff8314                turningRightFlag
                0x1fff8316                drivingForwardFlag
                0x1fff8318                drivingBackwardFlag
 *fill*         0x1fff831a        0x2 
 COMMON         0x1fff831c       0x54 .\CortexM3\ARM_GCC_541\Debug\colour.o
                0x1fff831c                test_white
                0x1fff8320                test_red
                0x1fff8324                ambient_current
                0x1fff8328                input_current
                0x1fff832c                colour_output
                0x1fff8330                ambient_green
                0x1fff8334                ambient_white
                0x1fff8338                ambient_red
                0x1fff833c                test_blue
                0x1fff8340                ambient_blue
                0x1fff8344                pd_voltage
                0x1fff8348                stored
                0x1fff836c                test_green
 COMMON         0x1fff8370        0x4 .\CortexM3\ARM_GCC_541\Debug\ultrasonic.o
                0x1fff8370                ultrasonic_mux_control
 COMMON         0x1fff8374        0x4 .\CortexM3\ARM_GCC_541\Debug\Group17Robot.a(ADC.o)
                0x1fff8374                ADC_CountsPerVolt
 COMMON         0x1fff8378        0x4 c:/program files (x86)/cypress/psoc creator/4.2/psoc creator/import/gnu/arm/5.4.1/bin/../lib/gcc/arm-none-eabi/5.4.1/../../../../arm-none-eabi/lib/armv7-m\libg_nano.a(lib_a-reent.o)
                0x1fff8378                errno
                0x1fff8380                . = ALIGN (0x8)
 *fill*         0x1fff837c        0x4 
 *(.ram.b)
                0x1fff8380                _end = .
                0x1fff8380                __end = .
                0x1fff8380                PROVIDE (end, .)
                0x1fff8380                PROVIDE (__bss_end__, .)
                0x00007e50                __cy_region_init_ram = LOADADDR (.data)
                0x000000e0                __cy_region_init_size_ram = (_edata - ADDR (.data))
                0x000001d8                __cy_region_zero_size_ram = (_end - _edata)

.heap           0x1fff8380      0x200 load address 0x00007f30
                0x1fff8380                . = _end
                0x1fff8580                . = (. + 0x200)
 *fill*         0x1fff8380      0x200 
                0x1fff8580                __cy_heap_limit = .

.stack          0x20007800      0x800
                0x20007800                __cy_stack_limit = .
                0x20008000                . = (. + 0x800)
 *fill*         0x20007800      0x800 
                0x00000001                ASSERT ((__cy_stack_limit >= __cy_heap_limit), region RAM overflowed with stack)
                0x00000000                cy_checksum_exclude_size = (CY_APPL_LOADABLE == 0x1)?SIZEOF (.cy_checksum_exclude):0x0
                0x00000001                ASSERT ((cy_checksum_exclude_size <= CY_CHECKSUM_EXCLUDE_SIZE), CY_BOOT: Section .cy_checksum_exclude size exceedes specified limit.)

.cyloadermeta
 *(.cyloadermeta)

.cyloadablemeta
 *(.cyloadablemeta)

.cyconfigecc    0x80000000     0x1070
 *(.cyconfigecc)
 .cyconfigecc   0x80000000     0x1070 .\CortexM3\ARM_GCC_541\Debug\cymetadata.o
                0x80000000                cy_meta_configecc

.cycustnvl      0x90000000        0x4
 *(.cycustnvl)
 .cycustnvl     0x90000000        0x4 .\CortexM3\ARM_GCC_541\Debug\cymetadata.o
                0x90000000                cy_meta_custnvl

.cywolatch      0x90100000        0x4
 *(.cywolatch)
 .cywolatch     0x90100000        0x4 .\CortexM3\ARM_GCC_541\Debug\cymetadata.o
                0x90100000                cy_meta_wonvl

.cyeeprom       0x90200000        0x0
 *(.cyeeprom)
                0x00000001                ASSERT ((. <= ((0x90200000 + ee_offset) + ee_size)), .cyeeprom data will not fit in EEPROM)

.cyflashprotect
                0x90400000      0x100
 *(.cyflashprotect)
 .cyflashprotect
                0x90400000      0x100 .\CortexM3\ARM_GCC_541\Debug\cymetadata.o
                0x90400000                cy_meta_flashprotect

.cymeta         0x90500000        0xc
 *(.cymeta)
 .cymeta        0x90500000        0xc .\CortexM3\ARM_GCC_541\Debug\cymetadata.o
                0x90500000                cy_metadata

.rel.dyn        0x00007f30        0x0 load address 0x9050000c
 .rel.iplt      0x00007f30        0x0 c:/program files (x86)/cypress/psoc creator/4.2/psoc creator/import/gnu/arm/5.4.1/bin/../lib/gcc/arm-none-eabi/5.4.1/armv7-m/crtbegin.o

.stab
 *(.stab)

.stabstr
 *(.stabstr)

.debug
 *(.debug)

.line
 *(.line)

.debug_srcinfo
 *(.debug_srcinfo)

.debug_sfnames
 *(.debug_sfnames)

.debug_aranges  0x00000000     0x1390
 *(.debug_aranges)
 .debug_aranges
                0x00000000       0x30 .\CortexM3\ARM_GCC_541\Debug\main.o
 .debug_aranges
                0x00000030       0x40 .\CortexM3\ARM_GCC_541\Debug\colour.o
 .debug_aranges
                0x00000070       0x40 .\CortexM3\ARM_GCC_541\Debug\ultrasonic.o
 .debug_aranges
                0x000000b0       0x50 .\CortexM3\ARM_GCC_541\Debug\servo.o
 .debug_aranges
                0x00000100       0x28 .\CortexM3\ARM_GCC_541\Debug\customMath.o
 .debug_aranges
                0x00000128       0x70 .\CortexM3\ARM_GCC_541\Debug\navigation.o
 .debug_aranges
                0x00000198       0x38 .\CortexM3\ARM_GCC_541\Debug\motor.o
 .debug_aranges
                0x000001d0       0x20 .\CortexM3\ARM_GCC_541\Debug\debugging.o
 .debug_aranges
                0x000001f0       0x58 .\CortexM3\ARM_GCC_541\Debug\cyfitter_cfg.o
 .debug_aranges
                0x00000248       0x18 .\CortexM3\ARM_GCC_541\Debug\cymetadata.o
 .debug_aranges
                0x00000260       0x48 .\CortexM3\ARM_GCC_541\Debug\Cm3Start.o
 .debug_aranges
                0x000002a8       0x50 .\CortexM3\ARM_GCC_541\Debug\Group17Robot.a(TIA_1.o)
 .debug_aranges
                0x000002f8      0x2a0 .\CortexM3\ARM_GCC_541\Debug\Group17Robot.a(CyLib.o)
 .debug_aranges
                0x00000598       0x98 .\CortexM3\ARM_GCC_541\Debug\Group17Robot.a(cyPm.o)
 .debug_aranges
                0x00000630       0xf0 .\CortexM3\ARM_GCC_541\Debug\Group17Robot.a(UART_1.o)
 .debug_aranges
                0x00000720       0x70 .\CortexM3\ARM_GCC_541\Debug\Group17Robot.a(UART_1_IntClock.o)
 .debug_aranges
                0x00000790       0xe8 .\CortexM3\ARM_GCC_541\Debug\Group17Robot.a(ADC.o)
 .debug_aranges
                0x00000878       0x38 .\CortexM3\ARM_GCC_541\Debug\Group17Robot.a(ADC_INT.o)
 .debug_aranges
                0x000008b0       0x70 .\CortexM3\ARM_GCC_541\Debug\Group17Robot.a(ADC_Ext_CP_Clk.o)
 .debug_aranges
                0x00000920       0x80 .\CortexM3\ARM_GCC_541\Debug\Group17Robot.a(ADC_theACLK.o)
 .debug_aranges
                0x000009a0       0x60 .\CortexM3\ARM_GCC_541\Debug\Group17Robot.a(IDAC8_1.o)
 .debug_aranges
                0x00000a00       0x98 .\CortexM3\ARM_GCC_541\Debug\Group17Robot.a(Timer_1.o)
 .debug_aranges
                0x00000a98       0x38 .\CortexM3\ARM_GCC_541\Debug\Group17Robot.a(Trigger_1.o)
 .debug_aranges
                0x00000ad0       0x38 .\CortexM3\ARM_GCC_541\Debug\Group17Robot.a(Trigger_2.o)
 .debug_aranges
                0x00000b08       0x38 .\CortexM3\ARM_GCC_541\Debug\Group17Robot.a(Trigger_3.o)
 .debug_aranges
                0x00000b40       0x38 .\CortexM3\ARM_GCC_541\Debug\Group17Robot.a(Trigger_4.o)
 .debug_aranges
                0x00000b78       0x38 .\CortexM3\ARM_GCC_541\Debug\Group17Robot.a(Trigger_5.o)
 .debug_aranges
                0x00000bb0       0x28 .\CortexM3\ARM_GCC_541\Debug\Group17Robot.a(Ultrasonic_Mux_Control.o)
 .debug_aranges
                0x00000bd8       0x78 .\CortexM3\ARM_GCC_541\Debug\Group17Robot.a(Gripper_Servo_PWM.o)
 .debug_aranges
                0x00000c50       0x38 .\CortexM3\ARM_GCC_541\Debug\Group17Robot.a(Gripper_Servo_PWM_PM.o)
 .debug_aranges
                0x00000c88       0x78 .\CortexM3\ARM_GCC_541\Debug\Group17Robot.a(Rack_Servo_PWM.o)
 .debug_aranges
                0x00000d00       0x38 .\CortexM3\ARM_GCC_541\Debug\Group17Robot.a(Rack_Servo_PWM_PM.o)
 .debug_aranges
                0x00000d38       0x28 .\CortexM3\ARM_GCC_541\Debug\Group17Robot.a(control_led.o)
 .debug_aranges
                0x00000d60       0x28 .\CortexM3\ARM_GCC_541\Debug\Group17Robot.a(control_photodiode.o)
 .debug_aranges
                0x00000d88       0x80 .\CortexM3\ARM_GCC_541\Debug\Group17Robot.a(Start.o)
 .debug_aranges
                0x00000e08       0x80 .\CortexM3\ARM_GCC_541\Debug\Group17Robot.a(Sonic.o)
 .debug_aranges
                0x00000e88       0x60 .\CortexM3\ARM_GCC_541\Debug\Group17Robot.a(Motor_Left_Decoder.o)
 .debug_aranges
                0x00000ee8       0x60 .\CortexM3\ARM_GCC_541\Debug\Group17Robot.a(Motor_Right_Decoder.o)
 .debug_aranges
                0x00000f48       0x98 .\CortexM3\ARM_GCC_541\Debug\Group17Robot.a(Motor_Left_Driver.o)
 .debug_aranges
                0x00000fe0       0x38 .\CortexM3\ARM_GCC_541\Debug\Group17Robot.a(Motor_Left_Driver_PM.o)
 .debug_aranges
                0x00001018       0x98 .\CortexM3\ARM_GCC_541\Debug\Group17Robot.a(Motor_Right_Driver.o)
 .debug_aranges
                0x000010b0       0x38 .\CortexM3\ARM_GCC_541\Debug\Group17Robot.a(Motor_Right_Driver_PM.o)
 .debug_aranges
                0x000010e8       0x28 .\CortexM3\ARM_GCC_541\Debug\Group17Robot.a(Motor_Left_Control.o)
 .debug_aranges
                0x00001110       0x28 .\CortexM3\ARM_GCC_541\Debug\Group17Robot.a(Motor_Right_Control.o)
 .debug_aranges
                0x00001138       0x98 .\CortexM3\ARM_GCC_541\Debug\Group17Robot.a(Motor_Left_Decoder_Cnt16.o)
 .debug_aranges
                0x000011d0       0x98 .\CortexM3\ARM_GCC_541\Debug\Group17Robot.a(Motor_Right_Decoder_Cnt16.o)
 .debug_aranges
                0x00001268       0x20 .\CortexM3\ARM_GCC_541\Debug\Group17Robot.a(CyBootAsmGnu.o)
 .debug_aranges
                0x00001288       0x88 .\CortexM3\ARM_GCC_541\Debug\Group17Robot.a(CyFlash.o)
 .debug_aranges
                0x00001310       0x80 .\CortexM3\ARM_GCC_541\Debug\Group17Robot.a(CySpc.o)

.debug_pubnames
 *(.debug_pubnames)

.debug_info     0x00000000     0xd9e2
 *(.debug_info .gnu.linkonce.wi.*)
 .debug_info    0x00000000     0x1d17 .\CortexM3\ARM_GCC_541\Debug\main.o
 .debug_info    0x00001d17      0x748 .\CortexM3\ARM_GCC_541\Debug\colour.o
 .debug_info    0x0000245f      0x609 .\CortexM3\ARM_GCC_541\Debug\ultrasonic.o
 .debug_info    0x00002a68      0x53e .\CortexM3\ARM_GCC_541\Debug\servo.o
 .debug_info    0x00002fa6      0x23d .\CortexM3\ARM_GCC_541\Debug\customMath.o
 .debug_info    0x000031e3     0x13f4 .\CortexM3\ARM_GCC_541\Debug\navigation.o
 .debug_info    0x000045d7      0x8b9 .\CortexM3\ARM_GCC_541\Debug\motor.o
 .debug_info    0x00004e90      0x702 .\CortexM3\ARM_GCC_541\Debug\debugging.o
 .debug_info    0x00005592      0x651 .\CortexM3\ARM_GCC_541\Debug\cyfitter_cfg.o
 .debug_info    0x00005be3      0x139 .\CortexM3\ARM_GCC_541\Debug\cymetadata.o
 .debug_info    0x00005d1c      0x3bb .\CortexM3\ARM_GCC_541\Debug\Cm3Start.o
 .debug_info    0x000060d7      0x1d6 .\CortexM3\ARM_GCC_541\Debug\Group17Robot.a(TIA_1.o)
 .debug_info    0x000062ad     0x1374 .\CortexM3\ARM_GCC_541\Debug\Group17Robot.a(CyLib.o)
 .debug_info    0x00007621      0xa2a .\CortexM3\ARM_GCC_541\Debug\Group17Robot.a(cyPm.o)
 .debug_info    0x0000804b      0x60c .\CortexM3\ARM_GCC_541\Debug\Group17Robot.a(UART_1.o)
 .debug_info    0x00008657      0x283 .\CortexM3\ARM_GCC_541\Debug\Group17Robot.a(UART_1_IntClock.o)
 .debug_info    0x000088da      0xb94 .\CortexM3\ARM_GCC_541\Debug\Group17Robot.a(ADC.o)
 .debug_info    0x0000946e       0xd3 .\CortexM3\ARM_GCC_541\Debug\Group17Robot.a(ADC_INT.o)
 .debug_info    0x00009541      0x283 .\CortexM3\ARM_GCC_541\Debug\Group17Robot.a(ADC_Ext_CP_Clk.o)
 .debug_info    0x000097c4      0x2c4 .\CortexM3\ARM_GCC_541\Debug\Group17Robot.a(ADC_theACLK.o)
 .debug_info    0x00009a88      0x20a .\CortexM3\ARM_GCC_541\Debug\Group17Robot.a(IDAC8_1.o)