Archive member included to satisfy reference by file (symbol)

.\CortexM3\ARM_GCC_541\Debug\Group17Robot.a(TIA_1.o)
                              .\CortexM3\ARM_GCC_541\Debug\main.o (TIA_1_Start)
.\CortexM3\ARM_GCC_541\Debug\Group17Robot.a(CyLib.o)
                              .\CortexM3\ARM_GCC_541\Debug\Cm3Start.o (CyHalt)
.\CortexM3\ARM_GCC_541\Debug\Group17Robot.a(cyPm.o)
                              .\CortexM3\ARM_GCC_541\Debug\Group17Robot.a(CyLib.o) (CyPmReadStatus)
.\CortexM3\ARM_GCC_541\Debug\Group17Robot.a(UART_1.o)
                              .\CortexM3\ARM_GCC_541\Debug\main.o (UART_1_Start)
.\CortexM3\ARM_GCC_541\Debug\Group17Robot.a(UART_1_IntClock.o)
                              .\CortexM3\ARM_GCC_541\Debug\Group17Robot.a(UART_1.o) (UART_1_IntClock_Start)
.\CortexM3\ARM_GCC_541\Debug\Group17Robot.a(ADC.o)
                              .\CortexM3\ARM_GCC_541\Debug\main.o (ADC_Start)
.\CortexM3\ARM_GCC_541\Debug\Group17Robot.a(ADC_INT.o)
                              .\CortexM3\ARM_GCC_541\Debug\Group17Robot.a(ADC.o) (ADC_ISR1)
.\CortexM3\ARM_GCC_541\Debug\Group17Robot.a(ADC_Ext_CP_Clk.o)
                              .\CortexM3\ARM_GCC_541\Debug\Group17Robot.a(ADC.o) (ADC_Ext_CP_Clk_SetModeRegister)
.\CortexM3\ARM_GCC_541\Debug\Group17Robot.a(ADC_theACLK.o)
                              .\CortexM3\ARM_GCC_541\Debug\Group17Robot.a(ADC.o) (ADC_theACLK_SetModeRegister)
.\CortexM3\ARM_GCC_541\Debug\Group17Robot.a(IDAC8_1.o)
                              .\CortexM3\ARM_GCC_541\Debug\main.o (IDAC8_1_SetValue)
.\CortexM3\ARM_GCC_541\Debug\Group17Robot.a(Timer_1.o)
                              .\CortexM3\ARM_GCC_541\Debug\ultrasonic.o (Timer_1_Stop)
.\CortexM3\ARM_GCC_541\Debug\Group17Robot.a(Trigger_1.o)
                              .\CortexM3\ARM_GCC_541\Debug\ultrasonic.o (Trigger_1_Write)
.\CortexM3\ARM_GCC_541\Debug\Group17Robot.a(Trigger_2.o)
                              .\CortexM3\ARM_GCC_541\Debug\ultrasonic.o (Trigger_2_Write)
.\CortexM3\ARM_GCC_541\Debug\Group17Robot.a(Trigger_3.o)
                              .\CortexM3\ARM_GCC_541\Debug\ultrasonic.o (Trigger_3_Write)
.\CortexM3\ARM_GCC_541\Debug\Group17Robot.a(Trigger_4.o)
                              .\CortexM3\ARM_GCC_541\Debug\ultrasonic.o (Trigger_4_Write)
.\CortexM3\ARM_GCC_541\Debug\Group17Robot.a(Trigger_5.o)
                              .\CortexM3\ARM_GCC_541\Debug\ultrasonic.o (Trigger_5_Write)
.\CortexM3\ARM_GCC_541\Debug\Group17Robot.a(Ultrasonic_Mux_Control.o)
                              .\CortexM3\ARM_GCC_541\Debug\ultrasonic.o (Ultrasonic_Mux_Control_Write)
.\CortexM3\ARM_GCC_541\Debug\Group17Robot.a(Motor_2_driver.o)
                              .\CortexM3\ARM_GCC_541\Debug\dcmotor.o (Motor_2_driver_WriteCompare1)
.\CortexM3\ARM_GCC_541\Debug\Group17Robot.a(Motor_1_driver.o)
                              .\CortexM3\ARM_GCC_541\Debug\dcmotor.o (Motor_1_driver_WriteCompare1)
.\CortexM3\ARM_GCC_541\Debug\Group17Robot.a(Motor_2_Encoder_Counts.o)
                              .\CortexM3\ARM_GCC_541\Debug\dcmotor.o (Motor_2_Encoder_Counts_Stop)
.\CortexM3\ARM_GCC_541\Debug\Group17Robot.a(Motor_1_Encoder_Counts.o)
                              .\CortexM3\ARM_GCC_541\Debug\dcmotor.o (Motor_1_Encoder_Counts_Stop)
.\CortexM3\ARM_GCC_541\Debug\Group17Robot.a(Gripper_Servo_PWM.o)
                              .\CortexM3\ARM_GCC_541\Debug\main.o (Gripper_Servo_PWM_WriteCompare)
.\CortexM3\ARM_GCC_541\Debug\Group17Robot.a(Gripper_Servo_PWM_PM.o)
                              .\CortexM3\ARM_GCC_541\Debug\main.o (Gripper_Servo_PWM_Sleep)
.\CortexM3\ARM_GCC_541\Debug\Group17Robot.a(Rack_Servo_PWM.o)
                              .\CortexM3\ARM_GCC_541\Debug\main.o (Rack_Servo_PWM_WriteCompare)
.\CortexM3\ARM_GCC_541\Debug\Group17Robot.a(Rack_Servo_PWM_PM.o)
                              .\CortexM3\ARM_GCC_541\Debug\main.o (Rack_Servo_PWM_Sleep)
.\CortexM3\ARM_GCC_541\Debug\Group17Robot.a(control_led.o)
                              .\CortexM3\ARM_GCC_541\Debug\main.o (control_led_Write)
.\CortexM3\ARM_GCC_541\Debug\Group17Robot.a(control_photodiode.o)
                              .\CortexM3\ARM_GCC_541\Debug\main.o (control_photodiode_Write)
.\CortexM3\ARM_GCC_541\Debug\Group17Robot.a(Start.o)
                              .\CortexM3\ARM_GCC_541\Debug\main.o (Start_StartEx)
.\CortexM3\ARM_GCC_541\Debug\Group17Robot.a(Sonic.o)
                              .\CortexM3\ARM_GCC_541\Debug\main.o (Sonic_StartEx)
.\CortexM3\ARM_GCC_541\Debug\Group17Robot.a(Encoder_Counts_1_Interrupt.o)
                              .\CortexM3\ARM_GCC_541\Debug\main.o (Encoder_Counts_1_Interrupt_StartEx)
.\CortexM3\ARM_GCC_541\Debug\Group17Robot.a(Encoder_Counts_2_Interrupt.o)
                              .\CortexM3\ARM_GCC_541\Debug\main.o (Encoder_Counts_2_Interrupt_StartEx)
.\CortexM3\ARM_GCC_541\Debug\Group17Robot.a(Drift_Check_Timer.o)
                              .\CortexM3\ARM_GCC_541\Debug\main.o (Drift_Check_Timer_Stop)
[...]
Memory Configuration

Name             Origin             Length             Attributes
rom              0x00000000         0x00040000         xr
ram              0x1fff8000         0x00010000         xrw
*default*        0x00000000         0xffffffff

Linker script and memory map

LOAD c:/program files (x86)/cypress/psoc creator/4.2/psoc creator/import/gnu/arm/5.4.1/bin/../lib/gcc/arm-none-eabi/5.4.1/armv7-m/crti.o
LOAD c:/program files (x86)/cypress/psoc creator/4.2/psoc creator/import/gnu/arm/5.4.1/bin/../lib/gcc/arm-none-eabi/5.4.1/armv7-m/crtbegin.o
LOAD c:/program files (x86)/cypress/psoc creator/4.2/psoc creator/import/gnu/arm/5.4.1/bin/../lib/gcc/arm-none-eabi/5.4.1/../../../../arm-none-eabi/lib/armv7-m/crt0.o
START GROUP
LOAD .\CortexM3\ARM_GCC_541\Debug\main.o
LOAD .\CortexM3\ARM_GCC_541\Debug\colour.o
LOAD .\CortexM3\ARM_GCC_541\Debug\ultrasonic.o
LOAD .\CortexM3\ARM_GCC_541\Debug\dcmotor.o
LOAD .\CortexM3\ARM_GCC_541\Debug\servo.o
LOAD .\CortexM3\ARM_GCC_541\Debug\customMath.o
LOAD .\CortexM3\ARM_GCC_541\Debug\mishamotor.o
LOAD .\CortexM3\ARM_GCC_541\Debug\cyfitter_cfg.o
LOAD .\CortexM3\ARM_GCC_541\Debug\cymetadata.o
LOAD .\CortexM3\ARM_GCC_541\Debug\Cm3Start.o
LOAD .\CortexM3\ARM_GCC_541\Debug\Group17Robot.a
LOAD C:\Program Files (x86)\Cypress\PSoC Creator\4.2\PSoC Creator\psoc\content\cycomponentlibrary\CyComponentLibrary.cylib\CortexM3\ARM_GCC_541\Debug\CyComponentLibrary.a
LOAD c:/program files (x86)/cypress/psoc creator/4.2/psoc creator/import/gnu/arm/5.4.1/bin/../lib/gcc/arm-none-eabi/5.4.1/../../../../arm-none-eabi/lib/armv7-m\libm.a
END GROUP
START GROUP
LOAD c:/program files (x86)/cypress/psoc creator/4.2/psoc creator/import/gnu/arm/5.4.1/bin/../lib/gcc/arm-none-eabi/5.4.1/armv7-m\libgcc.a
LOAD c:/program files (x86)/cypress/psoc creator/4.2/psoc creator/import/gnu/arm/5.4.1/bin/../lib/gcc/arm-none-eabi/5.4.1/../../../../arm-none-eabi/lib/armv7-m\libg_nano.a
LOAD c:/program files (x86)/cypress/psoc creator/4.2/psoc creator/import/gnu/arm/5.4.1/bin/../lib/gcc/arm-none-eabi/5.4.1/../../../../arm-none-eabi/lib/armv7-m\libc_nano.a
END GROUP
START GROUP
LOAD c:/program files (x86)/cypress/psoc creator/4.2/psoc creator/import/gnu/arm/5.4.1/bin/../lib/gcc/arm-none-eabi/5.4.1/armv7-m\libgcc.a
LOAD c:/program files (x86)/cypress/psoc creator/4.2/psoc creator/import/gnu/arm/5.4.1/bin/../lib/gcc/arm-none-eabi/5.4.1/../../../../arm-none-eabi/lib/armv7-m\libc_nano.a
END GROUP
LOAD c:/program files (x86)/cypress/psoc creator/4.2/psoc creator/import/gnu/arm/5.4.1/bin/../lib/gcc/arm-none-eabi/5.4.1/armv7-m/crtend.o
LOAD c:/program files (x86)/cypress/psoc creator/4.2/psoc creator/import/gnu/arm/5.4.1/bin/../lib/gcc/arm-none-eabi/5.4.1/armv7-m/crtn.o
START GROUP
LOAD c:/program files (x86)/cypress/psoc creator/4.2/psoc creator/import/gnu/arm/5.4.1/bin/../lib/gcc/arm-none-eabi/5.4.1/armv7-m\libgcc.a
LOAD c:/program files (x86)/cypress/psoc creator/4.2/psoc creator/import/gnu/arm/5.4.1/bin/../lib/gcc/arm-none-eabi/5.4.1/../../../../arm-none-eabi/lib/armv7-m\libc.a
LOAD c:/program files (x86)/cypress/psoc creator/4.2/psoc creator/import/gnu/arm/5.4.1/bin/../lib/gcc/arm-none-eabi/5.4.1/../../../../arm-none-eabi/lib/armv7-m\libnosys.a
END GROUP
                0x00000000                CY_APPL_ORIGIN = 0x0
                0x00000100                CY_FLASH_ROW_SIZE = 0x100
                0x00000020                CY_ECC_ROW_SIZE = 0x20
                0x00000000                CY_EE_IN_BTLDR = 0x0
                0x00000000                CY_APPL_LOADABLE = 0x0
                0x00000800                CY_EE_SIZE = 0x800
                0x00000001                CY_APPL_NUM = 0x1
                0x00000001                CY_APPL_MAX = 0x1
                0x00000040                CY_METADATA_SIZE = 0x40
                0x00000000                CY_APPL_LOADABLE = 0x0
                0x00000000                CY_CHECKSUM_EXCLUDE_SIZE = ALIGN (0x0, CY_FLASH_ROW_SIZE)
                [!provide]                PROVIDE (__cy_heap_start, _end)
                0x00000001                PROVIDE (__cy_region_num, ((__cy_regions_end - __cy_regions) / 0x10))
                0x20008000                PROVIDE (__cy_stack, (ORIGIN (ram) + LENGTH (ram)))
                [!provide]                PROVIDE (__cy_heap_end, (__cy_stack - 0x800))

.cybootloader   0x00000000        0x0
 *(.cybootloader)
                0x00000000                appl1_start = CY_APPL_ORIGIN?CY_APPL_ORIGIN:ALIGN (CY_FLASH_ROW_SIZE)
                0x0001ff00                appl2_start = (appl1_start + ALIGN ((((LENGTH (rom) - appl1_start) - (0x2 * CY_FLASH_ROW_SIZE)) / 0x2), CY_FLASH_ROW_SIZE))
                0x00000000                appl_start = (CY_APPL_NUM == 0x1)?appl1_start:appl2_start
                0x00000000                ecc_offset = ((appl_start / CY_FLASH_ROW_SIZE) * CY_ECC_ROW_SIZE)
                0x00000000                ee_offset = (CY_APPL_LOADABLE && ! (CY_EE_IN_BTLDR))?((CY_EE_SIZE / CY_APPL_MAX) * (CY_APPL_NUM - 0x1)):0x0
                0x00000800                ee_size = (CY_APPL_LOADABLE && ! (CY_EE_IN_BTLDR))?(CY_EE_SIZE / CY_APPL_MAX):CY_EE_SIZE
                [!provide]                PROVIDE (CY_ECC_OFFSET, ecc_offset)

.text           0x00000000     0x776c
 CREATE_OBJECT_SYMBOLS
                0x00000000                PROVIDE (__cy_interrupt_vector, RomVectors)
 *(.romvectors)
 .romvectors    0x00000000       0x10 .\CortexM3\ARM_GCC_541\Debug\Cm3Start.o
                0x00000000                RomVectors
                0x00000001                ASSERT ((. != __cy_interrupt_vector), No interrupt vector)
                0x00000001                ASSERT (CY_APPL_ORIGIN?(SIZEOF (.cybootloader) <= CY_APPL_ORIGIN):0x1, Wrong image location)
                0x00000010                PROVIDE (__cy_reset, Reset)
 *(.text.Reset)
 .text.Reset    0x00000010       0x18 .\CortexM3\ARM_GCC_541\Debug\Cm3Start.o
                0x00000010                Reset
                0x00000001                ASSERT ((. != __cy_reset), No reset code)
 *(.dma_init)
                0x00000001                ASSERT ((((appl_start + .) <= 0x10000) || 0x1), DMA Init must be within the first 64k of flash)
 *(.text .text.* .gnu.linkonce.t.*)
 .text          0x00000028       0x5c c:/program files (x86)/cypress/psoc creator/4.2/psoc creator/import/gnu/arm/5.4.1/bin/../lib/gcc/arm-none-eabi/5.4.1/armv7-m/crtbegin.o
 .text.TIH      0x00000084        0x8 .\CortexM3\ARM_GCC_541\Debug\main.o
                0x00000084                TIH
 .text.StartIH  0x0000008c       0x20 .\CortexM3\ARM_GCC_541\Debug\main.o
                0x0000008c                StartIH
 .text.Encoder_Counts_1_IH
                0x000000ac        0x8 .\CortexM3\ARM_GCC_541\Debug\main.o
                0x000000ac                Encoder_Counts_1_IH
 .text.Encoder_Counts_2_IH
                0x000000b4        0x8 .\CortexM3\ARM_GCC_541\Debug\main.o
                0x000000b4                Encoder_Counts_2_IH
 .text.Drift_Check_IH
                0x000000bc       0x28 .\CortexM3\ARM_GCC_541\Debug\main.o
                0x000000bc                Drift_Check_IH
 .text.moveUntilPuck
                0x000000e4       0x64 .\CortexM3\ARM_GCC_541\Debug\main.o
                0x000000e4                moveUntilPuck
 .text.main     0x00000148      0x2c4 .\CortexM3\ARM_GCC_541\Debug\main.o
                0x00000148                main
 .text.colourSensingInitialise
                0x0000040c       0x68 .\CortexM3\ARM_GCC_541\Debug\colour.o
                0x0000040c                colourSensingInitialise
 .text.colourSensingOutput
                0x00000474      0x200 .\CortexM3\ARM_GCC_541\Debug\colour.o
                0x00000474                colourSensingOutput
 .text.printSensorToUART
                0x00000674       0x30 .\CortexM3\ARM_GCC_541\Debug\ultrasonic.o
                0x00000674                printSensorToUART
 *fill*         0x000006a4        0x4 
 .text.ultrasonicInterruptHandler
                0x000006a8      0x1d0 .\CortexM3\ARM_GCC_541\Debug\ultrasonic.o
                0x000006a8                ultrasonicInterruptHandler
 .text.distanceSensor
                0x00000878       0x80 .\CortexM3\ARM_GCC_541\Debug\ultrasonic.o
                0x00000878                distanceSensor
 .text.straightAdjust
                0x000008f8       0x80 .\CortexM3\ARM_GCC_541\Debug\ultrasonic.o
                0x000008f8                straightAdjust
 .text.positionUpdate
                0x00000978      0x15c .\CortexM3\ARM_GCC_541\Debug\dcmotor.o
                0x00000978                positionUpdate
 *fill*         0x00000ad4        0x4 
 .text.orientationUpdate
                0x00000ad8       0x78 .\CortexM3\ARM_GCC_541\Debug\dcmotor.o
                0x00000ad8                orientationUpdate
 .text.stopMotion
                0x00000b50       0xc8 .\CortexM3\ARM_GCC_541\Debug\dcmotor.o
                0x00000b50                stopMotion
 .text.motorDutyCycleUpdate
                0x00000c18       0x70 .\CortexM3\ARM_GCC_541\Debug\dcmotor.o
                0x00000c18                motorDutyCycleUpdate
 .text.driftCorrect
                0x00000c88      0x1b0 .\CortexM3\ARM_GCC_541\Debug\dcmotor.o
                0x00000c88                driftCorrect
 .text.stopMotor1AndUpdate
                0x00000e38       0x40 .\CortexM3\ARM_GCC_541\Debug\dcmotor.o
                0x00000e38                stopMotor1AndUpdate
 .text.stopMotor2AndUpdate
                0x00000e78       0x40 .\CortexM3\ARM_GCC_541\Debug\dcmotor.o
                0x00000e78                stopMotor2AndUpdate
 .text.moveAndAngle
                0x00000eb8       0x10 .\CortexM3\ARM_GCC_541\Debug\dcmotor.o
                0x00000eb8                moveAndAngle
 .text.armClose
                0x00000ec8       0x1c .\CortexM3\ARM_GCC_541\Debug\servo.o
                0x00000ec8                armClose
 .text.armTranslate
                0x00000ee4       0x54 .\CortexM3\ARM_GCC_541\Debug\servo.o
                0x00000ee4                armTranslate
 .text.changeHeightToPuck
                0x00000f38       0x40 .\CortexM3\ARM_GCC_541\Debug\servo.o
                0x00000f38                changeHeightToPuck
 .text.lowerAndOpen
                0x00000f78        0x4 .\CortexM3\ARM_GCC_541\Debug\servo.o
                0x00000f78                lowerAndOpen
 .text.averageSensor
                0x00000f7c       0x10 .\CortexM3\ARM_GCC_541\Debug\customMath.o
                0x00000f7c                averageSensor
 *fill*         0x00000f8c        0x4 
 .text.mishaMoveDynamic
                0x00000f90       0xc8 .\CortexM3\ARM_GCC_541\Debug\mishamotor.o
                0x00000f90                mishaMoveDynamic
 .text.mishaSwivel
                0x00001058       0xe4 .\CortexM3\ARM_GCC_541\Debug\mishamotor.o
                0x00001058                mishaSwivel
 .text.CyClockStartupError
                0x0000113c        0x4 .\CortexM3\ARM_GCC_541\Debug\cyfitter_cfg.o
 .text.cfg_write_bytes32
                0x00001140       0x34 .\CortexM3\ARM_GCC_541\Debug\cyfitter_cfg.o
 .text.AnalogSetDefault
                0x00001174       0x84 .\CortexM3\ARM_GCC_541\Debug\cyfitter_cfg.o
 .text.CYMEMZERO
                0x000011f8        0xc .\CortexM3\ARM_GCC_541\Debug\cyfitter_cfg.o
 .text.CYCONFIGCPY
                0x00001204        0x8 .\CortexM3\ARM_GCC_541\Debug\cyfitter_cfg.o
 .text.ClockSetup
                0x0000120c      0x12c .\CortexM3\ARM_GCC_541\Debug\cyfitter_cfg.o
 .text.cyfitter_cfg
                0x00001338      0x17c .\CortexM3\ARM_GCC_541\Debug\cyfitter_cfg.o
                0x00001338                cyfitter_cfg
 .text.IntDefaultHandler
                0x000014b4       0x10 .\CortexM3\ARM_GCC_541\Debug\Cm3Start.o
                0x000014b4                IntDefaultHandler
 .text._sbrk    0x000014c4       0x30 .\CortexM3\ARM_GCC_541\Debug\Cm3Start.o
                0x000014c4                _sbrk
 .text.Start_c  0x000014f4       0x4c .\CortexM3\ARM_GCC_541\Debug\Cm3Start.o
                0x000014f4                Start_c
 .text.initialize_psoc
                0x00001540       0x68 .\CortexM3\ARM_GCC_541\Debug\Cm3Start.o
                0x00001540                initialize_psoc
 .text.TIA_1_Enable
                0x000015a8       0x28 .\CortexM3\ARM_GCC_541\Debug\Group17Robot.a(TIA_1.o)
                0x000015a8                TIA_1_Enable
 .text.TIA_1_SetPower
                0x000015d0       0x18 .\CortexM3\ARM_GCC_541\Debug\Group17Robot.a(TIA_1.o)
                0x000015d0                TIA_1_SetPower
 .text.TIA_1_SetResFB
                0x000015e8       0x20 .\CortexM3\ARM_GCC_541\Debug\Group17Robot.a(TIA_1.o)
                0x000015e8                TIA_1_SetResFB
 .text.TIA_1_SetCapFB
                0x00001608       0x20 .\CortexM3\ARM_GCC_541\Debug\Group17Robot.a(TIA_1.o)
                0x00001608                TIA_1_SetCapFB
 .text.TIA_1_Init
                0x00001628       0x2c .\CortexM3\ARM_GCC_541\Debug\Group17Robot.a(TIA_1.o)
                0x00001628                TIA_1_Init
 .text.TIA_1_Start
                0x00001654       0x1c .\CortexM3\ARM_GCC_541\Debug\Group17Robot.a(TIA_1.o)
                0x00001654                TIA_1_Start
 .text.CyHalt   0x00001670        0x4 .\CortexM3\ARM_GCC_541\Debug\Group17Robot.a(CyLib.o)
                0x00001670                CyHalt
 .text.CyDelay  0x00001674       0x2c .\CortexM3\ARM_GCC_541\Debug\Group17Robot.a(CyLib.o)
                0x00001674                CyDelay
 .text.CyDelayUs
                0x000016a0       0x14 .\CortexM3\ARM_GCC_541\Debug\Group17Robot.a(CyLib.o)
                0x000016a0                CyDelayUs
 .text.CyIntSetVector
                0x000016b4       0x28 .\CortexM3\ARM_GCC_541\Debug\Group17Robot.a(CyLib.o)
                0x000016b4                CyIntSetVector
 .text.CyIntSetPriority
                0x000016dc       0x30 .\CortexM3\ARM_GCC_541\Debug\Group17Robot.a(CyLib.o)
                0x000016dc                CyIntSetPriority
 .text.UART_1_Init
                0x0000170c       0x28 .\CortexM3\ARM_GCC_541\Debug\Group17Robot.a(UART_1.o)
                0x0000170c                UART_1_Init
 .text.UART_1_Enable
                0x00001734       0x38 .\CortexM3\ARM_GCC_541\Debug\Group17Robot.a(UART_1.o)
                0x00001734                UART_1_Enable
 .text.UART_1_Start
                0x0000176c       0x1c .\CortexM3\ARM_GCC_541\Debug\Group17Robot.a(UART_1.o)
                0x0000176c                UART_1_Start
 .text.UART_1_PutChar
                0x00001788       0x18 .\CortexM3\ARM_GCC_541\Debug\Group17Robot.a(UART_1.o)
                0x00001788                UART_1_PutChar
 .text.UART_1_PutString
                0x000017a0       0x24 .\CortexM3\ARM_GCC_541\Debug\Group17Robot.a(UART_1.o)
                0x000017a0                UART_1_PutString
 .text.UART_1_IntClock_Start
                0x000017c4       0x1c .\CortexM3\ARM_GCC_541\Debug\Group17Robot.a(UART_1_IntClock.o)
                0x000017c4                UART_1_IntClock_Start
 .text.ADC_GainCompensation
                0x000017e0       0xe0 .\CortexM3\ARM_GCC_541\Debug\Group17Robot.a(ADC.o)
 .text.ADC_SetDSMRef0Reg
                0x000018c0       0x4c .\CortexM3\ARM_GCC_541\Debug\Group17Robot.a(ADC.o)
 .text.ADC_InitConfig
                0x0000190c      0x314 .\CortexM3\ARM_GCC_541\Debug\Group17Robot.a(ADC.o)
 .text.ADC_Init
                0x00001c20      0x108 .\CortexM3\ARM_GCC_541\Debug\Group17Robot.a(ADC.o)
                0x00001c20                ADC_Init
 .text.ADC_Enable
                0x00001d28       0xd8 .\CortexM3\ARM_GCC_541\Debug\Group17Robot.a(ADC.o)
                0x00001d28                ADC_Enable
 .text.ADC_Start
                0x00001e00       0x28 .\CortexM3\ARM_GCC_541\Debug\Group17Robot.a(ADC.o)
                0x00001e00                ADC_Start
 .text.ADC_StartConvert
                0x00001e28       0x10 .\CortexM3\ARM_GCC_541\Debug\Group17Robot.a(ADC.o)
                0x00001e28                ADC_StartConvert
 .text.ADC_StopConvert
                0x00001e38       0x10 .\CortexM3\ARM_GCC_541\Debug\Group17Robot.a(ADC.o)
                0x00001e38                ADC_StopConvert
 .text.ADC_IsEndConversion
                0x00001e48       0x30 .\CortexM3\ARM_GCC_541\Debug\Group17Robot.a(ADC.o)
                0x00001e48                ADC_IsEndConversion
 .text.ADC_GetResult32
                0x00001e78       0x6c .\CortexM3\ARM_GCC_541\Debug\Group17Robot.a(ADC.o)
                0x00001e78                ADC_GetResult32
 .text.ADC_Read32
                0x00001ee4       0x28 .\CortexM3\ARM_GCC_541\Debug\Group17Robot.a(ADC.o)
                0x00001ee4                ADC_Read32
 .text.ADC_ISR1
                0x00001f0c        0x4 .\CortexM3\ARM_GCC_541\Debug\Group17Robot.a(ADC_INT.o)
                0x00001f0c                ADC_ISR1
 .text.ADC_ISR2
                0x00001f10        0x4 .\CortexM3\ARM_GCC_541\Debug\Group17Robot.a(ADC_INT.o)
                0x00001f10                ADC_ISR2
 .text.ADC_ISR3
                0x00001f14        0x4 .\CortexM3\ARM_GCC_541\Debug\Group17Robot.a(ADC_INT.o)
                0x00001f14                ADC_ISR3
 .text.ADC_ISR4
                0x00001f18        0x4 .\CortexM3\ARM_GCC_541\Debug\Group17Robot.a(ADC_INT.o)
                0x00001f18                ADC_ISR4
 .text.ADC_Ext_CP_Clk_GetDividerRegister
                0x00001f1c        0xc .\CortexM3\ARM_GCC_541\Debug\Group17Robot.a(ADC_Ext_CP_Clk.o)
                0x00001f1c                ADC_Ext_CP_Clk_GetDividerRegister
 .text.ADC_Ext_CP_Clk_SetModeRegister
                0x00001f28       0x14 .\CortexM3\ARM_GCC_541\Debug\Group17Robot.a(ADC_Ext_CP_Clk.o)
                0x00001f28                ADC_Ext_CP_Clk_SetModeRegister
 .text.ADC_Ext_CP_Clk_GetSourceRegister
                0x00001f3c       0x10 .\CortexM3\ARM_GCC_541\Debug\Group17Robot.a(ADC_Ext_CP_Clk.o)
                0x00001f3c                ADC_Ext_CP_Clk_GetSourceRegister
 .text.ADC_Ext_CP_Clk_SetDividerRegister
                0x00001f4c       0xd8 .\CortexM3\ARM_GCC_541\Debug\Group17Robot.a(ADC_Ext_CP_Clk.o)
                0x00001f4c                ADC_Ext_CP_Clk_SetDividerRegister
 .text.ADC_theACLK_GetDividerRegister
                0x00002024        0xc .\CortexM3\ARM_GCC_541\Debug\Group17Robot.a(ADC_theACLK.o)
                0x00002024                ADC_theACLK_GetDividerRegister
 .text.ADC_theACLK_SetModeRegister
                0x00002030       0x14 .\CortexM3\ARM_GCC_541\Debug\Group17Robot.a(ADC_theACLK.o)
                0x00002030                ADC_theACLK_SetModeRegister
 .text.ADC_theACLK_GetSourceRegister
                0x00002044       0x10 .\CortexM3\ARM_GCC_541\Debug\Group17Robot.a(ADC_theACLK.o)
                0x00002044                ADC_theACLK_GetSourceRegister
 .text.ADC_theACLK_SetDividerRegister
                0x00002054       0xd8 .\CortexM3\ARM_GCC_541\Debug\Group17Robot.a(ADC_theACLK.o)
                0x00002054                ADC_theACLK_SetDividerRegister
 .text.IDAC8_1_Enable
                0x0000212c       0x1c .\CortexM3\ARM_GCC_541\Debug\Group17Robot.a(IDAC8_1.o)
                0x0000212c                IDAC8_1_Enable
 .text.IDAC8_1_SetSpeed
                0x00002148       0x1c .\CortexM3\ARM_GCC_541\Debug\Group17Robot.a(IDAC8_1.o)
                0x00002148                IDAC8_1_SetSpeed
 .text.IDAC8_1_SetValue
                0x00002164        0xc .\CortexM3\ARM_GCC_541\Debug\Group17Robot.a(IDAC8_1.o)
                0x00002164                IDAC8_1_SetValue
 .text.IDAC8_1_DacTrim
                0x00002170       0x34 .\CortexM3\ARM_GCC_541\Debug\Group17Robot.a(IDAC8_1.o)
                0x00002170                IDAC8_1_DacTrim
 .text.IDAC8_1_Init
                0x000021a4       0x24 .\CortexM3\ARM_GCC_541\Debug\Group17Robot.a(IDAC8_1.o)
                0x000021a4                IDAC8_1_Init
 .text.IDAC8_1_Start
                0x000021c8       0x24 .\CortexM3\ARM_GCC_541\Debug\Group17Robot.a(IDAC8_1.o)
                0x000021c8                IDAC8_1_Start
 .text.IDAC8_1_SetRange
                0x000021ec       0x20 .\CortexM3\ARM_GCC_541\Debug\Group17Robot.a(IDAC8_1.o)
                0x000021ec                IDAC8_1_SetRange
 .text.Timer_1_Enable
                0x0000220c       0x10 .\CortexM3\ARM_GCC_541\Debug\Group17Robot.a(Timer_1.o)
                0x0000220c                Timer_1_Enable
 .text.Timer_1_Stop
                0x0000221c       0x10 .\CortexM3\ARM_GCC_541\Debug\Group17Robot.a(Timer_1.o)
                0x0000221c                Timer_1_Stop
 .text.Timer_1_SetInterruptMode
                0x0000222c        0xc .\CortexM3\ARM_GCC_541\Debug\Group17Robot.a(Timer_1.o)
                0x0000222c                Timer_1_SetInterruptMode
 .text.Timer_1_ReadStatusRegister
                0x00002238        0xc .\CortexM3\ARM_GCC_541\Debug\Group17Robot.a(Timer_1.o)
                0x00002238                Timer_1_ReadStatusRegister
 .text.Timer_1_WritePeriod
                0x00002244        0xc .\CortexM3\ARM_GCC_541\Debug\Group17Robot.a(Timer_1.o)
                0x00002244                Timer_1_WritePeriod
 .text.Timer_1_ReadCapture
                0x00002250        0xc .\CortexM3\ARM_GCC_541\Debug\Group17Robot.a(Timer_1.o)
                0x00002250                Timer_1_ReadCapture
 .text.Timer_1_WriteCounter
                0x0000225c        0xc .\CortexM3\ARM_GCC_541\Debug\Group17Robot.a(Timer_1.o)
                0x0000225c                Timer_1_WriteCounter
 .text.Timer_1_ReadCounter
                0x00002268       0x14 .\CortexM3\ARM_GCC_541\Debug\Group17Robot.a(Timer_1.o)
                0x00002268                Timer_1_ReadCounter
 .text.Timer_1_SetInterruptCount
                0x0000227c       0x1c .\CortexM3\ARM_GCC_541\Debug\Group17Robot.a(Timer_1.o)
                0x0000227c                Timer_1_SetInterruptCount
 .text.Timer_1_ClearFIFO
                0x00002298       0x14 .\CortexM3\ARM_GCC_541\Debug\Group17Robot.a(Timer_1.o)
                0x00002298                Timer_1_ClearFIFO
 .text.Timer_1_Init
                0x000022ac       0x3c .\CortexM3\ARM_GCC_541\Debug\Group17Robot.a(Timer_1.o)
                0x000022ac                Timer_1_Init
 .text.Timer_1_Start
                0x000022e8       0x1c .\CortexM3\ARM_GCC_541\Debug\Group17Robot.a(Timer_1.o)
                0x000022e8                Timer_1_Start
 .text.Trigger_1_Write
                0x00002304       0x18 .\CortexM3\ARM_GCC_541\Debug\Group17Robot.a(Trigger_1.o)
                0x00002304                Trigger_1_Write
 .text.Trigger_2_Write
                0x0000231c       0x18 .\CortexM3\ARM_GCC_541\Debug\Group17Robot.a(Trigger_2.o)
                0x0000231c                Trigger_2_Write
 .text.Trigger_3_Write
                0x00002334       0x18 .\CortexM3\ARM_GCC_541\Debug\Group17Robot.a(Trigger_3.o)
                0x00002334                Trigger_3_Write
 .text.Trigger_4_Write
                0x0000234c       0x18 .\CortexM3\ARM_GCC_541\Debug\Group17Robot.a(Trigger_4.o)
                0x0000234c                Trigger_4_Write
 .text.Trigger_5_Write
                0x00002364       0x18 .\CortexM3\ARM_GCC_541\Debug\Group17Robot.a(Trigger_5.o)
                0x00002364                Trigger_5_Write
 .text.Ultrasonic_Mux_Control_Write
                0x0000237c        0xc .\CortexM3\ARM_GCC_541\Debug\Group17Robot.a(Ultrasonic_Mux_Control.o)
                0x0000237c                Ultrasonic_Mux_Control_Write
 .text.Motor_2_driver_Enable
                0x00002388       0x10 .\CortexM3\ARM_GCC_541\Debug\Group17Robot.a(Motor_2_driver.o)
                0x00002388                Motor_2_driver_Enable
 .text.Motor_2_driver_WriteCounter
                0x00002398        0xc .\CortexM3\ARM_GCC_541\Debug\Group17Robot.a(Motor_2_driver.o)
                0x00002398                Motor_2_driver_WriteCounter
 .text.Motor_2_driver_WritePeriod
                0x000023a4        0xc .\CortexM3\ARM_GCC_541\Debug\Group17Robot.a(Motor_2_driver.o)
                0x000023a4                Motor_2_driver_WritePeriod
 .text.Motor_2_driver_WriteCompare1
                0x000023b0        0xc .\CortexM3\ARM_GCC_541\Debug\Group17Robot.a(Motor_2_driver.o)
                0x000023b0                Motor_2_driver_WriteCompare1
 .text.Motor_2_driver_WriteCompare2
                0x000023bc        0xc .\CortexM3\ARM_GCC_541\Debug\Group17Robot.a(Motor_2_driver.o)
                0x000023bc                Motor_2_driver_WriteCompare2
 .text.Motor_2_driver_SetInterruptMode
                0x000023c8        0xc .\CortexM3\ARM_GCC_541\Debug\Group17Robot.a(Motor_2_driver.o)
                0x000023c8                Motor_2_driver_SetInterruptMode
 .text.Motor_2_driver_ReadStatusRegister
                0x000023d4        0xc .\CortexM3\ARM_GCC_541\Debug\Group17Robot.a(Motor_2_driver.o)
                0x000023d4                Motor_2_driver_ReadStatusRegister
 .text.Motor_2_driver_ReadCapture
                0x000023e0        0xc .\CortexM3\ARM_GCC_541\Debug\Group17Robot.a(Motor_2_driver.o)
                0x000023e0                Motor_2_driver_ReadCapture
 .text.Motor_2_driver_ClearFIFO
                0x000023ec       0x14 .\CortexM3\ARM_GCC_541\Debug\Group17Robot.a(Motor_2_driver.o)
                0x000023ec                Motor_2_driver_ClearFIFO
 .text.Motor_2_driver_Init
                0x00002400       0x68 .\CortexM3\ARM_GCC_541\Debug\Group17Robot.a(Motor_2_driver.o)
                0x00002400                Motor_2_driver_Init
 .text.Motor_2_driver_Start
                0x00002468       0x1c .\CortexM3\ARM_GCC_541\Debug\Group17Robot.a(Motor_2_driver.o)
                0x00002468                Motor_2_driver_Start
 .text.Motor_1_driver_Enable
                0x00002484       0x10 .\CortexM3\ARM_GCC_541\Debug\Group17Robot.a(Motor_1_driver.o)
                0x00002484                Motor_1_driver_Enable
 .text.Motor_1_driver_WriteCounter
                0x00002494        0xc .\CortexM3\ARM_GCC_541\Debug\Group17Robot.a(Motor_1_driver.o)
                0x00002494                Motor_1_driver_WriteCounter
 .text.Motor_1_driver_WritePeriod
                0x000024a0        0xc .\CortexM3\ARM_GCC_541\Debug\Group17Robot.a(Motor_1_driver.o)
                0x000024a0                Motor_1_driver_WritePeriod
 .text.Motor_1_driver_WriteCompare1
                0x000024ac        0xc .\CortexM3\ARM_GCC_541\Debug\Group17Robot.a(Motor_1_driver.o)
                0x000024ac                Motor_1_driver_WriteCompare1
 .text.Motor_1_driver_WriteCompare2
                0x000024b8        0xc .\CortexM3\ARM_GCC_541\Debug\Group17Robot.a(Motor_1_driver.o)
                0x000024b8                Motor_1_driver_WriteCompare2
 .text.Motor_1_driver_SetInterruptMode
                0x000024c4        0xc .\CortexM3\ARM_GCC_541\Debug\Group17Robot.a(Motor_1_driver.o)
                0x000024c4                Motor_1_driver_SetInterruptMode
 .text.Motor_1_driver_ReadStatusRegister
                0x000024d0        0xc .\CortexM3\ARM_GCC_541\Debug\Group17Robot.a(Motor_1_driver.o)
                0x000024d0                Motor_1_driver_ReadStatusRegister
 .text.Motor_1_driver_ReadCapture
                0x000024dc        0xc .\CortexM3\ARM_GCC_541\Debug\Group17Robot.a(Motor_1_driver.o)
                0x000024dc                Motor_1_driver_ReadCapture
 .text.Motor_1_driver_ClearFIFO
                0x000024e8       0x14 .\CortexM3\ARM_GCC_541\Debug\Group17Robot.a(Motor_1_driver.o)
                0x000024e8                Motor_1_driver_ClearFIFO
 .text.Motor_1_driver_Init
                0x000024fc       0x64 .\CortexM3\ARM_GCC_541\Debug\Group17Robot.a(Motor_1_driver.o)
                0x000024fc                Motor_1_driver_Init
 .text.Motor_1_driver_Start
                0x00002560       0x1c .\CortexM3\ARM_GCC_541\Debug\Group17Robot.a(Motor_1_driver.o)
                0x00002560                Motor_1_driver_Start
 .text.Motor_2_Encoder_Counts_Enable
                0x0000257c       0x10 .\CortexM3\ARM_GCC_541\Debug\Group17Robot.a(Motor_2_Encoder_Counts.o)
                0x0000257c                Motor_2_Encoder_Counts_Enable
 .text.Motor_2_Encoder_Counts_Stop
                0x0000258c       0x10 .\CortexM3\ARM_GCC_541\Debug\Group17Robot.a(Motor_2_Encoder_Counts.o)
                0x0000258c                Motor_2_Encoder_Counts_Stop
 .text.Motor_2_Encoder_Counts_SetInterruptMode
                0x0000259c        0xc .\CortexM3\ARM_GCC_541\Debug\Group17Robot.a(Motor_2_Encoder_Counts.o)
                0x0000259c                Motor_2_Encoder_Counts_SetInterruptMode
 .text.Motor_2_Encoder_Counts_ReadStatusRegister
                0x000025a8        0xc .\CortexM3\ARM_GCC_541\Debug\Group17Robot.a(Motor_2_Encoder_Counts.o)
                0x000025a8                Motor_2_Encoder_Counts_ReadStatusRegister
 .text.Motor_2_Encoder_Counts_WriteCounter
                0x000025b4        0xc .\CortexM3\ARM_GCC_541\Debug\Group17Robot.a(Motor_2_Encoder_Counts.o)
                0x000025b4                Motor_2_Encoder_Counts_WriteCounter
 .text.Motor_2_Encoder_Counts_ReadCounter
                0x000025c0       0x14 .\CortexM3\ARM_GCC_541\Debug\Group17Robot.a(Motor_2_Encoder_Counts.o)
                0x000025c0                Motor_2_Encoder_Counts_ReadCounter
 .text.Motor_2_Encoder_Counts_ReadCapture
                0x000025d4        0xc .\CortexM3\ARM_GCC_541\Debug\Group17Robot.a(Motor_2_Encoder_Counts.o)
                0x000025d4                Motor_2_Encoder_Counts_ReadCapture
 .text.Motor_2_Encoder_Counts_WritePeriod
                0x000025e0        0xc .\CortexM3\ARM_GCC_541\Debug\Group17Robot.a(Motor_2_Encoder_Counts.o)
                0x000025e0                Motor_2_Encoder_Counts_WritePeriod
 .text.Motor_2_Encoder_Counts_WriteCompare
                0x000025ec        0xc .\CortexM3\ARM_GCC_541\Debug\Group17Robot.a(Motor_2_Encoder_Counts.o)
                0x000025ec                Motor_2_Encoder_Counts_WriteCompare
 .text.Motor_2_Encoder_Counts_ClearFIFO
                0x000025f8       0x14 .\CortexM3\ARM_GCC_541\Debug\Group17Robot.a(Motor_2_Encoder_Counts.o)
                0x000025f8                Motor_2_Encoder_Counts_ClearFIFO
 .text.Motor_2_Encoder_Counts_Init
                0x0000260c       0x54 .\CortexM3\ARM_GCC_541\Debug\Group17Robot.a(Motor_2_Encoder_Counts.o)
                0x0000260c                Motor_2_Encoder_Counts_Init
 .text.Motor_2_Encoder_Counts_Start
                0x00002660       0x1c .\CortexM3\ARM_GCC_541\Debug\Group17Robot.a(Motor_2_Encoder_Counts.o)
                0x00002660                Motor_2_Encoder_Counts_Start
 .text.Motor_1_Encoder_Counts_Enable
                0x0000267c       0x10 .\CortexM3\ARM_GCC_541\Debug\Group17Robot.a(Motor_1_Encoder_Counts.o)
                0x0000267c                Motor_1_Encoder_Counts_Enable
 .text.Motor_1_Encoder_Counts_Stop
                0x0000268c       0x10 .\CortexM3\ARM_GCC_541\Debug\Group17Robot.a(Motor_1_Encoder_Counts.o)
                0x0000268c                Motor_1_Encoder_Counts_Stop
 .text.Motor_1_Encoder_Counts_SetInterruptMode
                0x0000269c        0xc .\CortexM3\ARM_GCC_541\Debug\Group17Robot.a(Motor_1_Encoder_Counts.o)
                0x0000269c                Motor_1_Encoder_Counts_SetInterruptMode
 .text.Motor_1_Encoder_Counts_ReadStatusRegister
                0x000026a8        0xc .\CortexM3\ARM_GCC_541\Debug\Group17Robot.a(Motor_1_Encoder_Counts.o)
                0x000026a8                Motor_1_Encoder_Counts_ReadStatusRegister
 .text.Motor_1_Encoder_Counts_WriteCounter
                0x000026b4        0xc .\CortexM3\ARM_GCC_541\Debug\Group17Robot.a(Motor_1_Encoder_Counts.o)
                0x000026b4                Motor_1_Encoder_Counts_WriteCounter
 .text.Motor_1_Encoder_Counts_ReadCounter
                0x000026c0       0x14 .\CortexM3\ARM_GCC_541\Debug\Group17Robot.a(Motor_1_Encoder_Counts.o)
                0x000026c0                Motor_1_Encoder_Counts_ReadCounter
 .text.Motor_1_Encoder_Counts_ReadCapture
                0x000026d4        0xc .\CortexM3\ARM_GCC_541\Debug\Group17Robot.a(Motor_1_Encoder_Counts.o)
                0x000026d4                Motor_1_Encoder_Counts_ReadCapture
 .text.Motor_1_Encoder_Counts_WritePeriod
                0x000026e0        0xc .\CortexM3\ARM_GCC_541\Debug\Group17Robot.a(Motor_1_Encoder_Counts.o)
                0x000026e0                Motor_1_Encoder_Counts_WritePeriod
 .text.Motor_1_Encoder_Counts_WriteCompare
                0x000026ec        0xc .\CortexM3\ARM_GCC_541\Debug\Group17Robot.a(Motor_1_Encoder_Counts.o)
                0x000026ec                Motor_1_Encoder_Counts_WriteCompare
 .text.Motor_1_Encoder_Counts_ClearFIFO
                0x000026f8       0x14 .\CortexM3\ARM_GCC_541\Debug\Group17Robot.a(Motor_1_Encoder_Counts.o)
                0x000026f8                Motor_1_Encoder_Counts_ClearFIFO
 .text.Motor_1_Encoder_Counts_Init
                0x0000270c       0x54 .\CortexM3\ARM_GCC_541\Debug\Group17Robot.a(Motor_1_Encoder_Counts.o)
                0x0000270c                Motor_1_Encoder_Counts_Init
 .text.Motor_1_Encoder_Counts_Start
                0x00002760       0x1c .\CortexM3\ARM_GCC_541\Debug\Group17Robot.a(Motor_1_Encoder_Counts.o)
                0x00002760                Motor_1_Encoder_Counts_Start
 .text.Gripper_Servo_PWM_Enable
                0x0000277c       0x28 .\CortexM3\ARM_GCC_541\Debug\Group17Robot.a(Gripper_Servo_PWM.o)
                0x0000277c                Gripper_Servo_PWM_Enable
 .text.Gripper_Servo_PWM_Stop
                0x000027a4       0x28 .\CortexM3\ARM_GCC_541\Debug\Group17Robot.a(Gripper_Servo_PWM.o)
                0x000027a4                Gripper_Servo_PWM_Stop
 .text.Gripper_Servo_PWM_WritePeriod
                0x000027cc        0xc .\CortexM3\ARM_GCC_541\Debug\Group17Robot.a(Gripper_Servo_PWM.o)
                0x000027cc                Gripper_Servo_PWM_WritePeriod
 .text.Gripper_Servo_PWM_WriteCompare
                0x000027d8        0xc .\CortexM3\ARM_GCC_541\Debug\Group17Robot.a(Gripper_Servo_PWM.o)
                0x000027d8                Gripper_Servo_PWM_WriteCompare
 .text.Gripper_Servo_PWM_SetInterruptMode
                0x000027e4        0xc .\CortexM3\ARM_GCC_541\Debug\Group17Robot.a(Gripper_Servo_PWM.o)
                0x000027e4                Gripper_Servo_PWM_SetInterruptMode
 .text.Gripper_Servo_PWM_Init
                0x000027f0       0x78 .\CortexM3\ARM_GCC_541\Debug\Group17Robot.a(Gripper_Servo_PWM.o)
                0x000027f0                Gripper_Servo_PWM_Init
 .text.Gripper_Servo_PWM_Start
                0x00002868       0x1c .\CortexM3\ARM_GCC_541\Debug\Group17Robot.a(Gripper_Servo_PWM.o)
                0x00002868                Gripper_Servo_PWM_Start
 .text.Gripper_Servo_PWM_Sleep
                0x00002884       0x28 .\CortexM3\ARM_GCC_541\Debug\Group17Robot.a(Gripper_Servo_PWM_PM.o)
                0x00002884                Gripper_Servo_PWM_Sleep
 .text.Gripper_Servo_PWM_Wakeup
                0x000028ac       0x14 .\CortexM3\ARM_GCC_541\Debug\Group17Robot.a(Gripper_Servo_PWM_PM.o)
                0x000028ac                Gripper_Servo_PWM_Wakeup
 .text.Rack_Servo_PWM_Enable
                0x000028c0       0x28 .\CortexM3\ARM_GCC_541\Debug\Group17Robot.a(Rack_Servo_PWM.o)
                0x000028c0                Rack_Servo_PWM_Enable
 .text.Rack_Servo_PWM_Stop
                0x000028e8       0x28 .\CortexM3\ARM_GCC_541\Debug\Group17Robot.a(Rack_Servo_PWM.o)
                0x000028e8                Rack_Servo_PWM_Stop
 .text.Rack_Servo_PWM_WritePeriod
                0x00002910        0xc .\CortexM3\ARM_GCC_541\Debug\Group17Robot.a(Rack_Servo_PWM.o)
                0x00002910                Rack_Servo_PWM_WritePeriod
 .text.Rack_Servo_PWM_WriteCompare
                0x0000291c        0xc .\CortexM3\ARM_GCC_541\Debug\Group17Robot.a(Rack_Servo_PWM.o)
                0x0000291c                Rack_Servo_PWM_WriteCompare
 .text.Rack_Servo_PWM_SetInterruptMode
                0x00002928        0xc .\CortexM3\ARM_GCC_541\Debug\Group17Robot.a(Rack_Servo_PWM.o)
                0x00002928                Rack_Servo_PWM_SetInterruptMode
 .text.Rack_Servo_PWM_Init
                0x00002934       0x78 .\CortexM3\ARM_GCC_541\Debug\Group17Robot.a(Rack_Servo_PWM.o)
                0x00002934                Rack_Servo_PWM_Init
 .text.Rack_Servo_PWM_Start
                0x000029ac       0x1c .\CortexM3\ARM_GCC_541\Debug\Group17Robot.a(Rack_Servo_PWM.o)
                0x000029ac                Rack_Servo_PWM_Start
 .text.Rack_Servo_PWM_ReadCompare
                0x000029c8        0xc .\CortexM3\ARM_GCC_541\Debug\Group17Robot.a(Rack_Servo_PWM.o)
                0x000029c8                Rack_Servo_PWM_ReadCompare
 .text.Rack_Servo_PWM_Sleep
                0x000029d4       0x28 .\CortexM3\ARM_GCC_541\Debug\Group17Robot.a(Rack_Servo_PWM_PM.o)
                0x000029d4                Rack_Servo_PWM_Sleep
 .text.Rack_Servo_PWM_Wakeup
                0x000029fc       0x14 .\CortexM3\ARM_GCC_541\Debug\Group17Robot.a(Rack_Servo_PWM_PM.o)
                0x000029fc                Rack_Servo_PWM_Wakeup
 .text.control_led_Write
                0x00002a10        0xc .\CortexM3\ARM_GCC_541\Debug\Group17Robot.a(control_led.o)
                0x00002a10                control_led_Write
 .text.control_photodiode_Write
                0x00002a1c        0xc .\CortexM3\ARM_GCC_541\Debug\Group17Robot.a(control_photodiode.o)
                0x00002a1c                control_photodiode_Write
 .text.Start_SetVector
                0x00002a28        0xc .\CortexM3\ARM_GCC_541\Debug\Group17Robot.a(Start.o)
                0x00002a28                Start_SetVector
 .text.Start_SetPriority
                0x00002a34       0x10 .\CortexM3\ARM_GCC_541\Debug\Group17Robot.a(Start.o)
                0x00002a34                Start_SetPriority
 .text.Start_Enable
                0x00002a44        0xc .\CortexM3\ARM_GCC_541\Debug\Group17Robot.a(Start.o)
                0x00002a44                Start_Enable
 .text.Start_Disable
                0x00002a50        0xc .\CortexM3\ARM_GCC_541\Debug\Group17Robot.a(Start.o)
                0x00002a50                Start_Disable
 .text.Start_StartEx
                0x00002a5c       0x1c .\CortexM3\ARM_GCC_541\Debug\Group17Robot.a(Start.o)
                0x00002a5c                Start_StartEx
 .text.Sonic_SetVector
                0x00002a78        0xc .\CortexM3\ARM_GCC_541\Debug\Group17Robot.a(Sonic.o)
                0x00002a78                Sonic_SetVector
 .text.Sonic_SetPriority
                0x00002a84       0x10 .\CortexM3\ARM_GCC_541\Debug\Group17Robot.a(Sonic.o)
                0x00002a84                Sonic_SetPriority
 .text.Sonic_Enable
                0x00002a94        0xc .\CortexM3\ARM_GCC_541\Debug\Group17Robot.a(Sonic.o)
                0x00002a94                Sonic_Enable
 .text.Sonic_Disable
                0x00002aa0        0xc .\CortexM3\ARM_GCC_541\Debug\Group17Robot.a(Sonic.o)
                0x00002aa0                Sonic_Disable
 .text.Sonic_StartEx
                0x00002aac       0x1c .\CortexM3\ARM_GCC_541\Debug\Group17Robot.a(Sonic.o)
                0x00002aac                Sonic_StartEx
 .text.Encoder_Counts_1_Interrupt_SetVector
                0x00002ac8        0xc .\CortexM3\ARM_GCC_541\Debug\Group17Robot.a(Encoder_Counts_1_Interrupt.o)
                0x00002ac8                Encoder_Counts_1_Interrupt_SetVector
 .text.Encoder_Counts_1_Interrupt_SetPriority
                0x00002ad4       0x10 .\CortexM3\ARM_GCC_541\Debug\Group17Robot.a(Encoder_Counts_1_Interrupt.o)
                0x00002ad4                Encoder_Counts_1_Interrupt_SetPriority
 .text.Encoder_Counts_1_Interrupt_Enable
                0x00002ae4        0xc .\CortexM3\ARM_GCC_541\Debug\Group17Robot.a(Encoder_Counts_1_Interrupt.o)
                0x00002ae4                Encoder_Counts_1_Interrupt_Enable
 .text.Encoder_Counts_1_Interrupt_Disable
                0x00002af0        0xc .\CortexM3\ARM_GCC_541\Debug\Group17Robot.a(Encoder_Counts_1_Interrupt.o)
                0x00002af0                Encoder_Counts_1_Interrupt_Disable
 .text.Encoder_Counts_1_Interrupt_StartEx
                0x00002afc       0x1c .\CortexM3\ARM_GCC_541\Debug\Group17Robot.a(Encoder_Counts_1_Interrupt.o)
                0x00002afc                Encoder_Counts_1_Interrupt_StartEx
 .text.Encoder_Counts_2_Interrupt_SetVector
                0x00002b18        0xc .\CortexM3\ARM_GCC_541\Debug\Group17Robot.a(Encoder_Counts_2_Interrupt.o)
                0x00002b18                Encoder_Counts_2_Interrupt_SetVector
 .text.Encoder_Counts_2_Interrupt_SetPriority
                0x00002b24       0x10 .\CortexM3\ARM_GCC_541\Debug\Group17Robot.a(Encoder_Counts_2_Interrupt.o)
                0x00002b24                Encoder_Counts_2_Interrupt_SetPriority
 .text.Encoder_Counts_2_Interrupt_Enable
                0x00002b34        0xc .\CortexM3\ARM_GCC_541\Debug\Group17Robot.a(Encoder_Counts_2_Interrupt.o)
                0x00002b34                Encoder_Counts_2_Interrupt_Enable
 .text.Encoder_Counts_2_Interrupt_Disable
                0x00002b40        0xc .\CortexM3\ARM_GCC_541\Debug\Group17Robot.a(Encoder_Counts_2_Interrupt.o)
                0x00002b40                Encoder_Counts_2_Interrupt_Disable
 .text.Encoder_Counts_2_Interrupt_StartEx
                0x00002b4c       0x1c .\CortexM3\ARM_GCC_541\Debug\Group17Robot.a(Encoder_Counts_2_Interrupt.o)
                0x00002b4c                Encoder_Counts_2_Interrupt_StartEx
 .text.Drift_Check_Timer_Enable
                0x00002b68       0x28 .\CortexM3\ARM_GCC_541\Debug\Group17Robot.a(Drift_Check_Timer.o)
                0x00002b68                Drift_Check_Timer_Enable
 .text.Drift_Check_Timer_Stop
                0x00002b90       0x28 .\CortexM3\ARM_GCC_541\Debug\Group17Robot.a(Drift_Check_Timer.o)
                0x00002b90                Drift_Check_Timer_Stop
 .text.Drift_Check_Timer_SetInterruptMode
                0x00002bb8        0xc .\CortexM3\ARM_GCC_541\Debug\Group17Robot.a(Drift_Check_Timer.o)
                0x00002bb8                Drift_Check_Timer_SetInterruptMode
 .text.Drift_Check_Timer_ReadStatusRegister
                0x00002bc4        0xc .\CortexM3\ARM_GCC_541\Debug\Group17Robot.a(Drift_Check_Timer.o)
                0x00002bc4                Drift_Check_Timer_ReadStatusRegister
 .text.Drift_Check_Timer_WritePeriod
                0x00002bd0        0xc .\CortexM3\ARM_GCC_541\Debug\Group17Robot.a(Drift_Check_Timer.o)
                0x00002bd0                Drift_Check_Timer_WritePeriod
 .text.Drift_Check_Timer_WriteCounter
                0x00002bdc        0xc .\CortexM3\ARM_GCC_541\Debug\Group17Robot.a(Drift_Check_Timer.o)
                0x00002bdc                Drift_Check_Timer_WriteCounter
 .text.Drift_Check_Timer_Init
                0x00002be8       0x6c .\CortexM3\ARM_GCC_541\Debug\Group17Robot.a(Drift_Check_Timer.o)
                0x00002be8                Drift_Check_Timer_Init
 .text.Drift_Check_Timer_Start
                0x00002c54       0x1c .\CortexM3\ARM_GCC_541\Debug\Group17Robot.a(Drift_Check_Timer.o)
                0x00002c54                Drift_Check_Timer_Start
 .text.Drift_Check_Interrupt_SetVector
                0x00002c70       0x10 .\CortexM3\ARM_GCC_541\Debug\Group17Robot.a(Drift_Check_Interrupt.o)
                0x00002c70                Drift_Check_Interrupt_SetVector
 .text.Drift_Check_Interrupt_SetPriority
                0x00002c80       0x10 .\CortexM3\ARM_GCC_541\Debug\Group17Robot.a(Drift_Check_Interrupt.o)
                0x00002c80                Drift_Check_Interrupt_SetPriority
 .text.Drift_Check_Interrupt_Enable
                0x00002c90       0x10 .\CortexM3\ARM_GCC_541\Debug\Group17Robot.a(Drift_Check_Interrupt.o)
                0x00002c90                Drift_Check_Interrupt_Enable
 .text.Drift_Check_Interrupt_Disable
                0x00002ca0       0x10 .\CortexM3\ARM_GCC_541\Debug\Group17Robot.a(Drift_Check_Interrupt.o)
                0x00002ca0                Drift_Check_Interrupt_Disable
 .text.Drift_Check_Interrupt_StartEx
                0x00002cb0       0x1c .\CortexM3\ARM_GCC_541\Debug\Group17Robot.a(Drift_Check_Interrupt.o)
                0x00002cb0                Drift_Check_Interrupt_StartEx
 .text.Motor_Left_Decoder_GetCounter
                0x00002ccc       0x10 .\CortexM3\ARM_GCC_541\Debug\Group17Robot.a(Motor_Left_Decoder.o)
                0x00002ccc                Motor_Left_Decoder_GetCounter
 .text.Motor_Left_Decoder_SetCounter
                0x00002cdc       0x1c .\CortexM3\ARM_GCC_541\Debug\Group17Robot.a(Motor_Left_Decoder.o)
                0x00002cdc                Motor_Left_Decoder_SetCounter
 .text.Motor_Left_Decoder_GetEvents
                0x00002cf8       0x10 .\CortexM3\ARM_GCC_541\Debug\Group17Robot.a(Motor_Left_Decoder.o)
                0x00002cf8                Motor_Left_Decoder_GetEvents
 .text.Motor_Left_Decoder_SetInterruptMask
                0x00002d08        0xc .\CortexM3\ARM_GCC_541\Debug\Group17Robot.a(Motor_Left_Decoder.o)
                0x00002d08                Motor_Left_Decoder_SetInterruptMask
 .text.Motor_Left_Decoder_Enable
                0x00002d14       0x24 .\CortexM3\ARM_GCC_541\Debug\Group17Robot.a(Motor_Left_Decoder.o)
                0x00002d14                Motor_Left_Decoder_Enable
 .text.Motor_Left_Decoder_Start
                0x00002d38       0x24 .\CortexM3\ARM_GCC_541\Debug\Group17Robot.a(Motor_Left_Decoder.o)
                0x00002d38                Motor_Left_Decoder_Start
 .text.Motor_Right_Decoder_GetCounter
                0x00002d5c       0x10 .\CortexM3\ARM_GCC_541\Debug\Group17Robot.a(Motor_Right_Decoder.o)
                0x00002d5c                Motor_Right_Decoder_GetCounter
 .text.Motor_Right_Decoder_SetCounter
                0x00002d6c       0x1c .\CortexM3\ARM_GCC_541\Debug\Group17Robot.a(Motor_Right_Decoder.o)
                0x00002d6c                Motor_Right_Decoder_SetCounter
 .text.Motor_Right_Decoder_GetEvents
                0x00002d88       0x10 .\CortexM3\ARM_GCC_541\Debug\Group17Robot.a(Motor_Right_Decoder.o)
                0x00002d88                Motor_Right_Decoder_GetEvents
 .text.Motor_Right_Decoder_SetInterruptMask
                0x00002d98        0xc .\CortexM3\ARM_GCC_541\Debug\Group17Robot.a(Motor_Right_Decoder.o)
                0x00002d98                Motor_Right_Decoder_SetInterruptMask
 .text.Motor_Right_Decoder_Enable
                0x00002da4       0x24 .\CortexM3\ARM_GCC_541\Debug\Group17Robot.a(Motor_Right_Decoder.o)
                0x00002da4                Motor_Right_Decoder_Enable
 .text.Motor_Right_Decoder_Start
                0x00002dc8       0x24 .\CortexM3\ARM_GCC_541\Debug\Group17Robot.a(Motor_Right_Decoder.o)
                0x00002dc8                Motor_Right_Decoder_Start
 .text.Motor_Left_Driver_Enable
                0x00002dec       0x10 .\CortexM3\ARM_GCC_541\Debug\Group17Robot.a(Motor_Left_Driver.o)
                0x00002dec                Motor_Left_Driver_Enable
 .text.Motor_Left_Driver_Stop
                0x00002dfc       0x10 .\CortexM3\ARM_GCC_541\Debug\Group17Robot.a(Motor_Left_Driver.o)
                0x00002dfc                Motor_Left_Driver_Stop
 .text.Motor_Left_Driver_WriteCounter
                0x00002e0c        0xc .\CortexM3\ARM_GCC_541\Debug\Group17Robot.a(Motor_Left_Driver.o)
                0x00002e0c                Motor_Left_Driver_WriteCounter
 .text.Motor_Left_Driver_ReadCounter
                0x00002e18       0x14 .\CortexM3\ARM_GCC_541\Debug\Group17Robot.a(Motor_Left_Driver.o)
                0x00002e18                Motor_Left_Driver_ReadCounter
 .text.Motor_Left_Driver_WritePeriod
                0x00002e2c        0xc .\CortexM3\ARM_GCC_541\Debug\Group17Robot.a(Motor_Left_Driver.o)
                0x00002e2c                Motor_Left_Driver_WritePeriod
 .text.Motor_Left_Driver_WriteCompare
                0x00002e38        0xc .\CortexM3\ARM_GCC_541\Debug\Group17Robot.a(Motor_Left_Driver.o)
                0x00002e38                Motor_Left_Driver_WriteCompare
 .text.Motor_Left_Driver_SetInterruptMode
                0x00002e44        0xc .\CortexM3\ARM_GCC_541\Debug\Group17Robot.a(Motor_Left_Driver.o)
                0x00002e44                Motor_Left_Driver_SetInterruptMode
 .text.Motor_Left_Driver_ReadStatusRegister
                0x00002e50        0xc .\CortexM3\ARM_GCC_541\Debug\Group17Robot.a(Motor_Left_Driver.o)
                0x00002e50                Motor_Left_Driver_ReadStatusRegister
 .text.Motor_Left_Driver_ReadControlRegister
                0x00002e5c        0xc .\CortexM3\ARM_GCC_541\Debug\Group17Robot.a(Motor_Left_Driver.o)
                0x00002e5c                Motor_Left_Driver_ReadControlRegister
 .text.Motor_Left_Driver_WriteControlRegister
                0x00002e68        0xc .\CortexM3\ARM_GCC_541\Debug\Group17Robot.a(Motor_Left_Driver.o)
                0x00002e68                Motor_Left_Driver_WriteControlRegister
 .text.Motor_Left_Driver_ReadCapture
                0x00002e74        0xc .\CortexM3\ARM_GCC_541\Debug\Group17Robot.a(Motor_Left_Driver.o)
                0x00002e74                Motor_Left_Driver_ReadCapture
 .text.Motor_Left_Driver_ClearFIFO
                0x00002e80       0x14 .\CortexM3\ARM_GCC_541\Debug\Group17Robot.a(Motor_Left_Driver.o)
                0x00002e80                Motor_Left_Driver_ClearFIFO
 .text.Motor_Left_Driver_Init
                0x00002e94       0x54 .\CortexM3\ARM_GCC_541\Debug\Group17Robot.a(Motor_Left_Driver.o)
                0x00002e94                Motor_Left_Driver_Init
 .text.Motor_Left_Driver_Start
                0x00002ee8       0x1c .\CortexM3\ARM_GCC_541\Debug\Group17Robot.a(Motor_Left_Driver.o)
                0x00002ee8                Motor_Left_Driver_Start
 .text.Motor_Left_Driver_ReadPeriod
                0x00002f04        0xc .\CortexM3\ARM_GCC_541\Debug\Group17Robot.a(Motor_Left_Driver.o)
                0x00002f04                Motor_Left_Driver_ReadPeriod
 .text.Motor_Left_Driver_SaveConfig
                0x00002f10       0x28 .\CortexM3\ARM_GCC_541\Debug\Group17Robot.a(Motor_Left_Driver_PM.o)
                0x00002f10                Motor_Left_Driver_SaveConfig
 .text.Motor_Left_Driver_RestoreConfig
                0x00002f38       0x28 .\CortexM3\ARM_GCC_541\Debug\Group17Robot.a(Motor_Left_Driver_PM.o)
                0x00002f38                Motor_Left_Driver_RestoreConfig
 .text.Motor_Left_Driver_Sleep
                0x00002f60       0x2c .\CortexM3\ARM_GCC_541\Debug\Group17Robot.a(Motor_Left_Driver_PM.o)
                0x00002f60                Motor_Left_Driver_Sleep
 .text.Motor_Left_Driver_Wakeup
                0x00002f8c       0x18 .\CortexM3\ARM_GCC_541\Debug\Group17Robot.a(Motor_Left_Driver_PM.o)
                0x00002f8c                Motor_Left_Driver_Wakeup
 .text.Motor_Right_Driver_Enable
                0x00002fa4       0x10 .\CortexM3\ARM_GCC_541\Debug\Group17Robot.a(Motor_Right_Driver.o)
                0x00002fa4                Motor_Right_Driver_Enable
 .text.Motor_Right_Driver_Stop
                0x00002fb4       0x10 .\CortexM3\ARM_GCC_541\Debug\Group17Robot.a(Motor_Right_Driver.o)
                0x00002fb4                Motor_Right_Driver_Stop
 .text.Motor_Right_Driver_WriteCounter
                0x00002fc4        0xc .\CortexM3\ARM_GCC_541\Debug\Group17Robot.a(Motor_Right_Driver.o)
                0x00002fc4                Motor_Right_Driver_WriteCounter
 .text.Motor_Right_Driver_ReadCounter
                0x00002fd0       0x14 .\CortexM3\ARM_GCC_541\Debug\Group17Robot.a(Motor_Right_Driver.o)
                0x00002fd0                Motor_Right_Driver_ReadCounter
 .text.Motor_Right_Driver_WritePeriod
                0x00002fe4        0xc .\CortexM3\ARM_GCC_541\Debug\Group17Robot.a(Motor_Right_Driver.o)
                0x00002fe4                Motor_Right_Driver_WritePeriod
 .text.Motor_Right_Driver_WriteCompare
                0x00002ff0        0xc .\CortexM3\ARM_GCC_541\Debug\Group17Robot.a(Motor_Right_Driver.o)
                0x00002ff0                Motor_Right_Driver_WriteCompare
 .text.Motor_Right_Driver_SetInterruptMode
                0x00002ffc        0xc .\CortexM3\ARM_GCC_541\Debug\Group17Robot.a(Motor_Right_Driver.o)
                0x00002ffc                Motor_Right_Driver_SetInterruptMode
 .text.Motor_Right_Driver_ReadStatusRegister
                0x00003008        0xc .\CortexM3\ARM_GCC_541\Debug\Group17Robot.a(Motor_Right_Driver.o)
                0x00003008                Motor_Right_Driver_ReadStatusRegister
 .text.Motor_Right_Driver_ReadControlRegister
                0x00003014        0xc .\CortexM3\ARM_GCC_541\Debug\Group17Robot.a(Motor_Right_Driver.o)
                0x00003014                Motor_Right_Driver_ReadControlRegister
 .text.Motor_Right_Driver_WriteControlRegister
                0x00003020        0xc .\CortexM3\ARM_GCC_541\Debug\Group17Robot.a(Motor_Right_Driver.o)
                0x00003020                Motor_Right_Driver_WriteControlRegister
 .text.Motor_Right_Driver_ReadCapture
                0x0000302c        0xc .\CortexM3\ARM_GCC_541\Debug\Group17Robot.a(Motor_Right_Driver.o)
                0x0000302c                Motor_Right_Driver_ReadCapture
 .text.Motor_Right_Driver_ClearFIFO
                0x00003038       0x14 .\CortexM3\ARM_GCC_541\Debug\Group17Robot.a(Motor_Right_Driver.o)
                0x00003038                Motor_Right_Driver_ClearFIFO
 .text.Motor_Right_Driver_Init
                0x0000304c       0x50 .\CortexM3\ARM_GCC_541\Debug\Group17Robot.a(Motor_Right_Driver.o)
                0x0000304c                Motor_Right_Driver_Init
 .text.Motor_Right_Driver_Start
                0x0000309c       0x1c .\CortexM3\ARM_GCC_541\Debug\Group17Robot.a(Motor_Right_Driver.o)
                0x0000309c                Motor_Right_Driver_Start
 .text.Motor_Right_Driver_ReadPeriod
                0x000030b8        0xc .\CortexM3\ARM_GCC_541\Debug\Group17Robot.a(Motor_Right_Driver.o)
                0x000030b8                Motor_Right_Driver_ReadPeriod
 .text.Motor_Right_Driver_SaveConfig
                0x000030c4       0x28 .\CortexM3\ARM_GCC_541\Debug\Group17Robot.a(Motor_Right_Driver_PM.o)
                0x000030c4                Motor_Right_Driver_SaveConfig
 .text.Motor_Right_Driver_RestoreConfig
                0x000030ec       0x28 .\CortexM3\ARM_GCC_541\Debug\Group17Robot.a(Motor_Right_Driver_PM.o)
                0x000030ec                Motor_Right_Driver_RestoreConfig
 .text.Motor_Right_Driver_Sleep
                0x00003114       0x2c .\CortexM3\ARM_GCC_541\Debug\Group17Robot.a(Motor_Right_Driver_PM.o)
                0x00003114                Motor_Right_Driver_Sleep
 .text.Motor_Right_Driver_Wakeup
                0x00003140       0x18 .\CortexM3\ARM_GCC_541\Debug\Group17Robot.a(Motor_Right_Driver_PM.o)
                0x00003140                Motor_Right_Driver_Wakeup
 .text.Motor_Left_Control_Write
                0x00003158        0xc .\CortexM3\ARM_GCC_541\Debug\Group17Robot.a(Motor_Left_Control.o)
                0x00003158                Motor_Left_Control_Write
 .text.Motor_Right_Control_Write
                0x00003164        0xc .\CortexM3\ARM_GCC_541\Debug\Group17Robot.a(Motor_Right_Control.o)
                0x00003164                Motor_Right_Control_Write
 .text.Motor_Left_Decoder_Cnt16_Enable
                0x00003170       0x10 .\CortexM3\ARM_GCC_541\Debug\Group17Robot.a(Motor_Left_Decoder_Cnt16.o)
                0x00003170                Motor_Left_Decoder_Cnt16_Enable
 .text.Motor_Left_Decoder_Cnt16_SetInterruptMode
                0x00003180        0xc .\CortexM3\ARM_GCC_541\Debug\Group17Robot.a(Motor_Left_Decoder_Cnt16.o)
                0x00003180                Motor_Left_Decoder_Cnt16_SetInterruptMode
 .text.Motor_Left_Decoder_Cnt16_ReadStatusRegister
                0x0000318c        0xc .\CortexM3\ARM_GCC_541\Debug\Group17Robot.a(Motor_Left_Decoder_Cnt16.o)
                0x0000318c                Motor_Left_Decoder_Cnt16_ReadStatusRegister
 .text.Motor_Left_Decoder_Cnt16_WriteCounter
                0x00003198        0xc .\CortexM3\ARM_GCC_541\Debug\Group17Robot.a(Motor_Left_Decoder_Cnt16.o)
                0x00003198                Motor_Left_Decoder_Cnt16_WriteCounter
 .text.Motor_Left_Decoder_Cnt16_ReadCounter
                0x000031a4       0x14 .\CortexM3\ARM_GCC_541\Debug\Group17Robot.a(Motor_Left_Decoder_Cnt16.o)
                0x000031a4                Motor_Left_Decoder_Cnt16_ReadCounter
 .text.Motor_Left_Decoder_Cnt16_ReadCapture
                0x000031b8        0xc .\CortexM3\ARM_GCC_541\Debug\Group17Robot.a(Motor_Left_Decoder_Cnt16.o)
                0x000031b8                Motor_Left_Decoder_Cnt16_ReadCapture
 .text.Motor_Left_Decoder_Cnt16_WritePeriod
                0x000031c4        0xc .\CortexM3\ARM_GCC_541\Debug\Group17Robot.a(Motor_Left_Decoder_Cnt16.o)
                0x000031c4                Motor_Left_Decoder_Cnt16_WritePeriod
 .text.Motor_Left_Decoder_Cnt16_WriteCompare
                0x000031d0        0xc .\CortexM3\ARM_GCC_541\Debug\Group17Robot.a(Motor_Left_Decoder_Cnt16.o)
                0x000031d0                Motor_Left_Decoder_Cnt16_WriteCompare
 .text.Motor_Left_Decoder_Cnt16_ClearFIFO
                0x000031dc       0x14 .\CortexM3\ARM_GCC_541\Debug\Group17Robot.a(Motor_Left_Decoder_Cnt16.o)
                0x000031dc                Motor_Left_Decoder_Cnt16_ClearFIFO
 .text.Motor_Left_Decoder_Cnt16_Init
                0x000031f0       0x58 .\CortexM3\ARM_GCC_541\Debug\Group17Robot.a(Motor_Left_Decoder_Cnt16.o)
                0x000031f0                Motor_Left_Decoder_Cnt16_Init
 .text.Motor_Left_Decoder_Cnt16_Start
                0x00003248       0x1c .\CortexM3\ARM_GCC_541\Debug\Group17Robot.a(Motor_Left_Decoder_Cnt16.o)
                0x00003248                Motor_Left_Decoder_Cnt16_Start
 .text.Motor_Right_Decoder_Cnt16_Enable
                0x00003264       0x10 .\CortexM3\ARM_GCC_541\Debug\Group17Robot.a(Motor_Right_Decoder_Cnt16.o)
                0x00003264                Motor_Right_Decoder_Cnt16_Enable
 .text.Motor_Right_Decoder_Cnt16_SetInterruptMode
                0x00003274        0xc .\CortexM3\ARM_GCC_541\Debug\Group17Robot.a(Motor_Right_Decoder_Cnt16.o)
                0x00003274                Motor_Right_Decoder_Cnt16_SetInterruptMode
 .text.Motor_Right_Decoder_Cnt16_ReadStatusRegister
                0x00003280        0xc .\CortexM3\ARM_GCC_541\Debug\Group17Robot.a(Motor_Right_Decoder_Cnt16.o)
                0x00003280                Motor_Right_Decoder_Cnt16_ReadStatusRegister
 .text.Motor_Right_Decoder_Cnt16_WriteCounter
                0x0000328c        0xc .\CortexM3\ARM_GCC_541\Debug\Group17Robot.a(Motor_Right_Decoder_Cnt16.o)
                0x0000328c                Motor_Right_Decoder_Cnt16_WriteCounter
 .text.Motor_Right_Decoder_Cnt16_ReadCounter
                0x00003298       0x14 .\CortexM3\ARM_GCC_541\Debug\Group17Robot.a(Motor_Right_Decoder_Cnt16.o)
                0x00003298                Motor_Right_Decoder_Cnt16_ReadCounter
 .text.Motor_Right_Decoder_Cnt16_ReadCapture
                0x000032ac        0xc .\CortexM3\ARM_GCC_541\Debug\Group17Robot.a(Motor_Right_Decoder_Cnt16.o)
                0x000032ac                Motor_Right_Decoder_Cnt16_ReadCapture
 .text.Motor_Right_Decoder_Cnt16_WritePeriod
                0x000032b8        0xc .\CortexM3\ARM_GCC_541\Debug\Group17Robot.a(Motor_Right_Decoder_Cnt16.o)
                0x000032b8                Motor_Right_Decoder_Cnt16_WritePeriod
 .text.Motor_Right_Decoder_Cnt16_WriteCompare
                0x000032c4        0xc .\CortexM3\ARM_GCC_541\Debug\Group17Robot.a(Motor_Right_Decoder_Cnt16.o)
                0x000032c4                Motor_Right_Decoder_Cnt16_WriteCompare
 .text.Motor_Right_Decoder_Cnt16_ClearFIFO
                0x000032d0       0x14 .\CortexM3\ARM_GCC_541\Debug\Group17Robot.a(Motor_Right_Decoder_Cnt16.o)
                0x000032d0                Motor_Right_Decoder_Cnt16_ClearFIFO
 .text.Motor_Right_Decoder_Cnt16_Init
                0x000032e4       0x58 .\CortexM3\ARM_GCC_541\Debug\Group17Robot.a(Motor_Right_Decoder_Cnt16.o)
                0x000032e4                Motor_Right_Decoder_Cnt16_Init
 .text.Motor_Right_Decoder_Cnt16_Start
                0x0000333c       0x1c .\CortexM3\ARM_GCC_541\Debug\Group17Robot.a(Motor_Right_Decoder_Cnt16.o)
                0x0000333c                Motor_Right_Decoder_Cnt16_Start
 .text          0x00003358       0x20 .\CortexM3\ARM_GCC_541\Debug\Group17Robot.a(CyBootAsmGnu.o)
                0x00003358                CyDelayCycles
                0x00003368                CyEnterCriticalSection
                0x00003370                CyExitCriticalSection
 .text.cos      0x00003378       0x90 c:/program files (x86)/cypress/psoc creator/4.2/psoc creator/import/gnu/arm/5.4.1/bin/../lib/gcc/arm-none-eabi/5.4.1/../../../../arm-none-eabi/lib/armv7-m\libm.a(lib_a-s_cos.o)
                0x00003378                cos
 .text.round    0x00003408       0xa0 c:/program files (x86)/cypress/psoc creator/4.2/psoc creator/import/gnu/arm/5.4.1/bin/../lib/gcc/arm-none-eabi/5.4.1/../../../../arm-none-eabi/lib/armv7-m\libm.a(lib_a-s_round.o)
                0x00003408                round
 .text.sin      0x000034a8       0x90 c:/program files (x86)/cypress/psoc creator/4.2/psoc creator/import/gnu/arm/5.4.1/bin/../lib/gcc/arm-none-eabi/5.4.1/../../../../arm-none-eabi/lib/armv7-m\libm.a(lib_a-s_sin.o)
                0x000034a8                sin
 .text.__ieee754_rem_pio2
                0x00003538      0x42c c:/program files (x86)/cypress/psoc creator/4.2/psoc creator/import/gnu/arm/5.4.1/bin/../lib/gcc/arm-none-eabi/5.4.1/../../../../arm-none-eabi/lib/armv7-m\libm.a(lib_a-e_rem_pio2.o)
                0x00003538                __ieee754_rem_pio2
 *fill*         0x00003964        0x4 
 .text.__kernel_cos
                0x00003968      0x248 c:/program files (x86)/cypress/psoc creator/4.2/psoc creator/import/gnu/arm/5.4.1/bin/../lib/gcc/arm-none-eabi/5.4.1/../../../../arm-none-eabi/lib/armv7-m\libm.a(lib_a-k_cos.o)
                0x00003968                __kernel_cos
 .text.__kernel_rem_pio2
                0x00003bb0      0x7f0 c:/program files (x86)/cypress/psoc creator/4.2/psoc creator/import/gnu/arm/5.4.1/bin/../lib/gcc/arm-none-eabi/5.4.1/../../../../arm-none-eabi/lib/armv7-m\libm.a(lib_a-k_rem_pio2.o)
                0x00003bb0                __kernel_rem_pio2
 .text.__kernel_sin
                0x000043a0      0x16c c:/program files (x86)/cypress/psoc creator/4.2/psoc creator/import/gnu/arm/5.4.1/bin/../lib/gcc/arm-none-eabi/5.4.1/../../../../arm-none-eabi/lib/armv7-m\libm.a(lib_a-k_sin.o)
                0x000043a0                __kernel_sin
 .text.fabs     0x0000450c        0x8 c:/program files (x86)/cypress/psoc creator/4.2/psoc creator/import/gnu/arm/5.4.1/bin/../lib/gcc/arm-none-eabi/5.4.1/../../../../arm-none-eabi/lib/armv7-m\libm.a(lib_a-s_fabs.o)
                0x0000450c                fabs
 *fill*         0x00004514        0x4 
 .text.floor    0x00004518      0x110 c:/program files (x86)/cypress/psoc creator/4.2/psoc creator/import/gnu/arm/5.4.1/bin/../lib/gcc/arm-none-eabi/5.4.1/../../../../arm-none-eabi/lib/armv7-m\libm.a(lib_a-s_floor.o)
                0x00004518                floor
 .text.scalbn   0x00004628       0xe4 c:/program files (x86)/cypress/psoc creator/4.2/psoc creator/import/gnu/arm/5.4.1/bin/../lib/gcc/arm-none-eabi/5.4.1/../../../../arm-none-eabi/lib/armv7-m\libm.a(lib_a-s_scalbn.o)
                0x00004628                scalbn
 .text.copysign
                0x0000470c       0x10 c:/program files (x86)/cypress/psoc creator/4.2/psoc creator/import/gnu/arm/5.4.1/bin/../lib/gcc/arm-none-eabi/5.4.1/../../../../arm-none-eabi/lib/armv7-m\libm.a(lib_a-s_copysign.o)
                0x0000470c                copysign
 .text          0x0000471c      0x370 c:/program files (x86)/cypress/psoc creator/4.2/psoc creator/import/gnu/arm/5.4.1/bin/../lib/gcc/arm-none-eabi/5.4.1/armv7-m\libgcc.a(_arm_addsubdf3.o)
                0x0000471c                __aeabi_drsub
                0x00004724                __aeabi_dsub
                0x00004724                __subdf3
                0x00004728                __aeabi_dadd
                0x00004728                __adddf3
                0x000049a0                __floatunsidf
                0x000049a0                __aeabi_ui2d
                0x000049c0                __floatsidf
                0x000049c0                __aeabi_i2d
                0x000049e4                __aeabi_f2d
                0x000049e4                __extendsfdf2
                0x00004a20                __floatundidf
                0x00004a20                __aeabi_ul2d
                0x00004a30                __floatdidf
                0x00004a30                __aeabi_l2d
 .text          0x00004a8c      0x424 c:/program files (x86)/cypress/psoc creator/4.2/psoc creator/import/gnu/arm/5.4.1/bin/../lib/gcc/arm-none-eabi/5.4.1/armv7-m\libgcc.a(_arm_muldivdf3.o)
                0x00004a8c                __aeabi_dmul
                0x00004a8c                __muldf3
                0x00004ce0                __divdf3
                0x00004ce0                __aeabi_ddiv
 .text          0x00004eb0      0x110 c:/program files (x86)/cypress/psoc creator/4.2/psoc creator/import/gnu/arm/5.4.1/bin/../lib/gcc/arm-none-eabi/5.4.1/armv7-m\libgcc.a(_arm_cmpdf2.o)
                0x00004eb0                __gtdf2
                0x00004eb0                __gedf2
                0x00004eb8                __ltdf2
                0x00004eb8                __ledf2
                0x00004ec0                __nedf2
                0x00004ec0                __eqdf2
                0x00004ec0                __cmpdf2
                0x00004f3c                __aeabi_cdrcmple
                0x00004f4c                __aeabi_cdcmpeq
                0x00004f4c                __aeabi_cdcmple
                0x00004f5c                __aeabi_dcmpeq
                0x00004f70                __aeabi_dcmplt
                0x00004f84                __aeabi_dcmple
                0x00004f98                __aeabi_dcmpge
                0x00004fac                __aeabi_dcmpgt
 .text          0x00004fc0       0x50 c:/program files (x86)/cypress/psoc creator/4.2/psoc creator/import/gnu/arm/5.4.1/bin/../lib/gcc/arm-none-eabi/5.4.1/armv7-m\libgcc.a(_arm_fixdfsi.o)
                0x00004fc0                __aeabi_d2iz
                0x00004fc0                __fixdfsi
 .text          0x00005010       0xa0 c:/program files (x86)/cypress/psoc creator/4.2/psoc creator/import/gnu/arm/5.4.1/bin/../lib/gcc/arm-none-eabi/5.4.1/armv7-m\libgcc.a(_arm_truncdfsf2.o)
                0x00005010                __truncdfsf2
                0x00005010                __aeabi_d2f
 .text          0x000050b0      0x21c c:/program files (x86)/cypress/psoc creator/4.2/psoc creator/import/gnu/arm/5.4.1/bin/../lib/gcc/arm-none-eabi/5.4.1/armv7-m\libgcc.a(_arm_addsubsf3.o)
                0x000050b0                __aeabi_frsub
                0x000050b8                __subsf3
                0x000050b8                __aeabi_fsub
                0x000050bc                __aeabi_fadd
                0x000050bc                __addsf3
                0x0000521c                __aeabi_ui2f
                0x0000521c                __floatunsisf
                0x00005224                __aeabi_i2f
                0x00005224                __floatsisf
                0x00005240                __aeabi_ul2f
                0x00005240                __floatundisf
                0x00005250                __aeabi_l2f
                0x00005250                __floatdisf
 .text          0x000052cc      0x2a0 c:/program files (x86)/cypress/psoc creator/4.2/psoc creator/import/gnu/arm/5.4.1/bin/../lib/gcc/arm-none-eabi/5.4.1/armv7-m\libgcc.a(_arm_muldivsf3.o)
                0x000052cc                __mulsf3
                0x000052cc                __aeabi_fmul
                0x00005434                __aeabi_fdiv
                0x00005434                __divsf3
 .text          0x0000556c       0xec c:/program files (x86)/cypress/psoc creator/4.2/psoc creator/import/gnu/arm/5.4.1/bin/../lib/gcc/arm-none-eabi/5.4.1/armv7-m\libgcc.a(_arm_cmpsf2.o)
                0x0000556c                __gesf2
                0x0000556c                __gtsf2
                0x00005574                __lesf2
                0x00005574                __ltsf2
                0x0000557c                __nesf2
                0x0000557c                __eqsf2
                0x0000557c                __cmpsf2
                0x000055dc                __aeabi_cfrcmple
                0x000055e4                __aeabi_cfcmpeq
                0x000055e4                __aeabi_cfcmple
                0x000055f4                __aeabi_fcmpeq
                0x00005608                __aeabi_fcmplt
                0x0000561c                __aeabi_fcmple
                0x00005630                __aeabi_fcmpge
                0x00005644                __aeabi_fcmpgt
 .text          0x00005658       0x40 c:/program files (x86)/cypress/psoc creator/4.2/psoc creator/import/gnu/arm/5.4.1/bin/../lib/gcc/arm-none-eabi/5.4.1/armv7-m\libgcc.a(_arm_fixunssfsi.o)
                0x00005658                __fixunssfsi
                0x00005658                __aeabi_f2uiz
 .text.__errno  0x00005698        0xc c:/program files (x86)/cypress/psoc creator/4.2/psoc creator/import/gnu/arm/5.4.1/bin/../lib/gcc/arm-none-eabi/5.4.1/../../../../arm-none-eabi/lib/armv7-m\libg_nano.a(lib_a-errno.o)
                0x00005698                __errno
 .text.__libc_init_array
                0x000056a4       0x4c c:/program files (x86)/cypress/psoc creator/4.2/psoc creator/import/gnu/arm/5.4.1/bin/../lib/gcc/arm-none-eabi/5.4.1/../../../../arm-none-eabi/lib/armv7-m\libg_nano.a(lib_a-init.o)
                0x000056a4                __libc_init_array
 .text.memcpy   0x000056f0       0x16 c:/program files (x86)/cypress/psoc creator/4.2/psoc creator/import/gnu/arm/5.4.1/bin/../lib/gcc/arm-none-eabi/5.4.1/../../../../arm-none-eabi/lib/armv7-m\libg_nano.a(lib_a-memcpy-stub.o)
                0x000056f0                memcpy
 .text.memset   0x00005706       0x10 c:/program files (x86)/cypress/psoc creator/4.2/psoc creator/import/gnu/arm/5.4.1/bin/../lib/gcc/arm-none-eabi/5.4.1/../../../../arm-none-eabi/lib/armv7-m\libg_nano.a(lib_a-memset.o)
                0x00005706                memset
 .text.__cvt    0x00005716       0xc0 c:/program files (x86)/cypress/psoc creator/4.2/psoc creator/import/gnu/arm/5.4.1/bin/../lib/gcc/arm-none-eabi/5.4.1/../../../../arm-none-eabi/lib/armv7-m\libg_nano.a(lib_a-nano-vfprintf_float.o)
                0x00005716                __cvt
 .text.__exponent
                0x000057d6       0x62 c:/program files (x86)/cypress/psoc creator/4.2/psoc creator/import/gnu/arm/5.4.1/bin/../lib/gcc/arm-none-eabi/5.4.1/../../../../arm-none-eabi/lib/armv7-m\libg_nano.a(lib_a-nano-vfprintf_float.o)
                0x000057d6                __exponent
 .text._printf_float
                0x00005838      0x488 c:/program files (x86)/cypress/psoc creator/4.2/psoc creator/import/gnu/arm/5.4.1/bin/../lib/gcc/arm-none-eabi/5.4.1/../../../../arm-none-eabi/lib/armv7-m\libg_nano.a(lib_a-nano-vfprintf_float.o)
                0x00005838                _printf_float
 .text._printf_common
                0x00005cc0       0xec c:/program files (x86)/cypress/psoc creator/4.2/psoc creator/import/gnu/arm/5.4.1/bin/../lib/gcc/arm-none-eabi/5.4.1/../../../../arm-none-eabi/lib/armv7-m\libg_nano.a(lib_a-nano-vfprintf_i.o)
                0x00005cc0                _printf_common
 .text._printf_i
                0x00005dac      0x24c c:/program files (x86)/cypress/psoc creator/4.2/psoc creator/import/gnu/arm/5.4.1/bin/../lib/gcc/arm-none-eabi/5.4.1/../../../../arm-none-eabi/lib/armv7-m\libg_nano.a(lib_a-nano-vfprintf_i.o)
                0x00005dac                _printf_i
 .text.sprintf  0x00005ff8       0x48 c:/program files (x86)/cypress/psoc creator/4.2/psoc creator/import/gnu/arm/5.4.1/bin/../lib/gcc/arm-none-eabi/5.4.1/../../../../arm-none-eabi/lib/armv7-m\libg_nano.a(lib_a-sprintf.o)
                0x00005ff8                siprintf
                0x00005ff8                sprintf
 .text          0x00006040       0x10 c:/program files (x86)/cypress/psoc creator/4.2/psoc creator/import/gnu/arm/5.4.1/bin/../lib/gcc/arm-none-eabi/5.4.1/../../../../arm-none-eabi/lib/armv7-m\libg_nano.a(lib_a-strlen.o)
                0x00006040                strlen
 .text.quorem   0x00006050      0x116 c:/program files (x86)/cypress/psoc creator/4.2/psoc creator/import/gnu/arm/5.4.1/bin/../lib/gcc/arm-none-eabi/5.4.1/../../../../arm-none-eabi/lib/armv7-m\libg_nano.a(lib_a-dtoa.o)
 *fill*         0x00006166        0x2 
 .text._dtoa_r  0x00006168      0xb30 c:/program files (x86)/cypress/psoc creator/4.2/psoc creator/import/gnu/arm/5.4.1/bin/../lib/gcc/arm-none-eabi/5.4.1/../../../../arm-none-eabi/lib/armv7-m\libg_nano.a(lib_a-dtoa.o)
                0x00006168                _dtoa_r
 .text._localeconv_r
                0x00006c98        0x8 c:/program files (x86)/cypress/psoc creator/4.2/psoc creator/import/gnu/arm/5.4.1/bin/../lib/gcc/arm-none-eabi/5.4.1/../../../../arm-none-eabi/lib/armv7-m\libg_nano.a(lib_a-locale.o)
                0x00006c98                _localeconv_r
 .text.malloc   0x00006ca0       0x10 c:/program files (x86)/cypress/psoc creator/4.2/psoc creator/import/gnu/arm/5.4.1/bin/../lib/gcc/arm-none-eabi/5.4.1/../../../../arm-none-eabi/lib/armv7-m\libg_nano.a(lib_a-malloc.o)
                0x00006ca0                malloc
 .text.memchr   0x00006cb0       0x1c c:/program files (x86)/cypress/psoc creator/4.2/psoc creator/import/gnu/arm/5.4.1/bin/../lib/gcc/arm-none-eabi/5.4.1/../../../../arm-none-eabi/lib/armv7-m\libg_nano.a(lib_a-memchr-stub.o)
                0x00006cb0                memchr
 .text._Balloc  0x00006ccc       0x6a c:/program files (x86)/cypress/psoc creator/4.2/psoc creator/import/gnu/arm/5.4.1/bin/../lib/gcc/arm-none-eabi/5.4.1/../../../../arm-none-eabi/lib/armv7-m\libg_nano.a(lib_a-mprec.o)
                0x00006ccc                _Balloc
 .text._Bfree   0x00006d36       0x2e c:/program files (x86)/cypress/psoc creator/4.2/psoc creator/import/gnu/arm/5.4.1/bin/../lib/gcc/arm-none-eabi/5.4.1/../../../../arm-none-eabi/lib/armv7-m\libg_nano.a(lib_a-mprec.o)
                0x00006d36                _Bfree
 .text.__multadd
                0x00006d64       0x76 c:/program files (x86)/cypress/psoc creator/4.2/psoc creator/import/gnu/arm/5.4.1/bin/../lib/gcc/arm-none-eabi/5.4.1/../../../../arm-none-eabi/lib/armv7-m\libg_nano.a(lib_a-mprec.o)
                0x00006d64                __multadd
 .text.__hi0bits
                0x00006dda       0x40 c:/program files (x86)/cypress/psoc creator/4.2/psoc creator/import/gnu/arm/5.4.1/bin/../lib/gcc/arm-none-eabi/5.4.1/../../../../arm-none-eabi/lib/armv7-m\libg_nano.a(lib_a-mprec.o)
                0x00006dda                __hi0bits
 .text.__lo0bits
                0x00006e1a       0x5a c:/program files (x86)/cypress/psoc creator/4.2/psoc creator/import/gnu/arm/5.4.1/bin/../lib/gcc/arm-none-eabi/5.4.1/../../../../arm-none-eabi/lib/armv7-m\libg_nano.a(lib_a-mprec.o)
                0x00006e1a                __lo0bits
 .text.__i2b    0x00006e74       0x12 c:/program files (x86)/cypress/psoc creator/4.2/psoc creator/import/gnu/arm/5.4.1/bin/../lib/gcc/arm-none-eabi/5.4.1/../../../../arm-none-eabi/lib/armv7-m\libg_nano.a(lib_a-mprec.o)
                0x00006e74                __i2b
 .text.__multiply
                0x00006e86      0x120 c:/program files (x86)/cypress/psoc creator/4.2/psoc creator/import/gnu/arm/5.4.1/bin/../lib/gcc/arm-none-eabi/5.4.1/../../../../arm-none-eabi/lib/armv7-m\libg_nano.a(lib_a-mprec.o)
                0x00006e86                __multiply
 *fill*         0x00006fa6        0x2 
 .text.__pow5mult
                0x00006fa8       0x9c c:/program files (x86)/cypress/psoc creator/4.2/psoc creator/import/gnu/arm/5.4.1/bin/../lib/gcc/arm-none-eabi/5.4.1/../../../../arm-none-eabi/lib/armv7-m\libg_nano.a(lib_a-mprec.o)
                0x00006fa8                __pow5mult
 .text.__lshift
                0x00007044       0xa2 c:/program files (x86)/cypress/psoc creator/4.2/psoc creator/import/gnu/arm/5.4.1/bin/../lib/gcc/arm-none-eabi/5.4.1/../../../../arm-none-eabi/lib/armv7-m\libg_nano.a(lib_a-mprec.o)
                0x00007044                __lshift
 .text.__mcmp   0x000070e6       0x38 c:/program files (x86)/cypress/psoc creator/4.2/psoc creator/import/gnu/arm/5.4.1/bin/../lib/gcc/arm-none-eabi/5.4.1/../../../../arm-none-eabi/lib/armv7-m\libg_nano.a(lib_a-mprec.o)
                0x000070e6                __mcmp
 .text.__mdiff  0x0000711e       0xbe c:/program files (x86)/cypress/psoc creator/4.2/psoc creator/import/gnu/arm/5.4.1/bin/../lib/gcc/arm-none-eabi/5.4.1/../../../../arm-none-eabi/lib/armv7-m\libg_nano.a(lib_a-mprec.o)
                0x0000711e                __mdiff
 .text.__d2b    0x000071dc       0x9c c:/program files (x86)/cypress/psoc creator/4.2/psoc creator/import/gnu/arm/5.4.1/bin/../lib/gcc/arm-none-eabi/5.4.1/../../../../arm-none-eabi/lib/armv7-m\libg_nano.a(lib_a-mprec.o)
                0x000071dc                __d2b
 .text._calloc_r
                0x00007278       0x1c c:/program files (x86)/cypress/psoc creator/4.2/psoc creator/import/gnu/arm/5.4.1/bin/../lib/gcc/arm-none-eabi/5.4.1/../../../../arm-none-eabi/lib/armv7-m\libg_nano.a(lib_a-nano-callocr.o)
                0x00007278                _calloc_r
 .text._free_r  0x00007294       0x98 c:/program files (x86)/cypress/psoc creator/4.2/psoc creator/import/gnu/arm/5.4.1/bin/../lib/gcc/arm-none-eabi/5.4.1/../../../../arm-none-eabi/lib/armv7-m\libg_nano.a(lib_a-nano-freer.o)
                0x00007294                _free_r
 .text._malloc_r
                0x0000732c       0xbc c:/program files (x86)/cypress/psoc creator/4.2/psoc creator/import/gnu/arm/5.4.1/bin/../lib/gcc/arm-none-eabi/5.4.1/../../../../arm-none-eabi/lib/armv7-m\libg_nano.a(lib_a-nano-mallocr.o)
                0x0000732c                _malloc_r
 .text.__ssputs_r
                0x000073e8       0xb2 c:/program files (x86)/cypress/psoc creator/4.2/psoc creator/import/gnu/arm/5.4.1/bin/../lib/gcc/arm-none-eabi/5.4.1/../../../../arm-none-eabi/lib/armv7-m\libg_nano.a(lib_a-nano-svfprintf.o)
                0x000073e8                __ssputs_r
 *fill*         0x0000749a        0x2 
 .text._svfprintf_r
                0x0000749c      0x1e8 c:/program files (x86)/cypress/psoc creator/4.2/psoc creator/import/gnu/arm/5.4.1/bin/../lib/gcc/arm-none-eabi/5.4.1/../../../../arm-none-eabi/lib/armv7-m\libg_nano.a(lib_a-nano-svfprintf.o)
                0x0000749c                _svfiprintf_r
                0x0000749c                _svfprintf_r
 .text._sbrk_r  0x00007684       0x20 c:/program files (x86)/cypress/psoc creator/4.2/psoc creator/import/gnu/arm/5.4.1/bin/../lib/gcc/arm-none-eabi/5.4.1/../../../../arm-none-eabi/lib/armv7-m\libg_nano.a(lib_a-sbrkr.o)
                0x00007684                _sbrk_r
 .text.memmove  0x000076a4       0x36 c:/program files (x86)/cypress/psoc creator/4.2/psoc creator/import/gnu/arm/5.4.1/bin/../lib/gcc/arm-none-eabi/5.4.1/../../../../arm-none-eabi/lib/armv7-m\libg_nano.a(lib_a-memmove.o)
                0x000076a4                memmove
 .text.__malloc_lock
                0x000076da        0x2 c:/program files (x86)/cypress/psoc creator/4.2/psoc creator/import/gnu/arm/5.4.1/bin/../lib/gcc/arm-none-eabi/5.4.1/../../../../arm-none-eabi/lib/armv7-m\libg_nano.a(lib_a-mlock.o)
                0x000076da                __malloc_lock
 .text.__malloc_unlock
                0x000076dc        0x2 c:/program files (x86)/cypress/psoc creator/4.2/psoc creator/import/gnu/arm/5.4.1/bin/../lib/gcc/arm-none-eabi/5.4.1/../../../../arm-none-eabi/lib/armv7-m\libg_nano.a(lib_a-mlock.o)
                0x000076dc                __malloc_unlock
 .text._realloc_r
                0x000076de       0x4c c:/program files (x86)/cypress/psoc creator/4.2/psoc creator/import/gnu/arm/5.4.1/bin/../lib/gcc/arm-none-eabi/5.4.1/../../../../arm-none-eabi/lib/armv7-m\libg_nano.a(lib_a-nano-reallocr.o)
                0x000076de                _realloc_r
 .text._malloc_usable_size_r
                0x0000772a       0x14 c:/program files (x86)/cypress/psoc creator/4.2/psoc creator/import/gnu/arm/5.4.1/bin/../lib/gcc/arm-none-eabi/5.4.1/../../../../arm-none-eabi/lib/armv7-m\libg_nano.a(lib_a-nano-msizer.o)
                0x0000772a                _malloc_usable_size_r
 *fill*         0x0000773e        0x2 
 .text          0x00007740       0x2c c:/program files (x86)/cypress/psoc creator/4.2/psoc creator/import/gnu/arm/5.4.1/bin/../lib/gcc/arm-none-eabi/5.4.1/armv7-m\libgcc.a(_arm_unorddf2.o)
                0x00007740                __unorddf2
                0x00007740                __aeabi_dcmpun
 *(.plt)
 *(.gnu.warning)
 *(.glue_7t)
 .glue_7t       0x0000776c        0x0 linker stubs
 *(.glue_7)
 .glue_7        0x0000776c        0x0 linker stubs
 *(.vfp11_veneer)
 .vfp11_veneer  0x0000776c        0x0 linker stubs
 *(.bootloader)
 *(.ARM.extab* .gnu.linkonce.armextab.*)
 *(.gcc_except_table)

.v4_bx          0x0000776c        0x0
 .v4_bx         0x0000776c        0x0 linker stubs

.iplt           0x0000776c        0x0
 .iplt          0x0000776c        0x0 c:/program files (x86)/cypress/psoc creator/4.2/psoc creator/import/gnu/arm/5.4.1/bin/../lib/gcc/arm-none-eabi/5.4.1/armv7-m/crtbegin.o

.eh_frame_hdr
 *(.eh_frame_hdr)

.eh_frame       0x0000776c        0x4
 *(.eh_frame)
 .eh_frame      0x0000776c        0x0 c:/program files (x86)/cypress/psoc creator/4.2/psoc creator/import/gnu/arm/5.4.1/bin/../lib/gcc/arm-none-eabi/5.4.1/armv7-m/crtbegin.o
 .eh_frame      0x0000776c        0x4 c:/program files (x86)/cypress/psoc creator/4.2/psoc creator/import/gnu/arm/5.4.1/bin/../lib/gcc/arm-none-eabi/5.4.1/armv7-m/crtend.o
                [!provide]                PROVIDE (__exidx_start, .)

.ARM.exidx
 *(.ARM.exidx* .gnu.linkonce.armexidx.*)
                0x00007770                __exidx_end = .

.rodata         0x00007770      0x4c8
 *(.rodata .rodata.* .gnu.linkonce.r.*)
 .rodata.str1.4
                0x00007770       0x2d .\CortexM3\ARM_GCC_541\Debug\main.o
 *fill*         0x0000779d        0x3 
 .rodata.str1.4
                0x000077a0       0x39 .\CortexM3\ARM_GCC_541\Debug\colour.o
 *fill*         0x000077d9        0x3 
 .rodata.str1.4
                0x000077dc       0x42 .\CortexM3\ARM_GCC_541\Debug\ultrasonic.o
 *fill*         0x0000781e        0x2 
 .rodata.str1.4
                0x00007820       0x46 .\CortexM3\ARM_GCC_541\Debug\dcmotor.o
 *fill*         0x00007866        0x2 
 .rodata.str1.4
                0x00007868       0x28 .\CortexM3\ARM_GCC_541\Debug\mishamotor.o
                                 0x26 (size before relaxing)
 .rodata        0x00007890       0x36 .\CortexM3\ARM_GCC_541\Debug\cyfitter_cfg.o
 *fill*         0x000078c6        0x2 
 .rodata.npio2_hw
                0x000078c8       0x80 c:/program files (x86)/cypress/psoc creator/4.2/psoc creator/import/gnu/arm/5.4.1/bin/../lib/gcc/arm-none-eabi/5.4.1/../../../../arm-none-eabi/lib/armv7-m\libm.a(lib_a-e_rem_pio2.o)
 .rodata.two_over_pi
                0x00007948      0x108 c:/program files (x86)/cypress/psoc creator/4.2/psoc creator/import/gnu/arm/5.4.1/bin/../lib/gcc/arm-none-eabi/5.4.1/../../../../arm-none-eabi/lib/armv7-m\libm.a(lib_a-e_rem_pio2.o)
 .rodata.init_jk
                0x00007a50       0x10 c:/program files (x86)/cypress/psoc creator/4.2/psoc creator/import/gnu/arm/5.4.1/bin/../lib/gcc/arm-none-eabi/5.4.1/../../../../arm-none-eabi/lib/armv7-m\libm.a(lib_a-k_rem_pio2.o)
 .rodata.PIo2   0x00007a60       0x40 c:/program files (x86)/cypress/psoc creator/4.2/psoc creator/import/gnu/arm/5.4.1/bin/../lib/gcc/arm-none-eabi/5.4.1/../../../../arm-none-eabi/lib/armv7-m\libm.a(lib_a-k_rem_pio2.o)
 .rodata.str1.1
                0x00007aa0        0x2 c:/program files (x86)/cypress/psoc creator/4.2/psoc creator/import/gnu/arm/5.4.1/bin/../lib/gcc/arm-none-eabi/5.4.1/../../../../arm-none-eabi/lib/armv7-m\libg_nano.a(lib_a-impure.o)
 .rodata.str1.1
                0x00007aa2       0x12 c:/program files (x86)/cypress/psoc creator/4.2/psoc creator/import/gnu/arm/5.4.1/bin/../lib/gcc/arm-none-eabi/5.4.1/../../../../arm-none-eabi/lib/armv7-m\libg_nano.a(lib_a-nano-vfprintf_float.o)
 .rodata.str1.1
                0x00007ab4       0x22 c:/program files (x86)/cypress/psoc creator/4.2/psoc creator/import/gnu/arm/5.4.1/bin/../lib/gcc/arm-none-eabi/5.4.1/../../../../arm-none-eabi/lib/armv7-m\libg_nano.a(lib_a-nano-vfprintf_i.o)
 .rodata.str1.1
                0x00007ad6        0xd c:/program files (x86)/cypress/psoc creator/4.2/psoc creator/import/gnu/arm/5.4.1/bin/../lib/gcc/arm-none-eabi/5.4.1/../../../../arm-none-eabi/lib/armv7-m\libg_nano.a(lib_a-dtoa.o)
                                  0xf (size before relaxing)
 .rodata.str1.1
                0x00007ae3        0x8 c:/program files (x86)/cypress/psoc creator/4.2/psoc creator/import/gnu/arm/5.4.1/bin/../lib/gcc/arm-none-eabi/5.4.1/../../../../arm-none-eabi/lib/armv7-m\libg_nano.a(lib_a-locale.o)
                                  0xb (size before relaxing)
 *fill*         0x00007aeb        0x5 
 .rodata.__mprec_tens
                0x00007af0       0xc8 c:/program files (x86)/cypress/psoc creator/4.2/psoc creator/import/gnu/arm/5.4.1/bin/../lib/gcc/arm-none-eabi/5.4.1/../../../../arm-none-eabi/lib/armv7-m\libg_nano.a(lib_a-mprec.o)
                0x00007af0                __mprec_tens
 .rodata.p05.5408
                0x00007bb8        0xc c:/program files (x86)/cypress/psoc creator/4.2/psoc creator/import/gnu/arm/5.4.1/bin/../lib/gcc/arm-none-eabi/5.4.1/../../../../arm-none-eabi/lib/armv7-m\libg_nano.a(lib_a-mprec.o)
 *fill*         0x00007bc4        0x4 
 .rodata.__mprec_bigtens
                0x00007bc8       0x28 c:/program files (x86)/cypress/psoc creator/4.2/psoc creator/import/gnu/arm/5.4.1/bin/../lib/gcc/arm-none-eabi/5.4.1/../../../../arm-none-eabi/lib/armv7-m\libg_nano.a(lib_a-mprec.o)
                0x00007bc8                __mprec_bigtens
 .rodata.str1.1
                0x00007bf0       0x11 c:/program files (x86)/cypress/psoc creator/4.2/psoc creator/import/gnu/arm/5.4.1/bin/../lib/gcc/arm-none-eabi/5.4.1/../../../../arm-none-eabi/lib/armv7-m\libg_nano.a(lib_a-nano-svfprintf.o)
                0x00007c04                . = ALIGN (0x4)
 *fill*         0x00007c01        0x3 
 *(.init)
 .init          0x00007c04        0x4 c:/program files (x86)/cypress/psoc creator/4.2/psoc creator/import/gnu/arm/5.4.1/bin/../lib/gcc/arm-none-eabi/5.4.1/armv7-m/crti.o
                0x00007c04                _init
 .init          0x00007c08        0x8 c:/program files (x86)/cypress/psoc creator/4.2/psoc creator/import/gnu/arm/5.4.1/bin/../lib/gcc/arm-none-eabi/5.4.1/armv7-m/crtn.o
                0x00007c10                . = ALIGN (0x4)
                0x00007c10                __preinit_array_start = .
 *(.preinit_array)
                0x00007c10                __preinit_array_end = .
                0x00007c10                . = ALIGN (0x4)
                0x00007c10                __init_array_start = .
 *(SORT(.init_array.*))
 *(.init_array)
 .init_array    0x00007c10        0x4 c:/program files (x86)/cypress/psoc creator/4.2/psoc creator/import/gnu/arm/5.4.1/bin/../lib/gcc/arm-none-eabi/5.4.1/armv7-m/crtbegin.o
 .init_array    0x00007c14        0x4 .\CortexM3\ARM_GCC_541\Debug\Cm3Start.o
                0x00007c18                __init_array_end = .
                0x00007c18                . = ALIGN (0x4)
 *(.fini)
 .fini          0x00007c18        0x4 c:/program files (x86)/cypress/psoc creator/4.2/psoc creator/import/gnu/arm/5.4.1/bin/../lib/gcc/arm-none-eabi/5.4.1/armv7-m/crti.o
                0x00007c18                _fini
 .fini          0x00007c1c        0x8 c:/program files (x86)/cypress/psoc creator/4.2/psoc creator/import/gnu/arm/5.4.1/bin/../lib/gcc/arm-none-eabi/5.4.1/armv7-m/crtn.o
                0x00007c24                . = ALIGN (0x4)
                0x00007c24                __fini_array_start = .
 *(.fini_array)
 .fini_array    0x00007c24        0x4 c:/program files (x86)/cypress/psoc creator/4.2/psoc creator/import/gnu/arm/5.4.1/bin/../lib/gcc/arm-none-eabi/5.4.1/armv7-m/crtbegin.o
 *(SORT(.fini_array.*))
                0x00007c28                __fini_array_end = .
                0x00007c28                . = ALIGN (0x4)
 *crtbegin.o(.ctors)
 *(EXCLUDE_FILE(*crtend.o) .ctors)
 *(SORT(.ctors.*))
 *crtend.o(.ctors)
                0x00007c28                . = ALIGN (0x4)
 *crtbegin.o(.dtors)
 *(EXCLUDE_FILE(*crtend.o) .dtors)
 *(SORT(.dtors.*))
 *crtend.o(.dtors)
                0x00007c28                . = ALIGN (0x4)
                0x00007c28                __cy_regions = .
                0x00007c28        0x4 LONG 0x7c38 __cy_region_init_ram
                0x00007c2c        0x4 LONG 0x1fff80c8 __cy_region_start_data
                0x00007c30        0x4 LONG 0xf0 __cy_region_init_size_ram
                0x00007c34        0x4 LONG 0x1b8 __cy_region_zero_size_ram
                0x00007c38                __cy_regions_end = .
                0x00007c38                . = ALIGN (0x8)
                0x00007c38                _etext = .

.cy_checksum_exclude
                0x00007c38        0x0
 *(.cy_checksum_exclude)

.ramvectors     0x1fff8000       0xc0
                0x1fff8000                __cy_region_start_ram = .
 *(.ramvectors)
 .ramvectors    0x1fff8000       0xc0 .\CortexM3\ARM_GCC_541\Debug\Cm3Start.o
                0x1fff8000                CyRamVectors

.noinit         0x1fff80c0        0x1
 *(.noinit)
 .noinit        0x1fff80c0        0x1 .\CortexM3\ARM_GCC_541\Debug\Group17Robot.a(CyLib.o)
                0x1fff80c0                CyResetStatus

.data           0x1fff80c8       0xf0 load address 0x00007c38
                0x1fff80c8                __cy_region_start_data = .
 *(.jcr)
 .jcr           0x1fff80c8        0x0 c:/program files (x86)/cypress/psoc creator/4.2/psoc creator/import/gnu/arm/5.4.1/bin/../lib/gcc/arm-none-eabi/5.4.1/armv7-m/crtbegin.o
 .jcr           0x1fff80c8        0x4 c:/program files (x86)/cypress/psoc creator/4.2/psoc creator/import/gnu/arm/5.4.1/bin/../lib/gcc/arm-none-eabi/5.4.1/armv7-m/crtend.o
 *(.got.plt)
 *(.got)
 *(.shdata)
 *(.data .data.* .gnu.linkonce.d.*)
 .data          0x1fff80cc       0x2c .\CortexM3\ARM_GCC_541\Debug\main.o
                0x1fff80cc                colour_flag
                0x1fff80d0                current_stage
                0x1fff80d4                state
                0x1fff80d8                moveNow
                0x1fff80dc                currentOrientation
                0x1fff80e0                running
                0x1fff80e4                puckRackOffsetsFromWest
 .data          0x1fff80f8        0x4 .\CortexM3\ARM_GCC_541\Debug\ultrasonic.o
                0x1fff80f8                initialisation
 .data          0x1fff80fc        0x4 .\CortexM3\ARM_GCC_541\Debug\mishamotor.o
                0x1fff80fc                SPEED
 .data          0x1fff8100        0x4 .\CortexM3\ARM_GCC_541\Debug\Cm3Start.o
 .data          0x1fff8104       0x10 .\CortexM3\ARM_GCC_541\Debug\Group17Robot.a(CyLib.o)
                0x1fff8104                cydelay_32k_ms
                0x1fff8108                cydelay_freq_khz
                0x1fff810c                cydelay_freq_mhz
                0x1fff8110                cydelay_freq_hz
 .data          0x1fff8114        0x1 .\CortexM3\ARM_GCC_541\Debug\Group17Robot.a(ADC.o)
                0x1fff8114                ADC_Config
 *fill*         0x1fff8115        0x3 
 .data.impure_data
                0x1fff8118       0x60 c:/program files (x86)/cypress/psoc creator/4.2/psoc creator/import/gnu/arm/5.4.1/bin/../lib/gcc/arm-none-eabi/5.4.1/../../../../arm-none-eabi/lib/armv7-m\libg_nano.a(lib_a-impure.o)
 .data._impure_ptr
                0x1fff8178        0x4 c:/program files (x86)/cypress/psoc creator/4.2/psoc creator/import/gnu/arm/5.4.1/bin/../lib/gcc/arm-none-eabi/5.4.1/../../../../arm-none-eabi/lib/armv7-m\libg_nano.a(lib_a-impure.o)
                0x1fff8178                _impure_ptr
 .data.lconv    0x1fff817c       0x38 c:/program files (x86)/cypress/psoc creator/4.2/psoc creator/import/gnu/arm/5.4.1/bin/../lib/gcc/arm-none-eabi/5.4.1/../../../../arm-none-eabi/lib/armv7-m\libg_nano.a(lib_a-locale.o)
                0x1fff81b8                . = ALIGN (0x8)
 *fill*         0x1fff81b4        0x4 
 *(.ram)
                0x1fff81b8                _edata = .

.igot.plt       0x1fff81b8        0x0 load address 0x00007d28
 .igot.plt      0x1fff81b8        0x0 c:/program files (x86)/cypress/psoc creator/4.2/psoc creator/import/gnu/arm/5.4.1/bin/../lib/gcc/arm-none-eabi/5.4.1/armv7-m/crtbegin.o

.bss            0x1fff81b8      0x1b8 load address 0x00007d28
                0x1fff81b8                PROVIDE (__bss_start__, .)
 *(.shbss)
 *(.bss .bss.* .gnu.linkonce.b.*)
 .bss           0x1fff81b8       0x1c c:/program files (x86)/cypress/psoc creator/4.2/psoc creator/import/gnu/arm/5.4.1/bin/../lib/gcc/arm-none-eabi/5.4.1/armv7-m/crtbegin.o
 .bss           0x1fff81d4       0x60 .\CortexM3\ARM_GCC_541\Debug\main.o
                0x1fff81d4                beginNavigation
                0x1fff81d8                puckConstructionPlan
                0x1fff81e4                colour_sensing_algorithm
                0x1fff81e8                idac_value
                0x1fff81ec                currentPuckStackSize
                0x1fff81f0                moving
                0x1fff81f4                currentPosition
                0x1fff81fc                horizontalPuckGrid
                0x1fff8200                turningRightFlag
                0x1fff8202                turningLeftFlag
                0x1fff8204                drivingBackwardFlag
                0x1fff8206                drivingForwardFlag
                0x1fff8208                block_edge_location
                0x1fff8218                sweeping
                0x1fff821c                puckRackColours
                0x1fff8230                currentPuckRackScanningIndex
 .bss           0x1fff8234       0x2c .\CortexM3\ARM_GCC_541\Debug\ultrasonic.o
                0x1fff8234                count
                0x1fff8238                ultrasonic_mux_control
                0x1fff823c                ultrasonic_distances
                0x1fff8250                block_start
                0x1fff8254                puck_start