Archive member included to satisfy reference by file (symbol)

.\CortexM3\ARM_GCC_541\Debug\Group17Robot.a(TIA_1.o)
                              .\CortexM3\ARM_GCC_541\Debug\main.o (TIA_1_Start)
.\CortexM3\ARM_GCC_541\Debug\Group17Robot.a(CyLib.o)
                              .\CortexM3\ARM_GCC_541\Debug\Cm3Start.o (CyHalt)
.\CortexM3\ARM_GCC_541\Debug\Group17Robot.a(cyPm.o)
                              .\CortexM3\ARM_GCC_541\Debug\Group17Robot.a(CyLib.o) (CyPmReadStatus)
.\CortexM3\ARM_GCC_541\Debug\Group17Robot.a(UART_1.o)
                              .\CortexM3\ARM_GCC_541\Debug\main.o (UART_1_Start)
.\CortexM3\ARM_GCC_541\Debug\Group17Robot.a(UART_1_IntClock.o)
                              .\CortexM3\ARM_GCC_541\Debug\Group17Robot.a(UART_1.o) (UART_1_IntClock_Start)
.\CortexM3\ARM_GCC_541\Debug\Group17Robot.a(ADC.o)
                              .\CortexM3\ARM_GCC_541\Debug\main.o (ADC_Start)
.\CortexM3\ARM_GCC_541\Debug\Group17Robot.a(ADC_INT.o)
                              .\CortexM3\ARM_GCC_541\Debug\Group17Robot.a(ADC.o) (ADC_ISR1)
.\CortexM3\ARM_GCC_541\Debug\Group17Robot.a(ADC_Ext_CP_Clk.o)
                              .\CortexM3\ARM_GCC_541\Debug\Group17Robot.a(ADC.o) (ADC_Ext_CP_Clk_SetModeRegister)
.\CortexM3\ARM_GCC_541\Debug\Group17Robot.a(ADC_theACLK.o)
                              .\CortexM3\ARM_GCC_541\Debug\Group17Robot.a(ADC.o) (ADC_theACLK_SetModeRegister)
.\CortexM3\ARM_GCC_541\Debug\Group17Robot.a(IDAC8_1.o)
                              .\CortexM3\ARM_GCC_541\Debug\main.o (IDAC8_1_SetValue)
.\CortexM3\ARM_GCC_541\Debug\Group17Robot.a(Timer_1.o)
                              .\CortexM3\ARM_GCC_541\Debug\ultrasonic.o (Timer_1_Stop)
.\CortexM3\ARM_GCC_541\Debug\Group17Robot.a(Trigger_1.o)
                              .\CortexM3\ARM_GCC_541\Debug\ultrasonic.o (Trigger_1_Write)
.\CortexM3\ARM_GCC_541\Debug\Group17Robot.a(Trigger_2.o)
                              .\CortexM3\ARM_GCC_541\Debug\ultrasonic.o (Trigger_2_Write)
.\CortexM3\ARM_GCC_541\Debug\Group17Robot.a(Trigger_3.o)
                              .\CortexM3\ARM_GCC_541\Debug\ultrasonic.o (Trigger_3_Write)
.\CortexM3\ARM_GCC_541\Debug\Group17Robot.a(Trigger_4.o)
                              .\CortexM3\ARM_GCC_541\Debug\ultrasonic.o (Trigger_4_Write)
.\CortexM3\ARM_GCC_541\Debug\Group17Robot.a(Trigger_5.o)
                              .\CortexM3\ARM_GCC_541\Debug\ultrasonic.o (Trigger_5_Write)
.\CortexM3\ARM_GCC_541\Debug\Group17Robot.a(Ultrasonic_Mux_Control.o)
                              .\CortexM3\ARM_GCC_541\Debug\ultrasonic.o (Ultrasonic_Mux_Control_Write)
.\CortexM3\ARM_GCC_541\Debug\Group17Robot.a(Gripper_Servo_PWM.o)
                              .\CortexM3\ARM_GCC_541\Debug\main.o (Gripper_Servo_PWM_WriteCompare)
.\CortexM3\ARM_GCC_541\Debug\Group17Robot.a(Gripper_Servo_PWM_PM.o)
                              .\CortexM3\ARM_GCC_541\Debug\main.o (Gripper_Servo_PWM_Sleep)
.\CortexM3\ARM_GCC_541\Debug\Group17Robot.a(Rack_Servo_PWM.o)
                              .\CortexM3\ARM_GCC_541\Debug\main.o (Rack_Servo_PWM_WriteCompare)
.\CortexM3\ARM_GCC_541\Debug\Group17Robot.a(Rack_Servo_PWM_PM.o)
                              .\CortexM3\ARM_GCC_541\Debug\main.o (Rack_Servo_PWM_Sleep)
.\CortexM3\ARM_GCC_541\Debug\Group17Robot.a(control_led.o)
                              .\CortexM3\ARM_GCC_541\Debug\main.o (control_led_Write)
.\CortexM3\ARM_GCC_541\Debug\Group17Robot.a(control_photodiode.o)
                              .\CortexM3\ARM_GCC_541\Debug\main.o (control_photodiode_Write)
.\CortexM3\ARM_GCC_541\Debug\Group17Robot.a(Start.o)
                              .\CortexM3\ARM_GCC_541\Debug\main.o (Start_StartEx)
.\CortexM3\ARM_GCC_541\Debug\Group17Robot.a(Sonic.o)
                              .\CortexM3\ARM_GCC_541\Debug\main.o (Sonic_StartEx)
.\CortexM3\ARM_GCC_541\Debug\Group17Robot.a(Motor_Left_Decoder.o)
                              .\CortexM3\ARM_GCC_541\Debug\navigation.o (Motor_Left_Decoder_GetCounter)
.\CortexM3\ARM_GCC_541\Debug\Group17Robot.a(Motor_Right_Decoder.o)
                              .\CortexM3\ARM_GCC_541\Debug\navigation.o (Motor_Right_Decoder_GetCounter)
.\CortexM3\ARM_GCC_541\Debug\Group17Robot.a(Motor_Left_Driver.o)
                              .\CortexM3\ARM_GCC_541\Debug\main.o (Motor_Left_Driver_WriteCompare)
.\CortexM3\ARM_GCC_541\Debug\Group17Robot.a(Motor_Left_Driver_PM.o)
                              .\CortexM3\ARM_GCC_541\Debug\main.o (Motor_Left_Driver_Sleep)
.\CortexM3\ARM_GCC_541\Debug\Group17Robot.a(Motor_Right_Driver.o)
                              .\CortexM3\ARM_GCC_541\Debug\main.o (Motor_Right_Driver_WriteCompare)
.\CortexM3\ARM_GCC_541\Debug\Group17Robot.a(Motor_Right_Driver_PM.o)
                              .\CortexM3\ARM_GCC_541\Debug\main.o (Motor_Right_Driver_Sleep)
.\CortexM3\ARM_GCC_541\Debug\Group17Robot.a(Motor_Left_Control.o)
                              .\CortexM3\ARM_GCC_541\Debug\navigation.o (Motor_Left_Control_Write)
[...]
Memory Configuration

Name             Origin             Length             Attributes
rom              0x00000000         0x00040000         xr
ram              0x1fff8000         0x00010000         xrw
*default*        0x00000000         0xffffffff

Linker script and memory map

LOAD c:/program files (x86)/cypress/psoc creator/4.2/psoc creator/import/gnu/arm/5.4.1/bin/../lib/gcc/arm-none-eabi/5.4.1/armv7-m/crti.o
LOAD c:/program files (x86)/cypress/psoc creator/4.2/psoc creator/import/gnu/arm/5.4.1/bin/../lib/gcc/arm-none-eabi/5.4.1/armv7-m/crtbegin.o
LOAD c:/program files (x86)/cypress/psoc creator/4.2/psoc creator/import/gnu/arm/5.4.1/bin/../lib/gcc/arm-none-eabi/5.4.1/../../../../arm-none-eabi/lib/armv7-m/crt0.o
START GROUP
LOAD .\CortexM3\ARM_GCC_541\Debug\main.o
LOAD .\CortexM3\ARM_GCC_541\Debug\colour.o
LOAD .\CortexM3\ARM_GCC_541\Debug\ultrasonic.o
LOAD .\CortexM3\ARM_GCC_541\Debug\servo.o
LOAD .\CortexM3\ARM_GCC_541\Debug\customMath.o
LOAD .\CortexM3\ARM_GCC_541\Debug\navigation.o
LOAD .\CortexM3\ARM_GCC_541\Debug\motor.o
LOAD .\CortexM3\ARM_GCC_541\Debug\debugging.o
LOAD .\CortexM3\ARM_GCC_541\Debug\cyfitter_cfg.o
LOAD .\CortexM3\ARM_GCC_541\Debug\cymetadata.o
LOAD .\CortexM3\ARM_GCC_541\Debug\Cm3Start.o
LOAD .\CortexM3\ARM_GCC_541\Debug\Group17Robot.a
LOAD C:\Program Files (x86)\Cypress\PSoC Creator\4.2\PSoC Creator\psoc\content\cycomponentlibrary\CyComponentLibrary.cylib\CortexM3\ARM_GCC_541\Debug\CyComponentLibrary.a
LOAD c:/program files (x86)/cypress/psoc creator/4.2/psoc creator/import/gnu/arm/5.4.1/bin/../lib/gcc/arm-none-eabi/5.4.1/../../../../arm-none-eabi/lib/armv7-m\libm.a
END GROUP
START GROUP
LOAD c:/program files (x86)/cypress/psoc creator/4.2/psoc creator/import/gnu/arm/5.4.1/bin/../lib/gcc/arm-none-eabi/5.4.1/armv7-m\libgcc.a
LOAD c:/program files (x86)/cypress/psoc creator/4.2/psoc creator/import/gnu/arm/5.4.1/bin/../lib/gcc/arm-none-eabi/5.4.1/../../../../arm-none-eabi/lib/armv7-m\libg_nano.a
LOAD c:/program files (x86)/cypress/psoc creator/4.2/psoc creator/import/gnu/arm/5.4.1/bin/../lib/gcc/arm-none-eabi/5.4.1/../../../../arm-none-eabi/lib/armv7-m\libc_nano.a
END GROUP
START GROUP
LOAD c:/program files (x86)/cypress/psoc creator/4.2/psoc creator/import/gnu/arm/5.4.1/bin/../lib/gcc/arm-none-eabi/5.4.1/armv7-m\libgcc.a
LOAD c:/program files (x86)/cypress/psoc creator/4.2/psoc creator/import/gnu/arm/5.4.1/bin/../lib/gcc/arm-none-eabi/5.4.1/../../../../arm-none-eabi/lib/armv7-m\libc_nano.a
END GROUP
LOAD c:/program files (x86)/cypress/psoc creator/4.2/psoc creator/import/gnu/arm/5.4.1/bin/../lib/gcc/arm-none-eabi/5.4.1/armv7-m/crtend.o
LOAD c:/program files (x86)/cypress/psoc creator/4.2/psoc creator/import/gnu/arm/5.4.1/bin/../lib/gcc/arm-none-eabi/5.4.1/armv7-m/crtn.o
START GROUP
LOAD c:/program files (x86)/cypress/psoc creator/4.2/psoc creator/import/gnu/arm/5.4.1/bin/../lib/gcc/arm-none-eabi/5.4.1/armv7-m\libgcc.a
LOAD c:/program files (x86)/cypress/psoc creator/4.2/psoc creator/import/gnu/arm/5.4.1/bin/../lib/gcc/arm-none-eabi/5.4.1/../../../../arm-none-eabi/lib/armv7-m\libc.a
LOAD c:/program files (x86)/cypress/psoc creator/4.2/psoc creator/import/gnu/arm/5.4.1/bin/../lib/gcc/arm-none-eabi/5.4.1/../../../../arm-none-eabi/lib/armv7-m\libnosys.a
END GROUP
                0x00000000                CY_APPL_ORIGIN = 0x0
                0x00000100                CY_FLASH_ROW_SIZE = 0x100
                0x00000020                CY_ECC_ROW_SIZE = 0x20
                0x00000000                CY_EE_IN_BTLDR = 0x0
                0x00000000                CY_APPL_LOADABLE = 0x0
                0x00000800                CY_EE_SIZE = 0x800
                0x00000001                CY_APPL_NUM = 0x1
                0x00000001                CY_APPL_MAX = 0x1
                0x00000040                CY_METADATA_SIZE = 0x40
                0x00000000                CY_APPL_LOADABLE = 0x0
                0x00000000                CY_CHECKSUM_EXCLUDE_SIZE = ALIGN (0x0, CY_FLASH_ROW_SIZE)
                [!provide]                PROVIDE (__cy_heap_start, _end)
                0x00000001                PROVIDE (__cy_region_num, ((__cy_regions_end - __cy_regions) / 0x10))
                0x20008000                PROVIDE (__cy_stack, (ORIGIN (ram) + LENGTH (ram)))
                [!provide]                PROVIDE (__cy_heap_end, (__cy_stack - 0x800))

.cybootloader   0x00000000        0x0
 *(.cybootloader)
                0x00000000                appl1_start = CY_APPL_ORIGIN?CY_APPL_ORIGIN:ALIGN (CY_FLASH_ROW_SIZE)
                0x0001ff00                appl2_start = (appl1_start + ALIGN ((((LENGTH (rom) - appl1_start) - (0x2 * CY_FLASH_ROW_SIZE)) / 0x2), CY_FLASH_ROW_SIZE))
                0x00000000                appl_start = (CY_APPL_NUM == 0x1)?appl1_start:appl2_start
                0x00000000                ecc_offset = ((appl_start / CY_FLASH_ROW_SIZE) * CY_ECC_ROW_SIZE)
                0x00000000                ee_offset = (CY_APPL_LOADABLE && ! (CY_EE_IN_BTLDR))?((CY_EE_SIZE / CY_APPL_MAX) * (CY_APPL_NUM - 0x1)):0x0
                0x00000800                ee_size = (CY_APPL_LOADABLE && ! (CY_EE_IN_BTLDR))?(CY_EE_SIZE / CY_APPL_MAX):CY_EE_SIZE
                [!provide]                PROVIDE (CY_ECC_OFFSET, ecc_offset)

.text           0x00000000     0x7f64
 CREATE_OBJECT_SYMBOLS
                0x00000000                PROVIDE (__cy_interrupt_vector, RomVectors)
 *(.romvectors)
 .romvectors    0x00000000       0x10 .\CortexM3\ARM_GCC_541\Debug\Cm3Start.o
                0x00000000                RomVectors
                0x00000001                ASSERT ((. != __cy_interrupt_vector), No interrupt vector)
                0x00000001                ASSERT (CY_APPL_ORIGIN?(SIZEOF (.cybootloader) <= CY_APPL_ORIGIN):0x1, Wrong image location)
                0x00000010                PROVIDE (__cy_reset, Reset)
 *(.text.Reset)
 .text.Reset    0x00000010       0x18 .\CortexM3\ARM_GCC_541\Debug\Cm3Start.o
                0x00000010                Reset
                0x00000001                ASSERT ((. != __cy_reset), No reset code)
 *(.dma_init)
                0x00000001                ASSERT ((((appl_start + .) <= 0x10000) || 0x1), DMA Init must be within the first 64k of flash)
 *(.text .text.* .gnu.linkonce.t.*)
 .text          0x00000028       0x5c c:/program files (x86)/cypress/psoc creator/4.2/psoc creator/import/gnu/arm/5.4.1/bin/../lib/gcc/arm-none-eabi/5.4.1/armv7-m/crtbegin.o
 .text.TIH      0x00000084        0x8 .\CortexM3\ARM_GCC_541\Debug\main.o
                0x00000084                TIH
 .text.StartIH  0x0000008c       0x24 .\CortexM3\ARM_GCC_541\Debug\main.o
                0x0000008c                StartIH
 .text.SAIH     0x000000b0       0x4c .\CortexM3\ARM_GCC_541\Debug\main.o
                0x000000b0                SAIH
 .text.main     0x000000fc      0xdf0 .\CortexM3\ARM_GCC_541\Debug\main.o
                0x000000fc                main
 .text.colourSensingInitialise
                0x00000eec       0x68 .\CortexM3\ARM_GCC_541\Debug\colour.o
                0x00000eec                colourSensingInitialise
 .text.colourSensingOutput
                0x00000f54      0x314 .\CortexM3\ARM_GCC_541\Debug\colour.o
                0x00000f54                colourSensingOutput
 .text.colourSensingCalibration
                0x00001268       0x78 .\CortexM3\ARM_GCC_541\Debug\colour.o
                0x00001268                colourSensingCalibration
 .text.blinkLED
                0x000012e0       0x34 .\CortexM3\ARM_GCC_541\Debug\colour.o
                0x000012e0                blinkLED
 *fill*         0x00001314        0x4 
 .text.ultrasonicInterruptHandler
                0x00001318       0x48 .\CortexM3\ARM_GCC_541\Debug\ultrasonic.o
                0x00001318                ultrasonicInterruptHandler
 .text.distanceSensor
                0x00001360       0xc0 .\CortexM3\ARM_GCC_541\Debug\ultrasonic.o
                0x00001360                distanceSensor
 .text.safetyDistanceCheck
                0x00001420       0x54 .\CortexM3\ARM_GCC_541\Debug\ultrasonic.o
                0x00001420                safetyDistanceCheck
 .text.armOpen  0x00001474       0x1c .\CortexM3\ARM_GCC_541\Debug\servo.o
                0x00001474                armOpen
 .text.armClose
                0x00001490       0x1c .\CortexM3\ARM_GCC_541\Debug\servo.o
                0x00001490                armClose
 .text.armCloseIndefinitely
                0x000014ac       0x2c .\CortexM3\ARM_GCC_541\Debug\servo.o
                0x000014ac                armCloseIndefinitely
 .text.armTranslate
                0x000014d8       0x58 .\CortexM3\ARM_GCC_541\Debug\servo.o
                0x000014d8                armTranslate
 .text.changeHeightToPuck
                0x00001530       0x6c .\CortexM3\ARM_GCC_541\Debug\servo.o
                0x00001530                changeHeightToPuck
 .text.moveUntilPuck
                0x0000159c       0xd0 .\CortexM3\ARM_GCC_541\Debug\navigation.o
                0x0000159c                moveUntilPuck
 .text.changeOrientation
                0x0000166c       0x3c .\CortexM3\ARM_GCC_541\Debug\navigation.o
                0x0000166c                changeOrientation
 .text.failsafe
                0x000016a8       0x84 .\CortexM3\ARM_GCC_541\Debug\navigation.o
                0x000016a8                failsafe
 *fill*         0x0000172c        0x4 
 .text.moveUntil
                0x00001730      0x310 .\CortexM3\ARM_GCC_541\Debug\navigation.o
                0x00001730                moveUntil
 .text.straightAdjust
                0x00001a40      0x1e8 .\CortexM3\ARM_GCC_541\Debug\navigation.o
                0x00001a40                straightAdjust
 .text.moveForwardThenBackward
                0x00001c28       0x34 .\CortexM3\ARM_GCC_541\Debug\navigation.o
                0x00001c28                moveForwardThenBackward
 *fill*         0x00001c5c        0x4 
 .text.moveDynamic
                0x00001c60      0x19c .\CortexM3\ARM_GCC_541\Debug\motor.o
                0x00001c60                moveDynamic
 *fill*         0x00001dfc        0x4 
 .text.moveSwivel
                0x00001e00      0x114 .\CortexM3\ARM_GCC_541\Debug\motor.o
                0x00001e00                moveSwivel
 *fill*         0x00001f14        0x4 
 .text.translateMoveDynamic
                0x00001f18       0xc8 .\CortexM3\ARM_GCC_541\Debug\motor.o
                0x00001f18                translateMoveDynamic
 .text.ultimateDebugging
                0x00001fe0      0x104 .\CortexM3\ARM_GCC_541\Debug\debugging.o
                0x00001fe0                ultimateDebugging
 .text.CyClockStartupError
                0x000020e4        0x4 .\CortexM3\ARM_GCC_541\Debug\cyfitter_cfg.o
 .text.cfg_write_bytes32
                0x000020e8       0x34 .\CortexM3\ARM_GCC_541\Debug\cyfitter_cfg.o
 .text.AnalogSetDefault
                0x0000211c       0x80 .\CortexM3\ARM_GCC_541\Debug\cyfitter_cfg.o
 .text.CYMEMZERO
                0x0000219c        0xc .\CortexM3\ARM_GCC_541\Debug\cyfitter_cfg.o
 .text.CYCONFIGCPY
                0x000021a8        0x8 .\CortexM3\ARM_GCC_541\Debug\cyfitter_cfg.o
 .text.ClockSetup
                0x000021b0      0x120 .\CortexM3\ARM_GCC_541\Debug\cyfitter_cfg.o
 .text.cyfitter_cfg
                0x000022d0      0x178 .\CortexM3\ARM_GCC_541\Debug\cyfitter_cfg.o
                0x000022d0                cyfitter_cfg
 .text.IntDefaultHandler
                0x00002448       0x10 .\CortexM3\ARM_GCC_541\Debug\Cm3Start.o
                0x00002448                IntDefaultHandler
 .text._sbrk    0x00002458       0x30 .\CortexM3\ARM_GCC_541\Debug\Cm3Start.o
                0x00002458                _sbrk
 .text.Start_c  0x00002488       0x4c .\CortexM3\ARM_GCC_541\Debug\Cm3Start.o
                0x00002488                Start_c
 .text.initialize_psoc
                0x000024d4       0x68 .\CortexM3\ARM_GCC_541\Debug\Cm3Start.o
                0x000024d4                initialize_psoc
 .text.TIA_1_Enable
                0x0000253c       0x28 .\CortexM3\ARM_GCC_541\Debug\Group17Robot.a(TIA_1.o)
                0x0000253c                TIA_1_Enable
 .text.TIA_1_SetPower
                0x00002564       0x18 .\CortexM3\ARM_GCC_541\Debug\Group17Robot.a(TIA_1.o)
                0x00002564                TIA_1_SetPower
 .text.TIA_1_SetResFB
                0x0000257c       0x20 .\CortexM3\ARM_GCC_541\Debug\Group17Robot.a(TIA_1.o)
                0x0000257c                TIA_1_SetResFB
 .text.TIA_1_SetCapFB
                0x0000259c       0x20 .\CortexM3\ARM_GCC_541\Debug\Group17Robot.a(TIA_1.o)
                0x0000259c                TIA_1_SetCapFB
 .text.TIA_1_Init
                0x000025bc       0x2c .\CortexM3\ARM_GCC_541\Debug\Group17Robot.a(TIA_1.o)
                0x000025bc                TIA_1_Init
 .text.TIA_1_Start
                0x000025e8       0x1c .\CortexM3\ARM_GCC_541\Debug\Group17Robot.a(TIA_1.o)
                0x000025e8                TIA_1_Start
 .text.CyHalt   0x00002604        0x4 .\CortexM3\ARM_GCC_541\Debug\Group17Robot.a(CyLib.o)
                0x00002604                CyHalt
 .text.CyDelay  0x00002608       0x2c .\CortexM3\ARM_GCC_541\Debug\Group17Robot.a(CyLib.o)
                0x00002608                CyDelay
 .text.CyDelayUs
                0x00002634       0x14 .\CortexM3\ARM_GCC_541\Debug\Group17Robot.a(CyLib.o)
                0x00002634                CyDelayUs
 .text.CyIntSetVector
                0x00002648       0x28 .\CortexM3\ARM_GCC_541\Debug\Group17Robot.a(CyLib.o)
                0x00002648                CyIntSetVector
 .text.CyIntSetPriority
                0x00002670       0x30 .\CortexM3\ARM_GCC_541\Debug\Group17Robot.a(CyLib.o)
                0x00002670                CyIntSetPriority
 .text.UART_1_Init
                0x000026a0       0x24 .\CortexM3\ARM_GCC_541\Debug\Group17Robot.a(UART_1.o)
                0x000026a0                UART_1_Init
 .text.UART_1_Enable
                0x000026c4       0x38 .\CortexM3\ARM_GCC_541\Debug\Group17Robot.a(UART_1.o)
                0x000026c4                UART_1_Enable
 .text.UART_1_Start
                0x000026fc       0x1c .\CortexM3\ARM_GCC_541\Debug\Group17Robot.a(UART_1.o)
                0x000026fc                UART_1_Start
 .text.UART_1_PutChar
                0x00002718       0x18 .\CortexM3\ARM_GCC_541\Debug\Group17Robot.a(UART_1.o)
                0x00002718                UART_1_PutChar
 .text.UART_1_PutString
                0x00002730       0x24 .\CortexM3\ARM_GCC_541\Debug\Group17Robot.a(UART_1.o)
                0x00002730                UART_1_PutString
 .text.UART_1_IntClock_Start
                0x00002754       0x1c .\CortexM3\ARM_GCC_541\Debug\Group17Robot.a(UART_1_IntClock.o)
                0x00002754                UART_1_IntClock_Start
 .text.ADC_GainCompensation
                0x00002770       0xe0 .\CortexM3\ARM_GCC_541\Debug\Group17Robot.a(ADC.o)
 .text.ADC_SetDSMRef0Reg
                0x00002850       0x4c .\CortexM3\ARM_GCC_541\Debug\Group17Robot.a(ADC.o)
 .text.ADC_InitConfig
                0x0000289c      0x314 .\CortexM3\ARM_GCC_541\Debug\Group17Robot.a(ADC.o)
 .text.ADC_Init
                0x00002bb0      0x108 .\CortexM3\ARM_GCC_541\Debug\Group17Robot.a(ADC.o)
                0x00002bb0                ADC_Init
 .text.ADC_Enable
                0x00002cb8       0xd8 .\CortexM3\ARM_GCC_541\Debug\Group17Robot.a(ADC.o)
                0x00002cb8                ADC_Enable
 .text.ADC_Start
                0x00002d90       0x28 .\CortexM3\ARM_GCC_541\Debug\Group17Robot.a(ADC.o)
                0x00002d90                ADC_Start
 .text.ADC_StartConvert
                0x00002db8       0x10 .\CortexM3\ARM_GCC_541\Debug\Group17Robot.a(ADC.o)
                0x00002db8                ADC_StartConvert
 .text.ADC_StopConvert
                0x00002dc8       0x10 .\CortexM3\ARM_GCC_541\Debug\Group17Robot.a(ADC.o)
                0x00002dc8                ADC_StopConvert
 .text.ADC_IsEndConversion
                0x00002dd8       0x30 .\CortexM3\ARM_GCC_541\Debug\Group17Robot.a(ADC.o)
                0x00002dd8                ADC_IsEndConversion
 .text.ADC_GetResult32
                0x00002e08       0x6c .\CortexM3\ARM_GCC_541\Debug\Group17Robot.a(ADC.o)
                0x00002e08                ADC_GetResult32
 .text.ADC_Read32
                0x00002e74       0x28 .\CortexM3\ARM_GCC_541\Debug\Group17Robot.a(ADC.o)
                0x00002e74                ADC_Read32
 .text.ADC_ISR1
                0x00002e9c        0x4 .\CortexM3\ARM_GCC_541\Debug\Group17Robot.a(ADC_INT.o)
                0x00002e9c                ADC_ISR1
 .text.ADC_ISR2
                0x00002ea0        0x4 .\CortexM3\ARM_GCC_541\Debug\Group17Robot.a(ADC_INT.o)
                0x00002ea0                ADC_ISR2
 .text.ADC_ISR3
                0x00002ea4        0x4 .\CortexM3\ARM_GCC_541\Debug\Group17Robot.a(ADC_INT.o)
                0x00002ea4                ADC_ISR3
 .text.ADC_ISR4
                0x00002ea8        0x4 .\CortexM3\ARM_GCC_541\Debug\Group17Robot.a(ADC_INT.o)
                0x00002ea8                ADC_ISR4
 .text.ADC_Ext_CP_Clk_GetDividerRegister
                0x00002eac        0xc .\CortexM3\ARM_GCC_541\Debug\Group17Robot.a(ADC_Ext_CP_Clk.o)
                0x00002eac                ADC_Ext_CP_Clk_GetDividerRegister
 .text.ADC_Ext_CP_Clk_SetModeRegister
                0x00002eb8       0x14 .\CortexM3\ARM_GCC_541\Debug\Group17Robot.a(ADC_Ext_CP_Clk.o)
                0x00002eb8                ADC_Ext_CP_Clk_SetModeRegister
 .text.ADC_Ext_CP_Clk_GetSourceRegister
                0x00002ecc       0x10 .\CortexM3\ARM_GCC_541\Debug\Group17Robot.a(ADC_Ext_CP_Clk.o)
                0x00002ecc                ADC_Ext_CP_Clk_GetSourceRegister
 .text.ADC_Ext_CP_Clk_SetDividerRegister
                0x00002edc       0xd8 .\CortexM3\ARM_GCC_541\Debug\Group17Robot.a(ADC_Ext_CP_Clk.o)
                0x00002edc                ADC_Ext_CP_Clk_SetDividerRegister
 .text.ADC_theACLK_GetDividerRegister
                0x00002fb4        0xc .\CortexM3\ARM_GCC_541\Debug\Group17Robot.a(ADC_theACLK.o)
                0x00002fb4                ADC_theACLK_GetDividerRegister
 .text.ADC_theACLK_SetModeRegister
                0x00002fc0       0x14 .\CortexM3\ARM_GCC_541\Debug\Group17Robot.a(ADC_theACLK.o)
                0x00002fc0                ADC_theACLK_SetModeRegister
 .text.ADC_theACLK_GetSourceRegister
                0x00002fd4       0x10 .\CortexM3\ARM_GCC_541\Debug\Group17Robot.a(ADC_theACLK.o)
                0x00002fd4                ADC_theACLK_GetSourceRegister
 .text.ADC_theACLK_SetDividerRegister
                0x00002fe4       0xd8 .\CortexM3\ARM_GCC_541\Debug\Group17Robot.a(ADC_theACLK.o)
                0x00002fe4                ADC_theACLK_SetDividerRegister
 .text.IDAC8_1_Enable
                0x000030bc       0x1c .\CortexM3\ARM_GCC_541\Debug\Group17Robot.a(IDAC8_1.o)
                0x000030bc                IDAC8_1_Enable
 .text.IDAC8_1_SetSpeed
                0x000030d8       0x1c .\CortexM3\ARM_GCC_541\Debug\Group17Robot.a(IDAC8_1.o)
                0x000030d8                IDAC8_1_SetSpeed
 .text.IDAC8_1_SetValue
                0x000030f4        0xc .\CortexM3\ARM_GCC_541\Debug\Group17Robot.a(IDAC8_1.o)
                0x000030f4                IDAC8_1_SetValue
 .text.IDAC8_1_DacTrim
                0x00003100       0x34 .\CortexM3\ARM_GCC_541\Debug\Group17Robot.a(IDAC8_1.o)
                0x00003100                IDAC8_1_DacTrim
 .text.IDAC8_1_Init
                0x00003134       0x24 .\CortexM3\ARM_GCC_541\Debug\Group17Robot.a(IDAC8_1.o)
                0x00003134                IDAC8_1_Init
 .text.IDAC8_1_Start
                0x00003158       0x24 .\CortexM3\ARM_GCC_541\Debug\Group17Robot.a(IDAC8_1.o)
                0x00003158                IDAC8_1_Start
 .text.IDAC8_1_SetRange
                0x0000317c       0x20 .\CortexM3\ARM_GCC_541\Debug\Group17Robot.a(IDAC8_1.o)
                0x0000317c                IDAC8_1_SetRange
 .text.Timer_1_Enable
                0x0000319c       0x10 .\CortexM3\ARM_GCC_541\Debug\Group17Robot.a(Timer_1.o)
                0x0000319c                Timer_1_Enable
 .text.Timer_1_Stop
                0x000031ac       0x10 .\CortexM3\ARM_GCC_541\Debug\Group17Robot.a(Timer_1.o)
                0x000031ac                Timer_1_Stop
 .text.Timer_1_SetInterruptMode
                0x000031bc        0xc .\CortexM3\ARM_GCC_541\Debug\Group17Robot.a(Timer_1.o)
                0x000031bc                Timer_1_SetInterruptMode
 .text.Timer_1_ReadStatusRegister
                0x000031c8        0xc .\CortexM3\ARM_GCC_541\Debug\Group17Robot.a(Timer_1.o)
                0x000031c8                Timer_1_ReadStatusRegister
 .text.Timer_1_WritePeriod
                0x000031d4        0xc .\CortexM3\ARM_GCC_541\Debug\Group17Robot.a(Timer_1.o)
                0x000031d4                Timer_1_WritePeriod
 .text.Timer_1_ReadCapture
                0x000031e0        0xc .\CortexM3\ARM_GCC_541\Debug\Group17Robot.a(Timer_1.o)
                0x000031e0                Timer_1_ReadCapture
 .text.Timer_1_WriteCounter
                0x000031ec        0xc .\CortexM3\ARM_GCC_541\Debug\Group17Robot.a(Timer_1.o)
                0x000031ec                Timer_1_WriteCounter
 .text.Timer_1_ReadCounter
                0x000031f8       0x14 .\CortexM3\ARM_GCC_541\Debug\Group17Robot.a(Timer_1.o)
                0x000031f8                Timer_1_ReadCounter
 .text.Timer_1_SetInterruptCount
                0x0000320c       0x1c .\CortexM3\ARM_GCC_541\Debug\Group17Robot.a(Timer_1.o)
                0x0000320c                Timer_1_SetInterruptCount
 .text.Timer_1_ClearFIFO
                0x00003228       0x14 .\CortexM3\ARM_GCC_541\Debug\Group17Robot.a(Timer_1.o)
                0x00003228                Timer_1_ClearFIFO
 .text.Timer_1_Init
                0x0000323c       0x3c .\CortexM3\ARM_GCC_541\Debug\Group17Robot.a(Timer_1.o)
                0x0000323c                Timer_1_Init
 .text.Timer_1_Start
                0x00003278       0x1c .\CortexM3\ARM_GCC_541\Debug\Group17Robot.a(Timer_1.o)
                0x00003278                Timer_1_Start
 .text.Trigger_1_Write
                0x00003294       0x18 .\CortexM3\ARM_GCC_541\Debug\Group17Robot.a(Trigger_1.o)
                0x00003294                Trigger_1_Write
 .text.Trigger_2_Write
                0x000032ac       0x18 .\CortexM3\ARM_GCC_541\Debug\Group17Robot.a(Trigger_2.o)
                0x000032ac                Trigger_2_Write
 .text.Trigger_3_Write
                0x000032c4       0x18 .\CortexM3\ARM_GCC_541\Debug\Group17Robot.a(Trigger_3.o)
                0x000032c4                Trigger_3_Write
 .text.Trigger_4_Write
                0x000032dc       0x18 .\CortexM3\ARM_GCC_541\Debug\Group17Robot.a(Trigger_4.o)
                0x000032dc                Trigger_4_Write
 .text.Trigger_5_Write
                0x000032f4       0x18 .\CortexM3\ARM_GCC_541\Debug\Group17Robot.a(Trigger_5.o)
                0x000032f4                Trigger_5_Write
 .text.Ultrasonic_Mux_Control_Write
                0x0000330c        0xc .\CortexM3\ARM_GCC_541\Debug\Group17Robot.a(Ultrasonic_Mux_Control.o)
                0x0000330c                Ultrasonic_Mux_Control_Write
 .text.Gripper_Servo_PWM_Enable
                0x00003318       0x28 .\CortexM3\ARM_GCC_541\Debug\Group17Robot.a(Gripper_Servo_PWM.o)
                0x00003318                Gripper_Servo_PWM_Enable
 .text.Gripper_Servo_PWM_Stop
                0x00003340       0x28 .\CortexM3\ARM_GCC_541\Debug\Group17Robot.a(Gripper_Servo_PWM.o)
                0x00003340                Gripper_Servo_PWM_Stop
 .text.Gripper_Servo_PWM_WritePeriod
                0x00003368        0xc .\CortexM3\ARM_GCC_541\Debug\Group17Robot.a(Gripper_Servo_PWM.o)
                0x00003368                Gripper_Servo_PWM_WritePeriod
 .text.Gripper_Servo_PWM_WriteCompare
                0x00003374        0xc .\CortexM3\ARM_GCC_541\Debug\Group17Robot.a(Gripper_Servo_PWM.o)
                0x00003374                Gripper_Servo_PWM_WriteCompare
 .text.Gripper_Servo_PWM_SetInterruptMode
                0x00003380        0xc .\CortexM3\ARM_GCC_541\Debug\Group17Robot.a(Gripper_Servo_PWM.o)
                0x00003380                Gripper_Servo_PWM_SetInterruptMode
 .text.Gripper_Servo_PWM_Init
                0x0000338c       0x78 .\CortexM3\ARM_GCC_541\Debug\Group17Robot.a(Gripper_Servo_PWM.o)
                0x0000338c                Gripper_Servo_PWM_Init
 .text.Gripper_Servo_PWM_Start
                0x00003404       0x1c .\CortexM3\ARM_GCC_541\Debug\Group17Robot.a(Gripper_Servo_PWM.o)
                0x00003404                Gripper_Servo_PWM_Start
 .text.Gripper_Servo_PWM_Sleep
                0x00003420       0x28 .\CortexM3\ARM_GCC_541\Debug\Group17Robot.a(Gripper_Servo_PWM_PM.o)
                0x00003420                Gripper_Servo_PWM_Sleep
 .text.Gripper_Servo_PWM_Wakeup
                0x00003448       0x14 .\CortexM3\ARM_GCC_541\Debug\Group17Robot.a(Gripper_Servo_PWM_PM.o)
                0x00003448                Gripper_Servo_PWM_Wakeup
 .text.Rack_Servo_PWM_Enable
                0x0000345c       0x28 .\CortexM3\ARM_GCC_541\Debug\Group17Robot.a(Rack_Servo_PWM.o)
                0x0000345c                Rack_Servo_PWM_Enable
 .text.Rack_Servo_PWM_Stop
                0x00003484       0x28 .\CortexM3\ARM_GCC_541\Debug\Group17Robot.a(Rack_Servo_PWM.o)
                0x00003484                Rack_Servo_PWM_Stop
 .text.Rack_Servo_PWM_WritePeriod
                0x000034ac        0xc .\CortexM3\ARM_GCC_541\Debug\Group17Robot.a(Rack_Servo_PWM.o)
                0x000034ac                Rack_Servo_PWM_WritePeriod
 .text.Rack_Servo_PWM_WriteCompare
                0x000034b8        0xc .\CortexM3\ARM_GCC_541\Debug\Group17Robot.a(Rack_Servo_PWM.o)
                0x000034b8                Rack_Servo_PWM_WriteCompare
 .text.Rack_Servo_PWM_SetInterruptMode
                0x000034c4        0xc .\CortexM3\ARM_GCC_541\Debug\Group17Robot.a(Rack_Servo_PWM.o)
                0x000034c4                Rack_Servo_PWM_SetInterruptMode
 .text.Rack_Servo_PWM_Init
                0x000034d0       0x78 .\CortexM3\ARM_GCC_541\Debug\Group17Robot.a(Rack_Servo_PWM.o)
                0x000034d0                Rack_Servo_PWM_Init
 .text.Rack_Servo_PWM_Start
                0x00003548       0x1c .\CortexM3\ARM_GCC_541\Debug\Group17Robot.a(Rack_Servo_PWM.o)
                0x00003548                Rack_Servo_PWM_Start
 .text.Rack_Servo_PWM_ReadCompare
                0x00003564        0xc .\CortexM3\ARM_GCC_541\Debug\Group17Robot.a(Rack_Servo_PWM.o)
                0x00003564                Rack_Servo_PWM_ReadCompare
 .text.Rack_Servo_PWM_Sleep
                0x00003570       0x28 .\CortexM3\ARM_GCC_541\Debug\Group17Robot.a(Rack_Servo_PWM_PM.o)
                0x00003570                Rack_Servo_PWM_Sleep
 .text.Rack_Servo_PWM_Wakeup
                0x00003598       0x14 .\CortexM3\ARM_GCC_541\Debug\Group17Robot.a(Rack_Servo_PWM_PM.o)
                0x00003598                Rack_Servo_PWM_Wakeup
 .text.control_led_Write
                0x000035ac        0xc .\CortexM3\ARM_GCC_541\Debug\Group17Robot.a(control_led.o)
                0x000035ac                control_led_Write
 .text.control_photodiode_Write
                0x000035b8        0xc .\CortexM3\ARM_GCC_541\Debug\Group17Robot.a(control_photodiode.o)
                0x000035b8                control_photodiode_Write
 .text.control_photodiode_Read
                0x000035c4        0xc .\CortexM3\ARM_GCC_541\Debug\Group17Robot.a(control_photodiode.o)
                0x000035c4                control_photodiode_Read
 .text.Start_SetVector
                0x000035d0        0xc .\CortexM3\ARM_GCC_541\Debug\Group17Robot.a(Start.o)
                0x000035d0                Start_SetVector
 .text.Start_SetPriority
                0x000035dc       0x10 .\CortexM3\ARM_GCC_541\Debug\Group17Robot.a(Start.o)
                0x000035dc                Start_SetPriority
 .text.Start_Enable
                0x000035ec        0xc .\CortexM3\ARM_GCC_541\Debug\Group17Robot.a(Start.o)
                0x000035ec                Start_Enable
 .text.Start_Disable
                0x000035f8        0xc .\CortexM3\ARM_GCC_541\Debug\Group17Robot.a(Start.o)
                0x000035f8                Start_Disable
 .text.Start_StartEx
                0x00003604       0x1c .\CortexM3\ARM_GCC_541\Debug\Group17Robot.a(Start.o)
                0x00003604                Start_StartEx
 .text.Sonic_SetVector
                0x00003620        0xc .\CortexM3\ARM_GCC_541\Debug\Group17Robot.a(Sonic.o)
                0x00003620                Sonic_SetVector
 .text.Sonic_SetPriority
                0x0000362c       0x10 .\CortexM3\ARM_GCC_541\Debug\Group17Robot.a(Sonic.o)
                0x0000362c                Sonic_SetPriority
 .text.Sonic_Enable
                0x0000363c        0xc .\CortexM3\ARM_GCC_541\Debug\Group17Robot.a(Sonic.o)
                0x0000363c                Sonic_Enable
 .text.Sonic_Disable
                0x00003648        0xc .\CortexM3\ARM_GCC_541\Debug\Group17Robot.a(Sonic.o)
                0x00003648                Sonic_Disable
 .text.Sonic_StartEx
                0x00003654       0x1c .\CortexM3\ARM_GCC_541\Debug\Group17Robot.a(Sonic.o)
                0x00003654                Sonic_StartEx
 .text.Motor_Left_Decoder_GetCounter
                0x00003670       0x10 .\CortexM3\ARM_GCC_541\Debug\Group17Robot.a(Motor_Left_Decoder.o)
                0x00003670                Motor_Left_Decoder_GetCounter
 .text.Motor_Left_Decoder_SetCounter
                0x00003680       0x1c .\CortexM3\ARM_GCC_541\Debug\Group17Robot.a(Motor_Left_Decoder.o)
                0x00003680                Motor_Left_Decoder_SetCounter
 .text.Motor_Left_Decoder_GetEvents
                0x0000369c       0x10 .\CortexM3\ARM_GCC_541\Debug\Group17Robot.a(Motor_Left_Decoder.o)
                0x0000369c                Motor_Left_Decoder_GetEvents
 .text.Motor_Left_Decoder_SetInterruptMask
                0x000036ac        0xc .\CortexM3\ARM_GCC_541\Debug\Group17Robot.a(Motor_Left_Decoder.o)
                0x000036ac                Motor_Left_Decoder_SetInterruptMask
 .text.Motor_Left_Decoder_Enable
                0x000036b8       0x24 .\CortexM3\ARM_GCC_541\Debug\Group17Robot.a(Motor_Left_Decoder.o)
                0x000036b8                Motor_Left_Decoder_Enable
 .text.Motor_Left_Decoder_Start
                0x000036dc       0x24 .\CortexM3\ARM_GCC_541\Debug\Group17Robot.a(Motor_Left_Decoder.o)
                0x000036dc                Motor_Left_Decoder_Start
 .text.Motor_Right_Decoder_GetCounter
                0x00003700       0x10 .\CortexM3\ARM_GCC_541\Debug\Group17Robot.a(Motor_Right_Decoder.o)
                0x00003700                Motor_Right_Decoder_GetCounter
 .text.Motor_Right_Decoder_SetCounter
                0x00003710       0x1c .\CortexM3\ARM_GCC_541\Debug\Group17Robot.a(Motor_Right_Decoder.o)
                0x00003710                Motor_Right_Decoder_SetCounter
 .text.Motor_Right_Decoder_GetEvents
                0x0000372c       0x10 .\CortexM3\ARM_GCC_541\Debug\Group17Robot.a(Motor_Right_Decoder.o)
                0x0000372c                Motor_Right_Decoder_GetEvents
 .text.Motor_Right_Decoder_SetInterruptMask
                0x0000373c        0xc .\CortexM3\ARM_GCC_541\Debug\Group17Robot.a(Motor_Right_Decoder.o)
                0x0000373c                Motor_Right_Decoder_SetInterruptMask
 .text.Motor_Right_Decoder_Enable
                0x00003748       0x24 .\CortexM3\ARM_GCC_541\Debug\Group17Robot.a(Motor_Right_Decoder.o)
                0x00003748                Motor_Right_Decoder_Enable
 .text.Motor_Right_Decoder_Start
                0x0000376c       0x24 .\CortexM3\ARM_GCC_541\Debug\Group17Robot.a(Motor_Right_Decoder.o)
                0x0000376c                Motor_Right_Decoder_Start
 .text.Motor_Left_Driver_Enable
                0x00003790       0x10 .\CortexM3\ARM_GCC_541\Debug\Group17Robot.a(Motor_Left_Driver.o)
                0x00003790                Motor_Left_Driver_Enable
 .text.Motor_Left_Driver_Stop
                0x000037a0       0x10 .\CortexM3\ARM_GCC_541\Debug\Group17Robot.a(Motor_Left_Driver.o)
                0x000037a0                Motor_Left_Driver_Stop
 .text.Motor_Left_Driver_WriteCounter
                0x000037b0        0xc .\CortexM3\ARM_GCC_541\Debug\Group17Robot.a(Motor_Left_Driver.o)
                0x000037b0                Motor_Left_Driver_WriteCounter
 .text.Motor_Left_Driver_ReadCounter
                0x000037bc       0x14 .\CortexM3\ARM_GCC_541\Debug\Group17Robot.a(Motor_Left_Driver.o)
                0x000037bc                Motor_Left_Driver_ReadCounter
 .text.Motor_Left_Driver_WritePeriod
                0x000037d0        0xc .\CortexM3\ARM_GCC_541\Debug\Group17Robot.a(Motor_Left_Driver.o)
                0x000037d0                Motor_Left_Driver_WritePeriod
 .text.Motor_Left_Driver_WriteCompare
                0x000037dc        0xc .\CortexM3\ARM_GCC_541\Debug\Group17Robot.a(Motor_Left_Driver.o)
                0x000037dc                Motor_Left_Driver_WriteCompare
 .text.Motor_Left_Driver_SetInterruptMode
                0x000037e8        0xc .\CortexM3\ARM_GCC_541\Debug\Group17Robot.a(Motor_Left_Driver.o)
                0x000037e8                Motor_Left_Driver_SetInterruptMode
 .text.Motor_Left_Driver_ReadStatusRegister
                0x000037f4        0xc .\CortexM3\ARM_GCC_541\Debug\Group17Robot.a(Motor_Left_Driver.o)
                0x000037f4                Motor_Left_Driver_ReadStatusRegister
 .text.Motor_Left_Driver_ReadControlRegister
                0x00003800        0xc .\CortexM3\ARM_GCC_541\Debug\Group17Robot.a(Motor_Left_Driver.o)
                0x00003800                Motor_Left_Driver_ReadControlRegister
 .text.Motor_Left_Driver_WriteControlRegister
                0x0000380c        0xc .\CortexM3\ARM_GCC_541\Debug\Group17Robot.a(Motor_Left_Driver.o)
                0x0000380c                Motor_Left_Driver_WriteControlRegister
 .text.Motor_Left_Driver_ReadCapture
                0x00003818        0xc .\CortexM3\ARM_GCC_541\Debug\Group17Robot.a(Motor_Left_Driver.o)
                0x00003818                Motor_Left_Driver_ReadCapture
 .text.Motor_Left_Driver_ClearFIFO
                0x00003824       0x14 .\CortexM3\ARM_GCC_541\Debug\Group17Robot.a(Motor_Left_Driver.o)
                0x00003824                Motor_Left_Driver_ClearFIFO
 .text.Motor_Left_Driver_Init
                0x00003838       0x54 .\CortexM3\ARM_GCC_541\Debug\Group17Robot.a(Motor_Left_Driver.o)
                0x00003838                Motor_Left_Driver_Init
 .text.Motor_Left_Driver_Start
                0x0000388c       0x1c .\CortexM3\ARM_GCC_541\Debug\Group17Robot.a(Motor_Left_Driver.o)
                0x0000388c                Motor_Left_Driver_Start
 .text.Motor_Left_Driver_ReadPeriod
                0x000038a8        0xc .\CortexM3\ARM_GCC_541\Debug\Group17Robot.a(Motor_Left_Driver.o)
                0x000038a8                Motor_Left_Driver_ReadPeriod
 .text.Motor_Left_Driver_SaveConfig
                0x000038b4       0x28 .\CortexM3\ARM_GCC_541\Debug\Group17Robot.a(Motor_Left_Driver_PM.o)
                0x000038b4                Motor_Left_Driver_SaveConfig
 .text.Motor_Left_Driver_RestoreConfig
                0x000038dc       0x28 .\CortexM3\ARM_GCC_541\Debug\Group17Robot.a(Motor_Left_Driver_PM.o)
                0x000038dc                Motor_Left_Driver_RestoreConfig
 .text.Motor_Left_Driver_Sleep
                0x00003904       0x2c .\CortexM3\ARM_GCC_541\Debug\Group17Robot.a(Motor_Left_Driver_PM.o)
                0x00003904                Motor_Left_Driver_Sleep
 .text.Motor_Left_Driver_Wakeup
                0x00003930       0x18 .\CortexM3\ARM_GCC_541\Debug\Group17Robot.a(Motor_Left_Driver_PM.o)
                0x00003930                Motor_Left_Driver_Wakeup
 .text.Motor_Right_Driver_Enable
                0x00003948       0x10 .\CortexM3\ARM_GCC_541\Debug\Group17Robot.a(Motor_Right_Driver.o)
                0x00003948                Motor_Right_Driver_Enable
 .text.Motor_Right_Driver_Stop
                0x00003958       0x10 .\CortexM3\ARM_GCC_541\Debug\Group17Robot.a(Motor_Right_Driver.o)
                0x00003958                Motor_Right_Driver_Stop
 .text.Motor_Right_Driver_WriteCounter
                0x00003968        0xc .\CortexM3\ARM_GCC_541\Debug\Group17Robot.a(Motor_Right_Driver.o)
                0x00003968                Motor_Right_Driver_WriteCounter
 .text.Motor_Right_Driver_ReadCounter
                0x00003974       0x14 .\CortexM3\ARM_GCC_541\Debug\Group17Robot.a(Motor_Right_Driver.o)
                0x00003974                Motor_Right_Driver_ReadCounter
 .text.Motor_Right_Driver_WritePeriod
                0x00003988        0xc .\CortexM3\ARM_GCC_541\Debug\Group17Robot.a(Motor_Right_Driver.o)
                0x00003988                Motor_Right_Driver_WritePeriod
 .text.Motor_Right_Driver_WriteCompare
                0x00003994        0xc .\CortexM3\ARM_GCC_541\Debug\Group17Robot.a(Motor_Right_Driver.o)
                0x00003994                Motor_Right_Driver_WriteCompare
 .text.Motor_Right_Driver_SetInterruptMode
                0x000039a0        0xc .\CortexM3\ARM_GCC_541\Debug\Group17Robot.a(Motor_Right_Driver.o)
                0x000039a0                Motor_Right_Driver_SetInterruptMode
 .text.Motor_Right_Driver_ReadStatusRegister
                0x000039ac        0xc .\CortexM3\ARM_GCC_541\Debug\Group17Robot.a(Motor_Right_Driver.o)
                0x000039ac                Motor_Right_Driver_ReadStatusRegister
 .text.Motor_Right_Driver_ReadControlRegister
                0x000039b8        0xc .\CortexM3\ARM_GCC_541\Debug\Group17Robot.a(Motor_Right_Driver.o)
                0x000039b8                Motor_Right_Driver_ReadControlRegister
 .text.Motor_Right_Driver_WriteControlRegister
                0x000039c4        0xc .\CortexM3\ARM_GCC_541\Debug\Group17Robot.a(Motor_Right_Driver.o)
                0x000039c4                Motor_Right_Driver_WriteControlRegister
 .text.Motor_Right_Driver_ReadCapture
                0x000039d0        0xc .\CortexM3\ARM_GCC_541\Debug\Group17Robot.a(Motor_Right_Driver.o)
                0x000039d0                Motor_Right_Driver_ReadCapture
 .text.Motor_Right_Driver_ClearFIFO
                0x000039dc       0x14 .\CortexM3\ARM_GCC_541\Debug\Group17Robot.a(Motor_Right_Driver.o)
                0x000039dc                Motor_Right_Driver_ClearFIFO
 .text.Motor_Right_Driver_Init
                0x000039f0       0x50 .\CortexM3\ARM_GCC_541\Debug\Group17Robot.a(Motor_Right_Driver.o)
                0x000039f0                Motor_Right_Driver_Init
 .text.Motor_Right_Driver_Start
                0x00003a40       0x1c .\CortexM3\ARM_GCC_541\Debug\Group17Robot.a(Motor_Right_Driver.o)
                0x00003a40                Motor_Right_Driver_Start
 .text.Motor_Right_Driver_ReadPeriod
                0x00003a5c        0xc .\CortexM3\ARM_GCC_541\Debug\Group17Robot.a(Motor_Right_Driver.o)
                0x00003a5c                Motor_Right_Driver_ReadPeriod
 .text.Motor_Right_Driver_SaveConfig
                0x00003a68       0x28 .\CortexM3\ARM_GCC_541\Debug\Group17Robot.a(Motor_Right_Driver_PM.o)
                0x00003a68                Motor_Right_Driver_SaveConfig
 .text.Motor_Right_Driver_RestoreConfig
                0x00003a90       0x28 .\CortexM3\ARM_GCC_541\Debug\Group17Robot.a(Motor_Right_Driver_PM.o)
                0x00003a90                Motor_Right_Driver_RestoreConfig
 .text.Motor_Right_Driver_Sleep
                0x00003ab8       0x2c .\CortexM3\ARM_GCC_541\Debug\Group17Robot.a(Motor_Right_Driver_PM.o)
                0x00003ab8                Motor_Right_Driver_Sleep
 .text.Motor_Right_Driver_Wakeup
                0x00003ae4       0x18 .\CortexM3\ARM_GCC_541\Debug\Group17Robot.a(Motor_Right_Driver_PM.o)
                0x00003ae4                Motor_Right_Driver_Wakeup
 .text.Motor_Left_Control_Write
                0x00003afc        0xc .\CortexM3\ARM_GCC_541\Debug\Group17Robot.a(Motor_Left_Control.o)
                0x00003afc                Motor_Left_Control_Write
 .text.Motor_Right_Control_Write
                0x00003b08        0xc .\CortexM3\ARM_GCC_541\Debug\Group17Robot.a(Motor_Right_Control.o)
                0x00003b08                Motor_Right_Control_Write
 .text.Motor_Left_Decoder_Cnt16_Enable
                0x00003b14       0x10 .\CortexM3\ARM_GCC_541\Debug\Group17Robot.a(Motor_Left_Decoder_Cnt16.o)
                0x00003b14                Motor_Left_Decoder_Cnt16_Enable
 .text.Motor_Left_Decoder_Cnt16_SetInterruptMode
                0x00003b24        0xc .\CortexM3\ARM_GCC_541\Debug\Group17Robot.a(Motor_Left_Decoder_Cnt16.o)
                0x00003b24                Motor_Left_Decoder_Cnt16_SetInterruptMode
 .text.Motor_Left_Decoder_Cnt16_ReadStatusRegister
                0x00003b30        0xc .\CortexM3\ARM_GCC_541\Debug\Group17Robot.a(Motor_Left_Decoder_Cnt16.o)
                0x00003b30                Motor_Left_Decoder_Cnt16_ReadStatusRegister
 .text.Motor_Left_Decoder_Cnt16_WriteCounter
                0x00003b3c        0xc .\CortexM3\ARM_GCC_541\Debug\Group17Robot.a(Motor_Left_Decoder_Cnt16.o)
                0x00003b3c                Motor_Left_Decoder_Cnt16_WriteCounter
 .text.Motor_Left_Decoder_Cnt16_ReadCounter
                0x00003b48       0x14 .\CortexM3\ARM_GCC_541\Debug\Group17Robot.a(Motor_Left_Decoder_Cnt16.o)
                0x00003b48                Motor_Left_Decoder_Cnt16_ReadCounter
 .text.Motor_Left_Decoder_Cnt16_ReadCapture
                0x00003b5c        0xc .\CortexM3\ARM_GCC_541\Debug\Group17Robot.a(Motor_Left_Decoder_Cnt16.o)
                0x00003b5c                Motor_Left_Decoder_Cnt16_ReadCapture
 .text.Motor_Left_Decoder_Cnt16_WritePeriod
                0x00003b68        0xc .\CortexM3\ARM_GCC_541\Debug\Group17Robot.a(Motor_Left_Decoder_Cnt16.o)
                0x00003b68                Motor_Left_Decoder_Cnt16_WritePeriod
 .text.Motor_Left_Decoder_Cnt16_WriteCompare
                0x00003b74        0xc .\CortexM3\ARM_GCC_541\Debug\Group17Robot.a(Motor_Left_Decoder_Cnt16.o)
                0x00003b74                Motor_Left_Decoder_Cnt16_WriteCompare
 .text.Motor_Left_Decoder_Cnt16_ClearFIFO
                0x00003b80       0x14 .\CortexM3\ARM_GCC_541\Debug\Group17Robot.a(Motor_Left_Decoder_Cnt16.o)
                0x00003b80                Motor_Left_Decoder_Cnt16_ClearFIFO
 .text.Motor_Left_Decoder_Cnt16_Init
                0x00003b94       0x58 .\CortexM3\ARM_GCC_541\Debug\Group17Robot.a(Motor_Left_Decoder_Cnt16.o)
                0x00003b94                Motor_Left_Decoder_Cnt16_Init
 .text.Motor_Left_Decoder_Cnt16_Start
                0x00003bec       0x1c .\CortexM3\ARM_GCC_541\Debug\Group17Robot.a(Motor_Left_Decoder_Cnt16.o)
                0x00003bec                Motor_Left_Decoder_Cnt16_Start
 .text.Motor_Right_Decoder_Cnt16_Enable
                0x00003c08       0x10 .\CortexM3\ARM_GCC_541\Debug\Group17Robot.a(Motor_Right_Decoder_Cnt16.o)
                0x00003c08                Motor_Right_Decoder_Cnt16_Enable
 .text.Motor_Right_Decoder_Cnt16_SetInterruptMode
                0x00003c18        0xc .\CortexM3\ARM_GCC_541\Debug\Group17Robot.a(Motor_Right_Decoder_Cnt16.o)
                0x00003c18                Motor_Right_Decoder_Cnt16_SetInterruptMode
 .text.Motor_Right_Decoder_Cnt16_ReadStatusRegister
                0x00003c24        0xc .\CortexM3\ARM_GCC_541\Debug\Group17Robot.a(Motor_Right_Decoder_Cnt16.o)
                0x00003c24                Motor_Right_Decoder_Cnt16_ReadStatusRegister
 .text.Motor_Right_Decoder_Cnt16_WriteCounter
                0x00003c30        0xc .\CortexM3\ARM_GCC_541\Debug\Group17Robot.a(Motor_Right_Decoder_Cnt16.o)
                0x00003c30                Motor_Right_Decoder_Cnt16_WriteCounter
 .text.Motor_Right_Decoder_Cnt16_ReadCounter
                0x00003c3c       0x14 .\CortexM3\ARM_GCC_541\Debug\Group17Robot.a(Motor_Right_Decoder_Cnt16.o)
                0x00003c3c                Motor_Right_Decoder_Cnt16_ReadCounter
 .text.Motor_Right_Decoder_Cnt16_ReadCapture
                0x00003c50        0xc .\CortexM3\ARM_GCC_541\Debug\Group17Robot.a(Motor_Right_Decoder_Cnt16.o)
                0x00003c50                Motor_Right_Decoder_Cnt16_ReadCapture
 .text.Motor_Right_Decoder_Cnt16_WritePeriod
                0x00003c5c        0xc .\CortexM3\ARM_GCC_541\Debug\Group17Robot.a(Motor_Right_Decoder_Cnt16.o)
                0x00003c5c                Motor_Right_Decoder_Cnt16_WritePeriod
 .text.Motor_Right_Decoder_Cnt16_WriteCompare
                0x00003c68        0xc .\CortexM3\ARM_GCC_541\Debug\Group17Robot.a(Motor_Right_Decoder_Cnt16.o)
                0x00003c68                Motor_Right_Decoder_Cnt16_WriteCompare
 .text.Motor_Right_Decoder_Cnt16_ClearFIFO
                0x00003c74       0x14 .\CortexM3\ARM_GCC_541\Debug\Group17Robot.a(Motor_Right_Decoder_Cnt16.o)
                0x00003c74                Motor_Right_Decoder_Cnt16_ClearFIFO
 .text.Motor_Right_Decoder_Cnt16_Init
                0x00003c88       0x58 .\CortexM3\ARM_GCC_541\Debug\Group17Robot.a(Motor_Right_Decoder_Cnt16.o)
                0x00003c88                Motor_Right_Decoder_Cnt16_Init
 .text.Motor_Right_Decoder_Cnt16_Start
                0x00003ce0       0x1c .\CortexM3\ARM_GCC_541\Debug\Group17Robot.a(Motor_Right_Decoder_Cnt16.o)
                0x00003ce0                Motor_Right_Decoder_Cnt16_Start
 .text.Trigger_6_Write
                0x00003cfc       0x18 .\CortexM3\ARM_GCC_541\Debug\Group17Robot.a(Trigger_6.o)
                0x00003cfc                Trigger_6_Write
 .text.Timer_straight_adjust_Enable
                0x00003d14       0x28 .\CortexM3\ARM_GCC_541\Debug\Group17Robot.a(Timer_straight_adjust.o)
                0x00003d14                Timer_straight_adjust_Enable
 .text.Timer_straight_adjust_SetInterruptMode
                0x00003d3c        0xc .\CortexM3\ARM_GCC_541\Debug\Group17Robot.a(Timer_straight_adjust.o)
                0x00003d3c                Timer_straight_adjust_SetInterruptMode
 .text.Timer_straight_adjust_ReadStatusRegister
                0x00003d48        0xc .\CortexM3\ARM_GCC_541\Debug\Group17Robot.a(Timer_straight_adjust.o)
                0x00003d48                Timer_straight_adjust_ReadStatusRegister
 .text.Timer_straight_adjust_WritePeriod
                0x00003d54        0xc .\CortexM3\ARM_GCC_541\Debug\Group17Robot.a(Timer_straight_adjust.o)
                0x00003d54                Timer_straight_adjust_WritePeriod
 .text.Timer_straight_adjust_WriteCounter
                0x00003d60        0xc .\CortexM3\ARM_GCC_541\Debug\Group17Robot.a(Timer_straight_adjust.o)
                0x00003d60                Timer_straight_adjust_WriteCounter
 .text.Timer_straight_adjust_Init
                0x00003d6c       0x68 .\CortexM3\ARM_GCC_541\Debug\Group17Robot.a(Timer_straight_adjust.o)
                0x00003d6c                Timer_straight_adjust_Init
 .text.Timer_straight_adjust_Start
                0x00003dd4       0x1c .\CortexM3\ARM_GCC_541\Debug\Group17Robot.a(Timer_straight_adjust.o)
                0x00003dd4                Timer_straight_adjust_Start
 .text.Control_Reset_Straight_Write
                0x00003df0        0xc .\CortexM3\ARM_GCC_541\Debug\Group17Robot.a(Control_Reset_Straight.o)
                0x00003df0                Control_Reset_Straight_Write
 .text.Straight_SetVector
                0x00003dfc       0x10 .\CortexM3\ARM_GCC_541\Debug\Group17Robot.a(Straight.o)
                0x00003dfc                Straight_SetVector
 .text.Straight_SetPriority
                0x00003e0c       0x10 .\CortexM3\ARM_GCC_541\Debug\Group17Robot.a(Straight.o)
                0x00003e0c                Straight_SetPriority
 .text.Straight_Enable
                0x00003e1c       0x10 .\CortexM3\ARM_GCC_541\Debug\Group17Robot.a(Straight.o)
                0x00003e1c                Straight_Enable
 .text.Straight_Disable
                0x00003e2c       0x10 .\CortexM3\ARM_GCC_541\Debug\Group17Robot.a(Straight.o)
                0x00003e2c                Straight_Disable
 .text.Straight_StartEx
                0x00003e3c       0x1c .\CortexM3\ARM_GCC_541\Debug\Group17Robot.a(Straight.o)
                0x00003e3c                Straight_StartEx
 .text.Trigger_7_Write
                0x00003e58       0x18 .\CortexM3\ARM_GCC_541\Debug\Group17Robot.a(Trigger_7.o)
                0x00003e58                Trigger_7_Write
 .text          0x00003e70       0x20 .\CortexM3\ARM_GCC_541\Debug\Group17Robot.a(CyBootAsmGnu.o)
                0x00003e70                CyDelayCycles
                0x00003e80                CyEnterCriticalSection
                0x00003e88                CyExitCriticalSection
 .text.round    0x00003e90       0xa0 c:/program files (x86)/cypress/psoc creator/4.2/psoc creator/import/gnu/arm/5.4.1/bin/../lib/gcc/arm-none-eabi/5.4.1/../../../../arm-none-eabi/lib/armv7-m\libm.a(lib_a-s_round.o)
                0x00003e90                round
 .text.sin      0x00003f30       0x90 c:/program files (x86)/cypress/psoc creator/4.2/psoc creator/import/gnu/arm/5.4.1/bin/../lib/gcc/arm-none-eabi/5.4.1/../../../../arm-none-eabi/lib/armv7-m\libm.a(lib_a-s_sin.o)
                0x00003f30                sin
 .text.__ieee754_rem_pio2
                0x00003fc0      0x42c c:/program files (x86)/cypress/psoc creator/4.2/psoc creator/import/gnu/arm/5.4.1/bin/../lib/gcc/arm-none-eabi/5.4.1/../../../../arm-none-eabi/lib/armv7-m\libm.a(lib_a-e_rem_pio2.o)
                0x00003fc0                __ieee754_rem_pio2
 *fill*         0x000043ec        0x4 
 .text.__kernel_cos
                0x000043f0      0x248 c:/program files (x86)/cypress/psoc creator/4.2/psoc creator/import/gnu/arm/5.4.1/bin/../lib/gcc/arm-none-eabi/5.4.1/../../../../arm-none-eabi/lib/armv7-m\libm.a(lib_a-k_cos.o)
                0x000043f0                __kernel_cos
 .text.__kernel_rem_pio2
                0x00004638      0x7f0 c:/program files (x86)/cypress/psoc creator/4.2/psoc creator/import/gnu/arm/5.4.1/bin/../lib/gcc/arm-none-eabi/5.4.1/../../../../arm-none-eabi/lib/armv7-m\libm.a(lib_a-k_rem_pio2.o)
                0x00004638                __kernel_rem_pio2
 .text.__kernel_sin
                0x00004e28      0x16c c:/program files (x86)/cypress/psoc creator/4.2/psoc creator/import/gnu/arm/5.4.1/bin/../lib/gcc/arm-none-eabi/5.4.1/../../../../arm-none-eabi/lib/armv7-m\libm.a(lib_a-k_sin.o)
                0x00004e28                __kernel_sin
 .text.fabs     0x00004f94        0x8 c:/program files (x86)/cypress/psoc creator/4.2/psoc creator/import/gnu/arm/5.4.1/bin/../lib/gcc/arm-none-eabi/5.4.1/../../../../arm-none-eabi/lib/armv7-m\libm.a(lib_a-s_fabs.o)
                0x00004f94                fabs
 *fill*         0x00004f9c        0x4 
 .text.floor    0x00004fa0      0x110 c:/program files (x86)/cypress/psoc creator/4.2/psoc creator/import/gnu/arm/5.4.1/bin/../lib/gcc/arm-none-eabi/5.4.1/../../../../arm-none-eabi/lib/armv7-m\libm.a(lib_a-s_floor.o)
                0x00004fa0                floor
 .text.scalbn   0x000050b0       0xe4 c:/program files (x86)/cypress/psoc creator/4.2/psoc creator/import/gnu/arm/5.4.1/bin/../lib/gcc/arm-none-eabi/5.4.1/../../../../arm-none-eabi/lib/armv7-m\libm.a(lib_a-s_scalbn.o)
                0x000050b0                scalbn
 .text.copysign
                0x00005194       0x10 c:/program files (x86)/cypress/psoc creator/4.2/psoc creator/import/gnu/arm/5.4.1/bin/../lib/gcc/arm-none-eabi/5.4.1/../../../../arm-none-eabi/lib/armv7-m\libm.a(lib_a-s_copysign.o)
                0x00005194                copysign
 .text          0x000051a4      0x370 c:/program files (x86)/cypress/psoc creator/4.2/psoc creator/import/gnu/arm/5.4.1/bin/../lib/gcc/arm-none-eabi/5.4.1/armv7-m\libgcc.a(_arm_addsubdf3.o)
                0x000051a4                __aeabi_drsub
                0x000051ac                __aeabi_dsub
                0x000051ac                __subdf3
                0x000051b0                __aeabi_dadd
                0x000051b0                __adddf3
                0x00005428                __floatunsidf
                0x00005428                __aeabi_ui2d
                0x00005448                __floatsidf
                0x00005448                __aeabi_i2d
                0x0000546c                __aeabi_f2d
                0x0000546c                __extendsfdf2
                0x000054a8                __floatundidf
                0x000054a8                __aeabi_ul2d
                0x000054b8                __floatdidf
                0x000054b8                __aeabi_l2d
 .text          0x00005514      0x424 c:/program files (x86)/cypress/psoc creator/4.2/psoc creator/import/gnu/arm/5.4.1/bin/../lib/gcc/arm-none-eabi/5.4.1/armv7-m\libgcc.a(_arm_muldivdf3.o)
                0x00005514                __aeabi_dmul
                0x00005514                __muldf3
                0x00005768                __divdf3
                0x00005768                __aeabi_ddiv
 .text          0x00005938      0x110 c:/program files (x86)/cypress/psoc creator/4.2/psoc creator/import/gnu/arm/5.4.1/bin/../lib/gcc/arm-none-eabi/5.4.1/armv7-m\libgcc.a(_arm_cmpdf2.o)
                0x00005938                __gtdf2
                0x00005938                __gedf2
                0x00005940                __ltdf2
                0x00005940                __ledf2
                0x00005948                __nedf2
                0x00005948                __eqdf2
                0x00005948                __cmpdf2
                0x000059c4                __aeabi_cdrcmple
                0x000059d4                __aeabi_cdcmpeq
                0x000059d4                __aeabi_cdcmple
                0x000059e4                __aeabi_dcmpeq
                0x000059f8                __aeabi_dcmplt
                0x00005a0c                __aeabi_dcmple
                0x00005a20                __aeabi_dcmpge
                0x00005a34                __aeabi_dcmpgt
 .text          0x00005a48       0x50 c:/program files (x86)/cypress/psoc creator/4.2/psoc creator/import/gnu/arm/5.4.1/bin/../lib/gcc/arm-none-eabi/5.4.1/armv7-m\libgcc.a(_arm_fixdfsi.o)
                0x00005a48                __aeabi_d2iz
                0x00005a48                __fixdfsi
 .text          0x00005a98       0xa0 c:/program files (x86)/cypress/psoc creator/4.2/psoc creator/import/gnu/arm/5.4.1/bin/../lib/gcc/arm-none-eabi/5.4.1/armv7-m\libgcc.a(_arm_truncdfsf2.o)
                0x00005a98                __truncdfsf2
                0x00005a98                __aeabi_d2f
 .text          0x00005b38      0x21c c:/program files (x86)/cypress/psoc creator/4.2/psoc creator/import/gnu/arm/5.4.1/bin/../lib/gcc/arm-none-eabi/5.4.1/armv7-m\libgcc.a(_arm_addsubsf3.o)
                0x00005b38                __aeabi_frsub
                0x00005b40                __subsf3
                0x00005b40                __aeabi_fsub
                0x00005b44                __aeabi_fadd
                0x00005b44                __addsf3
                0x00005ca4                __aeabi_ui2f
                0x00005ca4                __floatunsisf
                0x00005cac                __aeabi_i2f
                0x00005cac                __floatsisf
                0x00005cc8                __aeabi_ul2f
                0x00005cc8                __floatundisf
                0x00005cd8                __aeabi_l2f
                0x00005cd8                __floatdisf
 .text          0x00005d54       0xec c:/program files (x86)/cypress/psoc creator/4.2/psoc creator/import/gnu/arm/5.4.1/bin/../lib/gcc/arm-none-eabi/5.4.1/armv7-m\libgcc.a(_arm_cmpsf2.o)
                0x00005d54                __gesf2
                0x00005d54                __gtsf2
                0x00005d5c                __lesf2
                0x00005d5c                __ltsf2
                0x00005d64                __nesf2
                0x00005d64                __eqsf2
                0x00005d64                __cmpsf2
                0x00005dc4                __aeabi_cfrcmple
                0x00005dcc                __aeabi_cfcmpeq
                0x00005dcc                __aeabi_cfcmple
                0x00005ddc                __aeabi_fcmpeq
                0x00005df0                __aeabi_fcmplt
                0x00005e04                __aeabi_fcmple
                0x00005e18                __aeabi_fcmpge
                0x00005e2c                __aeabi_fcmpgt
 .text          0x00005e40       0x4c c:/program files (x86)/cypress/psoc creator/4.2/psoc creator/import/gnu/arm/5.4.1/bin/../lib/gcc/arm-none-eabi/5.4.1/armv7-m\libgcc.a(_arm_fixsfsi.o)
                0x00005e40                __aeabi_f2iz
                0x00005e40                __fixsfsi
 .text.__errno  0x00005e8c        0xc c:/program files (x86)/cypress/psoc creator/4.2/psoc creator/import/gnu/arm/5.4.1/bin/../lib/gcc/arm-none-eabi/5.4.1/../../../../arm-none-eabi/lib/armv7-m\libg_nano.a(lib_a-errno.o)
                0x00005e8c                __errno
 .text.__libc_init_array
                0x00005e98       0x4c c:/program files (x86)/cypress/psoc creator/4.2/psoc creator/import/gnu/arm/5.4.1/bin/../lib/gcc/arm-none-eabi/5.4.1/../../../../arm-none-eabi/lib/armv7-m\libg_nano.a(lib_a-init.o)
                0x00005e98                __libc_init_array
 .text.memcpy   0x00005ee4       0x16 c:/program files (x86)/cypress/psoc creator/4.2/psoc creator/import/gnu/arm/5.4.1/bin/../lib/gcc/arm-none-eabi/5.4.1/../../../../arm-none-eabi/lib/armv7-m\libg_nano.a(lib_a-memcpy-stub.o)
                0x00005ee4                memcpy
 .text.memset   0x00005efa       0x10 c:/program files (x86)/cypress/psoc creator/4.2/psoc creator/import/gnu/arm/5.4.1/bin/../lib/gcc/arm-none-eabi/5.4.1/../../../../arm-none-eabi/lib/armv7-m\libg_nano.a(lib_a-memset.o)
                0x00005efa                memset
 .text.__cvt    0x00005f0a       0xc0 c:/program files (x86)/cypress/psoc creator/4.2/psoc creator/import/gnu/arm/5.4.1/bin/../lib/gcc/arm-none-eabi/5.4.1/../../../../arm-none-eabi/lib/armv7-m\libg_nano.a(lib_a-nano-vfprintf_float.o)
                0x00005f0a                __cvt
 .text.__exponent
                0x00005fca       0x62 c:/program files (x86)/cypress/psoc creator/4.2/psoc creator/import/gnu/arm/5.4.1/bin/../lib/gcc/arm-none-eabi/5.4.1/../../../../arm-none-eabi/lib/armv7-m\libg_nano.a(lib_a-nano-vfprintf_float.o)
                0x00005fca                __exponent
 .text._printf_float
                0x0000602c      0x488 c:/program files (x86)/cypress/psoc creator/4.2/psoc creator/import/gnu/arm/5.4.1/bin/../lib/gcc/arm-none-eabi/5.4.1/../../../../arm-none-eabi/lib/armv7-m\libg_nano.a(lib_a-nano-vfprintf_float.o)
                0x0000602c                _printf_float
 .text._printf_common
                0x000064b4       0xec c:/program files (x86)/cypress/psoc creator/4.2/psoc creator/import/gnu/arm/5.4.1/bin/../lib/gcc/arm-none-eabi/5.4.1/../../../../arm-none-eabi/lib/armv7-m\libg_nano.a(lib_a-nano-vfprintf_i.o)
                0x000064b4                _printf_common
 .text._printf_i
                0x000065a0      0x24c c:/program files (x86)/cypress/psoc creator/4.2/psoc creator/import/gnu/arm/5.4.1/bin/../lib/gcc/arm-none-eabi/5.4.1/../../../../arm-none-eabi/lib/armv7-m\libg_nano.a(lib_a-nano-vfprintf_i.o)
                0x000065a0                _printf_i
 .text.sprintf  0x000067ec       0x48 c:/program files (x86)/cypress/psoc creator/4.2/psoc creator/import/gnu/arm/5.4.1/bin/../lib/gcc/arm-none-eabi/5.4.1/../../../../arm-none-eabi/lib/armv7-m\libg_nano.a(lib_a-sprintf.o)
                0x000067ec                siprintf
                0x000067ec                sprintf
 .text          0x00006834       0x10 c:/program files (x86)/cypress/psoc creator/4.2/psoc creator/import/gnu/arm/5.4.1/bin/../lib/gcc/arm-none-eabi/5.4.1/../../../../arm-none-eabi/lib/armv7-m\libg_nano.a(lib_a-strlen.o)
                0x00006834                strlen
 .text.quorem   0x00006844      0x116 c:/program files (x86)/cypress/psoc creator/4.2/psoc creator/import/gnu/arm/5.4.1/bin/../lib/gcc/arm-none-eabi/5.4.1/../../../../arm-none-eabi/lib/armv7-m\libg_nano.a(lib_a-dtoa.o)
 *fill*         0x0000695a        0x6 
 .text._dtoa_r  0x00006960      0xb30 c:/program files (x86)/cypress/psoc creator/4.2/psoc creator/import/gnu/arm/5.4.1/bin/../lib/gcc/arm-none-eabi/5.4.1/../../../../arm-none-eabi/lib/armv7-m\libg_nano.a(lib_a-dtoa.o)
                0x00006960                _dtoa_r
 .text._localeconv_r
                0x00007490        0x8 c:/program files (x86)/cypress/psoc creator/4.2/psoc creator/import/gnu/arm/5.4.1/bin/../lib/gcc/arm-none-eabi/5.4.1/../../../../arm-none-eabi/lib/armv7-m\libg_nano.a(lib_a-locale.o)
                0x00007490                _localeconv_r
 .text.malloc   0x00007498       0x10 c:/program files (x86)/cypress/psoc creator/4.2/psoc creator/import/gnu/arm/5.4.1/bin/../lib/gcc/arm-none-eabi/5.4.1/../../../../arm-none-eabi/lib/armv7-m\libg_nano.a(lib_a-malloc.o)
                0x00007498                malloc
 .text.memchr   0x000074a8       0x1c c:/program files (x86)/cypress/psoc creator/4.2/psoc creator/import/gnu/arm/5.4.1/bin/../lib/gcc/arm-none-eabi/5.4.1/../../../../arm-none-eabi/lib/armv7-m\libg_nano.a(lib_a-memchr-stub.o)
                0x000074a8                memchr
 .text._Balloc  0x000074c4       0x6a c:/program files (x86)/cypress/psoc creator/4.2/psoc creator/import/gnu/arm/5.4.1/bin/../lib/gcc/arm-none-eabi/5.4.1/../../../../arm-none-eabi/lib/armv7-m\libg_nano.a(lib_a-mprec.o)
                0x000074c4                _Balloc
 .text._Bfree   0x0000752e       0x2e c:/program files (x86)/cypress/psoc creator/4.2/psoc creator/import/gnu/arm/5.4.1/bin/../lib/gcc/arm-none-eabi/5.4.1/../../../../arm-none-eabi/lib/armv7-m\libg_nano.a(lib_a-mprec.o)
                0x0000752e                _Bfree
 .text.__multadd
                0x0000755c       0x76 c:/program files (x86)/cypress/psoc creator/4.2/psoc creator/import/gnu/arm/5.4.1/bin/../lib/gcc/arm-none-eabi/5.4.1/../../../../arm-none-eabi/lib/armv7-m\libg_nano.a(lib_a-mprec.o)
                0x0000755c                __multadd
 .text.__hi0bits
                0x000075d2       0x40 c:/program files (x86)/cypress/psoc creator/4.2/psoc creator/import/gnu/arm/5.4.1/bin/../lib/gcc/arm-none-eabi/5.4.1/../../../../arm-none-eabi/lib/armv7-m\libg_nano.a(lib_a-mprec.o)
                0x000075d2                __hi0bits
 .text.__lo0bits
                0x00007612       0x5a c:/program files (x86)/cypress/psoc creator/4.2/psoc creator/import/gnu/arm/5.4.1/bin/../lib/gcc/arm-none-eabi/5.4.1/../../../../arm-none-eabi/lib/armv7-m\libg_nano.a(lib_a-mprec.o)
                0x00007612                __lo0bits
 .text.__i2b    0x0000766c       0x12 c:/program files (x86)/cypress/psoc creator/4.2/psoc creator/import/gnu/arm/5.4.1/bin/../lib/gcc/arm-none-eabi/5.4.1/../../../../arm-none-eabi/lib/armv7-m\libg_nano.a(lib_a-mprec.o)
                0x0000766c                __i2b
 .text.__multiply
                0x0000767e      0x120 c:/program files (x86)/cypress/psoc creator/4.2/psoc creator/import/gnu/arm/5.4.1/bin/../lib/gcc/arm-none-eabi/5.4.1/../../../../arm-none-eabi/lib/armv7-m\libg_nano.a(lib_a-mprec.o)
                0x0000767e                __multiply
 *fill*         0x0000779e        0x2 
 .text.__pow5mult
                0x000077a0       0x9c c:/program files (x86)/cypress/psoc creator/4.2/psoc creator/import/gnu/arm/5.4.1/bin/../lib/gcc/arm-none-eabi/5.4.1/../../../../arm-none-eabi/lib/armv7-m\libg_nano.a(lib_a-mprec.o)
                0x000077a0                __pow5mult
 .text.__lshift
                0x0000783c       0xa2 c:/program files (x86)/cypress/psoc creator/4.2/psoc creator/import/gnu/arm/5.4.1/bin/../lib/gcc/arm-none-eabi/5.4.1/../../../../arm-none-eabi/lib/armv7-m\libg_nano.a(lib_a-mprec.o)
                0x0000783c                __lshift
 .text.__mcmp   0x000078de       0x38 c:/program files (x86)/cypress/psoc creator/4.2/psoc creator/import/gnu/arm/5.4.1/bin/../lib/gcc/arm-none-eabi/5.4.1/../../../../arm-none-eabi/lib/armv7-m\libg_nano.a(lib_a-mprec.o)
                0x000078de                __mcmp
 .text.__mdiff  0x00007916       0xbe c:/program files (x86)/cypress/psoc creator/4.2/psoc creator/import/gnu/arm/5.4.1/bin/../lib/gcc/arm-none-eabi/5.4.1/../../../../arm-none-eabi/lib/armv7-m\libg_nano.a(lib_a-mprec.o)
                0x00007916                __mdiff
 .text.__d2b    0x000079d4       0x9c c:/program files (x86)/cypress/psoc creator/4.2/psoc creator/import/gnu/arm/5.4.1/bin/../lib/gcc/arm-none-eabi/5.4.1/../../../../arm-none-eabi/lib/armv7-m\libg_nano.a(lib_a-mprec.o)
                0x000079d4                __d2b
 .text._calloc_r
                0x00007a70       0x1c c:/program files (x86)/cypress/psoc creator/4.2/psoc creator/import/gnu/arm/5.4.1/bin/../lib/gcc/arm-none-eabi/5.4.1/../../../../arm-none-eabi/lib/armv7-m\libg_nano.a(lib_a-nano-callocr.o)
                0x00007a70                _calloc_r
 .text._free_r  0x00007a8c       0x98 c:/program files (x86)/cypress/psoc creator/4.2/psoc creator/import/gnu/arm/5.4.1/bin/../lib/gcc/arm-none-eabi/5.4.1/../../../../arm-none-eabi/lib/armv7-m\libg_nano.a(lib_a-nano-freer.o)
                0x00007a8c                _free_r
 .text._malloc_r
                0x00007b24       0xbc c:/program files (x86)/cypress/psoc creator/4.2/psoc creator/import/gnu/arm/5.4.1/bin/../lib/gcc/arm-none-eabi/5.4.1/../../../../arm-none-eabi/lib/armv7-m\libg_nano.a(lib_a-nano-mallocr.o)
                0x00007b24                _malloc_r
 .text.__ssputs_r
                0x00007be0       0xb2 c:/program files (x86)/cypress/psoc creator/4.2/psoc creator/import/gnu/arm/5.4.1/bin/../lib/gcc/arm-none-eabi/5.4.1/../../../../arm-none-eabi/lib/armv7-m\libg_nano.a(lib_a-nano-svfprintf.o)
                0x00007be0                __ssputs_r
 *fill*         0x00007c92        0x2 
 .text._svfprintf_r
                0x00007c94      0x1e8 c:/program files (x86)/cypress/psoc creator/4.2/psoc creator/import/gnu/arm/5.4.1/bin/../lib/gcc/arm-none-eabi/5.4.1/../../../../arm-none-eabi/lib/armv7-m\libg_nano.a(lib_a-nano-svfprintf.o)
                0x00007c94                _svfiprintf_r
                0x00007c94                _svfprintf_r
 .text._sbrk_r  0x00007e7c       0x20 c:/program files (x86)/cypress/psoc creator/4.2/psoc creator/import/gnu/arm/5.4.1/bin/../lib/gcc/arm-none-eabi/5.4.1/../../../../arm-none-eabi/lib/armv7-m\libg_nano.a(lib_a-sbrkr.o)
                0x00007e7c                _sbrk_r
 .text.memmove  0x00007e9c       0x36 c:/program files (x86)/cypress/psoc creator/4.2/psoc creator/import/gnu/arm/5.4.1/bin/../lib/gcc/arm-none-eabi/5.4.1/../../../../arm-none-eabi/lib/armv7-m\libg_nano.a(lib_a-memmove.o)
                0x00007e9c                memmove
 .text.__malloc_lock
                0x00007ed2        0x2 c:/program files (x86)/cypress/psoc creator/4.2/psoc creator/import/gnu/arm/5.4.1/bin/../lib/gcc/arm-none-eabi/5.4.1/../../../../arm-none-eabi/lib/armv7-m\libg_nano.a(lib_a-mlock.o)
                0x00007ed2                __malloc_lock
 .text.__malloc_unlock
                0x00007ed4        0x2 c:/program files (x86)/cypress/psoc creator/4.2/psoc creator/import/gnu/arm/5.4.1/bin/../lib/gcc/arm-none-eabi/5.4.1/../../../../arm-none-eabi/lib/armv7-m\libg_nano.a(lib_a-mlock.o)
                0x00007ed4                __malloc_unlock
 .text._realloc_r
                0x00007ed6       0x4c c:/program files (x86)/cypress/psoc creator/4.2/psoc creator/import/gnu/arm/5.4.1/bin/../lib/gcc/arm-none-eabi/5.4.1/../../../../arm-none-eabi/lib/armv7-m\libg_nano.a(lib_a-nano-reallocr.o)
                0x00007ed6                _realloc_r
 .text._malloc_usable_size_r
                0x00007f22       0x14 c:/program files (x86)/cypress/psoc creator/4.2/psoc creator/import/gnu/arm/5.4.1/bin/../lib/gcc/arm-none-eabi/5.4.1/../../../../arm-none-eabi/lib/armv7-m\libg_nano.a(lib_a-nano-msizer.o)
                0x00007f22                _malloc_usable_size_r
 *fill*         0x00007f36        0x2 
 .text          0x00007f38       0x2c c:/program files (x86)/cypress/psoc creator/4.2/psoc creator/import/gnu/arm/5.4.1/bin/../lib/gcc/arm-none-eabi/5.4.1/armv7-m\libgcc.a(_arm_unorddf2.o)
                0x00007f38                __unorddf2
                0x00007f38                __aeabi_dcmpun
 *(.plt)
 *(.gnu.warning)
 *(.glue_7t)
 .glue_7t       0x00007f64        0x0 linker stubs
 *(.glue_7)
 .glue_7        0x00007f64        0x0 linker stubs
 *(.vfp11_veneer)
 .vfp11_veneer  0x00007f64        0x0 linker stubs
 *(.bootloader)
 *(.ARM.extab* .gnu.linkonce.armextab.*)
 *(.gcc_except_table)

.v4_bx          0x00007f64        0x0
 .v4_bx         0x00007f64        0x0 linker stubs

.iplt           0x00007f64        0x0
 .iplt          0x00007f64        0x0 c:/program files (x86)/cypress/psoc creator/4.2/psoc creator/import/gnu/arm/5.4.1/bin/../lib/gcc/arm-none-eabi/5.4.1/armv7-m/crtbegin.o

.eh_frame_hdr
 *(.eh_frame_hdr)

.eh_frame       0x00007f64        0x4
 *(.eh_frame)
 .eh_frame      0x00007f64        0x0 c:/program files (x86)/cypress/psoc creator/4.2/psoc creator/import/gnu/arm/5.4.1/bin/../lib/gcc/arm-none-eabi/5.4.1/armv7-m/crtbegin.o
 .eh_frame      0x00007f64        0x4 c:/program files (x86)/cypress/psoc creator/4.2/psoc creator/import/gnu/arm/5.4.1/bin/../lib/gcc/arm-none-eabi/5.4.1/armv7-m/crtend.o
                [!provide]                PROVIDE (__exidx_start, .)

.ARM.exidx
 *(.ARM.exidx* .gnu.linkonce.armexidx.*)
                0x00007f68                __exidx_end = .

.rodata         0x00007f68      0x778
 *(.rodata .rodata.* .gnu.linkonce.r.*)
 .rodata.str1.4
                0x00007f68      0x22c .\CortexM3\ARM_GCC_541\Debug\main.o
 .rodata.str1.4
                0x00008194       0x39 .\CortexM3\ARM_GCC_541\Debug\colour.o
 *fill*         0x000081cd        0x3 
 .rodata.str1.4
                0x000081d0       0x3b .\CortexM3\ARM_GCC_541\Debug\ultrasonic.o
 *fill*         0x0000820b        0x1 
 .rodata.str1.4
                0x0000820c       0x8b .\CortexM3\ARM_GCC_541\Debug\navigation.o
                                 0x93 (size before relaxing)
 *fill*         0x00008297        0x1 
 .rodata.str1.4
                0x00008298       0x36 .\CortexM3\ARM_GCC_541\Debug\motor.o
 *fill*         0x000082ce        0x2 
 .rodata.str1.4
                0x000082d0       0x5c .\CortexM3\ARM_GCC_541\Debug\debugging.o
                                 0x66 (size before relaxing)
 .rodata        0x0000832c       0x44 .\CortexM3\ARM_GCC_541\Debug\cyfitter_cfg.o
 .rodata.npio2_hw
                0x00008370       0x80 c:/program files (x86)/cypress/psoc creator/4.2/psoc creator/import/gnu/arm/5.4.1/bin/../lib/gcc/arm-none-eabi/5.4.1/../../../../arm-none-eabi/lib/armv7-m\libm.a(lib_a-e_rem_pio2.o)
 .rodata.two_over_pi
                0x000083f0      0x108 c:/program files (x86)/cypress/psoc creator/4.2/psoc creator/import/gnu/arm/5.4.1/bin/../lib/gcc/arm-none-eabi/5.4.1/../../../../arm-none-eabi/lib/armv7-m\libm.a(lib_a-e_rem_pio2.o)
 .rodata.init_jk
                0x000084f8       0x10 c:/program files (x86)/cypress/psoc creator/4.2/psoc creator/import/gnu/arm/5.4.1/bin/../lib/gcc/arm-none-eabi/5.4.1/../../../../arm-none-eabi/lib/armv7-m\libm.a(lib_a-k_rem_pio2.o)
 .rodata.PIo2   0x00008508       0x40 c:/program files (x86)/cypress/psoc creator/4.2/psoc creator/import/gnu/arm/5.4.1/bin/../lib/gcc/arm-none-eabi/5.4.1/../../../../arm-none-eabi/lib/armv7-m\libm.a(lib_a-k_rem_pio2.o)
 .rodata.str1.1
                0x00008548        0x2 c:/program files (x86)/cypress/psoc creator/4.2/psoc creator/import/gnu/arm/5.4.1/bin/../lib/gcc/arm-none-eabi/5.4.1/../../../../arm-none-eabi/lib/armv7-m\libg_nano.a(lib_a-impure.o)
 .rodata.str1.1
                0x0000854a       0x12 c:/program files (x86)/cypress/psoc creator/4.2/psoc creator/import/gnu/arm/5.4.1/bin/../lib/gcc/arm-none-eabi/5.4.1/../../../../arm-none-eabi/lib/armv7-m\libg_nano.a(lib_a-nano-vfprintf_float.o)
 .rodata.str1.1
                0x0000855c       0x22 c:/program files (x86)/cypress/psoc creator/4.2/psoc creator/import/gnu/arm/5.4.1/bin/../lib/gcc/arm-none-eabi/5.4.1/../../../../arm-none-eabi/lib/armv7-m\libg_nano.a(lib_a-nano-vfprintf_i.o)
 .rodata.str1.1
                0x0000857e        0xd c:/program files (x86)/cypress/psoc creator/4.2/psoc creator/import/gnu/arm/5.4.1/bin/../lib/gcc/arm-none-eabi/5.4.1/../../../../arm-none-eabi/lib/armv7-m\libg_nano.a(lib_a-dtoa.o)
                                  0xf (size before relaxing)
 .rodata.str1.1
                0x0000858b        0x8 c:/program files (x86)/cypress/psoc creator/4.2/psoc creator/import/gnu/arm/5.4.1/bin/../lib/gcc/arm-none-eabi/5.4.1/../../../../arm-none-eabi/lib/armv7-m\libg_nano.a(lib_a-locale.o)
                                  0xb (size before relaxing)
 *fill*         0x00008593        0x5 
 .rodata.__mprec_tens
                0x00008598       0xc8 c:/program files (x86)/cypress/psoc creator/4.2/psoc creator/import/gnu/arm/5.4.1/bin/../lib/gcc/arm-none-eabi/5.4.1/../../../../arm-none-eabi/lib/armv7-m\libg_nano.a(lib_a-mprec.o)
                0x00008598                __mprec_tens
 .rodata.p05.5408
                0x00008660        0xc c:/program files (x86)/cypress/psoc creator/4.2/psoc creator/import/gnu/arm/5.4.1/bin/../lib/gcc/arm-none-eabi/5.4.1/../../../../arm-none-eabi/lib/armv7-m\libg_nano.a(lib_a-mprec.o)
 *fill*         0x0000866c        0x4 
 .rodata.__mprec_bigtens
                0x00008670       0x28 c:/program files (x86)/cypress/psoc creator/4.2/psoc creator/import/gnu/arm/5.4.1/bin/../lib/gcc/arm-none-eabi/5.4.1/../../../../arm-none-eabi/lib/armv7-m\libg_nano.a(lib_a-mprec.o)
                0x00008670                __mprec_bigtens
 .rodata.str1.1
                0x00008698       0x11 c:/program files (x86)/cypress/psoc creator/4.2/psoc creator/import/gnu/arm/5.4.1/bin/../lib/gcc/arm-none-eabi/5.4.1/../../../../arm-none-eabi/lib/armv7-m\libg_nano.a(lib_a-nano-svfprintf.o)
                0x000086ac                . = ALIGN (0x4)
 *fill*         0x000086a9        0x3 
 *(.init)
 .init          0x000086ac        0x4 c:/program files (x86)/cypress/psoc creator/4.2/psoc creator/import/gnu/arm/5.4.1/bin/../lib/gcc/arm-none-eabi/5.4.1/armv7-m/crti.o
                0x000086ac                _init
 .init          0x000086b0        0x8 c:/program files (x86)/cypress/psoc creator/4.2/psoc creator/import/gnu/arm/5.4.1/bin/../lib/gcc/arm-none-eabi/5.4.1/armv7-m/crtn.o
                0x000086b8                . = ALIGN (0x4)
                0x000086b8                __preinit_array_start = .
 *(.preinit_array)
                0x000086b8                __preinit_array_end = .
                0x000086b8                . = ALIGN (0x4)
                0x000086b8                __init_array_start = .
 *(SORT(.init_array.*))
 *(.init_array)
 .init_array    0x000086b8        0x4 c:/program files (x86)/cypress/psoc creator/4.2/psoc creator/import/gnu/arm/5.4.1/bin/../lib/gcc/arm-none-eabi/5.4.1/armv7-m/crtbegin.o
 .init_array    0x000086bc        0x4 .\CortexM3\ARM_GCC_541\Debug\Cm3Start.o
                0x000086c0                __init_array_end = .
                0x000086c0                . = ALIGN (0x4)
 *(.fini)
 .fini          0x000086c0        0x4 c:/program files (x86)/cypress/psoc creator/4.2/psoc creator/import/gnu/arm/5.4.1/bin/../lib/gcc/arm-none-eabi/5.4.1/armv7-m/crti.o
                0x000086c0                _fini
 .fini          0x000086c4        0x8 c:/program files (x86)/cypress/psoc creator/4.2/psoc creator/import/gnu/arm/5.4.1/bin/../lib/gcc/arm-none-eabi/5.4.1/armv7-m/crtn.o
                0x000086cc                . = ALIGN (0x4)
                0x000086cc                __fini_array_start = .
 *(.fini_array)
 .fini_array    0x000086cc        0x4 c:/program files (x86)/cypress/psoc creator/4.2/psoc creator/import/gnu/arm/5.4.1/bin/../lib/gcc/arm-none-eabi/5.4.1/armv7-m/crtbegin.o
 *(SORT(.fini_array.*))
                0x000086d0                __fini_array_end = .
                0x000086d0                . = ALIGN (0x4)
 *crtbegin.o(.ctors)
 *(EXCLUDE_FILE(*crtend.o) .ctors)
 *(SORT(.ctors.*))
 *crtend.o(.ctors)
                0x000086d0                . = ALIGN (0x4)
 *crtbegin.o(.dtors)
 *(EXCLUDE_FILE(*crtend.o) .dtors)
 *(SORT(.dtors.*))
 *crtend.o(.dtors)
                0x000086d0                . = ALIGN (0x4)
                0x000086d0                __cy_regions = .
                0x000086d0        0x4 LONG 0x86e0 __cy_region_init_ram
                0x000086d4        0x4 LONG 0x1fff80c8 __cy_region_start_data
                0x000086d8        0x4 LONG 0xd8 __cy_region_init_size_ram
                0x000086dc        0x4 LONG 0x1c0 __cy_region_zero_size_ram
                0x000086e0                __cy_regions_end = .
                0x000086e0                . = ALIGN (0x8)
                0x000086e0                _etext = .

.cy_checksum_exclude
                0x000086e0        0x0
 *(.cy_checksum_exclude)

.ramvectors     0x1fff8000       0xc0
                0x1fff8000                __cy_region_start_ram = .
 *(.ramvectors)
 .ramvectors    0x1fff8000       0xc0 .\CortexM3\ARM_GCC_541\Debug\Cm3Start.o
                0x1fff8000                CyRamVectors

.noinit         0x1fff80c0        0x1
 *(.noinit)
 .noinit        0x1fff80c0        0x1 .\CortexM3\ARM_GCC_541\Debug\Group17Robot.a(CyLib.o)
                0x1fff80c0                CyResetStatus

.data           0x1fff80c8       0xd8 load address 0x000086e0
                0x1fff80c8                __cy_region_start_data = .
 *(.jcr)
 .jcr           0x1fff80c8        0x0 c:/program files (x86)/cypress/psoc creator/4.2/psoc creator/import/gnu/arm/5.4.1/bin/../lib/gcc/arm-none-eabi/5.4.1/armv7-m/crtbegin.o
 .jcr           0x1fff80c8        0x4 c:/program files (x86)/cypress/psoc creator/4.2/psoc creator/import/gnu/arm/5.4.1/bin/../lib/gcc/arm-none-eabi/5.4.1/armv7-m/crtend.o
 *(.got.plt)
 *(.got)
 *(.shdata)
 *(.data .data.* .gnu.linkonce.d.*)
 .data          0x1fff80cc       0x1c .\CortexM3\ARM_GCC_541\Debug\main.o
                0x1fff80cc                current_stage
                0x1fff80d0                colour_flag
                0x1fff80d4                puck_rack_west_offsets
 .data          0x1fff80e8        0x4 .\CortexM3\ARM_GCC_541\Debug\Cm3Start.o
 .data          0x1fff80ec       0x10 .\CortexM3\ARM_GCC_541\Debug\Group17Robot.a(CyLib.o)
                0x1fff80ec                cydelay_32k_ms
                0x1fff80f0                cydelay_freq_khz
                0x1fff80f4                cydelay_freq_mhz
                0x1fff80f8                cydelay_freq_hz
 .data          0x1fff80fc        0x1 .\CortexM3\ARM_GCC_541\Debug\Group17Robot.a(ADC.o)
                0x1fff80fc                ADC_Config
 *fill*         0x1fff80fd        0x3 
 .data.impure_data
                0x1fff8100       0x60 c:/program files (x86)/cypress/psoc creator/4.2/psoc creator/import/gnu/arm/5.4.1/bin/../lib/gcc/arm-none-eabi/5.4.1/../../../../arm-none-eabi/lib/armv7-m\libg_nano.a(lib_a-impure.o)
 .data._impure_ptr
                0x1fff8160        0x4 c:/program files (x86)/cypress/psoc creator/4.2/psoc creator/import/gnu/arm/5.4.1/bin/../lib/gcc/arm-none-eabi/5.4.1/../../../../arm-none-eabi/lib/armv7-m\libg_nano.a(lib_a-impure.o)
                0x1fff8160                _impure_ptr
 .data.lconv    0x1fff8164       0x38 c:/program files (x86)/cypress/psoc creator/4.2/psoc creator/import/gnu/arm/5.4.1/bin/../lib/gcc/arm-none-eabi/5.4.1/../../../../arm-none-eabi/lib/armv7-m\libg_nano.a(lib_a-locale.o)
                0x1fff81a0                . = ALIGN (0x8)
 *fill*         0x1fff819c        0x4 
 *(.ram)
                0x1fff81a0                _edata = .

.igot.plt       0x1fff81a0        0x0 load address 0x000087b8
 .igot.plt      0x1fff81a0        0x0 c:/program files (x86)/cypress/psoc creator/4.2/psoc creator/import/gnu/arm/5.4.1/bin/../lib/gcc/arm-none-eabi/5.4.1/armv7-m/crtbegin.o

.bss            0x1fff81a0      0x1c0 load address 0x000087b8
                0x1fff81a0                PROVIDE (__bss_start__, .)
 *(.shbss)
 *(.bss .bss.* .gnu.linkonce.b.*)
 .bss           0x1fff81a0       0x1c c:/program files (x86)/cypress/psoc creator/4.2/psoc creator/import/gnu/arm/5.4.1/bin/../lib/gcc/arm-none-eabi/5.4.1/armv7-m/crtbegin.o
 .bss           0x1fff81bc       0x7c .\CortexM3\ARM_GCC_541\Debug\main.o
                0x1fff81bc                begin_navigation
                0x1fff81c0                state
                0x1fff81c4                idac_value
                0x1fff81c8                colour_sensing_algorithm
                0x1fff81cc                puck_construction_plan
                0x1fff81d8                puck_rack_scans
                0x1fff81ec                block_location
                0x1fff81fc                block_east_clearance
                0x1fff81fe                block_west_clearance
                0x1fff8200                puck_west_clearance
                0x1fff8202                puck_east_clearance
                0x1fff8204                current_puck_stack_size
                0x1fff8208                safety_override
                0x1fff820c                moving
                0x1fff8210                puck_location
                0x1fff8220                puck_temp_pile
                0x1fff8228                block_edge_location
 .bss           0x1fff8238       0x30 .\CortexM3\ARM_GCC_541\Debug\ultrasonic.o
                0x1fff8238                count
                0x1fff823c                sensor_distances
                0x1fff8258                puck_start
                0x1fff825c                block_start
                0x1fff8260                distance_measured
                0x1fff8264                i
 .bss           0x1fff8268       0x10 .\CortexM3\ARM_GCC_541\Debug\debugging.o
                0x1fff8268                colour_calibration
                0x1fff826c                servo_testing
                0x1fff8270                motor_testing
                0x1fff8274                ultrasonic_testing
 .bss           0x1fff8278        0x1 .\CortexM3\ARM_GCC_541\Debug\Group17Robot.a(TIA_1.o)
                0x1fff8278                TIA_1_initVar
 .bss           0x1fff8279        0x2 .\CortexM3\ARM_GCC_541\Debug\Group17Robot.a(UART_1.o)
                0x1fff8279                UART_1_initVar
 *fill*         0x1fff827b        0x1 
 .bss           0x1fff827c       0x18 .\CortexM3\ARM_GCC_541\Debug\Group17Robot.a(ADC.o)
                0x1fff828c                ADC_stopConversion
                0x1fff828d                ADC_convDone
                0x1fff828e                ADC_initVar
                0x1fff828f                ADC_started
                0x1fff8290                ADC_Offset
 .bss           0x1fff8294        0x1 .\CortexM3\ARM_GCC_541\Debug\Group17Robot.a(IDAC8_1.o)
                0x1fff8294                IDAC8_1_initVar
 .bss           0x1fff8295        0x1 .\CortexM3\ARM_GCC_541\Debug\Group17Robot.a(Timer_1.o)
                0x1fff8295                Timer_1_initVar
 .bss           0x1fff8296        0x1 .\CortexM3\ARM_GCC_541\Debug\Group17Robot.a(Gripper_Servo_PWM.o)
                0x1fff8296                Gripper_Servo_PWM_initVar
 *fill*         0x1fff8297        0x1 
 .bss           0x1fff8298        0x1 .\CortexM3\ARM_GCC_541\Debug\Group17Robot.a(Gripper_Servo_PWM_PM.o)
 .bss           0x1fff8299        0x1 .\CortexM3\ARM_GCC_541\Debug\Group17Robot.a(Rack_Servo_PWM.o)
                0x1fff8299                Rack_Servo_PWM_initVar
 *fill*         0x1fff829a        0x2 
 .bss           0x1fff829c        0x1 .\CortexM3\ARM_GCC_541\Debug\Group17Robot.a(Rack_Servo_PWM_PM.o)
 .bss           0x1fff829d        0x1 .\CortexM3\ARM_GCC_541\Debug\Group17Robot.a(Motor_Left_Decoder.o)
                0x1fff829d                Motor_Left_Decoder_initVar
 .bss           0x1fff829e        0x1 .\CortexM3\ARM_GCC_541\Debug\Group17Robot.a(Motor_Right_Decoder.o)
                0x1fff829e                Motor_Right_Decoder_initVar
 .bss           0x1fff829f        0x1 .\CortexM3\ARM_GCC_541\Debug\Group17Robot.a(Motor_Left_Driver.o)
                0x1fff829f                Motor_Left_Driver_initVar
 .bss           0x1fff82a0        0x5 .\CortexM3\ARM_GCC_541\Debug\Group17Robot.a(Motor_Left_Driver_PM.o)
 .bss           0x1fff82a5        0x1 .\CortexM3\ARM_GCC_541\Debug\Group17Robot.a(Motor_Right_Driver.o)
                0x1fff82a5                Motor_Right_Driver_initVar
 *fill*         0x1fff82a6        0x2 
 .bss           0x1fff82a8        0x5 .\CortexM3\ARM_GCC_541\Debug\Group17Robot.a(Motor_Right_Driver_PM.o)
 .bss           0x1fff82ad        0x1 .\CortexM3\ARM_GCC_541\Debug\Group17Robot.a(Motor_Left_Decoder_Cnt16.o)
                0x1fff82ad                Motor_Left_Decoder_Cnt16_initVar
 .bss           0x1fff82ae        0x1 .\CortexM3\ARM_GCC_541\Debug\Group17Robot.a(Motor_Right_Decoder_Cnt16.o)
                0x1fff82ae                Motor_Right_Decoder_Cnt16_initVar
 .bss           0x1fff82af        0x1 .\CortexM3\ARM_GCC_541\Debug\Group17Robot.a(Timer_straight_adjust.o)
                0x1fff82af                Timer_straight_adjust_initVar
 .bss.__malloc_sbrk_start
                0x1fff82b0        0x4 c:/program files (x86)/cypress/psoc creator/4.2/psoc creator/import/gnu/arm/5.4.1/bin/../lib/gcc/arm-none-eabi/5.4.1/../../../../arm-none-eabi/lib/armv7-m\libg_nano.a(lib_a-nano-mallocr.o)
                0x1fff82b0                __malloc_sbrk_start
 .bss.__malloc_free_list
                0x1fff82b4        0x4 c:/program files (x86)/cypress/psoc creator/4.2/psoc creator/import/gnu/arm/5.4.1/bin/../lib/gcc/arm-none-eabi/5.4.1/../../../../arm-none-eabi/lib/armv7-m\libg_nano.a(lib_a-nano-mallocr.o)
                0x1fff82b4                __malloc_free_list
 *(COMMON)
 COMMON         0x1fff82b8       0x44 .\CortexM3\ARM_GCC_541\Debug\main.o
                0x1fff82b8                global_encoder
                0x1fff82bc                output
                0x1fff82dc                distance_returned_global
                0x1fff82e0                internal_orientation
                0x1fff82e4                preferential_route
                0x1fff82e8                ultrasonic_flag
                0x1fff82ec                global_distance
                0x1fff82f0                set_path
                0x1fff82f4                puck_grid_initial
                0x1fff82f8                initial_tolerance
 COMMON         0x1fff82fc       0x54 .\CortexM3\ARM_GCC_541\Debug\colour.o
                0x1fff82fc                test_white
                0x1fff8300                test_red
                0x1fff8304                ambient_current
                0x1fff8308                input_current
                0x1fff830c                colour_output
                0x1fff8310                ambient_green
                0x1fff8314                ambient_white
                0x1fff8318                ambient_red
                0x1fff831c                test_blue
                0x1fff8320                ambient_blue
                0x1fff8324                pd_voltage
                0x1fff8328                stored
                0x1fff834c                test_green
 COMMON         0x1fff8350        0x4 .\CortexM3\ARM_GCC_541\Debug\ultrasonic.o
                0x1fff8350                ultrasonic_mux_control
 COMMON         0x1fff8354        0x4 .\CortexM3\ARM_GCC_541\Debug\Group17Robot.a(ADC.o)
                0x1fff8354                ADC_CountsPerVolt
 COMMON         0x1fff8358        0x4 c:/program files (x86)/cypress/psoc creator/4.2/psoc creator/import/gnu/arm/5.4.1/bin/../lib/gcc/arm-none-eabi/5.4.1/../../../../arm-none-eabi/lib/armv7-m\libg_nano.a(lib_a-reent.o)
                0x1fff8358                errno
                0x1fff8360                . = ALIGN (0x8)
 *fill*         0x1fff835c        0x4 
 *(.ram.b)
                0x1fff8360                _end = .
                0x1fff8360                __end = .
                0x1fff8360                PROVIDE (end, .)
                0x1fff8360                PROVIDE (__bss_end__, .)
                0x000086e0                __cy_region_init_ram = LOADADDR (.data)
                0x000000d8                __cy_region_init_size_ram = (_edata - ADDR (.data))
                0x000001c0                __cy_region_zero_size_ram = (_end - _edata)

.heap           0x1fff8360      0x200 load address 0x000087b8
                0x1fff8360                . = _end
                0x1fff8560                . = (. + 0x200)
 *fill*         0x1fff8360      0x200 
                0x1fff8560                __cy_heap_limit = .

.stack          0x20007800      0x800
                0x20007800                __cy_stack_limit = .
                0x20008000                . = (. + 0x800)
 *fill*         0x20007800      0x800 
                0x00000001                ASSERT ((__cy_stack_limit >= __cy_heap_limit), region RAM overflowed with stack)
                0x00000000                cy_checksum_exclude_size = (CY_APPL_LOADABLE == 0x1)?SIZEOF (.cy_checksum_exclude):0x0
                0x00000001                ASSERT ((cy_checksum_exclude_size <= CY_CHECKSUM_EXCLUDE_SIZE), CY_BOOT: Section .cy_checksum_exclude size exceedes specified limit.)

.cyloadermeta
 *(.cyloadermeta)

.cyloadablemeta
 *(.cyloadablemeta)

.cyconfigecc    0x80000000     0x10b4
 *(.cyconfigecc)
 .cyconfigecc   0x80000000     0x10b4 .\CortexM3\ARM_GCC_541\Debug\cymetadata.o
                0x80000000                cy_meta_configecc

.cycustnvl      0x90000000        0x4
 *(.cycustnvl)
 .cycustnvl     0x90000000        0x4 .\CortexM3\ARM_GCC_541\Debug\cymetadata.o
                0x90000000                cy_meta_custnvl

.cywolatch      0x90100000        0x4
 *(.cywolatch)
 .cywolatch     0x90100000        0x4 .\CortexM3\ARM_GCC_541\Debug\cymetadata.o
                0x90100000                cy_meta_wonvl

.cyeeprom       0x90200000        0x0
 *(.cyeeprom)
                0x00000001                ASSERT ((. <= ((0x90200000 + ee_offset) + ee_size)), .cyeeprom data will not fit in EEPROM)

.cyflashprotect
                0x90400000      0x100
 *(.cyflashprotect)
 .cyflashprotect
                0x90400000      0x100 .\CortexM3\ARM_GCC_541\Debug\cymetadata.o
                0x90400000                cy_meta_flashprotect

.cymeta         0x90500000        0xc
 *(.cymeta)
 .cymeta        0x90500000        0xc .\CortexM3\ARM_GCC_541\Debug\cymetadata.o
                0x90500000                cy_metadata

.rel.dyn        0x000087b8        0x0 load address 0x9050000c
 .rel.iplt      0x000087b8        0x0 c:/program files (x86)/cypress/psoc creator/4.2/psoc creator/import/gnu/arm/5.4.1/bin/../lib/gcc/arm-none-eabi/5.4.1/armv7-m/crtbegin.o

.stab
 *(.stab)

.stabstr
 *(.stabstr)

.debug
 *(.debug)

.line
 *(.line)

.debug_srcinfo
 *(.debug_srcinfo)

.debug_sfnames
 *(.debug_sfnames)

.debug_aranges  0x00000000     0x1550
 *(.debug_aranges)
 .debug_aranges
                0x00000000       0x38 .\CortexM3\ARM_GCC_541\Debug\main.o
 .debug_aranges
                0x00000038       0x40 .\CortexM3\ARM_GCC_541\Debug\colour.o
 .debug_aranges
                0x00000078       0x38 .\CortexM3\ARM_GCC_541\Debug\ultrasonic.o
 .debug_aranges
                0x000000b0       0x58 .\CortexM3\ARM_GCC_541\Debug\servo.o
 .debug_aranges
                0x00000108       0x28 .\CortexM3\ARM_GCC_541\Debug\customMath.o
 .debug_aranges
                0x00000130       0x88 .\CortexM3\ARM_GCC_541\Debug\navigation.o
 .debug_aranges
                0x000001b8       0x38 .\CortexM3\ARM_GCC_541\Debug\motor.o
 .debug_aranges
                0x000001f0       0x20 .\CortexM3\ARM_GCC_541\Debug\debugging.o
 .debug_aranges
                0x00000210       0x58 .\CortexM3\ARM_GCC_541\Debug\cyfitter_cfg.o
 .debug_aranges
                0x00000268       0x18 .\CortexM3\ARM_GCC_541\Debug\cymetadata.o
 .debug_aranges
                0x00000280       0x48 .\CortexM3\ARM_GCC_541\Debug\Cm3Start.o
 .debug_aranges
                0x000002c8       0x50 .\CortexM3\ARM_GCC_541\Debug\Group17Robot.a(TIA_1.o)
 .debug_aranges
                0x00000318      0x2a0 .\CortexM3\ARM_GCC_541\Debug\Group17Robot.a(CyLib.o)
 .debug_aranges
                0x000005b8       0x98 .\CortexM3\ARM_GCC_541\Debug\Group17Robot.a(cyPm.o)
 .debug_aranges
                0x00000650       0xf0 .\CortexM3\ARM_GCC_541\Debug\Group17Robot.a(UART_1.o)
 .debug_aranges
                0x00000740       0x70 .\CortexM3\ARM_GCC_541\Debug\Group17Robot.a(UART_1_IntClock.o)
 .debug_aranges
                0x000007b0       0xe8 .\CortexM3\ARM_GCC_541\Debug\Group17Robot.a(ADC.o)
 .debug_aranges
                0x00000898       0x38 .\CortexM3\ARM_GCC_541\Debug\Group17Robot.a(ADC_INT.o)
 .debug_aranges
                0x000008d0       0x70 .\CortexM3\ARM_GCC_541\Debug\Group17Robot.a(ADC_Ext_CP_Clk.o)
 .debug_aranges
                0x00000940       0x80 .\CortexM3\ARM_GCC_541\Debug\Group17Robot.a(ADC_theACLK.o)
 .debug_aranges
                0x000009c0       0x60 .\CortexM3\ARM_GCC_541\Debug\Group17Robot.a(IDAC8_1.o)
 .debug_aranges
                0x00000a20       0x98 .\CortexM3\ARM_GCC_541\Debug\Group17Robot.a(Timer_1.o)
 .debug_aranges
                0x00000ab8       0x38 .\CortexM3\ARM_GCC_541\Debug\Group17Robot.a(Trigger_1.o)
 .debug_aranges
                0x00000af0       0x38 .\CortexM3\ARM_GCC_541\Debug\Group17Robot.a(Trigger_2.o)
 .debug_aranges
                0x00000b28       0x38 .\CortexM3\ARM_GCC_541\Debug\Group17Robot.a(Trigger_3.o)
 .debug_aranges
                0x00000b60       0x38 .\CortexM3\ARM_GCC_541\Debug\Group17Robot.a(Trigger_4.o)
 .debug_aranges
                0x00000b98       0x38 .\CortexM3\ARM_GCC_541\Debug\Group17Robot.a(Trigger_5.o)
 .debug_aranges
                0x00000bd0       0x28 .\CortexM3\ARM_GCC_541\Debug\Group17Robot.a(Ultrasonic_Mux_Control.o)
 .debug_aranges
                0x00000bf8       0x78 .\CortexM3\ARM_GCC_541\Debug\Group17Robot.a(Gripper_Servo_PWM.o)
 .debug_aranges
                0x00000c70       0x38 .\CortexM3\ARM_GCC_541\Debug\Group17Robot.a(Gripper_Servo_PWM_PM.o)
 .debug_aranges
                0x00000ca8       0x78 .\CortexM3\ARM_GCC_541\Debug\Group17Robot.a(Rack_Servo_PWM.o)
 .debug_aranges
                0x00000d20       0x38 .\CortexM3\ARM_GCC_541\Debug\Group17Robot.a(Rack_Servo_PWM_PM.o)
 .debug_aranges
                0x00000d58       0x28 .\CortexM3\ARM_GCC_541\Debug\Group17Robot.a(control_led.o)
 .debug_aranges
                0x00000d80       0x28 .\CortexM3\ARM_GCC_541\Debug\Group17Robot.a(control_photodiode.o)
 .debug_aranges