Archive member included to satisfy reference by file (symbol)

.\CortexM3\ARM_GCC_541\Debug\Group17Robot.a(TIA_1.o)
                              .\CortexM3\ARM_GCC_541\Debug\main.o (TIA_1_Start)
.\CortexM3\ARM_GCC_541\Debug\Group17Robot.a(CyLib.o)
                              .\CortexM3\ARM_GCC_541\Debug\Cm3Start.o (CyHalt)
.\CortexM3\ARM_GCC_541\Debug\Group17Robot.a(cyPm.o)
                              .\CortexM3\ARM_GCC_541\Debug\Group17Robot.a(CyLib.o) (CyPmReadStatus)
.\CortexM3\ARM_GCC_541\Debug\Group17Robot.a(UART_1.o)
                              .\CortexM3\ARM_GCC_541\Debug\main.o (UART_1_Start)
.\CortexM3\ARM_GCC_541\Debug\Group17Robot.a(UART_1_IntClock.o)
                              .\CortexM3\ARM_GCC_541\Debug\Group17Robot.a(UART_1.o) (UART_1_IntClock_Start)
.\CortexM3\ARM_GCC_541\Debug\Group17Robot.a(ADC.o)
                              .\CortexM3\ARM_GCC_541\Debug\main.o (ADC_Start)
.\CortexM3\ARM_GCC_541\Debug\Group17Robot.a(ADC_INT.o)
                              .\CortexM3\ARM_GCC_541\Debug\Group17Robot.a(ADC.o) (ADC_ISR1)
.\CortexM3\ARM_GCC_541\Debug\Group17Robot.a(ADC_Ext_CP_Clk.o)
                              .\CortexM3\ARM_GCC_541\Debug\Group17Robot.a(ADC.o) (ADC_Ext_CP_Clk_SetModeRegister)
.\CortexM3\ARM_GCC_541\Debug\Group17Robot.a(ADC_theACLK.o)
                              .\CortexM3\ARM_GCC_541\Debug\Group17Robot.a(ADC.o) (ADC_theACLK_SetModeRegister)
.\CortexM3\ARM_GCC_541\Debug\Group17Robot.a(IDAC8_1.o)
                              .\CortexM3\ARM_GCC_541\Debug\main.o (IDAC8_1_SetValue)
.\CortexM3\ARM_GCC_541\Debug\Group17Robot.a(Timer_1.o)
                              .\CortexM3\ARM_GCC_541\Debug\ultrasonic.o (Timer_1_Stop)
.\CortexM3\ARM_GCC_541\Debug\Group17Robot.a(Trigger_1.o)
                              .\CortexM3\ARM_GCC_541\Debug\ultrasonic.o (Trigger_1_Write)
.\CortexM3\ARM_GCC_541\Debug\Group17Robot.a(Trigger_2.o)
                              .\CortexM3\ARM_GCC_541\Debug\ultrasonic.o (Trigger_2_Write)
.\CortexM3\ARM_GCC_541\Debug\Group17Robot.a(Trigger_3.o)
                              .\CortexM3\ARM_GCC_541\Debug\ultrasonic.o (Trigger_3_Write)
.\CortexM3\ARM_GCC_541\Debug\Group17Robot.a(Trigger_4.o)
                              .\CortexM3\ARM_GCC_541\Debug\ultrasonic.o (Trigger_4_Write)
.\CortexM3\ARM_GCC_541\Debug\Group17Robot.a(Trigger_5.o)
                              .\CortexM3\ARM_GCC_541\Debug\ultrasonic.o (Trigger_5_Write)
.\CortexM3\ARM_GCC_541\Debug\Group17Robot.a(Ultrasonic_Mux_Control.o)
                              .\CortexM3\ARM_GCC_541\Debug\ultrasonic.o (Ultrasonic_Mux_Control_Write)
.\CortexM3\ARM_GCC_541\Debug\Group17Robot.a(Motor_2_driver.o)
                              .\CortexM3\ARM_GCC_541\Debug\dcmotor.o (Motor_2_driver_WriteCompare1)
.\CortexM3\ARM_GCC_541\Debug\Group17Robot.a(Motor_1_driver.o)
                              .\CortexM3\ARM_GCC_541\Debug\dcmotor.o (Motor_1_driver_WriteCompare1)
.\CortexM3\ARM_GCC_541\Debug\Group17Robot.a(Motor_2_Encoder_Counts.o)
                              .\CortexM3\ARM_GCC_541\Debug\dcmotor.o (Motor_2_Encoder_Counts_Stop)
.\CortexM3\ARM_GCC_541\Debug\Group17Robot.a(Motor_1_Encoder_Counts.o)
                              .\CortexM3\ARM_GCC_541\Debug\dcmotor.o (Motor_1_Encoder_Counts_Stop)
.\CortexM3\ARM_GCC_541\Debug\Group17Robot.a(Gripper_Servo_PWM.o)
                              .\CortexM3\ARM_GCC_541\Debug\main.o (Gripper_Servo_PWM_WriteCompare)
.\CortexM3\ARM_GCC_541\Debug\Group17Robot.a(Gripper_Servo_PWM_PM.o)
                              .\CortexM3\ARM_GCC_541\Debug\main.o (Gripper_Servo_PWM_Sleep)
.\CortexM3\ARM_GCC_541\Debug\Group17Robot.a(Rack_Servo_PWM.o)
                              .\CortexM3\ARM_GCC_541\Debug\main.o (Rack_Servo_PWM_WriteCompare)
.\CortexM3\ARM_GCC_541\Debug\Group17Robot.a(Rack_Servo_PWM_PM.o)
                              .\CortexM3\ARM_GCC_541\Debug\main.o (Rack_Servo_PWM_Sleep)
.\CortexM3\ARM_GCC_541\Debug\Group17Robot.a(control_led.o)
                              .\CortexM3\ARM_GCC_541\Debug\main.o (control_led_Write)
.\CortexM3\ARM_GCC_541\Debug\Group17Robot.a(control_photodiode.o)
                              .\CortexM3\ARM_GCC_541\Debug\main.o (control_photodiode_Write)
.\CortexM3\ARM_GCC_541\Debug\Group17Robot.a(Start.o)
                              .\CortexM3\ARM_GCC_541\Debug\main.o (Start_StartEx)
.\CortexM3\ARM_GCC_541\Debug\Group17Robot.a(Sonic.o)
                              .\CortexM3\ARM_GCC_541\Debug\main.o (Sonic_StartEx)
.\CortexM3\ARM_GCC_541\Debug\Group17Robot.a(Encoder_Counts_1_Interrupt.o)
                              .\CortexM3\ARM_GCC_541\Debug\main.o (Encoder_Counts_1_Interrupt_StartEx)
.\CortexM3\ARM_GCC_541\Debug\Group17Robot.a(Encoder_Counts_2_Interrupt.o)
                              .\CortexM3\ARM_GCC_541\Debug\main.o (Encoder_Counts_2_Interrupt_StartEx)
.\CortexM3\ARM_GCC_541\Debug\Group17Robot.a(Drift_Check_Timer.o)
[...]
Memory Configuration

Name             Origin             Length             Attributes
rom              0x00000000         0x00040000         xr
ram              0x1fff8000         0x00010000         xrw
*default*        0x00000000         0xffffffff

Linker script and memory map

LOAD c:/program files (x86)/cypress/psoc creator/4.2/psoc creator/import/gnu/arm/5.4.1/bin/../lib/gcc/arm-none-eabi/5.4.1/armv7-m/crti.o
LOAD c:/program files (x86)/cypress/psoc creator/4.2/psoc creator/import/gnu/arm/5.4.1/bin/../lib/gcc/arm-none-eabi/5.4.1/armv7-m/crtbegin.o
LOAD c:/program files (x86)/cypress/psoc creator/4.2/psoc creator/import/gnu/arm/5.4.1/bin/../lib/gcc/arm-none-eabi/5.4.1/../../../../arm-none-eabi/lib/armv7-m/crt0.o
START GROUP
LOAD .\CortexM3\ARM_GCC_541\Debug\main.o
LOAD .\CortexM3\ARM_GCC_541\Debug\colour.o
LOAD .\CortexM3\ARM_GCC_541\Debug\ultrasonic.o
LOAD .\CortexM3\ARM_GCC_541\Debug\dcmotor.o
LOAD .\CortexM3\ARM_GCC_541\Debug\servo.o
LOAD .\CortexM3\ARM_GCC_541\Debug\customMath.o
LOAD .\CortexM3\ARM_GCC_541\Debug\cyfitter_cfg.o
LOAD .\CortexM3\ARM_GCC_541\Debug\cymetadata.o
LOAD .\CortexM3\ARM_GCC_541\Debug\Cm3Start.o
LOAD .\CortexM3\ARM_GCC_541\Debug\Group17Robot.a
LOAD C:\Program Files (x86)\Cypress\PSoC Creator\4.2\PSoC Creator\psoc\content\cycomponentlibrary\CyComponentLibrary.cylib\CortexM3\ARM_GCC_541\Debug\CyComponentLibrary.a
LOAD c:/program files (x86)/cypress/psoc creator/4.2/psoc creator/import/gnu/arm/5.4.1/bin/../lib/gcc/arm-none-eabi/5.4.1/../../../../arm-none-eabi/lib/armv7-m\libm.a
END GROUP
START GROUP
LOAD c:/program files (x86)/cypress/psoc creator/4.2/psoc creator/import/gnu/arm/5.4.1/bin/../lib/gcc/arm-none-eabi/5.4.1/armv7-m\libgcc.a
LOAD c:/program files (x86)/cypress/psoc creator/4.2/psoc creator/import/gnu/arm/5.4.1/bin/../lib/gcc/arm-none-eabi/5.4.1/../../../../arm-none-eabi/lib/armv7-m\libg_nano.a
LOAD c:/program files (x86)/cypress/psoc creator/4.2/psoc creator/import/gnu/arm/5.4.1/bin/../lib/gcc/arm-none-eabi/5.4.1/../../../../arm-none-eabi/lib/armv7-m\libc_nano.a
END GROUP
START GROUP
LOAD c:/program files (x86)/cypress/psoc creator/4.2/psoc creator/import/gnu/arm/5.4.1/bin/../lib/gcc/arm-none-eabi/5.4.1/armv7-m\libgcc.a
LOAD c:/program files (x86)/cypress/psoc creator/4.2/psoc creator/import/gnu/arm/5.4.1/bin/../lib/gcc/arm-none-eabi/5.4.1/../../../../arm-none-eabi/lib/armv7-m\libc_nano.a
END GROUP
LOAD c:/program files (x86)/cypress/psoc creator/4.2/psoc creator/import/gnu/arm/5.4.1/bin/../lib/gcc/arm-none-eabi/5.4.1/armv7-m/crtend.o
LOAD c:/program files (x86)/cypress/psoc creator/4.2/psoc creator/import/gnu/arm/5.4.1/bin/../lib/gcc/arm-none-eabi/5.4.1/armv7-m/crtn.o
START GROUP
LOAD c:/program files (x86)/cypress/psoc creator/4.2/psoc creator/import/gnu/arm/5.4.1/bin/../lib/gcc/arm-none-eabi/5.4.1/armv7-m\libgcc.a
LOAD c:/program files (x86)/cypress/psoc creator/4.2/psoc creator/import/gnu/arm/5.4.1/bin/../lib/gcc/arm-none-eabi/5.4.1/../../../../arm-none-eabi/lib/armv7-m\libc.a
LOAD c:/program files (x86)/cypress/psoc creator/4.2/psoc creator/import/gnu/arm/5.4.1/bin/../lib/gcc/arm-none-eabi/5.4.1/../../../../arm-none-eabi/lib/armv7-m\libnosys.a
END GROUP
                0x00000000                CY_APPL_ORIGIN = 0x0
                0x00000100                CY_FLASH_ROW_SIZE = 0x100
                0x00000020                CY_ECC_ROW_SIZE = 0x20
                0x00000000                CY_EE_IN_BTLDR = 0x0
                0x00000000                CY_APPL_LOADABLE = 0x0
                0x00000800                CY_EE_SIZE = 0x800
                0x00000001                CY_APPL_NUM = 0x1
                0x00000001                CY_APPL_MAX = 0x1
                0x00000040                CY_METADATA_SIZE = 0x40
                0x00000000                CY_APPL_LOADABLE = 0x0
                0x00000000                CY_CHECKSUM_EXCLUDE_SIZE = ALIGN (0x0, CY_FLASH_ROW_SIZE)
                [!provide]                PROVIDE (__cy_heap_start, _end)
                0x00000001                PROVIDE (__cy_region_num, ((__cy_regions_end - __cy_regions) / 0x10))
                0x20008000                PROVIDE (__cy_stack, (ORIGIN (ram) + LENGTH (ram)))
                [!provide]                PROVIDE (__cy_heap_end, (__cy_stack - 0x800))

.cybootloader   0x00000000        0x0
 *(.cybootloader)
                0x00000000                appl1_start = CY_APPL_ORIGIN?CY_APPL_ORIGIN:ALIGN (CY_FLASH_ROW_SIZE)
                0x0001ff00                appl2_start = (appl1_start + ALIGN ((((LENGTH (rom) - appl1_start) - (0x2 * CY_FLASH_ROW_SIZE)) / 0x2), CY_FLASH_ROW_SIZE))
                0x00000000                appl_start = (CY_APPL_NUM == 0x1)?appl1_start:appl2_start
                0x00000000                ecc_offset = ((appl_start / CY_FLASH_ROW_SIZE) * CY_ECC_ROW_SIZE)
                0x00000000                ee_offset = (CY_APPL_LOADABLE && ! (CY_EE_IN_BTLDR))?((CY_EE_SIZE / CY_APPL_MAX) * (CY_APPL_NUM - 0x1)):0x0
                0x00000800                ee_size = (CY_APPL_LOADABLE && ! (CY_EE_IN_BTLDR))?(CY_EE_SIZE / CY_APPL_MAX):CY_EE_SIZE
                [!provide]                PROVIDE (CY_ECC_OFFSET, ecc_offset)

.text           0x00000000     0x6afc
 CREATE_OBJECT_SYMBOLS
                0x00000000                PROVIDE (__cy_interrupt_vector, RomVectors)
 *(.romvectors)
 .romvectors    0x00000000       0x10 .\CortexM3\ARM_GCC_541\Debug\Cm3Start.o
                0x00000000                RomVectors
                0x00000001                ASSERT ((. != __cy_interrupt_vector), No interrupt vector)
                0x00000001                ASSERT (CY_APPL_ORIGIN?(SIZEOF (.cybootloader) <= CY_APPL_ORIGIN):0x1, Wrong image location)
                0x00000010                PROVIDE (__cy_reset, Reset)
 *(.text.Reset)
 .text.Reset    0x00000010       0x18 .\CortexM3\ARM_GCC_541\Debug\Cm3Start.o
                0x00000010                Reset
                0x00000001                ASSERT ((. != __cy_reset), No reset code)
 *(.dma_init)
                0x00000001                ASSERT ((((appl_start + .) <= 0x10000) || 0x1), DMA Init must be within the first 64k of flash)
 *(.text .text.* .gnu.linkonce.t.*)
 .text          0x00000028       0x5c c:/program files (x86)/cypress/psoc creator/4.2/psoc creator/import/gnu/arm/5.4.1/bin/../lib/gcc/arm-none-eabi/5.4.1/armv7-m/crtbegin.o
 .text.Encoder_Counts_1_IH
                0x00000084        0x8 .\CortexM3\ARM_GCC_541\Debug\main.o
                0x00000084                Encoder_Counts_1_IH
 .text.Encoder_Counts_2_IH
                0x0000008c        0x8 .\CortexM3\ARM_GCC_541\Debug\main.o
                0x0000008c                Encoder_Counts_2_IH
 .text.Drift_Check_IH
                0x00000094       0x28 .\CortexM3\ARM_GCC_541\Debug\main.o
                0x00000094                Drift_Check_IH
 .text.TIH      0x000000bc        0x8 .\CortexM3\ARM_GCC_541\Debug\main.o
                0x000000bc                TIH
 .text.StartIH  0x000000c4       0x20 .\CortexM3\ARM_GCC_541\Debug\main.o
                0x000000c4                StartIH
 .text.main     0x000000e4      0x160 .\CortexM3\ARM_GCC_541\Debug\main.o
                0x000000e4                main
 .text.ColourSensingInitialise
                0x00000244       0x68 .\CortexM3\ARM_GCC_541\Debug\colour.o
                0x00000244                ColourSensingInitialise
 .text.ColourSensingDebug
                0x000002ac      0x134 .\CortexM3\ARM_GCC_541\Debug\colour.o
                0x000002ac                ColourSensingDebug
 .text.ColourSensingCalibration
                0x000003e0       0x78 .\CortexM3\ARM_GCC_541\Debug\colour.o
                0x000003e0                ColourSensingCalibration
 .text.printSensorToUART
                0x00000458       0x30 .\CortexM3\ARM_GCC_541\Debug\ultrasonic.o
                0x00000458                printSensorToUART
 .text.ultrasonicInterruptHandler
                0x00000488      0x1c8 .\CortexM3\ARM_GCC_541\Debug\ultrasonic.o
                0x00000488                ultrasonicInterruptHandler
 .text.positionUpdate
                0x00000650      0x15c .\CortexM3\ARM_GCC_541\Debug\dcmotor.o
                0x00000650                positionUpdate
 *fill*         0x000007ac        0x4 
 .text.orientationUpdate
                0x000007b0       0x78 .\CortexM3\ARM_GCC_541\Debug\dcmotor.o
                0x000007b0                orientationUpdate
 .text.stopMotion
                0x00000828       0xb4 .\CortexM3\ARM_GCC_541\Debug\dcmotor.o
                0x00000828                stopMotion
 .text.motorDutyCycleUpdate
                0x000008dc       0x70 .\CortexM3\ARM_GCC_541\Debug\dcmotor.o
                0x000008dc                motorDutyCycleUpdate
 .text.driftCorrect
                0x0000094c      0x1a0 .\CortexM3\ARM_GCC_541\Debug\dcmotor.o
                0x0000094c                driftCorrect
 .text.stopMotor1AndUpdate
                0x00000aec       0x40 .\CortexM3\ARM_GCC_541\Debug\dcmotor.o
                0x00000aec                stopMotor1AndUpdate
 .text.stopMotor2AndUpdate
                0x00000b2c       0x40 .\CortexM3\ARM_GCC_541\Debug\dcmotor.o
                0x00000b2c                stopMotor2AndUpdate
 .text.armTranslate
                0x00000b6c       0x54 .\CortexM3\ARM_GCC_541\Debug\servo.o
                0x00000b6c                armTranslate
 .text.changeHeightToPuck
                0x00000bc0       0x40 .\CortexM3\ARM_GCC_541\Debug\servo.o
                0x00000bc0                changeHeightToPuck
 .text.averageSensor
                0x00000c00       0x10 .\CortexM3\ARM_GCC_541\Debug\customMath.o
                0x00000c00                averageSensor
 .text.CyClockStartupError
                0x00000c10        0x4 .\CortexM3\ARM_GCC_541\Debug\cyfitter_cfg.o
 .text.cfg_write_bytes32
                0x00000c14       0x34 .\CortexM3\ARM_GCC_541\Debug\cyfitter_cfg.o
 .text.AnalogSetDefault
                0x00000c48       0x84 .\CortexM3\ARM_GCC_541\Debug\cyfitter_cfg.o
 .text.CYMEMZERO
                0x00000ccc        0xc .\CortexM3\ARM_GCC_541\Debug\cyfitter_cfg.o
 .text.CYCONFIGCPY
                0x00000cd8        0x8 .\CortexM3\ARM_GCC_541\Debug\cyfitter_cfg.o
 .text.ClockSetup
                0x00000ce0      0x130 .\CortexM3\ARM_GCC_541\Debug\cyfitter_cfg.o
 .text.cyfitter_cfg
                0x00000e10      0x158 .\CortexM3\ARM_GCC_541\Debug\cyfitter_cfg.o
                0x00000e10                cyfitter_cfg
 .text.IntDefaultHandler
                0x00000f68       0x10 .\CortexM3\ARM_GCC_541\Debug\Cm3Start.o
                0x00000f68                IntDefaultHandler
 .text._sbrk    0x00000f78       0x30 .\CortexM3\ARM_GCC_541\Debug\Cm3Start.o
                0x00000f78                _sbrk
 .text.Start_c  0x00000fa8       0x4c .\CortexM3\ARM_GCC_541\Debug\Cm3Start.o
                0x00000fa8                Start_c
 .text.initialize_psoc
                0x00000ff4       0x68 .\CortexM3\ARM_GCC_541\Debug\Cm3Start.o
                0x00000ff4                initialize_psoc
 .text.TIA_1_Enable
                0x0000105c       0x28 .\CortexM3\ARM_GCC_541\Debug\Group17Robot.a(TIA_1.o)
                0x0000105c                TIA_1_Enable
 .text.TIA_1_SetPower
                0x00001084       0x18 .\CortexM3\ARM_GCC_541\Debug\Group17Robot.a(TIA_1.o)
                0x00001084                TIA_1_SetPower
 .text.TIA_1_SetResFB
                0x0000109c       0x20 .\CortexM3\ARM_GCC_541\Debug\Group17Robot.a(TIA_1.o)
                0x0000109c                TIA_1_SetResFB
 .text.TIA_1_SetCapFB
                0x000010bc       0x20 .\CortexM3\ARM_GCC_541\Debug\Group17Robot.a(TIA_1.o)
                0x000010bc                TIA_1_SetCapFB
 .text.TIA_1_Init
                0x000010dc       0x2c .\CortexM3\ARM_GCC_541\Debug\Group17Robot.a(TIA_1.o)
                0x000010dc                TIA_1_Init
 .text.TIA_1_Start
                0x00001108       0x1c .\CortexM3\ARM_GCC_541\Debug\Group17Robot.a(TIA_1.o)
                0x00001108                TIA_1_Start
 .text.CyHalt   0x00001124        0x4 .\CortexM3\ARM_GCC_541\Debug\Group17Robot.a(CyLib.o)
                0x00001124                CyHalt
 .text.CyDelay  0x00001128       0x2c .\CortexM3\ARM_GCC_541\Debug\Group17Robot.a(CyLib.o)
                0x00001128                CyDelay
 .text.CyDelayUs
                0x00001154       0x14 .\CortexM3\ARM_GCC_541\Debug\Group17Robot.a(CyLib.o)
                0x00001154                CyDelayUs
 .text.CyIntSetVector
                0x00001168       0x28 .\CortexM3\ARM_GCC_541\Debug\Group17Robot.a(CyLib.o)
                0x00001168                CyIntSetVector
 .text.CyIntSetPriority
                0x00001190       0x30 .\CortexM3\ARM_GCC_541\Debug\Group17Robot.a(CyLib.o)
                0x00001190                CyIntSetPriority
 .text.UART_1_Init
                0x000011c0       0x24 .\CortexM3\ARM_GCC_541\Debug\Group17Robot.a(UART_1.o)
                0x000011c0                UART_1_Init
 .text.UART_1_Enable
                0x000011e4       0x38 .\CortexM3\ARM_GCC_541\Debug\Group17Robot.a(UART_1.o)
                0x000011e4                UART_1_Enable
 .text.UART_1_Start
                0x0000121c       0x1c .\CortexM3\ARM_GCC_541\Debug\Group17Robot.a(UART_1.o)
                0x0000121c                UART_1_Start
 .text.UART_1_PutChar
                0x00001238       0x18 .\CortexM3\ARM_GCC_541\Debug\Group17Robot.a(UART_1.o)
                0x00001238                UART_1_PutChar
 .text.UART_1_PutString
                0x00001250       0x24 .\CortexM3\ARM_GCC_541\Debug\Group17Robot.a(UART_1.o)
                0x00001250                UART_1_PutString
 .text.UART_1_IntClock_Start
                0x00001274       0x1c .\CortexM3\ARM_GCC_541\Debug\Group17Robot.a(UART_1_IntClock.o)
                0x00001274                UART_1_IntClock_Start
 .text.ADC_GainCompensation
                0x00001290       0xe0 .\CortexM3\ARM_GCC_541\Debug\Group17Robot.a(ADC.o)
 .text.ADC_SetDSMRef0Reg
                0x00001370       0x4c .\CortexM3\ARM_GCC_541\Debug\Group17Robot.a(ADC.o)
 .text.ADC_InitConfig
                0x000013bc      0x314 .\CortexM3\ARM_GCC_541\Debug\Group17Robot.a(ADC.o)
 .text.ADC_Init
                0x000016d0      0x108 .\CortexM3\ARM_GCC_541\Debug\Group17Robot.a(ADC.o)
                0x000016d0                ADC_Init
 .text.ADC_Enable
                0x000017d8       0xd8 .\CortexM3\ARM_GCC_541\Debug\Group17Robot.a(ADC.o)
                0x000017d8                ADC_Enable
 .text.ADC_Start
                0x000018b0       0x28 .\CortexM3\ARM_GCC_541\Debug\Group17Robot.a(ADC.o)
                0x000018b0                ADC_Start
 .text.ADC_StartConvert
                0x000018d8       0x10 .\CortexM3\ARM_GCC_541\Debug\Group17Robot.a(ADC.o)
                0x000018d8                ADC_StartConvert
 .text.ADC_StopConvert
                0x000018e8       0x10 .\CortexM3\ARM_GCC_541\Debug\Group17Robot.a(ADC.o)
                0x000018e8                ADC_StopConvert
 .text.ADC_IsEndConversion
                0x000018f8       0x30 .\CortexM3\ARM_GCC_541\Debug\Group17Robot.a(ADC.o)
                0x000018f8                ADC_IsEndConversion
 .text.ADC_GetResult32
                0x00001928       0x6c .\CortexM3\ARM_GCC_541\Debug\Group17Robot.a(ADC.o)
                0x00001928                ADC_GetResult32
 .text.ADC_Read32
                0x00001994       0x28 .\CortexM3\ARM_GCC_541\Debug\Group17Robot.a(ADC.o)
                0x00001994                ADC_Read32
 .text.ADC_ISR1
                0x000019bc        0x4 .\CortexM3\ARM_GCC_541\Debug\Group17Robot.a(ADC_INT.o)
                0x000019bc                ADC_ISR1
 .text.ADC_ISR2
                0x000019c0        0x4 .\CortexM3\ARM_GCC_541\Debug\Group17Robot.a(ADC_INT.o)
                0x000019c0                ADC_ISR2
 .text.ADC_ISR3
                0x000019c4        0x4 .\CortexM3\ARM_GCC_541\Debug\Group17Robot.a(ADC_INT.o)
                0x000019c4                ADC_ISR3
 .text.ADC_ISR4
                0x000019c8        0x4 .\CortexM3\ARM_GCC_541\Debug\Group17Robot.a(ADC_INT.o)
                0x000019c8                ADC_ISR4
 .text.ADC_Ext_CP_Clk_GetDividerRegister
                0x000019cc        0xc .\CortexM3\ARM_GCC_541\Debug\Group17Robot.a(ADC_Ext_CP_Clk.o)
                0x000019cc                ADC_Ext_CP_Clk_GetDividerRegister
 .text.ADC_Ext_CP_Clk_SetModeRegister
                0x000019d8       0x14 .\CortexM3\ARM_GCC_541\Debug\Group17Robot.a(ADC_Ext_CP_Clk.o)
                0x000019d8                ADC_Ext_CP_Clk_SetModeRegister
 .text.ADC_Ext_CP_Clk_GetSourceRegister
                0x000019ec       0x10 .\CortexM3\ARM_GCC_541\Debug\Group17Robot.a(ADC_Ext_CP_Clk.o)
                0x000019ec                ADC_Ext_CP_Clk_GetSourceRegister
 .text.ADC_Ext_CP_Clk_SetDividerRegister
                0x000019fc       0xd8 .\CortexM3\ARM_GCC_541\Debug\Group17Robot.a(ADC_Ext_CP_Clk.o)
                0x000019fc                ADC_Ext_CP_Clk_SetDividerRegister
 .text.ADC_theACLK_GetDividerRegister
                0x00001ad4        0xc .\CortexM3\ARM_GCC_541\Debug\Group17Robot.a(ADC_theACLK.o)
                0x00001ad4                ADC_theACLK_GetDividerRegister
 .text.ADC_theACLK_SetModeRegister
                0x00001ae0       0x14 .\CortexM3\ARM_GCC_541\Debug\Group17Robot.a(ADC_theACLK.o)
                0x00001ae0                ADC_theACLK_SetModeRegister
 .text.ADC_theACLK_GetSourceRegister
                0x00001af4       0x10 .\CortexM3\ARM_GCC_541\Debug\Group17Robot.a(ADC_theACLK.o)
                0x00001af4                ADC_theACLK_GetSourceRegister
 .text.ADC_theACLK_SetDividerRegister
                0x00001b04       0xd8 .\CortexM3\ARM_GCC_541\Debug\Group17Robot.a(ADC_theACLK.o)
                0x00001b04                ADC_theACLK_SetDividerRegister
 .text.IDAC8_1_Enable
                0x00001bdc       0x1c .\CortexM3\ARM_GCC_541\Debug\Group17Robot.a(IDAC8_1.o)
                0x00001bdc                IDAC8_1_Enable
 .text.IDAC8_1_SetSpeed
                0x00001bf8       0x1c .\CortexM3\ARM_GCC_541\Debug\Group17Robot.a(IDAC8_1.o)
                0x00001bf8                IDAC8_1_SetSpeed
 .text.IDAC8_1_SetValue
                0x00001c14        0xc .\CortexM3\ARM_GCC_541\Debug\Group17Robot.a(IDAC8_1.o)
                0x00001c14                IDAC8_1_SetValue
 .text.IDAC8_1_DacTrim
                0x00001c20       0x34 .\CortexM3\ARM_GCC_541\Debug\Group17Robot.a(IDAC8_1.o)
                0x00001c20                IDAC8_1_DacTrim
 .text.IDAC8_1_Init
                0x00001c54       0x24 .\CortexM3\ARM_GCC_541\Debug\Group17Robot.a(IDAC8_1.o)
                0x00001c54                IDAC8_1_Init
 .text.IDAC8_1_Start
                0x00001c78       0x24 .\CortexM3\ARM_GCC_541\Debug\Group17Robot.a(IDAC8_1.o)
                0x00001c78                IDAC8_1_Start
 .text.IDAC8_1_SetRange
                0x00001c9c       0x20 .\CortexM3\ARM_GCC_541\Debug\Group17Robot.a(IDAC8_1.o)
                0x00001c9c                IDAC8_1_SetRange
 .text.Timer_1_Enable
                0x00001cbc       0x10 .\CortexM3\ARM_GCC_541\Debug\Group17Robot.a(Timer_1.o)
                0x00001cbc                Timer_1_Enable
 .text.Timer_1_Stop
                0x00001ccc       0x10 .\CortexM3\ARM_GCC_541\Debug\Group17Robot.a(Timer_1.o)
                0x00001ccc                Timer_1_Stop
 .text.Timer_1_SetInterruptMode
                0x00001cdc        0xc .\CortexM3\ARM_GCC_541\Debug\Group17Robot.a(Timer_1.o)
                0x00001cdc                Timer_1_SetInterruptMode
 .text.Timer_1_ReadStatusRegister
                0x00001ce8        0xc .\CortexM3\ARM_GCC_541\Debug\Group17Robot.a(Timer_1.o)
                0x00001ce8                Timer_1_ReadStatusRegister
 .text.Timer_1_WritePeriod
                0x00001cf4        0xc .\CortexM3\ARM_GCC_541\Debug\Group17Robot.a(Timer_1.o)
                0x00001cf4                Timer_1_WritePeriod
 .text.Timer_1_ReadCapture
                0x00001d00        0xc .\CortexM3\ARM_GCC_541\Debug\Group17Robot.a(Timer_1.o)
                0x00001d00                Timer_1_ReadCapture
 .text.Timer_1_WriteCounter
                0x00001d0c        0xc .\CortexM3\ARM_GCC_541\Debug\Group17Robot.a(Timer_1.o)
                0x00001d0c                Timer_1_WriteCounter
 .text.Timer_1_ReadCounter
                0x00001d18       0x14 .\CortexM3\ARM_GCC_541\Debug\Group17Robot.a(Timer_1.o)
                0x00001d18                Timer_1_ReadCounter
 .text.Timer_1_SetInterruptCount
                0x00001d2c       0x1c .\CortexM3\ARM_GCC_541\Debug\Group17Robot.a(Timer_1.o)
                0x00001d2c                Timer_1_SetInterruptCount
 .text.Timer_1_ClearFIFO
                0x00001d48       0x14 .\CortexM3\ARM_GCC_541\Debug\Group17Robot.a(Timer_1.o)
                0x00001d48                Timer_1_ClearFIFO
 .text.Timer_1_Init
                0x00001d5c       0x3c .\CortexM3\ARM_GCC_541\Debug\Group17Robot.a(Timer_1.o)
                0x00001d5c                Timer_1_Init
 .text.Timer_1_Start
                0x00001d98       0x1c .\CortexM3\ARM_GCC_541\Debug\Group17Robot.a(Timer_1.o)
                0x00001d98                Timer_1_Start
 .text.Motor_2_driver_Enable
                0x00001db4       0x10 .\CortexM3\ARM_GCC_541\Debug\Group17Robot.a(Motor_2_driver.o)
                0x00001db4                Motor_2_driver_Enable
 .text.Motor_2_driver_WriteCounter
                0x00001dc4        0xc .\CortexM3\ARM_GCC_541\Debug\Group17Robot.a(Motor_2_driver.o)
                0x00001dc4                Motor_2_driver_WriteCounter
 .text.Motor_2_driver_WritePeriod
                0x00001dd0        0xc .\CortexM3\ARM_GCC_541\Debug\Group17Robot.a(Motor_2_driver.o)
                0x00001dd0                Motor_2_driver_WritePeriod
 .text.Motor_2_driver_WriteCompare1
                0x00001ddc        0xc .\CortexM3\ARM_GCC_541\Debug\Group17Robot.a(Motor_2_driver.o)
                0x00001ddc                Motor_2_driver_WriteCompare1
 .text.Motor_2_driver_WriteCompare2
                0x00001de8        0xc .\CortexM3\ARM_GCC_541\Debug\Group17Robot.a(Motor_2_driver.o)
                0x00001de8                Motor_2_driver_WriteCompare2
 .text.Motor_2_driver_SetInterruptMode
                0x00001df4        0xc .\CortexM3\ARM_GCC_541\Debug\Group17Robot.a(Motor_2_driver.o)
                0x00001df4                Motor_2_driver_SetInterruptMode
 .text.Motor_2_driver_ReadStatusRegister
                0x00001e00        0xc .\CortexM3\ARM_GCC_541\Debug\Group17Robot.a(Motor_2_driver.o)
                0x00001e00                Motor_2_driver_ReadStatusRegister
 .text.Motor_2_driver_ReadCapture
                0x00001e0c        0xc .\CortexM3\ARM_GCC_541\Debug\Group17Robot.a(Motor_2_driver.o)
                0x00001e0c                Motor_2_driver_ReadCapture
 .text.Motor_2_driver_ClearFIFO
                0x00001e18       0x14 .\CortexM3\ARM_GCC_541\Debug\Group17Robot.a(Motor_2_driver.o)
                0x00001e18                Motor_2_driver_ClearFIFO
 .text.Motor_2_driver_Init
                0x00001e2c       0x64 .\CortexM3\ARM_GCC_541\Debug\Group17Robot.a(Motor_2_driver.o)
                0x00001e2c                Motor_2_driver_Init
 .text.Motor_2_driver_Start
                0x00001e90       0x1c .\CortexM3\ARM_GCC_541\Debug\Group17Robot.a(Motor_2_driver.o)
                0x00001e90                Motor_2_driver_Start
 .text.Motor_1_driver_Enable
                0x00001eac       0x10 .\CortexM3\ARM_GCC_541\Debug\Group17Robot.a(Motor_1_driver.o)
                0x00001eac                Motor_1_driver_Enable
 .text.Motor_1_driver_WriteCounter
                0x00001ebc        0xc .\CortexM3\ARM_GCC_541\Debug\Group17Robot.a(Motor_1_driver.o)
                0x00001ebc                Motor_1_driver_WriteCounter
 .text.Motor_1_driver_WritePeriod
                0x00001ec8        0xc .\CortexM3\ARM_GCC_541\Debug\Group17Robot.a(Motor_1_driver.o)
                0x00001ec8                Motor_1_driver_WritePeriod
 .text.Motor_1_driver_WriteCompare1
                0x00001ed4        0xc .\CortexM3\ARM_GCC_541\Debug\Group17Robot.a(Motor_1_driver.o)
                0x00001ed4                Motor_1_driver_WriteCompare1
 .text.Motor_1_driver_WriteCompare2
                0x00001ee0        0xc .\CortexM3\ARM_GCC_541\Debug\Group17Robot.a(Motor_1_driver.o)
                0x00001ee0                Motor_1_driver_WriteCompare2
 .text.Motor_1_driver_SetInterruptMode
                0x00001eec        0xc .\CortexM3\ARM_GCC_541\Debug\Group17Robot.a(Motor_1_driver.o)
                0x00001eec                Motor_1_driver_SetInterruptMode
 .text.Motor_1_driver_ReadStatusRegister
                0x00001ef8        0xc .\CortexM3\ARM_GCC_541\Debug\Group17Robot.a(Motor_1_driver.o)
                0x00001ef8                Motor_1_driver_ReadStatusRegister
 .text.Motor_1_driver_ReadCapture
                0x00001f04        0xc .\CortexM3\ARM_GCC_541\Debug\Group17Robot.a(Motor_1_driver.o)
                0x00001f04                Motor_1_driver_ReadCapture
 .text.Motor_1_driver_ClearFIFO
                0x00001f10       0x14 .\CortexM3\ARM_GCC_541\Debug\Group17Robot.a(Motor_1_driver.o)
                0x00001f10                Motor_1_driver_ClearFIFO
 .text.Motor_1_driver_Init
                0x00001f24       0x68 .\CortexM3\ARM_GCC_541\Debug\Group17Robot.a(Motor_1_driver.o)
                0x00001f24                Motor_1_driver_Init
 .text.Motor_1_driver_Start
                0x00001f8c       0x1c .\CortexM3\ARM_GCC_541\Debug\Group17Robot.a(Motor_1_driver.o)
                0x00001f8c                Motor_1_driver_Start
 .text.Motor_2_Encoder_Counts_Enable
                0x00001fa8       0x10 .\CortexM3\ARM_GCC_541\Debug\Group17Robot.a(Motor_2_Encoder_Counts.o)
                0x00001fa8                Motor_2_Encoder_Counts_Enable
 .text.Motor_2_Encoder_Counts_Stop
                0x00001fb8       0x10 .\CortexM3\ARM_GCC_541\Debug\Group17Robot.a(Motor_2_Encoder_Counts.o)
                0x00001fb8                Motor_2_Encoder_Counts_Stop
 .text.Motor_2_Encoder_Counts_SetInterruptMode
                0x00001fc8        0xc .\CortexM3\ARM_GCC_541\Debug\Group17Robot.a(Motor_2_Encoder_Counts.o)
                0x00001fc8                Motor_2_Encoder_Counts_SetInterruptMode
 .text.Motor_2_Encoder_Counts_ReadStatusRegister
                0x00001fd4        0xc .\CortexM3\ARM_GCC_541\Debug\Group17Robot.a(Motor_2_Encoder_Counts.o)
                0x00001fd4                Motor_2_Encoder_Counts_ReadStatusRegister
 .text.Motor_2_Encoder_Counts_WriteCounter
                0x00001fe0        0xc .\CortexM3\ARM_GCC_541\Debug\Group17Robot.a(Motor_2_Encoder_Counts.o)
                0x00001fe0                Motor_2_Encoder_Counts_WriteCounter
 .text.Motor_2_Encoder_Counts_ReadCounter
                0x00001fec       0x14 .\CortexM3\ARM_GCC_541\Debug\Group17Robot.a(Motor_2_Encoder_Counts.o)
                0x00001fec                Motor_2_Encoder_Counts_ReadCounter
 .text.Motor_2_Encoder_Counts_ReadCapture
                0x00002000        0xc .\CortexM3\ARM_GCC_541\Debug\Group17Robot.a(Motor_2_Encoder_Counts.o)
                0x00002000                Motor_2_Encoder_Counts_ReadCapture
 .text.Motor_2_Encoder_Counts_WritePeriod
                0x0000200c        0xc .\CortexM3\ARM_GCC_541\Debug\Group17Robot.a(Motor_2_Encoder_Counts.o)
                0x0000200c                Motor_2_Encoder_Counts_WritePeriod
 .text.Motor_2_Encoder_Counts_WriteCompare
                0x00002018        0xc .\CortexM3\ARM_GCC_541\Debug\Group17Robot.a(Motor_2_Encoder_Counts.o)
                0x00002018                Motor_2_Encoder_Counts_WriteCompare
 .text.Motor_2_Encoder_Counts_ClearFIFO
                0x00002024       0x14 .\CortexM3\ARM_GCC_541\Debug\Group17Robot.a(Motor_2_Encoder_Counts.o)
                0x00002024                Motor_2_Encoder_Counts_ClearFIFO
 .text.Motor_2_Encoder_Counts_Init
                0x00002038       0x54 .\CortexM3\ARM_GCC_541\Debug\Group17Robot.a(Motor_2_Encoder_Counts.o)
                0x00002038                Motor_2_Encoder_Counts_Init
 .text.Motor_2_Encoder_Counts_Start
                0x0000208c       0x1c .\CortexM3\ARM_GCC_541\Debug\Group17Robot.a(Motor_2_Encoder_Counts.o)
                0x0000208c                Motor_2_Encoder_Counts_Start
 .text.Motor_1_Encoder_Counts_Enable
                0x000020a8       0x10 .\CortexM3\ARM_GCC_541\Debug\Group17Robot.a(Motor_1_Encoder_Counts.o)
                0x000020a8                Motor_1_Encoder_Counts_Enable
 .text.Motor_1_Encoder_Counts_Stop
                0x000020b8       0x10 .\CortexM3\ARM_GCC_541\Debug\Group17Robot.a(Motor_1_Encoder_Counts.o)
                0x000020b8                Motor_1_Encoder_Counts_Stop
 .text.Motor_1_Encoder_Counts_SetInterruptMode
                0x000020c8        0xc .\CortexM3\ARM_GCC_541\Debug\Group17Robot.a(Motor_1_Encoder_Counts.o)
                0x000020c8                Motor_1_Encoder_Counts_SetInterruptMode
 .text.Motor_1_Encoder_Counts_ReadStatusRegister
                0x000020d4        0xc .\CortexM3\ARM_GCC_541\Debug\Group17Robot.a(Motor_1_Encoder_Counts.o)
                0x000020d4                Motor_1_Encoder_Counts_ReadStatusRegister
 .text.Motor_1_Encoder_Counts_WriteCounter
                0x000020e0        0xc .\CortexM3\ARM_GCC_541\Debug\Group17Robot.a(Motor_1_Encoder_Counts.o)
                0x000020e0                Motor_1_Encoder_Counts_WriteCounter
 .text.Motor_1_Encoder_Counts_ReadCounter
                0x000020ec       0x14 .\CortexM3\ARM_GCC_541\Debug\Group17Robot.a(Motor_1_Encoder_Counts.o)
                0x000020ec                Motor_1_Encoder_Counts_ReadCounter
 .text.Motor_1_Encoder_Counts_ReadCapture
                0x00002100        0xc .\CortexM3\ARM_GCC_541\Debug\Group17Robot.a(Motor_1_Encoder_Counts.o)
                0x00002100                Motor_1_Encoder_Counts_ReadCapture
 .text.Motor_1_Encoder_Counts_WritePeriod
                0x0000210c        0xc .\CortexM3\ARM_GCC_541\Debug\Group17Robot.a(Motor_1_Encoder_Counts.o)
                0x0000210c                Motor_1_Encoder_Counts_WritePeriod
 .text.Motor_1_Encoder_Counts_WriteCompare
                0x00002118        0xc .\CortexM3\ARM_GCC_541\Debug\Group17Robot.a(Motor_1_Encoder_Counts.o)
                0x00002118                Motor_1_Encoder_Counts_WriteCompare
 .text.Motor_1_Encoder_Counts_ClearFIFO
                0x00002124       0x14 .\CortexM3\ARM_GCC_541\Debug\Group17Robot.a(Motor_1_Encoder_Counts.o)
                0x00002124                Motor_1_Encoder_Counts_ClearFIFO
 .text.Motor_1_Encoder_Counts_Init
                0x00002138       0x54 .\CortexM3\ARM_GCC_541\Debug\Group17Robot.a(Motor_1_Encoder_Counts.o)
                0x00002138                Motor_1_Encoder_Counts_Init
 .text.Motor_1_Encoder_Counts_Start
                0x0000218c       0x1c .\CortexM3\ARM_GCC_541\Debug\Group17Robot.a(Motor_1_Encoder_Counts.o)
                0x0000218c                Motor_1_Encoder_Counts_Start
 .text.Gripper_Servo_PWM_Enable
                0x000021a8       0x28 .\CortexM3\ARM_GCC_541\Debug\Group17Robot.a(Gripper_Servo_PWM.o)
                0x000021a8                Gripper_Servo_PWM_Enable
 .text.Gripper_Servo_PWM_Stop
                0x000021d0       0x28 .\CortexM3\ARM_GCC_541\Debug\Group17Robot.a(Gripper_Servo_PWM.o)
                0x000021d0                Gripper_Servo_PWM_Stop
 .text.Gripper_Servo_PWM_WritePeriod
                0x000021f8        0xc .\CortexM3\ARM_GCC_541\Debug\Group17Robot.a(Gripper_Servo_PWM.o)
                0x000021f8                Gripper_Servo_PWM_WritePeriod
 .text.Gripper_Servo_PWM_WriteCompare
                0x00002204        0xc .\CortexM3\ARM_GCC_541\Debug\Group17Robot.a(Gripper_Servo_PWM.o)
                0x00002204                Gripper_Servo_PWM_WriteCompare
 .text.Gripper_Servo_PWM_SetInterruptMode
                0x00002210        0xc .\CortexM3\ARM_GCC_541\Debug\Group17Robot.a(Gripper_Servo_PWM.o)
                0x00002210                Gripper_Servo_PWM_SetInterruptMode
 .text.Gripper_Servo_PWM_Init
                0x0000221c       0x78 .\CortexM3\ARM_GCC_541\Debug\Group17Robot.a(Gripper_Servo_PWM.o)
                0x0000221c                Gripper_Servo_PWM_Init
 .text.Gripper_Servo_PWM_Start
                0x00002294       0x1c .\CortexM3\ARM_GCC_541\Debug\Group17Robot.a(Gripper_Servo_PWM.o)
                0x00002294                Gripper_Servo_PWM_Start
 .text.Gripper_Servo_PWM_Sleep
                0x000022b0       0x28 .\CortexM3\ARM_GCC_541\Debug\Group17Robot.a(Gripper_Servo_PWM_PM.o)
                0x000022b0                Gripper_Servo_PWM_Sleep
 .text.Rack_Servo_PWM_Enable
                0x000022d8       0x28 .\CortexM3\ARM_GCC_541\Debug\Group17Robot.a(Rack_Servo_PWM.o)
                0x000022d8                Rack_Servo_PWM_Enable
 .text.Rack_Servo_PWM_Stop
                0x00002300       0x28 .\CortexM3\ARM_GCC_541\Debug\Group17Robot.a(Rack_Servo_PWM.o)
                0x00002300                Rack_Servo_PWM_Stop
 .text.Rack_Servo_PWM_WritePeriod
                0x00002328        0xc .\CortexM3\ARM_GCC_541\Debug\Group17Robot.a(Rack_Servo_PWM.o)
                0x00002328                Rack_Servo_PWM_WritePeriod
 .text.Rack_Servo_PWM_WriteCompare
                0x00002334        0xc .\CortexM3\ARM_GCC_541\Debug\Group17Robot.a(Rack_Servo_PWM.o)
                0x00002334                Rack_Servo_PWM_WriteCompare
 .text.Rack_Servo_PWM_SetInterruptMode
                0x00002340        0xc .\CortexM3\ARM_GCC_541\Debug\Group17Robot.a(Rack_Servo_PWM.o)
                0x00002340                Rack_Servo_PWM_SetInterruptMode
 .text.Rack_Servo_PWM_Init
                0x0000234c       0x78 .\CortexM3\ARM_GCC_541\Debug\Group17Robot.a(Rack_Servo_PWM.o)
                0x0000234c                Rack_Servo_PWM_Init
 .text.Rack_Servo_PWM_Start
                0x000023c4       0x1c .\CortexM3\ARM_GCC_541\Debug\Group17Robot.a(Rack_Servo_PWM.o)
                0x000023c4                Rack_Servo_PWM_Start
 .text.Rack_Servo_PWM_ReadCompare
                0x000023e0        0xc .\CortexM3\ARM_GCC_541\Debug\Group17Robot.a(Rack_Servo_PWM.o)
                0x000023e0                Rack_Servo_PWM_ReadCompare
 .text.Rack_Servo_PWM_Sleep
                0x000023ec       0x28 .\CortexM3\ARM_GCC_541\Debug\Group17Robot.a(Rack_Servo_PWM_PM.o)
                0x000023ec                Rack_Servo_PWM_Sleep
 .text.Rack_Servo_PWM_Wakeup
                0x00002414       0x14 .\CortexM3\ARM_GCC_541\Debug\Group17Robot.a(Rack_Servo_PWM_PM.o)
                0x00002414                Rack_Servo_PWM_Wakeup
 .text.control_led_Write
                0x00002428        0xc .\CortexM3\ARM_GCC_541\Debug\Group17Robot.a(control_led.o)
                0x00002428                control_led_Write
 .text.control_photodiode_Write
                0x00002434        0xc .\CortexM3\ARM_GCC_541\Debug\Group17Robot.a(control_photodiode.o)
                0x00002434                control_photodiode_Write
 .text.Start_SetVector
                0x00002440        0xc .\CortexM3\ARM_GCC_541\Debug\Group17Robot.a(Start.o)
                0x00002440                Start_SetVector
 .text.Start_SetPriority
                0x0000244c       0x10 .\CortexM3\ARM_GCC_541\Debug\Group17Robot.a(Start.o)
                0x0000244c                Start_SetPriority
 .text.Start_Enable
                0x0000245c        0xc .\CortexM3\ARM_GCC_541\Debug\Group17Robot.a(Start.o)
                0x0000245c                Start_Enable
 .text.Start_Disable
                0x00002468        0xc .\CortexM3\ARM_GCC_541\Debug\Group17Robot.a(Start.o)
                0x00002468                Start_Disable
 .text.Start_StartEx
                0x00002474       0x1c .\CortexM3\ARM_GCC_541\Debug\Group17Robot.a(Start.o)
                0x00002474                Start_StartEx
 .text.Sonic_SetVector
                0x00002490        0xc .\CortexM3\ARM_GCC_541\Debug\Group17Robot.a(Sonic.o)
                0x00002490                Sonic_SetVector
 .text.Sonic_SetPriority
                0x0000249c       0x10 .\CortexM3\ARM_GCC_541\Debug\Group17Robot.a(Sonic.o)
                0x0000249c                Sonic_SetPriority
 .text.Sonic_Enable
                0x000024ac        0xc .\CortexM3\ARM_GCC_541\Debug\Group17Robot.a(Sonic.o)
                0x000024ac                Sonic_Enable
 .text.Sonic_Disable
                0x000024b8        0xc .\CortexM3\ARM_GCC_541\Debug\Group17Robot.a(Sonic.o)
                0x000024b8                Sonic_Disable
 .text.Sonic_StartEx
                0x000024c4       0x1c .\CortexM3\ARM_GCC_541\Debug\Group17Robot.a(Sonic.o)
                0x000024c4                Sonic_StartEx
 .text.Encoder_Counts_1_Interrupt_SetVector
                0x000024e0        0xc .\CortexM3\ARM_GCC_541\Debug\Group17Robot.a(Encoder_Counts_1_Interrupt.o)
                0x000024e0                Encoder_Counts_1_Interrupt_SetVector
 .text.Encoder_Counts_1_Interrupt_SetPriority
                0x000024ec       0x10 .\CortexM3\ARM_GCC_541\Debug\Group17Robot.a(Encoder_Counts_1_Interrupt.o)
                0x000024ec                Encoder_Counts_1_Interrupt_SetPriority
 .text.Encoder_Counts_1_Interrupt_Enable
                0x000024fc        0xc .\CortexM3\ARM_GCC_541\Debug\Group17Robot.a(Encoder_Counts_1_Interrupt.o)
                0x000024fc                Encoder_Counts_1_Interrupt_Enable
 .text.Encoder_Counts_1_Interrupt_Disable
                0x00002508        0xc .\CortexM3\ARM_GCC_541\Debug\Group17Robot.a(Encoder_Counts_1_Interrupt.o)
                0x00002508                Encoder_Counts_1_Interrupt_Disable
 .text.Encoder_Counts_1_Interrupt_StartEx
                0x00002514       0x1c .\CortexM3\ARM_GCC_541\Debug\Group17Robot.a(Encoder_Counts_1_Interrupt.o)
                0x00002514                Encoder_Counts_1_Interrupt_StartEx
 .text.Encoder_Counts_2_Interrupt_SetVector
                0x00002530        0xc .\CortexM3\ARM_GCC_541\Debug\Group17Robot.a(Encoder_Counts_2_Interrupt.o)
                0x00002530                Encoder_Counts_2_Interrupt_SetVector
 .text.Encoder_Counts_2_Interrupt_SetPriority
                0x0000253c       0x10 .\CortexM3\ARM_GCC_541\Debug\Group17Robot.a(Encoder_Counts_2_Interrupt.o)
                0x0000253c                Encoder_Counts_2_Interrupt_SetPriority
 .text.Encoder_Counts_2_Interrupt_Enable
                0x0000254c        0xc .\CortexM3\ARM_GCC_541\Debug\Group17Robot.a(Encoder_Counts_2_Interrupt.o)
                0x0000254c                Encoder_Counts_2_Interrupt_Enable
 .text.Encoder_Counts_2_Interrupt_Disable
                0x00002558        0xc .\CortexM3\ARM_GCC_541\Debug\Group17Robot.a(Encoder_Counts_2_Interrupt.o)
                0x00002558                Encoder_Counts_2_Interrupt_Disable
 .text.Encoder_Counts_2_Interrupt_StartEx
                0x00002564       0x1c .\CortexM3\ARM_GCC_541\Debug\Group17Robot.a(Encoder_Counts_2_Interrupt.o)
                0x00002564                Encoder_Counts_2_Interrupt_StartEx
 .text.Drift_Check_Timer_Enable
                0x00002580       0x28 .\CortexM3\ARM_GCC_541\Debug\Group17Robot.a(Drift_Check_Timer.o)
                0x00002580                Drift_Check_Timer_Enable
 .text.Drift_Check_Timer_Stop
                0x000025a8       0x28 .\CortexM3\ARM_GCC_541\Debug\Group17Robot.a(Drift_Check_Timer.o)
                0x000025a8                Drift_Check_Timer_Stop
 .text.Drift_Check_Timer_SetInterruptMode
                0x000025d0        0xc .\CortexM3\ARM_GCC_541\Debug\Group17Robot.a(Drift_Check_Timer.o)
                0x000025d0                Drift_Check_Timer_SetInterruptMode
 .text.Drift_Check_Timer_ReadStatusRegister
                0x000025dc        0xc .\CortexM3\ARM_GCC_541\Debug\Group17Robot.a(Drift_Check_Timer.o)
                0x000025dc                Drift_Check_Timer_ReadStatusRegister
 .text.Drift_Check_Timer_WritePeriod
                0x000025e8        0xc .\CortexM3\ARM_GCC_541\Debug\Group17Robot.a(Drift_Check_Timer.o)
                0x000025e8                Drift_Check_Timer_WritePeriod
 .text.Drift_Check_Timer_WriteCounter
                0x000025f4        0xc .\CortexM3\ARM_GCC_541\Debug\Group17Robot.a(Drift_Check_Timer.o)
                0x000025f4                Drift_Check_Timer_WriteCounter
 .text.Drift_Check_Timer_Init
                0x00002600       0x6c .\CortexM3\ARM_GCC_541\Debug\Group17Robot.a(Drift_Check_Timer.o)
                0x00002600                Drift_Check_Timer_Init
 .text.Drift_Check_Timer_Start
                0x0000266c       0x1c .\CortexM3\ARM_GCC_541\Debug\Group17Robot.a(Drift_Check_Timer.o)
                0x0000266c                Drift_Check_Timer_Start
 .text.Drift_Check_Interrupt_SetVector
                0x00002688       0x10 .\CortexM3\ARM_GCC_541\Debug\Group17Robot.a(Drift_Check_Interrupt.o)
                0x00002688                Drift_Check_Interrupt_SetVector
 .text.Drift_Check_Interrupt_SetPriority
                0x00002698       0x10 .\CortexM3\ARM_GCC_541\Debug\Group17Robot.a(Drift_Check_Interrupt.o)
                0x00002698                Drift_Check_Interrupt_SetPriority
 .text.Drift_Check_Interrupt_Enable
                0x000026a8       0x10 .\CortexM3\ARM_GCC_541\Debug\Group17Robot.a(Drift_Check_Interrupt.o)
                0x000026a8                Drift_Check_Interrupt_Enable
 .text.Drift_Check_Interrupt_Disable
                0x000026b8       0x10 .\CortexM3\ARM_GCC_541\Debug\Group17Robot.a(Drift_Check_Interrupt.o)
                0x000026b8                Drift_Check_Interrupt_Disable
 .text.Drift_Check_Interrupt_StartEx
                0x000026c8       0x1c .\CortexM3\ARM_GCC_541\Debug\Group17Robot.a(Drift_Check_Interrupt.o)
                0x000026c8                Drift_Check_Interrupt_StartEx
 *fill*         0x000026e4        0x4 
 .text          0x000026e8       0x20 .\CortexM3\ARM_GCC_541\Debug\Group17Robot.a(CyBootAsmGnu.o)
                0x000026e8                CyDelayCycles
                0x000026f8                CyEnterCriticalSection
                0x00002700                CyExitCriticalSection
 .text.cos      0x00002708       0x90 c:/program files (x86)/cypress/psoc creator/4.2/psoc creator/import/gnu/arm/5.4.1/bin/../lib/gcc/arm-none-eabi/5.4.1/../../../../arm-none-eabi/lib/armv7-m\libm.a(lib_a-s_cos.o)
                0x00002708                cos
 .text.round    0x00002798       0xa0 c:/program files (x86)/cypress/psoc creator/4.2/psoc creator/import/gnu/arm/5.4.1/bin/../lib/gcc/arm-none-eabi/5.4.1/../../../../arm-none-eabi/lib/armv7-m\libm.a(lib_a-s_round.o)
                0x00002798                round
 .text.sin      0x00002838       0x90 c:/program files (x86)/cypress/psoc creator/4.2/psoc creator/import/gnu/arm/5.4.1/bin/../lib/gcc/arm-none-eabi/5.4.1/../../../../arm-none-eabi/lib/armv7-m\libm.a(lib_a-s_sin.o)
                0x00002838                sin
 .text.__ieee754_rem_pio2
                0x000028c8      0x42c c:/program files (x86)/cypress/psoc creator/4.2/psoc creator/import/gnu/arm/5.4.1/bin/../lib/gcc/arm-none-eabi/5.4.1/../../../../arm-none-eabi/lib/armv7-m\libm.a(lib_a-e_rem_pio2.o)
                0x000028c8                __ieee754_rem_pio2
 *fill*         0x00002cf4        0x4 
 .text.__kernel_cos
                0x00002cf8      0x248 c:/program files (x86)/cypress/psoc creator/4.2/psoc creator/import/gnu/arm/5.4.1/bin/../lib/gcc/arm-none-eabi/5.4.1/../../../../arm-none-eabi/lib/armv7-m\libm.a(lib_a-k_cos.o)
                0x00002cf8                __kernel_cos
 .text.__kernel_rem_pio2
                0x00002f40      0x7f0 c:/program files (x86)/cypress/psoc creator/4.2/psoc creator/import/gnu/arm/5.4.1/bin/../lib/gcc/arm-none-eabi/5.4.1/../../../../arm-none-eabi/lib/armv7-m\libm.a(lib_a-k_rem_pio2.o)
                0x00002f40                __kernel_rem_pio2
 .text.__kernel_sin
                0x00003730      0x16c c:/program files (x86)/cypress/psoc creator/4.2/psoc creator/import/gnu/arm/5.4.1/bin/../lib/gcc/arm-none-eabi/5.4.1/../../../../arm-none-eabi/lib/armv7-m\libm.a(lib_a-k_sin.o)
                0x00003730                __kernel_sin
 .text.fabs     0x0000389c        0x8 c:/program files (x86)/cypress/psoc creator/4.2/psoc creator/import/gnu/arm/5.4.1/bin/../lib/gcc/arm-none-eabi/5.4.1/../../../../arm-none-eabi/lib/armv7-m\libm.a(lib_a-s_fabs.o)
                0x0000389c                fabs
 *fill*         0x000038a4        0x4 
 .text.floor    0x000038a8      0x110 c:/program files (x86)/cypress/psoc creator/4.2/psoc creator/import/gnu/arm/5.4.1/bin/../lib/gcc/arm-none-eabi/5.4.1/../../../../arm-none-eabi/lib/armv7-m\libm.a(lib_a-s_floor.o)
                0x000038a8                floor
 .text.scalbn   0x000039b8       0xe4 c:/program files (x86)/cypress/psoc creator/4.2/psoc creator/import/gnu/arm/5.4.1/bin/../lib/gcc/arm-none-eabi/5.4.1/../../../../arm-none-eabi/lib/armv7-m\libm.a(lib_a-s_scalbn.o)
                0x000039b8                scalbn
 .text.copysign
                0x00003a9c       0x10 c:/program files (x86)/cypress/psoc creator/4.2/psoc creator/import/gnu/arm/5.4.1/bin/../lib/gcc/arm-none-eabi/5.4.1/../../../../arm-none-eabi/lib/armv7-m\libm.a(lib_a-s_copysign.o)
                0x00003a9c                copysign
 .text          0x00003aac      0x370 c:/program files (x86)/cypress/psoc creator/4.2/psoc creator/import/gnu/arm/5.4.1/bin/../lib/gcc/arm-none-eabi/5.4.1/armv7-m\libgcc.a(_arm_addsubdf3.o)
                0x00003aac                __aeabi_drsub
                0x00003ab4                __aeabi_dsub
                0x00003ab4                __subdf3
                0x00003ab8                __aeabi_dadd
                0x00003ab8                __adddf3
                0x00003d30                __floatunsidf
                0x00003d30                __aeabi_ui2d
                0x00003d50                __floatsidf
                0x00003d50                __aeabi_i2d
                0x00003d74                __aeabi_f2d
                0x00003d74                __extendsfdf2
                0x00003db0                __floatundidf
                0x00003db0                __aeabi_ul2d
                0x00003dc0                __floatdidf
                0x00003dc0                __aeabi_l2d
 .text          0x00003e1c      0x424 c:/program files (x86)/cypress/psoc creator/4.2/psoc creator/import/gnu/arm/5.4.1/bin/../lib/gcc/arm-none-eabi/5.4.1/armv7-m\libgcc.a(_arm_muldivdf3.o)
                0x00003e1c                __aeabi_dmul
                0x00003e1c                __muldf3
                0x00004070                __divdf3
                0x00004070                __aeabi_ddiv
 .text          0x00004240      0x110 c:/program files (x86)/cypress/psoc creator/4.2/psoc creator/import/gnu/arm/5.4.1/bin/../lib/gcc/arm-none-eabi/5.4.1/armv7-m\libgcc.a(_arm_cmpdf2.o)
                0x00004240                __gtdf2
                0x00004240                __gedf2
                0x00004248                __ltdf2
                0x00004248                __ledf2
                0x00004250                __nedf2
                0x00004250                __eqdf2
                0x00004250                __cmpdf2
                0x000042cc                __aeabi_cdrcmple
                0x000042dc                __aeabi_cdcmpeq
                0x000042dc                __aeabi_cdcmple
                0x000042ec                __aeabi_dcmpeq
                0x00004300                __aeabi_dcmplt
                0x00004314                __aeabi_dcmple
                0x00004328                __aeabi_dcmpge
                0x0000433c                __aeabi_dcmpgt
 .text          0x00004350       0x50 c:/program files (x86)/cypress/psoc creator/4.2/psoc creator/import/gnu/arm/5.4.1/bin/../lib/gcc/arm-none-eabi/5.4.1/armv7-m\libgcc.a(_arm_fixdfsi.o)
                0x00004350                __aeabi_d2iz
                0x00004350                __fixdfsi
 .text          0x000043a0       0xa0 c:/program files (x86)/cypress/psoc creator/4.2/psoc creator/import/gnu/arm/5.4.1/bin/../lib/gcc/arm-none-eabi/5.4.1/armv7-m\libgcc.a(_arm_truncdfsf2.o)
                0x000043a0                __truncdfsf2
                0x000043a0                __aeabi_d2f
 .text          0x00004440      0x21c c:/program files (x86)/cypress/psoc creator/4.2/psoc creator/import/gnu/arm/5.4.1/bin/../lib/gcc/arm-none-eabi/5.4.1/armv7-m\libgcc.a(_arm_addsubsf3.o)
                0x00004440                __aeabi_frsub
                0x00004448                __subsf3
                0x00004448                __aeabi_fsub
                0x0000444c                __aeabi_fadd
                0x0000444c                __addsf3
                0x000045ac                __aeabi_ui2f
                0x000045ac                __floatunsisf
                0x000045b4                __aeabi_i2f
                0x000045b4                __floatsisf
                0x000045d0                __aeabi_ul2f
                0x000045d0                __floatundisf
                0x000045e0                __aeabi_l2f
                0x000045e0                __floatdisf
 .text          0x0000465c      0x2a0 c:/program files (x86)/cypress/psoc creator/4.2/psoc creator/import/gnu/arm/5.4.1/bin/../lib/gcc/arm-none-eabi/5.4.1/armv7-m\libgcc.a(_arm_muldivsf3.o)
                0x0000465c                __mulsf3
                0x0000465c                __aeabi_fmul
                0x000047c4                __aeabi_fdiv
                0x000047c4                __divsf3
 .text          0x000048fc       0xec c:/program files (x86)/cypress/psoc creator/4.2/psoc creator/import/gnu/arm/5.4.1/bin/../lib/gcc/arm-none-eabi/5.4.1/armv7-m\libgcc.a(_arm_cmpsf2.o)
                0x000048fc                __gesf2
                0x000048fc                __gtsf2
                0x00004904                __lesf2
                0x00004904                __ltsf2
                0x0000490c                __nesf2
                0x0000490c                __eqsf2
                0x0000490c                __cmpsf2
                0x0000496c                __aeabi_cfrcmple
                0x00004974                __aeabi_cfcmpeq
                0x00004974                __aeabi_cfcmple
                0x00004984                __aeabi_fcmpeq
                0x00004998                __aeabi_fcmplt
                0x000049ac                __aeabi_fcmple
                0x000049c0                __aeabi_fcmpge
                0x000049d4                __aeabi_fcmpgt
 .text          0x000049e8       0x40 c:/program files (x86)/cypress/psoc creator/4.2/psoc creator/import/gnu/arm/5.4.1/bin/../lib/gcc/arm-none-eabi/5.4.1/armv7-m\libgcc.a(_arm_fixunssfsi.o)
                0x000049e8                __fixunssfsi
                0x000049e8                __aeabi_f2uiz
 .text.__errno  0x00004a28        0xc c:/program files (x86)/cypress/psoc creator/4.2/psoc creator/import/gnu/arm/5.4.1/bin/../lib/gcc/arm-none-eabi/5.4.1/../../../../arm-none-eabi/lib/armv7-m\libg_nano.a(lib_a-errno.o)
                0x00004a28                __errno
 .text.__libc_init_array
                0x00004a34       0x4c c:/program files (x86)/cypress/psoc creator/4.2/psoc creator/import/gnu/arm/5.4.1/bin/../lib/gcc/arm-none-eabi/5.4.1/../../../../arm-none-eabi/lib/armv7-m\libg_nano.a(lib_a-init.o)
                0x00004a34                __libc_init_array
 .text.memcpy   0x00004a80       0x16 c:/program files (x86)/cypress/psoc creator/4.2/psoc creator/import/gnu/arm/5.4.1/bin/../lib/gcc/arm-none-eabi/5.4.1/../../../../arm-none-eabi/lib/armv7-m\libg_nano.a(lib_a-memcpy-stub.o)
                0x00004a80                memcpy
 .text.memset   0x00004a96       0x10 c:/program files (x86)/cypress/psoc creator/4.2/psoc creator/import/gnu/arm/5.4.1/bin/../lib/gcc/arm-none-eabi/5.4.1/../../../../arm-none-eabi/lib/armv7-m\libg_nano.a(lib_a-memset.o)
                0x00004a96                memset
 .text.__cvt    0x00004aa6       0xc0 c:/program files (x86)/cypress/psoc creator/4.2/psoc creator/import/gnu/arm/5.4.1/bin/../lib/gcc/arm-none-eabi/5.4.1/../../../../arm-none-eabi/lib/armv7-m\libg_nano.a(lib_a-nano-vfprintf_float.o)
                0x00004aa6                __cvt
 .text.__exponent
                0x00004b66       0x62 c:/program files (x86)/cypress/psoc creator/4.2/psoc creator/import/gnu/arm/5.4.1/bin/../lib/gcc/arm-none-eabi/5.4.1/../../../../arm-none-eabi/lib/armv7-m\libg_nano.a(lib_a-nano-vfprintf_float.o)
                0x00004b66                __exponent
 .text._printf_float
                0x00004bc8      0x488 c:/program files (x86)/cypress/psoc creator/4.2/psoc creator/import/gnu/arm/5.4.1/bin/../lib/gcc/arm-none-eabi/5.4.1/../../../../arm-none-eabi/lib/armv7-m\libg_nano.a(lib_a-nano-vfprintf_float.o)
                0x00004bc8                _printf_float
 .text._printf_common
                0x00005050       0xec c:/program files (x86)/cypress/psoc creator/4.2/psoc creator/import/gnu/arm/5.4.1/bin/../lib/gcc/arm-none-eabi/5.4.1/../../../../arm-none-eabi/lib/armv7-m\libg_nano.a(lib_a-nano-vfprintf_i.o)
                0x00005050                _printf_common
 .text._printf_i
                0x0000513c      0x24c c:/program files (x86)/cypress/psoc creator/4.2/psoc creator/import/gnu/arm/5.4.1/bin/../lib/gcc/arm-none-eabi/5.4.1/../../../../arm-none-eabi/lib/armv7-m\libg_nano.a(lib_a-nano-vfprintf_i.o)
                0x0000513c                _printf_i
 .text.sprintf  0x00005388       0x48 c:/program files (x86)/cypress/psoc creator/4.2/psoc creator/import/gnu/arm/5.4.1/bin/../lib/gcc/arm-none-eabi/5.4.1/../../../../arm-none-eabi/lib/armv7-m\libg_nano.a(lib_a-sprintf.o)
                0x00005388                siprintf
                0x00005388                sprintf
 .text          0x000053d0       0x10 c:/program files (x86)/cypress/psoc creator/4.2/psoc creator/import/gnu/arm/5.4.1/bin/../lib/gcc/arm-none-eabi/5.4.1/../../../../arm-none-eabi/lib/armv7-m\libg_nano.a(lib_a-strlen.o)
                0x000053d0                strlen
 .text.quorem   0x000053e0      0x116 c:/program files (x86)/cypress/psoc creator/4.2/psoc creator/import/gnu/arm/5.4.1/bin/../lib/gcc/arm-none-eabi/5.4.1/../../../../arm-none-eabi/lib/armv7-m\libg_nano.a(lib_a-dtoa.o)
 *fill*         0x000054f6        0x2 
 .text._dtoa_r  0x000054f8      0xb30 c:/program files (x86)/cypress/psoc creator/4.2/psoc creator/import/gnu/arm/5.4.1/bin/../lib/gcc/arm-none-eabi/5.4.1/../../../../arm-none-eabi/lib/armv7-m\libg_nano.a(lib_a-dtoa.o)
                0x000054f8                _dtoa_r
 .text._localeconv_r
                0x00006028        0x8 c:/program files (x86)/cypress/psoc creator/4.2/psoc creator/import/gnu/arm/5.4.1/bin/../lib/gcc/arm-none-eabi/5.4.1/../../../../arm-none-eabi/lib/armv7-m\libg_nano.a(lib_a-locale.o)
                0x00006028                _localeconv_r
 .text.malloc   0x00006030       0x10 c:/program files (x86)/cypress/psoc creator/4.2/psoc creator/import/gnu/arm/5.4.1/bin/../lib/gcc/arm-none-eabi/5.4.1/../../../../arm-none-eabi/lib/armv7-m\libg_nano.a(lib_a-malloc.o)
                0x00006030                malloc
 .text.memchr   0x00006040       0x1c c:/program files (x86)/cypress/psoc creator/4.2/psoc creator/import/gnu/arm/5.4.1/bin/../lib/gcc/arm-none-eabi/5.4.1/../../../../arm-none-eabi/lib/armv7-m\libg_nano.a(lib_a-memchr-stub.o)
                0x00006040                memchr
 .text._Balloc  0x0000605c       0x6a c:/program files (x86)/cypress/psoc creator/4.2/psoc creator/import/gnu/arm/5.4.1/bin/../lib/gcc/arm-none-eabi/5.4.1/../../../../arm-none-eabi/lib/armv7-m\libg_nano.a(lib_a-mprec.o)
                0x0000605c                _Balloc
 .text._Bfree   0x000060c6       0x2e c:/program files (x86)/cypress/psoc creator/4.2/psoc creator/import/gnu/arm/5.4.1/bin/../lib/gcc/arm-none-eabi/5.4.1/../../../../arm-none-eabi/lib/armv7-m\libg_nano.a(lib_a-mprec.o)
                0x000060c6                _Bfree
 .text.__multadd
                0x000060f4       0x76 c:/program files (x86)/cypress/psoc creator/4.2/psoc creator/import/gnu/arm/5.4.1/bin/../lib/gcc/arm-none-eabi/5.4.1/../../../../arm-none-eabi/lib/armv7-m\libg_nano.a(lib_a-mprec.o)
                0x000060f4                __multadd
 .text.__hi0bits
                0x0000616a       0x40 c:/program files (x86)/cypress/psoc creator/4.2/psoc creator/import/gnu/arm/5.4.1/bin/../lib/gcc/arm-none-eabi/5.4.1/../../../../arm-none-eabi/lib/armv7-m\libg_nano.a(lib_a-mprec.o)
                0x0000616a                __hi0bits
 .text.__lo0bits
                0x000061aa       0x5a c:/program files (x86)/cypress/psoc creator/4.2/psoc creator/import/gnu/arm/5.4.1/bin/../lib/gcc/arm-none-eabi/5.4.1/../../../../arm-none-eabi/lib/armv7-m\libg_nano.a(lib_a-mprec.o)
                0x000061aa                __lo0bits
 .text.__i2b    0x00006204       0x12 c:/program files (x86)/cypress/psoc creator/4.2/psoc creator/import/gnu/arm/5.4.1/bin/../lib/gcc/arm-none-eabi/5.4.1/../../../../arm-none-eabi/lib/armv7-m\libg_nano.a(lib_a-mprec.o)
                0x00006204                __i2b
 .text.__multiply
                0x00006216      0x120 c:/program files (x86)/cypress/psoc creator/4.2/psoc creator/import/gnu/arm/5.4.1/bin/../lib/gcc/arm-none-eabi/5.4.1/../../../../arm-none-eabi/lib/armv7-m\libg_nano.a(lib_a-mprec.o)
                0x00006216                __multiply
 *fill*         0x00006336        0x2 
 .text.__pow5mult
                0x00006338       0x9c c:/program files (x86)/cypress/psoc creator/4.2/psoc creator/import/gnu/arm/5.4.1/bin/../lib/gcc/arm-none-eabi/5.4.1/../../../../arm-none-eabi/lib/armv7-m\libg_nano.a(lib_a-mprec.o)
                0x00006338                __pow5mult
 .text.__lshift
                0x000063d4       0xa2 c:/program files (x86)/cypress/psoc creator/4.2/psoc creator/import/gnu/arm/5.4.1/bin/../lib/gcc/arm-none-eabi/5.4.1/../../../../arm-none-eabi/lib/armv7-m\libg_nano.a(lib_a-mprec.o)
                0x000063d4                __lshift
 .text.__mcmp   0x00006476       0x38 c:/program files (x86)/cypress/psoc creator/4.2/psoc creator/import/gnu/arm/5.4.1/bin/../lib/gcc/arm-none-eabi/5.4.1/../../../../arm-none-eabi/lib/armv7-m\libg_nano.a(lib_a-mprec.o)
                0x00006476                __mcmp
 .text.__mdiff  0x000064ae       0xbe c:/program files (x86)/cypress/psoc creator/4.2/psoc creator/import/gnu/arm/5.4.1/bin/../lib/gcc/arm-none-eabi/5.4.1/../../../../arm-none-eabi/lib/armv7-m\libg_nano.a(lib_a-mprec.o)
                0x000064ae                __mdiff
 .text.__d2b    0x0000656c       0x9c c:/program files (x86)/cypress/psoc creator/4.2/psoc creator/import/gnu/arm/5.4.1/bin/../lib/gcc/arm-none-eabi/5.4.1/../../../../arm-none-eabi/lib/armv7-m\libg_nano.a(lib_a-mprec.o)
                0x0000656c                __d2b
 .text._calloc_r
                0x00006608       0x1c c:/program files (x86)/cypress/psoc creator/4.2/psoc creator/import/gnu/arm/5.4.1/bin/../lib/gcc/arm-none-eabi/5.4.1/../../../../arm-none-eabi/lib/armv7-m\libg_nano.a(lib_a-nano-callocr.o)
                0x00006608                _calloc_r
 .text._free_r  0x00006624       0x98 c:/program files (x86)/cypress/psoc creator/4.2/psoc creator/import/gnu/arm/5.4.1/bin/../lib/gcc/arm-none-eabi/5.4.1/../../../../arm-none-eabi/lib/armv7-m\libg_nano.a(lib_a-nano-freer.o)
                0x00006624                _free_r
 .text._malloc_r
                0x000066bc       0xbc c:/program files (x86)/cypress/psoc creator/4.2/psoc creator/import/gnu/arm/5.4.1/bin/../lib/gcc/arm-none-eabi/5.4.1/../../../../arm-none-eabi/lib/armv7-m\libg_nano.a(lib_a-nano-mallocr.o)
                0x000066bc                _malloc_r
 .text.__ssputs_r
                0x00006778       0xb2 c:/program files (x86)/cypress/psoc creator/4.2/psoc creator/import/gnu/arm/5.4.1/bin/../lib/gcc/arm-none-eabi/5.4.1/../../../../arm-none-eabi/lib/armv7-m\libg_nano.a(lib_a-nano-svfprintf.o)
                0x00006778                __ssputs_r
 *fill*         0x0000682a        0x2 
 .text._svfprintf_r
                0x0000682c      0x1e8 c:/program files (x86)/cypress/psoc creator/4.2/psoc creator/import/gnu/arm/5.4.1/bin/../lib/gcc/arm-none-eabi/5.4.1/../../../../arm-none-eabi/lib/armv7-m\libg_nano.a(lib_a-nano-svfprintf.o)
                0x0000682c                _svfiprintf_r
                0x0000682c                _svfprintf_r
 .text._sbrk_r  0x00006a14       0x20 c:/program files (x86)/cypress/psoc creator/4.2/psoc creator/import/gnu/arm/5.4.1/bin/../lib/gcc/arm-none-eabi/5.4.1/../../../../arm-none-eabi/lib/armv7-m\libg_nano.a(lib_a-sbrkr.o)
                0x00006a14                _sbrk_r
 .text.memmove  0x00006a34       0x36 c:/program files (x86)/cypress/psoc creator/4.2/psoc creator/import/gnu/arm/5.4.1/bin/../lib/gcc/arm-none-eabi/5.4.1/../../../../arm-none-eabi/lib/armv7-m\libg_nano.a(lib_a-memmove.o)
                0x00006a34                memmove
 .text.__malloc_lock
                0x00006a6a        0x2 c:/program files (x86)/cypress/psoc creator/4.2/psoc creator/import/gnu/arm/5.4.1/bin/../lib/gcc/arm-none-eabi/5.4.1/../../../../arm-none-eabi/lib/armv7-m\libg_nano.a(lib_a-mlock.o)
                0x00006a6a                __malloc_lock
 .text.__malloc_unlock
                0x00006a6c        0x2 c:/program files (x86)/cypress/psoc creator/4.2/psoc creator/import/gnu/arm/5.4.1/bin/../lib/gcc/arm-none-eabi/5.4.1/../../../../arm-none-eabi/lib/armv7-m\libg_nano.a(lib_a-mlock.o)
                0x00006a6c                __malloc_unlock
 .text._realloc_r
                0x00006a6e       0x4c c:/program files (x86)/cypress/psoc creator/4.2/psoc creator/import/gnu/arm/5.4.1/bin/../lib/gcc/arm-none-eabi/5.4.1/../../../../arm-none-eabi/lib/armv7-m\libg_nano.a(lib_a-nano-reallocr.o)
                0x00006a6e                _realloc_r
 .text._malloc_usable_size_r
                0x00006aba       0x14 c:/program files (x86)/cypress/psoc creator/4.2/psoc creator/import/gnu/arm/5.4.1/bin/../lib/gcc/arm-none-eabi/5.4.1/../../../../arm-none-eabi/lib/armv7-m\libg_nano.a(lib_a-nano-msizer.o)
                0x00006aba                _malloc_usable_size_r
 *fill*         0x00006ace        0x2 
 .text          0x00006ad0       0x2c c:/program files (x86)/cypress/psoc creator/4.2/psoc creator/import/gnu/arm/5.4.1/bin/../lib/gcc/arm-none-eabi/5.4.1/armv7-m\libgcc.a(_arm_unorddf2.o)
                0x00006ad0                __unorddf2
                0x00006ad0                __aeabi_dcmpun
 *(.plt)
 *(.gnu.warning)
 *(.glue_7t)
 .glue_7t       0x00006afc        0x0 linker stubs
 *(.glue_7)
 .glue_7        0x00006afc        0x0 linker stubs
 *(.vfp11_veneer)
 .vfp11_veneer  0x00006afc        0x0 linker stubs
 *(.bootloader)
 *(.ARM.extab* .gnu.linkonce.armextab.*)
 *(.gcc_except_table)

.v4_bx          0x00006afc        0x0
 .v4_bx         0x00006afc        0x0 linker stubs

.iplt           0x00006afc        0x0
 .iplt          0x00006afc        0x0 c:/program files (x86)/cypress/psoc creator/4.2/psoc creator/import/gnu/arm/5.4.1/bin/../lib/gcc/arm-none-eabi/5.4.1/armv7-m/crtbegin.o

.eh_frame_hdr
 *(.eh_frame_hdr)

.eh_frame       0x00006afc        0x4
 *(.eh_frame)
 .eh_frame      0x00006afc        0x0 c:/program files (x86)/cypress/psoc creator/4.2/psoc creator/import/gnu/arm/5.4.1/bin/../lib/gcc/arm-none-eabi/5.4.1/armv7-m/crtbegin.o
 .eh_frame      0x00006afc        0x4 c:/program files (x86)/cypress/psoc creator/4.2/psoc creator/import/gnu/arm/5.4.1/bin/../lib/gcc/arm-none-eabi/5.4.1/armv7-m/crtend.o
                [!provide]                PROVIDE (__exidx_start, .)

.ARM.exidx
 *(.ARM.exidx* .gnu.linkonce.armexidx.*)
                0x00006b00                __exidx_end = .

.rodata         0x00006b00      0x478
 *(.rodata .rodata.* .gnu.linkonce.r.*)
 .rodata.str1.4
                0x00006b00       0x45 .\CortexM3\ARM_GCC_541\Debug\main.o
                                 0x4a (size before relaxing)
 *fill*         0x00006b45        0x3 
 .rodata.str1.4
                0x00006b48       0x15 .\CortexM3\ARM_GCC_541\Debug\colour.o
 *fill*         0x00006b5d        0x3 
 .rodata.str1.4
                0x00006b60        0xa .\CortexM3\ARM_GCC_541\Debug\ultrasonic.o
 *fill*         0x00006b6a        0x2 
 .rodata.str1.4
                0x00006b6c       0x48 .\CortexM3\ARM_GCC_541\Debug\dcmotor.o
                                 0x46 (size before relaxing)
 .rodata        0x00006bb4       0x4e .\CortexM3\ARM_GCC_541\Debug\cyfitter_cfg.o
 *fill*         0x00006c02        0x2 
 .rodata.npio2_hw
                0x00006c04       0x80 c:/program files (x86)/cypress/psoc creator/4.2/psoc creator/import/gnu/arm/5.4.1/bin/../lib/gcc/arm-none-eabi/5.4.1/../../../../arm-none-eabi/lib/armv7-m\libm.a(lib_a-e_rem_pio2.o)
 .rodata.two_over_pi
                0x00006c84      0x108 c:/program files (x86)/cypress/psoc creator/4.2/psoc creator/import/gnu/arm/5.4.1/bin/../lib/gcc/arm-none-eabi/5.4.1/../../../../arm-none-eabi/lib/armv7-m\libm.a(lib_a-e_rem_pio2.o)
 .rodata.init_jk
                0x00006d8c       0x10 c:/program files (x86)/cypress/psoc creator/4.2/psoc creator/import/gnu/arm/5.4.1/bin/../lib/gcc/arm-none-eabi/5.4.1/../../../../arm-none-eabi/lib/armv7-m\libm.a(lib_a-k_rem_pio2.o)
 *fill*         0x00006d9c        0x4 
 .rodata.PIo2   0x00006da0       0x40 c:/program files (x86)/cypress/psoc creator/4.2/psoc creator/import/gnu/arm/5.4.1/bin/../lib/gcc/arm-none-eabi/5.4.1/../../../../arm-none-eabi/lib/armv7-m\libm.a(lib_a-k_rem_pio2.o)
 .rodata.str1.1
                0x00006de0        0x2 c:/program files (x86)/cypress/psoc creator/4.2/psoc creator/import/gnu/arm/5.4.1/bin/../lib/gcc/arm-none-eabi/5.4.1/../../../../arm-none-eabi/lib/armv7-m\libg_nano.a(lib_a-impure.o)
 .rodata.str1.1
                0x00006de2       0x12 c:/program files (x86)/cypress/psoc creator/4.2/psoc creator/import/gnu/arm/5.4.1/bin/../lib/gcc/arm-none-eabi/5.4.1/../../../../arm-none-eabi/lib/armv7-m\libg_nano.a(lib_a-nano-vfprintf_float.o)
 .rodata.str1.1
                0x00006df4       0x22 c:/program files (x86)/cypress/psoc creator/4.2/psoc creator/import/gnu/arm/5.4.1/bin/../lib/gcc/arm-none-eabi/5.4.1/../../../../arm-none-eabi/lib/armv7-m\libg_nano.a(lib_a-nano-vfprintf_i.o)
 .rodata.str1.1
                0x00006e16        0xd c:/program files (x86)/cypress/psoc creator/4.2/psoc creator/import/gnu/arm/5.4.1/bin/../lib/gcc/arm-none-eabi/5.4.1/../../../../arm-none-eabi/lib/armv7-m\libg_nano.a(lib_a-dtoa.o)
                                  0xf (size before relaxing)
 .rodata.str1.1
                0x00006e23        0x8 c:/program files (x86)/cypress/psoc creator/4.2/psoc creator/import/gnu/arm/5.4.1/bin/../lib/gcc/arm-none-eabi/5.4.1/../../../../arm-none-eabi/lib/armv7-m\libg_nano.a(lib_a-locale.o)
                                  0xb (size before relaxing)
 *fill*         0x00006e2b        0x5 
 .rodata.__mprec_tens
                0x00006e30       0xc8 c:/program files (x86)/cypress/psoc creator/4.2/psoc creator/import/gnu/arm/5.4.1/bin/../lib/gcc/arm-none-eabi/5.4.1/../../../../arm-none-eabi/lib/armv7-m\libg_nano.a(lib_a-mprec.o)
                0x00006e30                __mprec_tens
 .rodata.p05.5408
                0x00006ef8        0xc c:/program files (x86)/cypress/psoc creator/4.2/psoc creator/import/gnu/arm/5.4.1/bin/../lib/gcc/arm-none-eabi/5.4.1/../../../../arm-none-eabi/lib/armv7-m\libg_nano.a(lib_a-mprec.o)
 *fill*         0x00006f04        0x4 
 .rodata.__mprec_bigtens
                0x00006f08       0x28 c:/program files (x86)/cypress/psoc creator/4.2/psoc creator/import/gnu/arm/5.4.1/bin/../lib/gcc/arm-none-eabi/5.4.1/../../../../arm-none-eabi/lib/armv7-m\libg_nano.a(lib_a-mprec.o)
                0x00006f08                __mprec_bigtens
 .rodata.str1.1
                0x00006f30       0x11 c:/program files (x86)/cypress/psoc creator/4.2/psoc creator/import/gnu/arm/5.4.1/bin/../lib/gcc/arm-none-eabi/5.4.1/../../../../arm-none-eabi/lib/armv7-m\libg_nano.a(lib_a-nano-svfprintf.o)
                0x00006f44                . = ALIGN (0x4)
 *fill*         0x00006f41        0x3 
 *(.init)
 .init          0x00006f44        0x4 c:/program files (x86)/cypress/psoc creator/4.2/psoc creator/import/gnu/arm/5.4.1/bin/../lib/gcc/arm-none-eabi/5.4.1/armv7-m/crti.o
                0x00006f44                _init
 .init          0x00006f48        0x8 c:/program files (x86)/cypress/psoc creator/4.2/psoc creator/import/gnu/arm/5.4.1/bin/../lib/gcc/arm-none-eabi/5.4.1/armv7-m/crtn.o
                0x00006f50                . = ALIGN (0x4)
                0x00006f50                __preinit_array_start = .
 *(.preinit_array)
                0x00006f50                __preinit_array_end = .
                0x00006f50                . = ALIGN (0x4)
                0x00006f50                __init_array_start = .
 *(SORT(.init_array.*))
 *(.init_array)
 .init_array    0x00006f50        0x4 c:/program files (x86)/cypress/psoc creator/4.2/psoc creator/import/gnu/arm/5.4.1/bin/../lib/gcc/arm-none-eabi/5.4.1/armv7-m/crtbegin.o
 .init_array    0x00006f54        0x4 .\CortexM3\ARM_GCC_541\Debug\Cm3Start.o
                0x00006f58                __init_array_end = .
                0x00006f58                . = ALIGN (0x4)
 *(.fini)
 .fini          0x00006f58        0x4 c:/program files (x86)/cypress/psoc creator/4.2/psoc creator/import/gnu/arm/5.4.1/bin/../lib/gcc/arm-none-eabi/5.4.1/armv7-m/crti.o
                0x00006f58                _fini
 .fini          0x00006f5c        0x8 c:/program files (x86)/cypress/psoc creator/4.2/psoc creator/import/gnu/arm/5.4.1/bin/../lib/gcc/arm-none-eabi/5.4.1/armv7-m/crtn.o
                0x00006f64                . = ALIGN (0x4)
                0x00006f64                __fini_array_start = .
 *(.fini_array)
 .fini_array    0x00006f64        0x4 c:/program files (x86)/cypress/psoc creator/4.2/psoc creator/import/gnu/arm/5.4.1/bin/../lib/gcc/arm-none-eabi/5.4.1/armv7-m/crtbegin.o
 *(SORT(.fini_array.*))
                0x00006f68                __fini_array_end = .
                0x00006f68                . = ALIGN (0x4)
 *crtbegin.o(.ctors)
 *(EXCLUDE_FILE(*crtend.o) .ctors)
 *(SORT(.ctors.*))
 *crtend.o(.ctors)
                0x00006f68                . = ALIGN (0x4)
 *crtbegin.o(.dtors)
 *(EXCLUDE_FILE(*crtend.o) .dtors)
 *(SORT(.dtors.*))
 *crtend.o(.dtors)
                0x00006f68                . = ALIGN (0x4)
                0x00006f68                __cy_regions = .
                0x00006f68        0x4 LONG 0x6f78 __cy_region_init_ram
                0x00006f6c        0x4 LONG 0x1fff80c8 __cy_region_start_data
                0x00006f70        0x4 LONG 0xe8 __cy_region_init_size_ram
                0x00006f74        0x4 LONG 0x190 __cy_region_zero_size_ram
                0x00006f78                __cy_regions_end = .
                0x00006f78                . = ALIGN (0x8)
                0x00006f78                _etext = .

.cy_checksum_exclude
                0x00006f78        0x0
 *(.cy_checksum_exclude)

.ramvectors     0x1fff8000       0xc0
                0x1fff8000                __cy_region_start_ram = .
 *(.ramvectors)
 .ramvectors    0x1fff8000       0xc0 .\CortexM3\ARM_GCC_541\Debug\Cm3Start.o
                0x1fff8000                CyRamVectors

.noinit         0x1fff80c0        0x1
 *(.noinit)
 .noinit        0x1fff80c0        0x1 .\CortexM3\ARM_GCC_541\Debug\Group17Robot.a(CyLib.o)
                0x1fff80c0                CyResetStatus

.data           0x1fff80c8       0xe8 load address 0x00006f78
                0x1fff80c8                __cy_region_start_data = .
 *(.jcr)
 .jcr           0x1fff80c8        0x0 c:/program files (x86)/cypress/psoc creator/4.2/psoc creator/import/gnu/arm/5.4.1/bin/../lib/gcc/arm-none-eabi/5.4.1/armv7-m/crtbegin.o
 .jcr           0x1fff80c8        0x4 c:/program files (x86)/cypress/psoc creator/4.2/psoc creator/import/gnu/arm/5.4.1/bin/../lib/gcc/arm-none-eabi/5.4.1/armv7-m/crtend.o
 *(.got.plt)
 *(.got)
 *(.shdata)
 *(.data .data.* .gnu.linkonce.d.*)
 .data          0x1fff80cc       0x2c .\CortexM3\ARM_GCC_541\Debug\main.o
                0x1fff80cc                colour_flag
                0x1fff80d0                state
                0x1fff80d4                current_stage
                0x1fff80d8                running
                0x1fff80dc                moveNow
                0x1fff80e0                currentOrientation
                0x1fff80e4                puckRackOffsetsFromWest
 .data          0x1fff80f8        0x4 .\CortexM3\ARM_GCC_541\Debug\ultrasonic.o
                0x1fff80f8                initialisation
 .data          0x1fff80fc        0x4 .\CortexM3\ARM_GCC_541\Debug\Cm3Start.o
 .data          0x1fff8100       0x10 .\CortexM3\ARM_GCC_541\Debug\Group17Robot.a(CyLib.o)
                0x1fff8100                cydelay_32k_ms
                0x1fff8104                cydelay_freq_khz
                0x1fff8108                cydelay_freq_mhz
                0x1fff810c                cydelay_freq_hz
 .data          0x1fff8110        0x1 .\CortexM3\ARM_GCC_541\Debug\Group17Robot.a(ADC.o)
                0x1fff8110                ADC_Config
 *fill*         0x1fff8111        0x3 
 .data.impure_data
                0x1fff8114       0x60 c:/program files (x86)/cypress/psoc creator/4.2/psoc creator/import/gnu/arm/5.4.1/bin/../lib/gcc/arm-none-eabi/5.4.1/../../../../arm-none-eabi/lib/armv7-m\libg_nano.a(lib_a-impure.o)
 .data._impure_ptr
                0x1fff8174        0x4 c:/program files (x86)/cypress/psoc creator/4.2/psoc creator/import/gnu/arm/5.4.1/bin/../lib/gcc/arm-none-eabi/5.4.1/../../../../arm-none-eabi/lib/armv7-m\libg_nano.a(lib_a-impure.o)
                0x1fff8174                _impure_ptr
 .data.lconv    0x1fff8178       0x38 c:/program files (x86)/cypress/psoc creator/4.2/psoc creator/import/gnu/arm/5.4.1/bin/../lib/gcc/arm-none-eabi/5.4.1/../../../../arm-none-eabi/lib/armv7-m\libg_nano.a(lib_a-locale.o)
                0x1fff81b0                . = ALIGN (0x8)
 *(.ram)
                0x1fff81b0                _edata = .

.igot.plt       0x1fff81b0        0x0 load address 0x00007060
 .igot.plt      0x1fff81b0        0x0 c:/program files (x86)/cypress/psoc creator/4.2/psoc creator/import/gnu/arm/5.4.1/bin/../lib/gcc/arm-none-eabi/5.4.1/armv7-m/crtbegin.o

.bss            0x1fff81b0      0x190 load address 0x00007060
                0x1fff81b0                PROVIDE (__bss_start__, .)
 *(.shbss)
 *(.bss .bss.* .gnu.linkonce.b.*)
 .bss           0x1fff81b0       0x1c c:/program files (x86)/cypress/psoc creator/4.2/psoc creator/import/gnu/arm/5.4.1/bin/../lib/gcc/arm-none-eabi/5.4.1/armv7-m/crtbegin.o
 .bss           0x1fff81cc       0x50 .\CortexM3\ARM_GCC_541\Debug\main.o
                0x1fff81cc                beginNavigation
                0x1fff81d0                idac_value
                0x1fff81d4                puckRackColours
                0x1fff81e8                moving
                0x1fff81ec                ColourSensingAlgorithm
                0x1fff81f0                turningRightFlag
                0x1fff81f2                turningLeftFlag
                0x1fff81f4                drivingBackwardFlag
                0x1fff81f6                drivingForwardFlag
                0x1fff81f8                motor2Enable
                0x1fff81fa                motor1Enable
                0x1fff81fc                currentPosition
                0x1fff8204                block_edge_location
                0x1fff8214                sweeping
                0x1fff8218                currentPuckRackScanningIndex
 .bss           0x1fff821c       0x2c .\CortexM3\ARM_GCC_541\Debug\ultrasonic.o
                0x1fff821c                count
                0x1fff8220                ultrasonic_mux_control
                0x1fff8224                ultrasonic_distances
                0x1fff8238                block_start
                0x1fff823c                puck_start
                0x1fff8240                distance_measured
                0x1fff8244                i
 .bss           0x1fff8248        0x1 .\CortexM3\ARM_GCC_541\Debug\Group17Robot.a(TIA_1.o)
                0x1fff8248                TIA_1_initVar
 .bss           0x1fff8249        0x2 .\CortexM3\ARM_GCC_541\Debug\Group17Robot.a(UART_1.o)
                0x1fff8249                UART_1_initVar
 *fill*         0x1fff824b        0x1 
 .bss           0x1fff824c       0x18 .\CortexM3\ARM_GCC_541\Debug\Group17Robot.a(ADC.o)
                0x1fff825c                ADC_stopConversion
                0x1fff825d                ADC_convDone
                0x1fff825e                ADC_initVar
                0x1fff825f                ADC_started
                0x1fff8260                ADC_Offset
 .bss           0x1fff8264        0x1 .\CortexM3\ARM_GCC_541\Debug\Group17Robot.a(IDAC8_1.o)
                0x1fff8264                IDAC8_1_initVar
 .bss           0x1fff8265        0x1 .\CortexM3\ARM_GCC_541\Debug\Group17Robot.a(Timer_1.o)
                0x1fff8265                Timer_1_initVar
 .bss           0x1fff8266        0x1 .\CortexM3\ARM_GCC_541\Debug\Group17Robot.a(Motor_2_driver.o)
                0x1fff8266                Motor_2_driver_initVar
 .bss           0x1fff8267        0x1 .\CortexM3\ARM_GCC_541\Debug\Group17Robot.a(Motor_1_driver.o)
                0x1fff8267                Motor_1_driver_initVar
 .bss           0x1fff8268        0x1 .\CortexM3\ARM_GCC_541\Debug\Group17Robot.a(Motor_2_Encoder_Counts.o)
                0x1fff8268                Motor_2_Encoder_Counts_initVar
 .bss           0x1fff8269        0x1 .\CortexM3\ARM_GCC_541\Debug\Group17Robot.a(Motor_1_Encoder_Counts.o)
                0x1fff8269                Motor_1_Encoder_Counts_initVar
 .bss           0x1fff826a        0x1 .\CortexM3\ARM_GCC_541\Debug\Group17Robot.a(Gripper_Servo_PWM.o)
                0x1fff826a                Gripper_Servo_PWM_initVar
 *fill*         0x1fff826b        0x1 
 .bss           0x1fff826c        0x1 .\CortexM3\ARM_GCC_541\Debug\Group17Robot.a(Gripper_Servo_PWM_PM.o)
 .bss           0x1fff826d        0x1 .\CortexM3\ARM_GCC_541\Debug\Group17Robot.a(Rack_Servo_PWM.o)
                0x1fff826d                Rack_Servo_PWM_initVar
 *fill*         0x1fff826e        0x2 
 .bss           0x1fff8270        0x1 .\CortexM3\ARM_GCC_541\Debug\Group17Robot.a(Rack_Servo_PWM_PM.o)
 .bss           0x1fff8271        0x1 .\CortexM3\ARM_GCC_541\Debug\Group17Robot.a(Drift_Check_Timer.o)
                0x1fff8271                Drift_Check_Timer_initVar
 *fill*         0x1fff8272        0x2 
 .bss.__malloc_sbrk_start
                0x1fff8274        0x4 c:/program files (x86)/cypress/psoc creator/4.2/psoc creator/import/gnu/arm/5.4.1/bin/../lib/gcc/arm-none-eabi/5.4.1/../../../../arm-none-eabi/lib/armv7-m\libg_nano.a(lib_a-nano-mallocr.o)
                0x1fff8274                __malloc_sbrk_start
 .bss.__malloc_free_list
                0x1fff8278        0x4 c:/program files (x86)/cypress/psoc creator/4.2/psoc creator/import/gnu/arm/5.4.1/bin/../lib/gcc/arm-none-eabi/5.4.1/../../../../arm-none-eabi/lib/armv7-m\libg_nano.a(lib_a-nano-mallocr.o)
                0x1fff8278                __malloc_free_list
 *(COMMON)
 COMMON         0x1fff827c       0x64 .\CortexM3\ARM_GCC_541\Debug\main.o
                0x1fff827c                moveRightAllowed
                0x1fff8280                M2_BD
                0x1fff8284                output
                0x1fff82a4                desiredOrientation
                0x1fff82a8                moveForwardAllowed
                0x1fff82ac                pathPastBlock
                0x1fff82b0                driveStraightEnable
                0x1fff82b4                moveBackwardAllowed
                0x1fff82b8                M1_BD
                0x1fff82bc                pathToPucks
                0x1fff82c0                M1_FD
                0x1fff82c4                puckPileLocation
                0x1fff82c8                motor1EncoderCounts
                0x1fff82cc                moveLeftAllowed
                0x1fff82d0                motor2EncoderCounts
                0x1fff82d4                desiredPosition
                0x1fff82dc                M2_FD
 COMMON         0x1fff82e0       0x54 .\CortexM3\ARM_GCC_541\Debug\colour.o
                0x1fff82e0                test_white
                0x1fff82e4                test_red
                0x1fff82e8                ambient_current
                0x1fff82ec                input_current
                0x1fff82f0                colour_output
                0x1fff82f4                ambient_green
                0x1fff82f8                ambient_white
                0x1fff82fc                ambient_red
                0x1fff8300                test_blue
                0x1fff8304                ambient_blue
                0x1fff8308                pd_voltage
                0x1fff830c                stored
                0x1fff8330                test_green
 COMMON         0x1fff8334        0x4 .\CortexM3\ARM_GCC_541\Debug\Group17Robot.a(ADC.o)
                0x1fff8334                ADC_CountsPerVolt
 COMMON         0x1fff8338        0x4 c:/program files (x86)/cypress/psoc creator/4.2/psoc creator/import/gnu/arm/5.4.1/bin/../lib/gcc/arm-none-eabi/5.4.1/../../../../arm-none-eabi/lib/armv7-m\libg_nano.a(lib_a-reent.o)
                0x1fff8338                errno
                0x1fff8340                . = ALIGN (0x8)
 *fill*         0x1fff833c        0x4 
 *(.ram.b)
                0x1fff8340                _end = .
                0x1fff8340                __end = .
                0x1fff8340                PROVIDE (end, .)
                0x1fff8340                PROVIDE (__bss_end__, .)
                0x00006f78                __cy_region_init_ram = LOADADDR (.data)
                0x000000e8                __cy_region_init_size_ram = (_edata - ADDR (.data))
                0x00000190                __cy_region_zero_size_ram = (_end - _edata)

.heap           0x1fff8340      0x200 load address 0x00007060
                0x1fff8340                . = _end
                0x1fff8540                . = (. + 0x200)
 *fill*         0x1fff8340      0x200 
                0x1fff8540                __cy_heap_limit = .

.stack          0x20007800      0x800
                0x20007800                __cy_stack_limit = .
                0x20008000                . = (. + 0x800)
 *fill*         0x20007800      0x800 
                0x00000001                ASSERT ((__cy_stack_limit >= __cy_heap_limit), region RAM overflowed with stack)
                0x00000000                cy_checksum_exclude_size = (CY_APPL_LOADABLE == 0x1)?SIZEOF (.cy_checksum_exclude):0x0
                0x00000001                ASSERT ((cy_checksum_exclude_size <= CY_CHECKSUM_EXCLUDE_SIZE), CY_BOOT: Section .cy_checksum_exclude size exceedes specified limit.)

.cyloadermeta
 *(.cyloadermeta)

.cyloadablemeta
 *(.cyloadablemeta)

.cyconfigecc    0x80000000      0xdfc
 *(.cyconfigecc)
 .cyconfigecc   0x80000000      0xdfc .\CortexM3\ARM_GCC_541\Debug\cymetadata.o
                0x80000000                cy_meta_configecc

.cycustnvl      0x90000000        0x4
 *(.cycustnvl)
 .cycustnvl     0x90000000        0x4 .\CortexM3\ARM_GCC_541\Debug\cymetadata.o
                0x90000000                cy_meta_custnvl

.cywolatch      0x90100000        0x4
 *(.cywolatch)
 .cywolatch     0x90100000        0x4 .\CortexM3\ARM_GCC_541\Debug\cymetadata.o
                0x90100000                cy_meta_wonvl

.cyeeprom       0x90200000        0x0
 *(.cyeeprom)
                0x00000001                ASSERT ((. <= ((0x90200000 + ee_offset) + ee_size)), .cyeeprom data will not fit in EEPROM)

.cyflashprotect
                0x90400000      0x100
 *(.cyflashprotect)
 .cyflashprotect
                0x90400000      0x100 .\CortexM3\ARM_GCC_541\Debug\cymetadata.o
                0x90400000                cy_meta_flashprotect

.cymeta         0x90500000        0xc
 *(.cymeta)
 .cymeta        0x90500000        0xc .\CortexM3\ARM_GCC_541\Debug\cymetadata.o
                0x90500000                cy_metadata

.rel.dyn        0x00007060        0x0 load address 0x9050000c
 .rel.iplt      0x00007060        0x0 c:/program files (x86)/cypress/psoc creator/4.2/psoc creator/import/gnu/arm/5.4.1/bin/../lib/gcc/arm-none-eabi/5.4.1/armv7-m/crtbegin.o

.stab
 *(.stab)

.stabstr
 *(.stabstr)

.debug
 *(.debug)

.line
 *(.line)

.debug_srcinfo
 *(.debug_srcinfo)

.debug_sfnames
 *(.debug_sfnames)

.debug_aranges  0x00000000     0x1450
 *(.debug_aranges)
 .debug_aranges
                0x00000000       0x50 .\CortexM3\ARM_GCC_541\Debug\main.o
 .debug_aranges
                0x00000050       0x38 .\CortexM3\ARM_GCC_541\Debug\colour.o
 .debug_aranges
                0x00000088       0x38 .\CortexM3\ARM_GCC_541\Debug\ultrasonic.o
 .debug_aranges
                0x000000c0       0xb0 .\CortexM3\ARM_GCC_541\Debug\dcmotor.o
 .debug_aranges
                0x00000170       0x78 .\CortexM3\ARM_GCC_541\Debug\servo.o
 .debug_aranges
                0x000001e8       0x20 .\CortexM3\ARM_GCC_541\Debug\customMath.o
 .debug_aranges
                0x00000208       0x58 .\CortexM3\ARM_GCC_541\Debug\cyfitter_cfg.o
 .debug_aranges
                0x00000260       0x18 .\CortexM3\ARM_GCC_541\Debug\cymetadata.o
 .debug_aranges
                0x00000278       0x48 .\CortexM3\ARM_GCC_541\Debug\Cm3Start.o
 .debug_aranges
                0x000002c0       0x50 .\CortexM3\ARM_GCC_541\Debug\Group17Robot.a(TIA_1.o)
 .debug_aranges
                0x00000310      0x2a0 .\CortexM3\ARM_GCC_541\Debug\Group17Robot.a(CyLib.o)
 .debug_aranges
                0x000005b0       0x98 .\CortexM3\ARM_GCC_541\Debug\Group17Robot.a(cyPm.o)
 .debug_aranges
                0x00000648       0xf0 .\CortexM3\ARM_GCC_541\Debug\Group17Robot.a(UART_1.o)
 .debug_aranges
                0x00000738       0x70 .\CortexM3\ARM_GCC_541\Debug\Group17Robot.a(UART_1_IntClock.o)
 .debug_aranges
                0x000007a8       0xe8 .\CortexM3\ARM_GCC_541\Debug\Group17Robot.a(ADC.o)
 .debug_aranges
                0x00000890       0x38 .\CortexM3\ARM_GCC_541\Debug\Group17Robot.a(ADC_INT.o)
 .debug_aranges
                0x000008c8       0x70 .\CortexM3\ARM_GCC_541\Debug\Group17Robot.a(ADC_Ext_CP_Clk.o)
 .debug_aranges
                0x00000938       0x80 .\CortexM3\ARM_GCC_541\Debug\Group17Robot.a(ADC_theACLK.o)
 .debug_aranges
                0x000009b8       0x60 .\CortexM3\ARM_GCC_541\Debug\Group17Robot.a(IDAC8_1.o)
 .debug_aranges
                0x00000a18       0x98 .\CortexM3\ARM_GCC_541\Debug\Group17Robot.a(Timer_1.o)
 .debug_aranges
                0x00000ab0       0x38 .\CortexM3\ARM_GCC_541\Debug\Group17Robot.a(Trigger_1.o)
 .debug_aranges
                0x00000ae8       0x38 .\CortexM3\ARM_GCC_541\Debug\Group17Robot.a(Trigger_2.o)
 .debug_aranges
                0x00000b20       0x38 .\CortexM3\ARM_GCC_541\Debug\Group17Robot.a(Trigger_3.o)
 .debug_aranges
                0x00000b58       0x38 .\CortexM3\ARM_GCC_541\Debug\Group17Robot.a(Trigger_4.o)
 .debug_aranges
                0x00000b90       0x38 .\CortexM3\ARM_GCC_541\Debug\Group17Robot.a(Trigger_5.o)
 .debug_aranges
                0x00000bc8       0x28 .\CortexM3\ARM_GCC_541\Debug\Group17Robot.a(Ultrasonic_Mux_Control.o)
 .debug_aranges
                0x00000bf0       0xa8 .\CortexM3\ARM_GCC_541\Debug\Group17Robot.a(Motor_2_driver.o)
 .debug_aranges
                0x00000c98       0xa8 .\CortexM3\ARM_GCC_541\Debug\Group17Robot.a(Motor_1_driver.o)
 .debug_aranges
                0x00000d40       0x98 .\CortexM3\ARM_GCC_541\Debug\Group17Robot.a(Motor_2_Encoder_Counts.o)
 .debug_aranges
                0x00000dd8       0x98 .\CortexM3\ARM_GCC_541\Debug\Group17Robot.a(Motor_1_Encoder_Counts.o)
 .debug_aranges
                0x00000e70       0x78 .\CortexM3\ARM_GCC_541\Debug\Group17Robot.a(Gripper_Servo_PWM.o)
 .debug_aranges
                0x00000ee8       0x38 .\CortexM3\ARM_GCC_541\Debug\Group17Robot.a(Gripper_Servo_PWM_PM.o)
 .debug_aranges
                0x00000f20       0x78 .\CortexM3\ARM_GCC_541\Debug\Group17Robot.a(Rack_Servo_PWM.o)
 .debug_aranges
                0x00000f98       0x38 .\CortexM3\ARM_GCC_541\Debug\Group17Robot.a(Rack_Servo_PWM_PM.o)
 .debug_aranges
                0x00000fd0       0x28 .\CortexM3\ARM_GCC_541\Debug\Group17Robot.a(control_led.o)
 .debug_aranges
                0x00000ff8       0x28 .\CortexM3\ARM_GCC_541\Debug\Group17Robot.a(control_photodiode.o)
 .debug_aranges
                0x00001020       0x80 .\CortexM3\ARM_GCC_541\Debug\Group17Robot.a(Start.o)
 .debug_aranges
                0x000010a0       0x80 .\CortexM3\ARM_GCC_541\Debug\Group17Robot.a(Sonic.o)
 .debug_aranges
                0x00001120       0x80 .\CortexM3\ARM_GCC_541\Debug\Group17Robot.a(Encoder_Counts_1_Interrupt.o)
 .debug_aranges
                0x000011a0       0x80 .\CortexM3\ARM_GCC_541\Debug\Group17Robot.a(Encoder_Counts_2_Interrupt.o)
 .debug_aranges
                0x00001220       0x88 .\CortexM3\ARM_GCC_541\Debug\Group17Robot.a(Drift_Check_Timer.o)
 .debug_aranges
                0x000012a8       0x80 .\CortexM3\ARM_GCC_541\Debug\Group17Robot.a(Drift_Check_Interrupt.o)
 .debug_aranges
                0x00001328       0x20 .\CortexM3\ARM_GCC_541\Debug\Group17Robot.a(CyBootAsmGnu.o)
 .debug_aranges
                0x00001348       0x88 .\CortexM3\ARM_GCC_541\Debug\Group17Robot.a(CyFlash.o)
 .debug_aranges
                0x000013d0       0x80 .\CortexM3\ARM_GCC_541\Debug\Group17Robot.a(CySpc.o)

.debug_pubnames
 *(.debug_pubnames)

.debug_info     0x00000000     0xac94
 *(.debug_info .gnu.linkonce.wi.*)
 .debug_info    0x00000000      0xa12 .\CortexM3\ARM_GCC_541\Debug\main.o
 .debug_info    0x00000a12      0x52d .\CortexM3\ARM_GCC_541\Debug\colour.o
 .debug_info    0x00000f3f      0x57e .\CortexM3\ARM_GCC_541\Debug\ultrasonic.o
 .debug_info    0x000014bd      0xbfd .\CortexM3\ARM_GCC_541\Debug\dcmotor.o
 .debug_info    0x000020ba      0x6e5 .\CortexM3\ARM_GCC_541\Debug\servo.o
 .debug_info    0x0000279f       0x61 .\CortexM3\ARM_GCC_541\Debug\customMath.o
 .debug_info    0x00002800      0x640 .\CortexM3\ARM_GCC_541\Debug\cyfitter_cfg.o
 .debug_info    0x00002e40      0x139 .\CortexM3\ARM_GCC_541\Debug\cymetadata.o
 .debug_info    0x00002f79      0x3bb .\CortexM3\ARM_GCC_541\Debug\Cm3Start.o
 .debug_info    0x00003334      0x1d6 .\CortexM3\ARM_GCC_541\Debug\Group17Robot.a(TIA_1.o)
 .debug_info    0x0000350a     0x1374 .\CortexM3\ARM_GCC_541\Debug\Group17Robot.a(CyLib.o)
 .debug_info    0x0000487e      0xa2a .\CortexM3\ARM_GCC_541\Debug\Group17Robot.a(cyPm.o)
 .debug_info    0x000052a8      0x60c .\CortexM3\ARM_GCC_541\Debug\Group17Robot.a(UART_1.o)
 .debug_info    0x000058b4      0x283 .\CortexM3\ARM_GCC_541\Debug\Group17Robot.a(UART_1_IntClock.o)
 .debug_info    0x00005b37      0xb94 .\CortexM3\ARM_GCC_541\Debug\Group17Robot.a(ADC.o)
 .debug_info    0x000066cb       0xd3 .\CortexM3\ARM_GCC_541\Debug\Group17Robot.a(ADC_INT.o)
 .debug_info    0x0000679e      0x283 .\CortexM3\ARM_GCC_541\Debug\Group17Robot.a(ADC_Ext_CP_Clk.o)
 .debug_info    0x00006a21      0x2c4 .\CortexM3\ARM_GCC_541\Debug\Group17Robot.a(ADC_theACLK.o)
 .debug_info    0x00006ce5      0x20a .\CortexM3\ARM_GCC_541\Debug\Group17Robot.a(IDAC8_1.o)
 .debug_info    0x00006eef      0x328 .\CortexM3\ARM_GCC_541\Debug\Group17Robot.a(Timer_1.o)
 .debug_info    0x00007217      0x11f .\CortexM3\ARM_GCC_541\Debug\Group17Robot.a(Trigger_1.o)
 .debug_info    0x00007336      0x11f .\CortexM3\ARM_GCC_541\Debug\Group17Robot.a(Trigger_2.o)
 .debug_info    0x00007455      0x11f .\CortexM3\ARM_GCC_541\Debug\Group17Robot.a(Trigger_3.o)
 .debug_info    0x00007574      0x11f .\CortexM3\ARM_GCC_541\Debug\Group17Robot.a(Trigger_4.o)
 .debug_info    0x00007693      0x11f .\CortexM3\ARM_GCC_541\Debug\Group17Robot.a(Trigger_5.o)
 .debug_info    0x000077b2       0xd6 .\CortexM3\ARM_GCC_541\Debug\Group17Robot.a(Ultrasonic_Mux_Control.o)
 .debug_info    0x00007888      0x3a0 .\CortexM3\ARM_GCC_541\Debug\Group17Robot.a(Motor_2_driver.o)
 .debug_info    0x00007c28      0x3a0 .\CortexM3\ARM_GCC_541\Debug\Group17Robot.a(Motor_1_driver.o)
 .debug_info    0x00007fc8      0x344 .\CortexM3\ARM_GCC_541\Debug\Group17Robot.a(Motor_2_Encoder_Counts.o)
 .debug_info    0x0000830c      0x344 .\CortexM3\ARM_GCC_541\Debug\Group17Robot.a(Motor_1_Encoder_Counts.o)
 .debug_info    0x00008650      0x281 .\CortexM3\ARM_GCC_541\Debug\Group17Robot.a(Gripper_Servo_PWM.o)
 .debug_info    0x000088d1      0x153 .\CortexM3\ARM_GCC_541\Debug\Group17Robot.a(Gripper_Servo_PWM_PM.o)
 .debug_info    0x00008a24      0x281 .\CortexM3\ARM_GCC_541\Debug\Group17Robot.a(Rack_Servo_PWM.o)
 .debug_info    0x00008ca5      0x153 .\CortexM3\ARM_GCC_541\Debug\Group17Robot.a(Rack_Servo_PWM_PM.o)
 .debug_info    0x00008df8       0xd6 .\CortexM3\ARM_GCC_541\Debug\Group17Robot.a(control_led.o)
 .debug_info    0x00008ece       0xd6 .\CortexM3\ARM_GCC_541\Debug\Group17Robot.a(control_photodiode.o)
 .debug_info    0x00008fa4      0x2d2 .\CortexM3\ARM_GCC_541\Debug\Group17Robot.a(Start.o)
 .debug_info    0x00009276      0x2d2 .\CortexM3\ARM_GCC_541\Debug\Group17Robot.a(Sonic.o)
 .debug_info    0x00009548      0x2d2 .\CortexM3\ARM_GCC_541\Debug\Group17Robot.a(Encoder_Counts_1_Interrupt.o)
 .debug_info    0x0000981a      0x2d2 .\CortexM3\ARM_GCC_541\Debug\Group17Robot.a(Encoder_Counts_2_Interrupt.o)