Archive member included to satisfy reference by file (symbol)

.\CortexM3\ARM_GCC_541\Debug\Group17Robot.a(TIA_1.o)
                              .\CortexM3\ARM_GCC_541\Debug\main.o (TIA_1_Start)
.\CortexM3\ARM_GCC_541\Debug\Group17Robot.a(CyLib.o)
                              .\CortexM3\ARM_GCC_541\Debug\Cm3Start.o (CyHalt)
.\CortexM3\ARM_GCC_541\Debug\Group17Robot.a(cyPm.o)
                              .\CortexM3\ARM_GCC_541\Debug\Group17Robot.a(CyLib.o) (CyPmReadStatus)
.\CortexM3\ARM_GCC_541\Debug\Group17Robot.a(UART_1.o)
                              .\CortexM3\ARM_GCC_541\Debug\main.o (UART_1_Start)
.\CortexM3\ARM_GCC_541\Debug\Group17Robot.a(UART_1_IntClock.o)
                              .\CortexM3\ARM_GCC_541\Debug\Group17Robot.a(UART_1.o) (UART_1_IntClock_Start)
.\CortexM3\ARM_GCC_541\Debug\Group17Robot.a(ADC.o)
                              .\CortexM3\ARM_GCC_541\Debug\main.o (ADC_Start)
.\CortexM3\ARM_GCC_541\Debug\Group17Robot.a(ADC_INT.o)
                              .\CortexM3\ARM_GCC_541\Debug\Group17Robot.a(ADC.o) (ADC_ISR1)
.\CortexM3\ARM_GCC_541\Debug\Group17Robot.a(ADC_Ext_CP_Clk.o)
                              .\CortexM3\ARM_GCC_541\Debug\Group17Robot.a(ADC.o) (ADC_Ext_CP_Clk_SetModeRegister)
.\CortexM3\ARM_GCC_541\Debug\Group17Robot.a(ADC_theACLK.o)
                              .\CortexM3\ARM_GCC_541\Debug\Group17Robot.a(ADC.o) (ADC_theACLK_SetModeRegister)
.\CortexM3\ARM_GCC_541\Debug\Group17Robot.a(IDAC8_1.o)
                              .\CortexM3\ARM_GCC_541\Debug\main.o (IDAC8_1_SetValue)
.\CortexM3\ARM_GCC_541\Debug\Group17Robot.a(Timer_1.o)
                              .\CortexM3\ARM_GCC_541\Debug\ultrasonic.o (Timer_1_Stop)
.\CortexM3\ARM_GCC_541\Debug\Group17Robot.a(Trigger_1.o)
                              .\CortexM3\ARM_GCC_541\Debug\ultrasonic.o (Trigger_1_Write)
.\CortexM3\ARM_GCC_541\Debug\Group17Robot.a(Trigger_2.o)
                              .\CortexM3\ARM_GCC_541\Debug\ultrasonic.o (Trigger_2_Write)
.\CortexM3\ARM_GCC_541\Debug\Group17Robot.a(Trigger_3.o)
                              .\CortexM3\ARM_GCC_541\Debug\ultrasonic.o (Trigger_3_Write)
.\CortexM3\ARM_GCC_541\Debug\Group17Robot.a(Trigger_4.o)
                              .\CortexM3\ARM_GCC_541\Debug\ultrasonic.o (Trigger_4_Write)
.\CortexM3\ARM_GCC_541\Debug\Group17Robot.a(Trigger_5.o)
                              .\CortexM3\ARM_GCC_541\Debug\ultrasonic.o (Trigger_5_Write)
.\CortexM3\ARM_GCC_541\Debug\Group17Robot.a(Ultrasonic_Mux_Control.o)
                              .\CortexM3\ARM_GCC_541\Debug\ultrasonic.o (Ultrasonic_Mux_Control_Write)
.\CortexM3\ARM_GCC_541\Debug\Group17Robot.a(Motor_2_driver.o)
                              .\CortexM3\ARM_GCC_541\Debug\dcmotor.o (Motor_2_driver_WriteCompare1)
.\CortexM3\ARM_GCC_541\Debug\Group17Robot.a(Motor_1_driver.o)
                              .\CortexM3\ARM_GCC_541\Debug\dcmotor.o (Motor_1_driver_WriteCompare1)
.\CortexM3\ARM_GCC_541\Debug\Group17Robot.a(Motor_2_Encoder_Counts.o)
                              .\CortexM3\ARM_GCC_541\Debug\dcmotor.o (Motor_2_Encoder_Counts_Stop)
.\CortexM3\ARM_GCC_541\Debug\Group17Robot.a(Motor_1_Encoder_Counts.o)
                              .\CortexM3\ARM_GCC_541\Debug\dcmotor.o (Motor_1_Encoder_Counts_Stop)
.\CortexM3\ARM_GCC_541\Debug\Group17Robot.a(Gripper_Servo_PWM.o)
                              .\CortexM3\ARM_GCC_541\Debug\servo.o (Gripper_Servo_PWM_WriteCompare)
.\CortexM3\ARM_GCC_541\Debug\Group17Robot.a(Rack_Servo_PWM.o)
                              .\CortexM3\ARM_GCC_541\Debug\servo.o (Rack_Servo_PWM_WriteCompare)
.\CortexM3\ARM_GCC_541\Debug\Group17Robot.a(control_led.o)
                              .\CortexM3\ARM_GCC_541\Debug\main.o (control_led_Write)
.\CortexM3\ARM_GCC_541\Debug\Group17Robot.a(Start.o)
                              .\CortexM3\ARM_GCC_541\Debug\main.o (Start_StartEx)
.\CortexM3\ARM_GCC_541\Debug\Group17Robot.a(Sonic.o)
                              .\CortexM3\ARM_GCC_541\Debug\main.o (Sonic_StartEx)
.\CortexM3\ARM_GCC_541\Debug\Group17Robot.a(Gripper_Servo_Disable.o)
                              .\CortexM3\ARM_GCC_541\Debug\servo.o (Gripper_Servo_Disable_Write)
.\CortexM3\ARM_GCC_541\Debug\Group17Robot.a(Encoder_Counts_1_Interrupt.o)
                              .\CortexM3\ARM_GCC_541\Debug\main.o (Encoder_Counts_1_Interrupt_StartEx)
.\CortexM3\ARM_GCC_541\Debug\Group17Robot.a(Encoder_Counts_2_Interrupt.o)
                              .\CortexM3\ARM_GCC_541\Debug\main.o (Encoder_Counts_2_Interrupt_StartEx)
.\CortexM3\ARM_GCC_541\Debug\Group17Robot.a(Drift_Check_Timer.o)
                              .\CortexM3\ARM_GCC_541\Debug\main.o (Drift_Check_Timer_Stop)
.\CortexM3\ARM_GCC_541\Debug\Group17Robot.a(Drift_Check_Interrupt.o)
                              .\CortexM3\ARM_GCC_541\Debug\main.o (Drift_Check_Interrupt_StartEx)
.\CortexM3\ARM_GCC_541\Debug\Group17Robot.a(CyBootAsmGnu.o)
[...]
Memory Configuration

Name             Origin             Length             Attributes
rom              0x00000000         0x00040000         xr
ram              0x1fff8000         0x00010000         xrw
*default*        0x00000000         0xffffffff

Linker script and memory map

LOAD c:/program files (x86)/cypress/psoc creator/4.2/psoc creator/import/gnu/arm/5.4.1/bin/../lib/gcc/arm-none-eabi/5.4.1/armv7-m/crti.o
LOAD c:/program files (x86)/cypress/psoc creator/4.2/psoc creator/import/gnu/arm/5.4.1/bin/../lib/gcc/arm-none-eabi/5.4.1/armv7-m/crtbegin.o
LOAD c:/program files (x86)/cypress/psoc creator/4.2/psoc creator/import/gnu/arm/5.4.1/bin/../lib/gcc/arm-none-eabi/5.4.1/../../../../arm-none-eabi/lib/armv7-m/crt0.o
START GROUP
LOAD .\CortexM3\ARM_GCC_541\Debug\main.o
LOAD .\CortexM3\ARM_GCC_541\Debug\colour.o
LOAD .\CortexM3\ARM_GCC_541\Debug\ultrasonic.o
LOAD .\CortexM3\ARM_GCC_541\Debug\dcmotor.o
LOAD .\CortexM3\ARM_GCC_541\Debug\servo.o
LOAD .\CortexM3\ARM_GCC_541\Debug\customMath.o
LOAD .\CortexM3\ARM_GCC_541\Debug\cyfitter_cfg.o
LOAD .\CortexM3\ARM_GCC_541\Debug\cymetadata.o
LOAD .\CortexM3\ARM_GCC_541\Debug\Cm3Start.o
LOAD .\CortexM3\ARM_GCC_541\Debug\Group17Robot.a
LOAD C:\Program Files (x86)\Cypress\PSoC Creator\4.2\PSoC Creator\psoc\content\cycomponentlibrary\CyComponentLibrary.cylib\CortexM3\ARM_GCC_541\Debug\CyComponentLibrary.a
LOAD c:/program files (x86)/cypress/psoc creator/4.2/psoc creator/import/gnu/arm/5.4.1/bin/../lib/gcc/arm-none-eabi/5.4.1/../../../../arm-none-eabi/lib/armv7-m\libm.a
END GROUP
START GROUP
LOAD c:/program files (x86)/cypress/psoc creator/4.2/psoc creator/import/gnu/arm/5.4.1/bin/../lib/gcc/arm-none-eabi/5.4.1/armv7-m\libgcc.a
LOAD c:/program files (x86)/cypress/psoc creator/4.2/psoc creator/import/gnu/arm/5.4.1/bin/../lib/gcc/arm-none-eabi/5.4.1/../../../../arm-none-eabi/lib/armv7-m\libg_nano.a
LOAD c:/program files (x86)/cypress/psoc creator/4.2/psoc creator/import/gnu/arm/5.4.1/bin/../lib/gcc/arm-none-eabi/5.4.1/../../../../arm-none-eabi/lib/armv7-m\libc_nano.a
END GROUP
START GROUP
LOAD c:/program files (x86)/cypress/psoc creator/4.2/psoc creator/import/gnu/arm/5.4.1/bin/../lib/gcc/arm-none-eabi/5.4.1/armv7-m\libgcc.a
LOAD c:/program files (x86)/cypress/psoc creator/4.2/psoc creator/import/gnu/arm/5.4.1/bin/../lib/gcc/arm-none-eabi/5.4.1/../../../../arm-none-eabi/lib/armv7-m\libc_nano.a
END GROUP
LOAD c:/program files (x86)/cypress/psoc creator/4.2/psoc creator/import/gnu/arm/5.4.1/bin/../lib/gcc/arm-none-eabi/5.4.1/armv7-m/crtend.o
LOAD c:/program files (x86)/cypress/psoc creator/4.2/psoc creator/import/gnu/arm/5.4.1/bin/../lib/gcc/arm-none-eabi/5.4.1/armv7-m/crtn.o
START GROUP
LOAD c:/program files (x86)/cypress/psoc creator/4.2/psoc creator/import/gnu/arm/5.4.1/bin/../lib/gcc/arm-none-eabi/5.4.1/armv7-m\libgcc.a
LOAD c:/program files (x86)/cypress/psoc creator/4.2/psoc creator/import/gnu/arm/5.4.1/bin/../lib/gcc/arm-none-eabi/5.4.1/../../../../arm-none-eabi/lib/armv7-m\libc.a
LOAD c:/program files (x86)/cypress/psoc creator/4.2/psoc creator/import/gnu/arm/5.4.1/bin/../lib/gcc/arm-none-eabi/5.4.1/../../../../arm-none-eabi/lib/armv7-m\libnosys.a
END GROUP
                0x00000000                CY_APPL_ORIGIN = 0x0
                0x00000100                CY_FLASH_ROW_SIZE = 0x100
                0x00000020                CY_ECC_ROW_SIZE = 0x20
                0x00000000                CY_EE_IN_BTLDR = 0x0
                0x00000000                CY_APPL_LOADABLE = 0x0
                0x00000800                CY_EE_SIZE = 0x800
                0x00000001                CY_APPL_NUM = 0x1
                0x00000001                CY_APPL_MAX = 0x1
                0x00000040                CY_METADATA_SIZE = 0x40
                0x00000000                CY_APPL_LOADABLE = 0x0
                0x00000000                CY_CHECKSUM_EXCLUDE_SIZE = ALIGN (0x0, CY_FLASH_ROW_SIZE)
                [!provide]                PROVIDE (__cy_heap_start, _end)
                0x00000001                PROVIDE (__cy_region_num, ((__cy_regions_end - __cy_regions) / 0x10))
                0x20008000                PROVIDE (__cy_stack, (ORIGIN (ram) + LENGTH (ram)))
                [!provide]                PROVIDE (__cy_heap_end, (__cy_stack - 0x800))

.cybootloader   0x00000000        0x0
 *(.cybootloader)
                0x00000000                appl1_start = CY_APPL_ORIGIN?CY_APPL_ORIGIN:ALIGN (CY_FLASH_ROW_SIZE)
                0x0001ff00                appl2_start = (appl1_start + ALIGN ((((LENGTH (rom) - appl1_start) - (0x2 * CY_FLASH_ROW_SIZE)) / 0x2), CY_FLASH_ROW_SIZE))
                0x00000000                appl_start = (CY_APPL_NUM == 0x1)?appl1_start:appl2_start
                0x00000000                ecc_offset = ((appl_start / CY_FLASH_ROW_SIZE) * CY_ECC_ROW_SIZE)
                0x00000000                ee_offset = (CY_APPL_LOADABLE && ! (CY_EE_IN_BTLDR))?((CY_EE_SIZE / CY_APPL_MAX) * (CY_APPL_NUM - 0x1)):0x0
                0x00000800                ee_size = (CY_APPL_LOADABLE && ! (CY_EE_IN_BTLDR))?(CY_EE_SIZE / CY_APPL_MAX):CY_EE_SIZE
                [!provide]                PROVIDE (CY_ECC_OFFSET, ecc_offset)

.text           0x00000000     0x6adc
 CREATE_OBJECT_SYMBOLS
                0x00000000                PROVIDE (__cy_interrupt_vector, RomVectors)
 *(.romvectors)
 .romvectors    0x00000000       0x10 .\CortexM3\ARM_GCC_541\Debug\Cm3Start.o
                0x00000000                RomVectors
                0x00000001                ASSERT ((. != __cy_interrupt_vector), No interrupt vector)
                0x00000001                ASSERT (CY_APPL_ORIGIN?(SIZEOF (.cybootloader) <= CY_APPL_ORIGIN):0x1, Wrong image location)
                0x00000010                PROVIDE (__cy_reset, Reset)
 *(.text.Reset)
 .text.Reset    0x00000010       0x18 .\CortexM3\ARM_GCC_541\Debug\Cm3Start.o
                0x00000010                Reset
                0x00000001                ASSERT ((. != __cy_reset), No reset code)
 *(.dma_init)
                0x00000001                ASSERT ((((appl_start + .) <= 0x10000) || 0x1), DMA Init must be within the first 64k of flash)
 *(.text .text.* .gnu.linkonce.t.*)
 .text          0x00000028       0x5c c:/program files (x86)/cypress/psoc creator/4.2/psoc creator/import/gnu/arm/5.4.1/bin/../lib/gcc/arm-none-eabi/5.4.1/armv7-m/crtbegin.o
 .text.Encoder_Counts_1_IH
                0x00000084        0x8 .\CortexM3\ARM_GCC_541\Debug\main.o
                0x00000084                Encoder_Counts_1_IH
 .text.Encoder_Counts_2_IH
                0x0000008c        0x8 .\CortexM3\ARM_GCC_541\Debug\main.o
                0x0000008c                Encoder_Counts_2_IH
 .text.Drift_Check_IH
                0x00000094       0x28 .\CortexM3\ARM_GCC_541\Debug\main.o
                0x00000094                Drift_Check_IH
 .text.TIH      0x000000bc        0x8 .\CortexM3\ARM_GCC_541\Debug\main.o
                0x000000bc                TIH
 .text.StartIH  0x000000c4       0x20 .\CortexM3\ARM_GCC_541\Debug\main.o
                0x000000c4                StartIH
 .text.main     0x000000e4      0x1e4 .\CortexM3\ARM_GCC_541\Debug\main.o
                0x000000e4                main
 .text.ColourSensingInitialise
                0x000002c8       0x68 .\CortexM3\ARM_GCC_541\Debug\colour.o
                0x000002c8                ColourSensingInitialise
 .text.printSensorToUART
                0x00000330       0x30 .\CortexM3\ARM_GCC_541\Debug\ultrasonic.o
                0x00000330                printSensorToUART
 .text.ultrasonicInterruptHandler
                0x00000360      0x1c8 .\CortexM3\ARM_GCC_541\Debug\ultrasonic.o
                0x00000360                ultrasonicInterruptHandler
 .text.positionUpdate
                0x00000528      0x15c .\CortexM3\ARM_GCC_541\Debug\dcmotor.o
                0x00000528                positionUpdate
 *fill*         0x00000684        0x4 
 .text.orientationUpdate
                0x00000688       0x78 .\CortexM3\ARM_GCC_541\Debug\dcmotor.o
                0x00000688                orientationUpdate
 .text.stopMotion
                0x00000700       0xb4 .\CortexM3\ARM_GCC_541\Debug\dcmotor.o
                0x00000700                stopMotion
 .text.motorDutyCycleUpdate
                0x000007b4       0x70 .\CortexM3\ARM_GCC_541\Debug\dcmotor.o
                0x000007b4                motorDutyCycleUpdate
 .text.driftCorrect
                0x00000824      0x1a0 .\CortexM3\ARM_GCC_541\Debug\dcmotor.o
                0x00000824                driftCorrect
 .text.counterInitialise
                0x000009c4       0x20 .\CortexM3\ARM_GCC_541\Debug\dcmotor.o
                0x000009c4                counterInitialise
 .text.moveForwardIndefinitely
                0x000009e4       0x9c .\CortexM3\ARM_GCC_541\Debug\dcmotor.o
                0x000009e4                moveForwardIndefinitely
 .text.moveBackwardIndefinitely
                0x00000a80       0x94 .\CortexM3\ARM_GCC_541\Debug\dcmotor.o
                0x00000a80                moveBackwardIndefinitely
 *fill*         0x00000b14        0x4 
 .text.turnRight
                0x00000b18       0xc4 .\CortexM3\ARM_GCC_541\Debug\dcmotor.o
                0x00000b18                turnRight
 .text.stopMotor1AndUpdate
                0x00000bdc       0x40 .\CortexM3\ARM_GCC_541\Debug\dcmotor.o
                0x00000bdc                stopMotor1AndUpdate
 .text.stopMotor2AndUpdate
                0x00000c1c       0x40 .\CortexM3\ARM_GCC_541\Debug\dcmotor.o
                0x00000c1c                stopMotor2AndUpdate
 .text.moveAndAngle
                0x00000c5c       0x10 .\CortexM3\ARM_GCC_541\Debug\dcmotor.o
                0x00000c5c                moveAndAngle
 .text.armOpen  0x00000c6c       0x20 .\CortexM3\ARM_GCC_541\Debug\servo.o
                0x00000c6c                armOpen
 .text.changeHeightToPuck
                0x00000c8c        0x4 .\CortexM3\ARM_GCC_541\Debug\servo.o
                0x00000c8c                changeHeightToPuck
 .text.lowerAndOpen
                0x00000c90        0x8 .\CortexM3\ARM_GCC_541\Debug\servo.o
                0x00000c90                lowerAndOpen
 .text.averageSensor
                0x00000c98       0x10 .\CortexM3\ARM_GCC_541\Debug\customMath.o
                0x00000c98                averageSensor
 .text.CyClockStartupError
                0x00000ca8        0x4 .\CortexM3\ARM_GCC_541\Debug\cyfitter_cfg.o
 .text.cfg_write_bytes32
                0x00000cac       0x34 .\CortexM3\ARM_GCC_541\Debug\cyfitter_cfg.o
 .text.AnalogSetDefault
                0x00000ce0       0x84 .\CortexM3\ARM_GCC_541\Debug\cyfitter_cfg.o
 .text.CYMEMZERO
                0x00000d64        0xc .\CortexM3\ARM_GCC_541\Debug\cyfitter_cfg.o
 .text.CYCONFIGCPY
                0x00000d70        0x8 .\CortexM3\ARM_GCC_541\Debug\cyfitter_cfg.o
 .text.ClockSetup
                0x00000d78      0x130 .\CortexM3\ARM_GCC_541\Debug\cyfitter_cfg.o
 .text.cyfitter_cfg
                0x00000ea8      0x158 .\CortexM3\ARM_GCC_541\Debug\cyfitter_cfg.o
                0x00000ea8                cyfitter_cfg
 .text.IntDefaultHandler
                0x00001000       0x10 .\CortexM3\ARM_GCC_541\Debug\Cm3Start.o
                0x00001000                IntDefaultHandler
 .text._sbrk    0x00001010       0x30 .\CortexM3\ARM_GCC_541\Debug\Cm3Start.o
                0x00001010                _sbrk
 .text.Start_c  0x00001040       0x4c .\CortexM3\ARM_GCC_541\Debug\Cm3Start.o
                0x00001040                Start_c
 .text.initialize_psoc
                0x0000108c       0x68 .\CortexM3\ARM_GCC_541\Debug\Cm3Start.o
                0x0000108c                initialize_psoc
 .text.TIA_1_Enable
                0x000010f4       0x28 .\CortexM3\ARM_GCC_541\Debug\Group17Robot.a(TIA_1.o)
                0x000010f4                TIA_1_Enable
 .text.TIA_1_SetPower
                0x0000111c       0x18 .\CortexM3\ARM_GCC_541\Debug\Group17Robot.a(TIA_1.o)
                0x0000111c                TIA_1_SetPower
 .text.TIA_1_SetResFB
                0x00001134       0x20 .\CortexM3\ARM_GCC_541\Debug\Group17Robot.a(TIA_1.o)
                0x00001134                TIA_1_SetResFB
 .text.TIA_1_SetCapFB
                0x00001154       0x20 .\CortexM3\ARM_GCC_541\Debug\Group17Robot.a(TIA_1.o)
                0x00001154                TIA_1_SetCapFB
 .text.TIA_1_Init
                0x00001174       0x2c .\CortexM3\ARM_GCC_541\Debug\Group17Robot.a(TIA_1.o)
                0x00001174                TIA_1_Init
 .text.TIA_1_Start
                0x000011a0       0x1c .\CortexM3\ARM_GCC_541\Debug\Group17Robot.a(TIA_1.o)
                0x000011a0                TIA_1_Start
 .text.CyHalt   0x000011bc        0x4 .\CortexM3\ARM_GCC_541\Debug\Group17Robot.a(CyLib.o)
                0x000011bc                CyHalt
 .text.CyDelay  0x000011c0       0x2c .\CortexM3\ARM_GCC_541\Debug\Group17Robot.a(CyLib.o)
                0x000011c0                CyDelay
 .text.CyDelayUs
                0x000011ec       0x14 .\CortexM3\ARM_GCC_541\Debug\Group17Robot.a(CyLib.o)
                0x000011ec                CyDelayUs
 .text.CyIntSetVector
                0x00001200       0x28 .\CortexM3\ARM_GCC_541\Debug\Group17Robot.a(CyLib.o)
                0x00001200                CyIntSetVector
 .text.CyIntSetPriority
                0x00001228       0x30 .\CortexM3\ARM_GCC_541\Debug\Group17Robot.a(CyLib.o)
                0x00001228                CyIntSetPriority
 .text.UART_1_Init
                0x00001258       0x24 .\CortexM3\ARM_GCC_541\Debug\Group17Robot.a(UART_1.o)
                0x00001258                UART_1_Init
 .text.UART_1_Enable
                0x0000127c       0x38 .\CortexM3\ARM_GCC_541\Debug\Group17Robot.a(UART_1.o)
                0x0000127c                UART_1_Enable
 .text.UART_1_Start
                0x000012b4       0x1c .\CortexM3\ARM_GCC_541\Debug\Group17Robot.a(UART_1.o)
                0x000012b4                UART_1_Start
 .text.UART_1_PutChar
                0x000012d0       0x18 .\CortexM3\ARM_GCC_541\Debug\Group17Robot.a(UART_1.o)
                0x000012d0                UART_1_PutChar
 .text.UART_1_PutString
                0x000012e8       0x24 .\CortexM3\ARM_GCC_541\Debug\Group17Robot.a(UART_1.o)
                0x000012e8                UART_1_PutString
 .text.UART_1_IntClock_Start
                0x0000130c       0x1c .\CortexM3\ARM_GCC_541\Debug\Group17Robot.a(UART_1_IntClock.o)
                0x0000130c                UART_1_IntClock_Start
 .text.ADC_GainCompensation
                0x00001328       0xe0 .\CortexM3\ARM_GCC_541\Debug\Group17Robot.a(ADC.o)
 .text.ADC_SetDSMRef0Reg
                0x00001408       0x4c .\CortexM3\ARM_GCC_541\Debug\Group17Robot.a(ADC.o)
 .text.ADC_InitConfig
                0x00001454      0x314 .\CortexM3\ARM_GCC_541\Debug\Group17Robot.a(ADC.o)
 .text.ADC_Init
                0x00001768      0x108 .\CortexM3\ARM_GCC_541\Debug\Group17Robot.a(ADC.o)
                0x00001768                ADC_Init
 .text.ADC_Enable
                0x00001870       0xd8 .\CortexM3\ARM_GCC_541\Debug\Group17Robot.a(ADC.o)
                0x00001870                ADC_Enable
 .text.ADC_Start
                0x00001948       0x28 .\CortexM3\ARM_GCC_541\Debug\Group17Robot.a(ADC.o)
                0x00001948                ADC_Start
 .text.ADC_StartConvert
                0x00001970       0x10 .\CortexM3\ARM_GCC_541\Debug\Group17Robot.a(ADC.o)
                0x00001970                ADC_StartConvert
 .text.ADC_StopConvert
                0x00001980       0x10 .\CortexM3\ARM_GCC_541\Debug\Group17Robot.a(ADC.o)
                0x00001980                ADC_StopConvert
 .text.ADC_IsEndConversion
                0x00001990       0x30 .\CortexM3\ARM_GCC_541\Debug\Group17Robot.a(ADC.o)
                0x00001990                ADC_IsEndConversion
 .text.ADC_GetResult32
                0x000019c0       0x6c .\CortexM3\ARM_GCC_541\Debug\Group17Robot.a(ADC.o)
                0x000019c0                ADC_GetResult32
 .text.ADC_Read32
                0x00001a2c       0x28 .\CortexM3\ARM_GCC_541\Debug\Group17Robot.a(ADC.o)
                0x00001a2c                ADC_Read32
 .text.ADC_ISR1
                0x00001a54        0x4 .\CortexM3\ARM_GCC_541\Debug\Group17Robot.a(ADC_INT.o)
                0x00001a54                ADC_ISR1
 .text.ADC_ISR2
                0x00001a58        0x4 .\CortexM3\ARM_GCC_541\Debug\Group17Robot.a(ADC_INT.o)
                0x00001a58                ADC_ISR2
 .text.ADC_ISR3
                0x00001a5c        0x4 .\CortexM3\ARM_GCC_541\Debug\Group17Robot.a(ADC_INT.o)
                0x00001a5c                ADC_ISR3
 .text.ADC_ISR4
                0x00001a60        0x4 .\CortexM3\ARM_GCC_541\Debug\Group17Robot.a(ADC_INT.o)
                0x00001a60                ADC_ISR4
 .text.ADC_Ext_CP_Clk_GetDividerRegister
                0x00001a64        0xc .\CortexM3\ARM_GCC_541\Debug\Group17Robot.a(ADC_Ext_CP_Clk.o)
                0x00001a64                ADC_Ext_CP_Clk_GetDividerRegister
 .text.ADC_Ext_CP_Clk_SetModeRegister
                0x00001a70       0x14 .\CortexM3\ARM_GCC_541\Debug\Group17Robot.a(ADC_Ext_CP_Clk.o)
                0x00001a70                ADC_Ext_CP_Clk_SetModeRegister
 .text.ADC_Ext_CP_Clk_GetSourceRegister
                0x00001a84       0x10 .\CortexM3\ARM_GCC_541\Debug\Group17Robot.a(ADC_Ext_CP_Clk.o)
                0x00001a84                ADC_Ext_CP_Clk_GetSourceRegister
 .text.ADC_Ext_CP_Clk_SetDividerRegister
                0x00001a94       0xd8 .\CortexM3\ARM_GCC_541\Debug\Group17Robot.a(ADC_Ext_CP_Clk.o)
                0x00001a94                ADC_Ext_CP_Clk_SetDividerRegister
 .text.ADC_theACLK_GetDividerRegister
                0x00001b6c        0xc .\CortexM3\ARM_GCC_541\Debug\Group17Robot.a(ADC_theACLK.o)
                0x00001b6c                ADC_theACLK_GetDividerRegister
 .text.ADC_theACLK_SetModeRegister
                0x00001b78       0x14 .\CortexM3\ARM_GCC_541\Debug\Group17Robot.a(ADC_theACLK.o)
                0x00001b78                ADC_theACLK_SetModeRegister
 .text.ADC_theACLK_GetSourceRegister
                0x00001b8c       0x10 .\CortexM3\ARM_GCC_541\Debug\Group17Robot.a(ADC_theACLK.o)
                0x00001b8c                ADC_theACLK_GetSourceRegister
 .text.ADC_theACLK_SetDividerRegister
                0x00001b9c       0xd8 .\CortexM3\ARM_GCC_541\Debug\Group17Robot.a(ADC_theACLK.o)
                0x00001b9c                ADC_theACLK_SetDividerRegister
 .text.IDAC8_1_Enable
                0x00001c74       0x1c .\CortexM3\ARM_GCC_541\Debug\Group17Robot.a(IDAC8_1.o)
                0x00001c74                IDAC8_1_Enable
 .text.IDAC8_1_SetSpeed
                0x00001c90       0x1c .\CortexM3\ARM_GCC_541\Debug\Group17Robot.a(IDAC8_1.o)
                0x00001c90                IDAC8_1_SetSpeed
 .text.IDAC8_1_SetValue
                0x00001cac        0xc .\CortexM3\ARM_GCC_541\Debug\Group17Robot.a(IDAC8_1.o)
                0x00001cac                IDAC8_1_SetValue
 .text.IDAC8_1_DacTrim
                0x00001cb8       0x34 .\CortexM3\ARM_GCC_541\Debug\Group17Robot.a(IDAC8_1.o)
                0x00001cb8                IDAC8_1_DacTrim
 .text.IDAC8_1_Init
                0x00001cec       0x24 .\CortexM3\ARM_GCC_541\Debug\Group17Robot.a(IDAC8_1.o)
                0x00001cec                IDAC8_1_Init
 .text.IDAC8_1_Start
                0x00001d10       0x24 .\CortexM3\ARM_GCC_541\Debug\Group17Robot.a(IDAC8_1.o)
                0x00001d10                IDAC8_1_Start
 .text.IDAC8_1_SetRange
                0x00001d34       0x20 .\CortexM3\ARM_GCC_541\Debug\Group17Robot.a(IDAC8_1.o)
                0x00001d34                IDAC8_1_SetRange
 .text.Timer_1_Enable
                0x00001d54       0x10 .\CortexM3\ARM_GCC_541\Debug\Group17Robot.a(Timer_1.o)
                0x00001d54                Timer_1_Enable
 .text.Timer_1_Stop
                0x00001d64       0x10 .\CortexM3\ARM_GCC_541\Debug\Group17Robot.a(Timer_1.o)
                0x00001d64                Timer_1_Stop
 .text.Timer_1_SetInterruptMode
                0x00001d74        0xc .\CortexM3\ARM_GCC_541\Debug\Group17Robot.a(Timer_1.o)
                0x00001d74                Timer_1_SetInterruptMode
 .text.Timer_1_ReadStatusRegister
                0x00001d80        0xc .\CortexM3\ARM_GCC_541\Debug\Group17Robot.a(Timer_1.o)
                0x00001d80                Timer_1_ReadStatusRegister
 .text.Timer_1_WritePeriod
                0x00001d8c        0xc .\CortexM3\ARM_GCC_541\Debug\Group17Robot.a(Timer_1.o)
                0x00001d8c                Timer_1_WritePeriod
 .text.Timer_1_ReadCapture
                0x00001d98        0xc .\CortexM3\ARM_GCC_541\Debug\Group17Robot.a(Timer_1.o)
                0x00001d98                Timer_1_ReadCapture
 .text.Timer_1_WriteCounter
                0x00001da4        0xc .\CortexM3\ARM_GCC_541\Debug\Group17Robot.a(Timer_1.o)
                0x00001da4                Timer_1_WriteCounter
 .text.Timer_1_ReadCounter
                0x00001db0       0x14 .\CortexM3\ARM_GCC_541\Debug\Group17Robot.a(Timer_1.o)
                0x00001db0                Timer_1_ReadCounter
 .text.Timer_1_SetInterruptCount
                0x00001dc4       0x1c .\CortexM3\ARM_GCC_541\Debug\Group17Robot.a(Timer_1.o)
                0x00001dc4                Timer_1_SetInterruptCount
 .text.Timer_1_ClearFIFO
                0x00001de0       0x14 .\CortexM3\ARM_GCC_541\Debug\Group17Robot.a(Timer_1.o)
                0x00001de0                Timer_1_ClearFIFO
 .text.Timer_1_Init
                0x00001df4       0x3c .\CortexM3\ARM_GCC_541\Debug\Group17Robot.a(Timer_1.o)
                0x00001df4                Timer_1_Init
 .text.Timer_1_Start
                0x00001e30       0x1c .\CortexM3\ARM_GCC_541\Debug\Group17Robot.a(Timer_1.o)
                0x00001e30                Timer_1_Start
 .text.Motor_2_driver_Enable
                0x00001e4c       0x10 .\CortexM3\ARM_GCC_541\Debug\Group17Robot.a(Motor_2_driver.o)
                0x00001e4c                Motor_2_driver_Enable
 .text.Motor_2_driver_WriteCounter
                0x00001e5c        0xc .\CortexM3\ARM_GCC_541\Debug\Group17Robot.a(Motor_2_driver.o)
                0x00001e5c                Motor_2_driver_WriteCounter
 .text.Motor_2_driver_WritePeriod
                0x00001e68        0xc .\CortexM3\ARM_GCC_541\Debug\Group17Robot.a(Motor_2_driver.o)
                0x00001e68                Motor_2_driver_WritePeriod
 .text.Motor_2_driver_WriteCompare1
                0x00001e74        0xc .\CortexM3\ARM_GCC_541\Debug\Group17Robot.a(Motor_2_driver.o)
                0x00001e74                Motor_2_driver_WriteCompare1
 .text.Motor_2_driver_WriteCompare2
                0x00001e80        0xc .\CortexM3\ARM_GCC_541\Debug\Group17Robot.a(Motor_2_driver.o)
                0x00001e80                Motor_2_driver_WriteCompare2
 .text.Motor_2_driver_SetInterruptMode
                0x00001e8c        0xc .\CortexM3\ARM_GCC_541\Debug\Group17Robot.a(Motor_2_driver.o)
                0x00001e8c                Motor_2_driver_SetInterruptMode
 .text.Motor_2_driver_ReadStatusRegister
                0x00001e98        0xc .\CortexM3\ARM_GCC_541\Debug\Group17Robot.a(Motor_2_driver.o)
                0x00001e98                Motor_2_driver_ReadStatusRegister
 .text.Motor_2_driver_ReadCapture
                0x00001ea4        0xc .\CortexM3\ARM_GCC_541\Debug\Group17Robot.a(Motor_2_driver.o)
                0x00001ea4                Motor_2_driver_ReadCapture
 .text.Motor_2_driver_ClearFIFO
                0x00001eb0       0x14 .\CortexM3\ARM_GCC_541\Debug\Group17Robot.a(Motor_2_driver.o)
                0x00001eb0                Motor_2_driver_ClearFIFO
 .text.Motor_2_driver_Init
                0x00001ec4       0x64 .\CortexM3\ARM_GCC_541\Debug\Group17Robot.a(Motor_2_driver.o)
                0x00001ec4                Motor_2_driver_Init
 .text.Motor_2_driver_Start
                0x00001f28       0x1c .\CortexM3\ARM_GCC_541\Debug\Group17Robot.a(Motor_2_driver.o)
                0x00001f28                Motor_2_driver_Start
 .text.Motor_1_driver_Enable
                0x00001f44       0x10 .\CortexM3\ARM_GCC_541\Debug\Group17Robot.a(Motor_1_driver.o)
                0x00001f44                Motor_1_driver_Enable
 .text.Motor_1_driver_WriteCounter
                0x00001f54        0xc .\CortexM3\ARM_GCC_541\Debug\Group17Robot.a(Motor_1_driver.o)
                0x00001f54                Motor_1_driver_WriteCounter
 .text.Motor_1_driver_WritePeriod
                0x00001f60        0xc .\CortexM3\ARM_GCC_541\Debug\Group17Robot.a(Motor_1_driver.o)
                0x00001f60                Motor_1_driver_WritePeriod
 .text.Motor_1_driver_WriteCompare1
                0x00001f6c        0xc .\CortexM3\ARM_GCC_541\Debug\Group17Robot.a(Motor_1_driver.o)
                0x00001f6c                Motor_1_driver_WriteCompare1
 .text.Motor_1_driver_WriteCompare2
                0x00001f78        0xc .\CortexM3\ARM_GCC_541\Debug\Group17Robot.a(Motor_1_driver.o)
                0x00001f78                Motor_1_driver_WriteCompare2
 .text.Motor_1_driver_SetInterruptMode
                0x00001f84        0xc .\CortexM3\ARM_GCC_541\Debug\Group17Robot.a(Motor_1_driver.o)
                0x00001f84                Motor_1_driver_SetInterruptMode
 .text.Motor_1_driver_ReadStatusRegister
                0x00001f90        0xc .\CortexM3\ARM_GCC_541\Debug\Group17Robot.a(Motor_1_driver.o)
                0x00001f90                Motor_1_driver_ReadStatusRegister
 .text.Motor_1_driver_ReadCapture
                0x00001f9c        0xc .\CortexM3\ARM_GCC_541\Debug\Group17Robot.a(Motor_1_driver.o)
                0x00001f9c                Motor_1_driver_ReadCapture
 .text.Motor_1_driver_ClearFIFO
                0x00001fa8       0x14 .\CortexM3\ARM_GCC_541\Debug\Group17Robot.a(Motor_1_driver.o)
                0x00001fa8                Motor_1_driver_ClearFIFO
 .text.Motor_1_driver_Init
                0x00001fbc       0x64 .\CortexM3\ARM_GCC_541\Debug\Group17Robot.a(Motor_1_driver.o)
                0x00001fbc                Motor_1_driver_Init
 .text.Motor_1_driver_Start
                0x00002020       0x1c .\CortexM3\ARM_GCC_541\Debug\Group17Robot.a(Motor_1_driver.o)
                0x00002020                Motor_1_driver_Start
 .text.Motor_2_Encoder_Counts_Enable
                0x0000203c       0x10 .\CortexM3\ARM_GCC_541\Debug\Group17Robot.a(Motor_2_Encoder_Counts.o)
                0x0000203c                Motor_2_Encoder_Counts_Enable
 .text.Motor_2_Encoder_Counts_Stop
                0x0000204c       0x10 .\CortexM3\ARM_GCC_541\Debug\Group17Robot.a(Motor_2_Encoder_Counts.o)
                0x0000204c                Motor_2_Encoder_Counts_Stop
 .text.Motor_2_Encoder_Counts_SetInterruptMode
                0x0000205c        0xc .\CortexM3\ARM_GCC_541\Debug\Group17Robot.a(Motor_2_Encoder_Counts.o)
                0x0000205c                Motor_2_Encoder_Counts_SetInterruptMode
 .text.Motor_2_Encoder_Counts_ReadStatusRegister
                0x00002068        0xc .\CortexM3\ARM_GCC_541\Debug\Group17Robot.a(Motor_2_Encoder_Counts.o)
                0x00002068                Motor_2_Encoder_Counts_ReadStatusRegister
 .text.Motor_2_Encoder_Counts_WriteCounter
                0x00002074        0xc .\CortexM3\ARM_GCC_541\Debug\Group17Robot.a(Motor_2_Encoder_Counts.o)
                0x00002074                Motor_2_Encoder_Counts_WriteCounter
 .text.Motor_2_Encoder_Counts_ReadCounter
                0x00002080       0x14 .\CortexM3\ARM_GCC_541\Debug\Group17Robot.a(Motor_2_Encoder_Counts.o)
                0x00002080                Motor_2_Encoder_Counts_ReadCounter
 .text.Motor_2_Encoder_Counts_ReadCapture
                0x00002094        0xc .\CortexM3\ARM_GCC_541\Debug\Group17Robot.a(Motor_2_Encoder_Counts.o)
                0x00002094                Motor_2_Encoder_Counts_ReadCapture
 .text.Motor_2_Encoder_Counts_WritePeriod
                0x000020a0        0xc .\CortexM3\ARM_GCC_541\Debug\Group17Robot.a(Motor_2_Encoder_Counts.o)
                0x000020a0                Motor_2_Encoder_Counts_WritePeriod
 .text.Motor_2_Encoder_Counts_WriteCompare
                0x000020ac        0xc .\CortexM3\ARM_GCC_541\Debug\Group17Robot.a(Motor_2_Encoder_Counts.o)
                0x000020ac                Motor_2_Encoder_Counts_WriteCompare
 .text.Motor_2_Encoder_Counts_ClearFIFO
                0x000020b8       0x14 .\CortexM3\ARM_GCC_541\Debug\Group17Robot.a(Motor_2_Encoder_Counts.o)
                0x000020b8                Motor_2_Encoder_Counts_ClearFIFO
 .text.Motor_2_Encoder_Counts_Init
                0x000020cc       0x54 .\CortexM3\ARM_GCC_541\Debug\Group17Robot.a(Motor_2_Encoder_Counts.o)
                0x000020cc                Motor_2_Encoder_Counts_Init
 .text.Motor_2_Encoder_Counts_Start
                0x00002120       0x1c .\CortexM3\ARM_GCC_541\Debug\Group17Robot.a(Motor_2_Encoder_Counts.o)
                0x00002120                Motor_2_Encoder_Counts_Start
 .text.Motor_1_Encoder_Counts_Enable
                0x0000213c       0x10 .\CortexM3\ARM_GCC_541\Debug\Group17Robot.a(Motor_1_Encoder_Counts.o)
                0x0000213c                Motor_1_Encoder_Counts_Enable
 .text.Motor_1_Encoder_Counts_Stop
                0x0000214c       0x10 .\CortexM3\ARM_GCC_541\Debug\Group17Robot.a(Motor_1_Encoder_Counts.o)
                0x0000214c                Motor_1_Encoder_Counts_Stop
 .text.Motor_1_Encoder_Counts_SetInterruptMode
                0x0000215c        0xc .\CortexM3\ARM_GCC_541\Debug\Group17Robot.a(Motor_1_Encoder_Counts.o)
                0x0000215c                Motor_1_Encoder_Counts_SetInterruptMode
 .text.Motor_1_Encoder_Counts_ReadStatusRegister
                0x00002168        0xc .\CortexM3\ARM_GCC_541\Debug\Group17Robot.a(Motor_1_Encoder_Counts.o)
                0x00002168                Motor_1_Encoder_Counts_ReadStatusRegister
 .text.Motor_1_Encoder_Counts_WriteCounter
                0x00002174        0xc .\CortexM3\ARM_GCC_541\Debug\Group17Robot.a(Motor_1_Encoder_Counts.o)
                0x00002174                Motor_1_Encoder_Counts_WriteCounter
 .text.Motor_1_Encoder_Counts_ReadCounter
                0x00002180       0x14 .\CortexM3\ARM_GCC_541\Debug\Group17Robot.a(Motor_1_Encoder_Counts.o)
                0x00002180                Motor_1_Encoder_Counts_ReadCounter
 .text.Motor_1_Encoder_Counts_ReadCapture
                0x00002194        0xc .\CortexM3\ARM_GCC_541\Debug\Group17Robot.a(Motor_1_Encoder_Counts.o)
                0x00002194                Motor_1_Encoder_Counts_ReadCapture
 .text.Motor_1_Encoder_Counts_WritePeriod
                0x000021a0        0xc .\CortexM3\ARM_GCC_541\Debug\Group17Robot.a(Motor_1_Encoder_Counts.o)
                0x000021a0                Motor_1_Encoder_Counts_WritePeriod
 .text.Motor_1_Encoder_Counts_WriteCompare
                0x000021ac        0xc .\CortexM3\ARM_GCC_541\Debug\Group17Robot.a(Motor_1_Encoder_Counts.o)
                0x000021ac                Motor_1_Encoder_Counts_WriteCompare
 .text.Motor_1_Encoder_Counts_ClearFIFO
                0x000021b8       0x14 .\CortexM3\ARM_GCC_541\Debug\Group17Robot.a(Motor_1_Encoder_Counts.o)
                0x000021b8                Motor_1_Encoder_Counts_ClearFIFO
 .text.Motor_1_Encoder_Counts_Init
                0x000021cc       0x54 .\CortexM3\ARM_GCC_541\Debug\Group17Robot.a(Motor_1_Encoder_Counts.o)
                0x000021cc                Motor_1_Encoder_Counts_Init
 .text.Motor_1_Encoder_Counts_Start
                0x00002220       0x1c .\CortexM3\ARM_GCC_541\Debug\Group17Robot.a(Motor_1_Encoder_Counts.o)
                0x00002220                Motor_1_Encoder_Counts_Start
 .text.Gripper_Servo_PWM_Enable
                0x0000223c       0x28 .\CortexM3\ARM_GCC_541\Debug\Group17Robot.a(Gripper_Servo_PWM.o)
                0x0000223c                Gripper_Servo_PWM_Enable
 .text.Gripper_Servo_PWM_WritePeriod
                0x00002264        0xc .\CortexM3\ARM_GCC_541\Debug\Group17Robot.a(Gripper_Servo_PWM.o)
                0x00002264                Gripper_Servo_PWM_WritePeriod
 .text.Gripper_Servo_PWM_WriteCompare
                0x00002270        0xc .\CortexM3\ARM_GCC_541\Debug\Group17Robot.a(Gripper_Servo_PWM.o)
                0x00002270                Gripper_Servo_PWM_WriteCompare
 .text.Gripper_Servo_PWM_SetInterruptMode
                0x0000227c        0xc .\CortexM3\ARM_GCC_541\Debug\Group17Robot.a(Gripper_Servo_PWM.o)
                0x0000227c                Gripper_Servo_PWM_SetInterruptMode
 .text.Gripper_Servo_PWM_Init
                0x00002288       0x78 .\CortexM3\ARM_GCC_541\Debug\Group17Robot.a(Gripper_Servo_PWM.o)
                0x00002288                Gripper_Servo_PWM_Init
 .text.Gripper_Servo_PWM_Start
                0x00002300       0x1c .\CortexM3\ARM_GCC_541\Debug\Group17Robot.a(Gripper_Servo_PWM.o)
                0x00002300                Gripper_Servo_PWM_Start
 .text.Rack_Servo_PWM_Enable
                0x0000231c       0x28 .\CortexM3\ARM_GCC_541\Debug\Group17Robot.a(Rack_Servo_PWM.o)
                0x0000231c                Rack_Servo_PWM_Enable
 .text.Rack_Servo_PWM_WritePeriod
                0x00002344        0xc .\CortexM3\ARM_GCC_541\Debug\Group17Robot.a(Rack_Servo_PWM.o)
                0x00002344                Rack_Servo_PWM_WritePeriod
 .text.Rack_Servo_PWM_WriteCompare
                0x00002350        0xc .\CortexM3\ARM_GCC_541\Debug\Group17Robot.a(Rack_Servo_PWM.o)
                0x00002350                Rack_Servo_PWM_WriteCompare
 .text.Rack_Servo_PWM_SetInterruptMode
                0x0000235c        0xc .\CortexM3\ARM_GCC_541\Debug\Group17Robot.a(Rack_Servo_PWM.o)
                0x0000235c                Rack_Servo_PWM_SetInterruptMode
 .text.Rack_Servo_PWM_Init
                0x00002368       0x78 .\CortexM3\ARM_GCC_541\Debug\Group17Robot.a(Rack_Servo_PWM.o)
                0x00002368                Rack_Servo_PWM_Init
 .text.Rack_Servo_PWM_Start
                0x000023e0       0x1c .\CortexM3\ARM_GCC_541\Debug\Group17Robot.a(Rack_Servo_PWM.o)
                0x000023e0                Rack_Servo_PWM_Start
 .text.control_led_Write
                0x000023fc        0xc .\CortexM3\ARM_GCC_541\Debug\Group17Robot.a(control_led.o)
                0x000023fc                control_led_Write
 .text.Start_SetVector
                0x00002408        0xc .\CortexM3\ARM_GCC_541\Debug\Group17Robot.a(Start.o)
                0x00002408                Start_SetVector
 .text.Start_SetPriority
                0x00002414       0x10 .\CortexM3\ARM_GCC_541\Debug\Group17Robot.a(Start.o)
                0x00002414                Start_SetPriority
 .text.Start_Enable
                0x00002424        0xc .\CortexM3\ARM_GCC_541\Debug\Group17Robot.a(Start.o)
                0x00002424                Start_Enable
 .text.Start_Disable
                0x00002430        0xc .\CortexM3\ARM_GCC_541\Debug\Group17Robot.a(Start.o)
                0x00002430                Start_Disable
 .text.Start_StartEx
                0x0000243c       0x1c .\CortexM3\ARM_GCC_541\Debug\Group17Robot.a(Start.o)
                0x0000243c                Start_StartEx
 .text.Sonic_SetVector
                0x00002458        0xc .\CortexM3\ARM_GCC_541\Debug\Group17Robot.a(Sonic.o)
                0x00002458                Sonic_SetVector
 .text.Sonic_SetPriority
                0x00002464       0x10 .\CortexM3\ARM_GCC_541\Debug\Group17Robot.a(Sonic.o)
                0x00002464                Sonic_SetPriority
 .text.Sonic_Enable
                0x00002474        0xc .\CortexM3\ARM_GCC_541\Debug\Group17Robot.a(Sonic.o)
                0x00002474                Sonic_Enable
 .text.Sonic_Disable
                0x00002480        0xc .\CortexM3\ARM_GCC_541\Debug\Group17Robot.a(Sonic.o)
                0x00002480                Sonic_Disable
 .text.Sonic_StartEx
                0x0000248c       0x1c .\CortexM3\ARM_GCC_541\Debug\Group17Robot.a(Sonic.o)
                0x0000248c                Sonic_StartEx
 .text.Gripper_Servo_Disable_Write
                0x000024a8       0x18 .\CortexM3\ARM_GCC_541\Debug\Group17Robot.a(Gripper_Servo_Disable.o)
                0x000024a8                Gripper_Servo_Disable_Write
 .text.Encoder_Counts_1_Interrupt_SetVector
                0x000024c0        0xc .\CortexM3\ARM_GCC_541\Debug\Group17Robot.a(Encoder_Counts_1_Interrupt.o)
                0x000024c0                Encoder_Counts_1_Interrupt_SetVector
 .text.Encoder_Counts_1_Interrupt_SetPriority
                0x000024cc       0x10 .\CortexM3\ARM_GCC_541\Debug\Group17Robot.a(Encoder_Counts_1_Interrupt.o)
                0x000024cc                Encoder_Counts_1_Interrupt_SetPriority
 .text.Encoder_Counts_1_Interrupt_Enable
                0x000024dc        0xc .\CortexM3\ARM_GCC_541\Debug\Group17Robot.a(Encoder_Counts_1_Interrupt.o)
                0x000024dc                Encoder_Counts_1_Interrupt_Enable
 .text.Encoder_Counts_1_Interrupt_Disable
                0x000024e8        0xc .\CortexM3\ARM_GCC_541\Debug\Group17Robot.a(Encoder_Counts_1_Interrupt.o)
                0x000024e8                Encoder_Counts_1_Interrupt_Disable
 .text.Encoder_Counts_1_Interrupt_StartEx
                0x000024f4       0x1c .\CortexM3\ARM_GCC_541\Debug\Group17Robot.a(Encoder_Counts_1_Interrupt.o)
                0x000024f4                Encoder_Counts_1_Interrupt_StartEx
 .text.Encoder_Counts_2_Interrupt_SetVector
                0x00002510        0xc .\CortexM3\ARM_GCC_541\Debug\Group17Robot.a(Encoder_Counts_2_Interrupt.o)
                0x00002510                Encoder_Counts_2_Interrupt_SetVector
 .text.Encoder_Counts_2_Interrupt_SetPriority
                0x0000251c       0x10 .\CortexM3\ARM_GCC_541\Debug\Group17Robot.a(Encoder_Counts_2_Interrupt.o)
                0x0000251c                Encoder_Counts_2_Interrupt_SetPriority
 .text.Encoder_Counts_2_Interrupt_Enable
                0x0000252c        0xc .\CortexM3\ARM_GCC_541\Debug\Group17Robot.a(Encoder_Counts_2_Interrupt.o)
                0x0000252c                Encoder_Counts_2_Interrupt_Enable
 .text.Encoder_Counts_2_Interrupt_Disable
                0x00002538        0xc .\CortexM3\ARM_GCC_541\Debug\Group17Robot.a(Encoder_Counts_2_Interrupt.o)
                0x00002538                Encoder_Counts_2_Interrupt_Disable
 .text.Encoder_Counts_2_Interrupt_StartEx
                0x00002544       0x1c .\CortexM3\ARM_GCC_541\Debug\Group17Robot.a(Encoder_Counts_2_Interrupt.o)
                0x00002544                Encoder_Counts_2_Interrupt_StartEx
 .text.Drift_Check_Timer_Enable
                0x00002560       0x28 .\CortexM3\ARM_GCC_541\Debug\Group17Robot.a(Drift_Check_Timer.o)
                0x00002560                Drift_Check_Timer_Enable
 .text.Drift_Check_Timer_Stop
                0x00002588       0x28 .\CortexM3\ARM_GCC_541\Debug\Group17Robot.a(Drift_Check_Timer.o)
                0x00002588                Drift_Check_Timer_Stop
 .text.Drift_Check_Timer_SetInterruptMode
                0x000025b0        0xc .\CortexM3\ARM_GCC_541\Debug\Group17Robot.a(Drift_Check_Timer.o)
                0x000025b0                Drift_Check_Timer_SetInterruptMode
 .text.Drift_Check_Timer_ReadStatusRegister
                0x000025bc        0xc .\CortexM3\ARM_GCC_541\Debug\Group17Robot.a(Drift_Check_Timer.o)
                0x000025bc                Drift_Check_Timer_ReadStatusRegister
 .text.Drift_Check_Timer_WritePeriod
                0x000025c8        0xc .\CortexM3\ARM_GCC_541\Debug\Group17Robot.a(Drift_Check_Timer.o)
                0x000025c8                Drift_Check_Timer_WritePeriod
 .text.Drift_Check_Timer_WriteCounter
                0x000025d4        0xc .\CortexM3\ARM_GCC_541\Debug\Group17Robot.a(Drift_Check_Timer.o)
                0x000025d4                Drift_Check_Timer_WriteCounter
 .text.Drift_Check_Timer_Init
                0x000025e0       0x6c .\CortexM3\ARM_GCC_541\Debug\Group17Robot.a(Drift_Check_Timer.o)
                0x000025e0                Drift_Check_Timer_Init
 .text.Drift_Check_Timer_Start
                0x0000264c       0x1c .\CortexM3\ARM_GCC_541\Debug\Group17Robot.a(Drift_Check_Timer.o)
                0x0000264c                Drift_Check_Timer_Start
 .text.Drift_Check_Interrupt_SetVector
                0x00002668       0x10 .\CortexM3\ARM_GCC_541\Debug\Group17Robot.a(Drift_Check_Interrupt.o)
                0x00002668                Drift_Check_Interrupt_SetVector
 .text.Drift_Check_Interrupt_SetPriority
                0x00002678       0x10 .\CortexM3\ARM_GCC_541\Debug\Group17Robot.a(Drift_Check_Interrupt.o)
                0x00002678                Drift_Check_Interrupt_SetPriority
 .text.Drift_Check_Interrupt_Enable
                0x00002688       0x10 .\CortexM3\ARM_GCC_541\Debug\Group17Robot.a(Drift_Check_Interrupt.o)
                0x00002688                Drift_Check_Interrupt_Enable
 .text.Drift_Check_Interrupt_Disable
                0x00002698       0x10 .\CortexM3\ARM_GCC_541\Debug\Group17Robot.a(Drift_Check_Interrupt.o)
                0x00002698                Drift_Check_Interrupt_Disable
 .text.Drift_Check_Interrupt_StartEx
                0x000026a8       0x1c .\CortexM3\ARM_GCC_541\Debug\Group17Robot.a(Drift_Check_Interrupt.o)
                0x000026a8                Drift_Check_Interrupt_StartEx
 *fill*         0x000026c4        0x4 
 .text          0x000026c8       0x20 .\CortexM3\ARM_GCC_541\Debug\Group17Robot.a(CyBootAsmGnu.o)
                0x000026c8                CyDelayCycles
                0x000026d8                CyEnterCriticalSection
                0x000026e0                CyExitCriticalSection
 .text.cos      0x000026e8       0x90 c:/program files (x86)/cypress/psoc creator/4.2/psoc creator/import/gnu/arm/5.4.1/bin/../lib/gcc/arm-none-eabi/5.4.1/../../../../arm-none-eabi/lib/armv7-m\libm.a(lib_a-s_cos.o)
                0x000026e8                cos
 .text.round    0x00002778       0xa0 c:/program files (x86)/cypress/psoc creator/4.2/psoc creator/import/gnu/arm/5.4.1/bin/../lib/gcc/arm-none-eabi/5.4.1/../../../../arm-none-eabi/lib/armv7-m\libm.a(lib_a-s_round.o)
                0x00002778                round
 .text.sin      0x00002818       0x90 c:/program files (x86)/cypress/psoc creator/4.2/psoc creator/import/gnu/arm/5.4.1/bin/../lib/gcc/arm-none-eabi/5.4.1/../../../../arm-none-eabi/lib/armv7-m\libm.a(lib_a-s_sin.o)
                0x00002818                sin
 .text.__ieee754_rem_pio2
                0x000028a8      0x42c c:/program files (x86)/cypress/psoc creator/4.2/psoc creator/import/gnu/arm/5.4.1/bin/../lib/gcc/arm-none-eabi/5.4.1/../../../../arm-none-eabi/lib/armv7-m\libm.a(lib_a-e_rem_pio2.o)
                0x000028a8                __ieee754_rem_pio2
 *fill*         0x00002cd4        0x4 
 .text.__kernel_cos
                0x00002cd8      0x248 c:/program files (x86)/cypress/psoc creator/4.2/psoc creator/import/gnu/arm/5.4.1/bin/../lib/gcc/arm-none-eabi/5.4.1/../../../../arm-none-eabi/lib/armv7-m\libm.a(lib_a-k_cos.o)
                0x00002cd8                __kernel_cos
 .text.__kernel_rem_pio2
                0x00002f20      0x7f0 c:/program files (x86)/cypress/psoc creator/4.2/psoc creator/import/gnu/arm/5.4.1/bin/../lib/gcc/arm-none-eabi/5.4.1/../../../../arm-none-eabi/lib/armv7-m\libm.a(lib_a-k_rem_pio2.o)
                0x00002f20                __kernel_rem_pio2
 .text.__kernel_sin
                0x00003710      0x16c c:/program files (x86)/cypress/psoc creator/4.2/psoc creator/import/gnu/arm/5.4.1/bin/../lib/gcc/arm-none-eabi/5.4.1/../../../../arm-none-eabi/lib/armv7-m\libm.a(lib_a-k_sin.o)
                0x00003710                __kernel_sin
 .text.fabs     0x0000387c        0x8 c:/program files (x86)/cypress/psoc creator/4.2/psoc creator/import/gnu/arm/5.4.1/bin/../lib/gcc/arm-none-eabi/5.4.1/../../../../arm-none-eabi/lib/armv7-m\libm.a(lib_a-s_fabs.o)
                0x0000387c                fabs
 *fill*         0x00003884        0x4 
 .text.floor    0x00003888      0x110 c:/program files (x86)/cypress/psoc creator/4.2/psoc creator/import/gnu/arm/5.4.1/bin/../lib/gcc/arm-none-eabi/5.4.1/../../../../arm-none-eabi/lib/armv7-m\libm.a(lib_a-s_floor.o)
                0x00003888                floor
 .text.scalbn   0x00003998       0xe4 c:/program files (x86)/cypress/psoc creator/4.2/psoc creator/import/gnu/arm/5.4.1/bin/../lib/gcc/arm-none-eabi/5.4.1/../../../../arm-none-eabi/lib/armv7-m\libm.a(lib_a-s_scalbn.o)
                0x00003998                scalbn
 .text.copysign
                0x00003a7c       0x10 c:/program files (x86)/cypress/psoc creator/4.2/psoc creator/import/gnu/arm/5.4.1/bin/../lib/gcc/arm-none-eabi/5.4.1/../../../../arm-none-eabi/lib/armv7-m\libm.a(lib_a-s_copysign.o)
                0x00003a7c                copysign
 .text          0x00003a8c      0x370 c:/program files (x86)/cypress/psoc creator/4.2/psoc creator/import/gnu/arm/5.4.1/bin/../lib/gcc/arm-none-eabi/5.4.1/armv7-m\libgcc.a(_arm_addsubdf3.o)
                0x00003a8c                __aeabi_drsub
                0x00003a94                __aeabi_dsub
                0x00003a94                __subdf3
                0x00003a98                __aeabi_dadd
                0x00003a98                __adddf3
                0x00003d10                __floatunsidf
                0x00003d10                __aeabi_ui2d
                0x00003d30                __floatsidf
                0x00003d30                __aeabi_i2d
                0x00003d54                __aeabi_f2d
                0x00003d54                __extendsfdf2
                0x00003d90                __floatundidf
                0x00003d90                __aeabi_ul2d
                0x00003da0                __floatdidf
                0x00003da0                __aeabi_l2d
 .text          0x00003dfc      0x424 c:/program files (x86)/cypress/psoc creator/4.2/psoc creator/import/gnu/arm/5.4.1/bin/../lib/gcc/arm-none-eabi/5.4.1/armv7-m\libgcc.a(_arm_muldivdf3.o)
                0x00003dfc                __aeabi_dmul
                0x00003dfc                __muldf3
                0x00004050                __divdf3
                0x00004050                __aeabi_ddiv
 .text          0x00004220      0x110 c:/program files (x86)/cypress/psoc creator/4.2/psoc creator/import/gnu/arm/5.4.1/bin/../lib/gcc/arm-none-eabi/5.4.1/armv7-m\libgcc.a(_arm_cmpdf2.o)
                0x00004220                __gtdf2
                0x00004220                __gedf2
                0x00004228                __ltdf2
                0x00004228                __ledf2
                0x00004230                __nedf2
                0x00004230                __eqdf2
                0x00004230                __cmpdf2
                0x000042ac                __aeabi_cdrcmple
                0x000042bc                __aeabi_cdcmpeq
                0x000042bc                __aeabi_cdcmple
                0x000042cc                __aeabi_dcmpeq
                0x000042e0                __aeabi_dcmplt
                0x000042f4                __aeabi_dcmple
                0x00004308                __aeabi_dcmpge
                0x0000431c                __aeabi_dcmpgt
 .text          0x00004330       0x50 c:/program files (x86)/cypress/psoc creator/4.2/psoc creator/import/gnu/arm/5.4.1/bin/../lib/gcc/arm-none-eabi/5.4.1/armv7-m\libgcc.a(_arm_fixdfsi.o)
                0x00004330                __aeabi_d2iz
                0x00004330                __fixdfsi
 .text          0x00004380       0xa0 c:/program files (x86)/cypress/psoc creator/4.2/psoc creator/import/gnu/arm/5.4.1/bin/../lib/gcc/arm-none-eabi/5.4.1/armv7-m\libgcc.a(_arm_truncdfsf2.o)
                0x00004380                __truncdfsf2
                0x00004380                __aeabi_d2f
 .text          0x00004420      0x21c c:/program files (x86)/cypress/psoc creator/4.2/psoc creator/import/gnu/arm/5.4.1/bin/../lib/gcc/arm-none-eabi/5.4.1/armv7-m\libgcc.a(_arm_addsubsf3.o)
                0x00004420                __aeabi_frsub
                0x00004428                __subsf3
                0x00004428                __aeabi_fsub
                0x0000442c                __aeabi_fadd
                0x0000442c                __addsf3
                0x0000458c                __aeabi_ui2f
                0x0000458c                __floatunsisf
                0x00004594                __aeabi_i2f
                0x00004594                __floatsisf
                0x000045b0                __aeabi_ul2f
                0x000045b0                __floatundisf
                0x000045c0                __aeabi_l2f
                0x000045c0                __floatdisf
 .text          0x0000463c      0x2a0 c:/program files (x86)/cypress/psoc creator/4.2/psoc creator/import/gnu/arm/5.4.1/bin/../lib/gcc/arm-none-eabi/5.4.1/armv7-m\libgcc.a(_arm_muldivsf3.o)
                0x0000463c                __mulsf3
                0x0000463c                __aeabi_fmul
                0x000047a4                __aeabi_fdiv
                0x000047a4                __divsf3
 .text          0x000048dc       0xec c:/program files (x86)/cypress/psoc creator/4.2/psoc creator/import/gnu/arm/5.4.1/bin/../lib/gcc/arm-none-eabi/5.4.1/armv7-m\libgcc.a(_arm_cmpsf2.o)
                0x000048dc                __gesf2
                0x000048dc                __gtsf2
                0x000048e4                __lesf2
                0x000048e4                __ltsf2
                0x000048ec                __nesf2
                0x000048ec                __eqsf2
                0x000048ec                __cmpsf2
                0x0000494c                __aeabi_cfrcmple
                0x00004954                __aeabi_cfcmpeq
                0x00004954                __aeabi_cfcmple
                0x00004964                __aeabi_fcmpeq
                0x00004978                __aeabi_fcmplt
                0x0000498c                __aeabi_fcmple
                0x000049a0                __aeabi_fcmpge
                0x000049b4                __aeabi_fcmpgt
 .text          0x000049c8       0x40 c:/program files (x86)/cypress/psoc creator/4.2/psoc creator/import/gnu/arm/5.4.1/bin/../lib/gcc/arm-none-eabi/5.4.1/armv7-m\libgcc.a(_arm_fixunssfsi.o)
                0x000049c8                __fixunssfsi
                0x000049c8                __aeabi_f2uiz
 .text.__errno  0x00004a08        0xc c:/program files (x86)/cypress/psoc creator/4.2/psoc creator/import/gnu/arm/5.4.1/bin/../lib/gcc/arm-none-eabi/5.4.1/../../../../arm-none-eabi/lib/armv7-m\libg_nano.a(lib_a-errno.o)
                0x00004a08                __errno
 .text.__libc_init_array
                0x00004a14       0x4c c:/program files (x86)/cypress/psoc creator/4.2/psoc creator/import/gnu/arm/5.4.1/bin/../lib/gcc/arm-none-eabi/5.4.1/../../../../arm-none-eabi/lib/armv7-m\libg_nano.a(lib_a-init.o)
                0x00004a14                __libc_init_array
 .text.memcpy   0x00004a60       0x16 c:/program files (x86)/cypress/psoc creator/4.2/psoc creator/import/gnu/arm/5.4.1/bin/../lib/gcc/arm-none-eabi/5.4.1/../../../../arm-none-eabi/lib/armv7-m\libg_nano.a(lib_a-memcpy-stub.o)
                0x00004a60                memcpy
 .text.memset   0x00004a76       0x10 c:/program files (x86)/cypress/psoc creator/4.2/psoc creator/import/gnu/arm/5.4.1/bin/../lib/gcc/arm-none-eabi/5.4.1/../../../../arm-none-eabi/lib/armv7-m\libg_nano.a(lib_a-memset.o)
                0x00004a76                memset
 .text.__cvt    0x00004a86       0xc0 c:/program files (x86)/cypress/psoc creator/4.2/psoc creator/import/gnu/arm/5.4.1/bin/../lib/gcc/arm-none-eabi/5.4.1/../../../../arm-none-eabi/lib/armv7-m\libg_nano.a(lib_a-nano-vfprintf_float.o)
                0x00004a86                __cvt
 .text.__exponent
                0x00004b46       0x62 c:/program files (x86)/cypress/psoc creator/4.2/psoc creator/import/gnu/arm/5.4.1/bin/../lib/gcc/arm-none-eabi/5.4.1/../../../../arm-none-eabi/lib/armv7-m\libg_nano.a(lib_a-nano-vfprintf_float.o)
                0x00004b46                __exponent
 .text._printf_float
                0x00004ba8      0x488 c:/program files (x86)/cypress/psoc creator/4.2/psoc creator/import/gnu/arm/5.4.1/bin/../lib/gcc/arm-none-eabi/5.4.1/../../../../arm-none-eabi/lib/armv7-m\libg_nano.a(lib_a-nano-vfprintf_float.o)
                0x00004ba8                _printf_float
 .text._printf_common
                0x00005030       0xec c:/program files (x86)/cypress/psoc creator/4.2/psoc creator/import/gnu/arm/5.4.1/bin/../lib/gcc/arm-none-eabi/5.4.1/../../../../arm-none-eabi/lib/armv7-m\libg_nano.a(lib_a-nano-vfprintf_i.o)
                0x00005030                _printf_common
 .text._printf_i
                0x0000511c      0x24c c:/program files (x86)/cypress/psoc creator/4.2/psoc creator/import/gnu/arm/5.4.1/bin/../lib/gcc/arm-none-eabi/5.4.1/../../../../arm-none-eabi/lib/armv7-m\libg_nano.a(lib_a-nano-vfprintf_i.o)
                0x0000511c                _printf_i
 .text.sprintf  0x00005368       0x48 c:/program files (x86)/cypress/psoc creator/4.2/psoc creator/import/gnu/arm/5.4.1/bin/../lib/gcc/arm-none-eabi/5.4.1/../../../../arm-none-eabi/lib/armv7-m\libg_nano.a(lib_a-sprintf.o)
                0x00005368                siprintf
                0x00005368                sprintf
 .text          0x000053b0       0x10 c:/program files (x86)/cypress/psoc creator/4.2/psoc creator/import/gnu/arm/5.4.1/bin/../lib/gcc/arm-none-eabi/5.4.1/../../../../arm-none-eabi/lib/armv7-m\libg_nano.a(lib_a-strlen.o)
                0x000053b0                strlen
 .text.quorem   0x000053c0      0x116 c:/program files (x86)/cypress/psoc creator/4.2/psoc creator/import/gnu/arm/5.4.1/bin/../lib/gcc/arm-none-eabi/5.4.1/../../../../arm-none-eabi/lib/armv7-m\libg_nano.a(lib_a-dtoa.o)
 *fill*         0x000054d6        0x2 
 .text._dtoa_r  0x000054d8      0xb30 c:/program files (x86)/cypress/psoc creator/4.2/psoc creator/import/gnu/arm/5.4.1/bin/../lib/gcc/arm-none-eabi/5.4.1/../../../../arm-none-eabi/lib/armv7-m\libg_nano.a(lib_a-dtoa.o)
                0x000054d8                _dtoa_r
 .text._localeconv_r
                0x00006008        0x8 c:/program files (x86)/cypress/psoc creator/4.2/psoc creator/import/gnu/arm/5.4.1/bin/../lib/gcc/arm-none-eabi/5.4.1/../../../../arm-none-eabi/lib/armv7-m\libg_nano.a(lib_a-locale.o)
                0x00006008                _localeconv_r
 .text.malloc   0x00006010       0x10 c:/program files (x86)/cypress/psoc creator/4.2/psoc creator/import/gnu/arm/5.4.1/bin/../lib/gcc/arm-none-eabi/5.4.1/../../../../arm-none-eabi/lib/armv7-m\libg_nano.a(lib_a-malloc.o)
                0x00006010                malloc
 .text.memchr   0x00006020       0x1c c:/program files (x86)/cypress/psoc creator/4.2/psoc creator/import/gnu/arm/5.4.1/bin/../lib/gcc/arm-none-eabi/5.4.1/../../../../arm-none-eabi/lib/armv7-m\libg_nano.a(lib_a-memchr-stub.o)
                0x00006020                memchr
 .text._Balloc  0x0000603c       0x6a c:/program files (x86)/cypress/psoc creator/4.2/psoc creator/import/gnu/arm/5.4.1/bin/../lib/gcc/arm-none-eabi/5.4.1/../../../../arm-none-eabi/lib/armv7-m\libg_nano.a(lib_a-mprec.o)
                0x0000603c                _Balloc
 .text._Bfree   0x000060a6       0x2e c:/program files (x86)/cypress/psoc creator/4.2/psoc creator/import/gnu/arm/5.4.1/bin/../lib/gcc/arm-none-eabi/5.4.1/../../../../arm-none-eabi/lib/armv7-m\libg_nano.a(lib_a-mprec.o)
                0x000060a6                _Bfree
 .text.__multadd
                0x000060d4       0x76 c:/program files (x86)/cypress/psoc creator/4.2/psoc creator/import/gnu/arm/5.4.1/bin/../lib/gcc/arm-none-eabi/5.4.1/../../../../arm-none-eabi/lib/armv7-m\libg_nano.a(lib_a-mprec.o)
                0x000060d4                __multadd
 .text.__hi0bits
                0x0000614a       0x40 c:/program files (x86)/cypress/psoc creator/4.2/psoc creator/import/gnu/arm/5.4.1/bin/../lib/gcc/arm-none-eabi/5.4.1/../../../../arm-none-eabi/lib/armv7-m\libg_nano.a(lib_a-mprec.o)
                0x0000614a                __hi0bits
 .text.__lo0bits
                0x0000618a       0x5a c:/program files (x86)/cypress/psoc creator/4.2/psoc creator/import/gnu/arm/5.4.1/bin/../lib/gcc/arm-none-eabi/5.4.1/../../../../arm-none-eabi/lib/armv7-m\libg_nano.a(lib_a-mprec.o)
                0x0000618a                __lo0bits
 .text.__i2b    0x000061e4       0x12 c:/program files (x86)/cypress/psoc creator/4.2/psoc creator/import/gnu/arm/5.4.1/bin/../lib/gcc/arm-none-eabi/5.4.1/../../../../arm-none-eabi/lib/armv7-m\libg_nano.a(lib_a-mprec.o)
                0x000061e4                __i2b
 .text.__multiply
                0x000061f6      0x120 c:/program files (x86)/cypress/psoc creator/4.2/psoc creator/import/gnu/arm/5.4.1/bin/../lib/gcc/arm-none-eabi/5.4.1/../../../../arm-none-eabi/lib/armv7-m\libg_nano.a(lib_a-mprec.o)
                0x000061f6                __multiply
 *fill*         0x00006316        0x2 
 .text.__pow5mult
                0x00006318       0x9c c:/program files (x86)/cypress/psoc creator/4.2/psoc creator/import/gnu/arm/5.4.1/bin/../lib/gcc/arm-none-eabi/5.4.1/../../../../arm-none-eabi/lib/armv7-m\libg_nano.a(lib_a-mprec.o)
                0x00006318                __pow5mult
 .text.__lshift
                0x000063b4       0xa2 c:/program files (x86)/cypress/psoc creator/4.2/psoc creator/import/gnu/arm/5.4.1/bin/../lib/gcc/arm-none-eabi/5.4.1/../../../../arm-none-eabi/lib/armv7-m\libg_nano.a(lib_a-mprec.o)
                0x000063b4                __lshift
 .text.__mcmp   0x00006456       0x38 c:/program files (x86)/cypress/psoc creator/4.2/psoc creator/import/gnu/arm/5.4.1/bin/../lib/gcc/arm-none-eabi/5.4.1/../../../../arm-none-eabi/lib/armv7-m\libg_nano.a(lib_a-mprec.o)
                0x00006456                __mcmp
 .text.__mdiff  0x0000648e       0xbe c:/program files (x86)/cypress/psoc creator/4.2/psoc creator/import/gnu/arm/5.4.1/bin/../lib/gcc/arm-none-eabi/5.4.1/../../../../arm-none-eabi/lib/armv7-m\libg_nano.a(lib_a-mprec.o)
                0x0000648e                __mdiff
 .text.__d2b    0x0000654c       0x9c c:/program files (x86)/cypress/psoc creator/4.2/psoc creator/import/gnu/arm/5.4.1/bin/../lib/gcc/arm-none-eabi/5.4.1/../../../../arm-none-eabi/lib/armv7-m\libg_nano.a(lib_a-mprec.o)
                0x0000654c                __d2b
 .text._calloc_r
                0x000065e8       0x1c c:/program files (x86)/cypress/psoc creator/4.2/psoc creator/import/gnu/arm/5.4.1/bin/../lib/gcc/arm-none-eabi/5.4.1/../../../../arm-none-eabi/lib/armv7-m\libg_nano.a(lib_a-nano-callocr.o)
                0x000065e8                _calloc_r
 .text._free_r  0x00006604       0x98 c:/program files (x86)/cypress/psoc creator/4.2/psoc creator/import/gnu/arm/5.4.1/bin/../lib/gcc/arm-none-eabi/5.4.1/../../../../arm-none-eabi/lib/armv7-m\libg_nano.a(lib_a-nano-freer.o)
                0x00006604                _free_r
 .text._malloc_r
                0x0000669c       0xbc c:/program files (x86)/cypress/psoc creator/4.2/psoc creator/import/gnu/arm/5.4.1/bin/../lib/gcc/arm-none-eabi/5.4.1/../../../../arm-none-eabi/lib/armv7-m\libg_nano.a(lib_a-nano-mallocr.o)
                0x0000669c                _malloc_r
 .text.__ssputs_r
                0x00006758       0xb2 c:/program files (x86)/cypress/psoc creator/4.2/psoc creator/import/gnu/arm/5.4.1/bin/../lib/gcc/arm-none-eabi/5.4.1/../../../../arm-none-eabi/lib/armv7-m\libg_nano.a(lib_a-nano-svfprintf.o)
                0x00006758                __ssputs_r
 *fill*         0x0000680a        0x2 
 .text._svfprintf_r
                0x0000680c      0x1e8 c:/program files (x86)/cypress/psoc creator/4.2/psoc creator/import/gnu/arm/5.4.1/bin/../lib/gcc/arm-none-eabi/5.4.1/../../../../arm-none-eabi/lib/armv7-m\libg_nano.a(lib_a-nano-svfprintf.o)
                0x0000680c                _svfiprintf_r
                0x0000680c                _svfprintf_r
 .text._sbrk_r  0x000069f4       0x20 c:/program files (x86)/cypress/psoc creator/4.2/psoc creator/import/gnu/arm/5.4.1/bin/../lib/gcc/arm-none-eabi/5.4.1/../../../../arm-none-eabi/lib/armv7-m\libg_nano.a(lib_a-sbrkr.o)
                0x000069f4                _sbrk_r
 .text.memmove  0x00006a14       0x36 c:/program files (x86)/cypress/psoc creator/4.2/psoc creator/import/gnu/arm/5.4.1/bin/../lib/gcc/arm-none-eabi/5.4.1/../../../../arm-none-eabi/lib/armv7-m\libg_nano.a(lib_a-memmove.o)
                0x00006a14                memmove
 .text.__malloc_lock
                0x00006a4a        0x2 c:/program files (x86)/cypress/psoc creator/4.2/psoc creator/import/gnu/arm/5.4.1/bin/../lib/gcc/arm-none-eabi/5.4.1/../../../../arm-none-eabi/lib/armv7-m\libg_nano.a(lib_a-mlock.o)
                0x00006a4a                __malloc_lock
 .text.__malloc_unlock
                0x00006a4c        0x2 c:/program files (x86)/cypress/psoc creator/4.2/psoc creator/import/gnu/arm/5.4.1/bin/../lib/gcc/arm-none-eabi/5.4.1/../../../../arm-none-eabi/lib/armv7-m\libg_nano.a(lib_a-mlock.o)
                0x00006a4c                __malloc_unlock
 .text._realloc_r
                0x00006a4e       0x4c c:/program files (x86)/cypress/psoc creator/4.2/psoc creator/import/gnu/arm/5.4.1/bin/../lib/gcc/arm-none-eabi/5.4.1/../../../../arm-none-eabi/lib/armv7-m\libg_nano.a(lib_a-nano-reallocr.o)
                0x00006a4e                _realloc_r
 .text._malloc_usable_size_r
                0x00006a9a       0x14 c:/program files (x86)/cypress/psoc creator/4.2/psoc creator/import/gnu/arm/5.4.1/bin/../lib/gcc/arm-none-eabi/5.4.1/../../../../arm-none-eabi/lib/armv7-m\libg_nano.a(lib_a-nano-msizer.o)
                0x00006a9a                _malloc_usable_size_r
 *fill*         0x00006aae        0x2 
 .text          0x00006ab0       0x2c c:/program files (x86)/cypress/psoc creator/4.2/psoc creator/import/gnu/arm/5.4.1/bin/../lib/gcc/arm-none-eabi/5.4.1/armv7-m\libgcc.a(_arm_unorddf2.o)
                0x00006ab0                __unorddf2
                0x00006ab0                __aeabi_dcmpun
 *(.plt)
 *(.gnu.warning)
 *(.glue_7t)
 .glue_7t       0x00006adc        0x0 linker stubs
 *(.glue_7)
 .glue_7        0x00006adc        0x0 linker stubs
 *(.vfp11_veneer)
 .vfp11_veneer  0x00006adc        0x0 linker stubs
 *(.bootloader)
 *(.ARM.extab* .gnu.linkonce.armextab.*)
 *(.gcc_except_table)

.v4_bx          0x00006adc        0x0
 .v4_bx         0x00006adc        0x0 linker stubs

.iplt           0x00006adc        0x0
 .iplt          0x00006adc        0x0 c:/program files (x86)/cypress/psoc creator/4.2/psoc creator/import/gnu/arm/5.4.1/bin/../lib/gcc/arm-none-eabi/5.4.1/armv7-m/crtbegin.o

.eh_frame_hdr
 *(.eh_frame_hdr)

.eh_frame       0x00006adc        0x4
 *(.eh_frame)
 .eh_frame      0x00006adc        0x0 c:/program files (x86)/cypress/psoc creator/4.2/psoc creator/import/gnu/arm/5.4.1/bin/../lib/gcc/arm-none-eabi/5.4.1/armv7-m/crtbegin.o
 .eh_frame      0x00006adc        0x4 c:/program files (x86)/cypress/psoc creator/4.2/psoc creator/import/gnu/arm/5.4.1/bin/../lib/gcc/arm-none-eabi/5.4.1/armv7-m/crtend.o
                [!provide]                PROVIDE (__exidx_start, .)

.ARM.exidx
 *(.ARM.exidx* .gnu.linkonce.armexidx.*)
                0x00006ae0                __exidx_end = .

.rodata         0x00006ae0      0x418
 *(.rodata .rodata.* .gnu.linkonce.r.*)
 .rodata.str1.4
                0x00006ae0       0x15 .\CortexM3\ARM_GCC_541\Debug\main.o
 *fill*         0x00006af5        0x3 
 .rodata.str1.4
                0x00006af8        0xa .\CortexM3\ARM_GCC_541\Debug\ultrasonic.o
 *fill*         0x00006b02        0x2 
 .rodata.str1.4
                0x00006b04       0x48 .\CortexM3\ARM_GCC_541\Debug\dcmotor.o
                                 0x46 (size before relaxing)
 .rodata        0x00006b4c       0x36 .\CortexM3\ARM_GCC_541\Debug\cyfitter_cfg.o
 *fill*         0x00006b82        0x2 
 .rodata.npio2_hw
                0x00006b84       0x80 c:/program files (x86)/cypress/psoc creator/4.2/psoc creator/import/gnu/arm/5.4.1/bin/../lib/gcc/arm-none-eabi/5.4.1/../../../../arm-none-eabi/lib/armv7-m\libm.a(lib_a-e_rem_pio2.o)
 .rodata.two_over_pi
                0x00006c04      0x108 c:/program files (x86)/cypress/psoc creator/4.2/psoc creator/import/gnu/arm/5.4.1/bin/../lib/gcc/arm-none-eabi/5.4.1/../../../../arm-none-eabi/lib/armv7-m\libm.a(lib_a-e_rem_pio2.o)
 .rodata.init_jk
                0x00006d0c       0x10 c:/program files (x86)/cypress/psoc creator/4.2/psoc creator/import/gnu/arm/5.4.1/bin/../lib/gcc/arm-none-eabi/5.4.1/../../../../arm-none-eabi/lib/armv7-m\libm.a(lib_a-k_rem_pio2.o)
 *fill*         0x00006d1c        0x4 
 .rodata.PIo2   0x00006d20       0x40 c:/program files (x86)/cypress/psoc creator/4.2/psoc creator/import/gnu/arm/5.4.1/bin/../lib/gcc/arm-none-eabi/5.4.1/../../../../arm-none-eabi/lib/armv7-m\libm.a(lib_a-k_rem_pio2.o)
 .rodata.str1.1
                0x00006d60        0x2 c:/program files (x86)/cypress/psoc creator/4.2/psoc creator/import/gnu/arm/5.4.1/bin/../lib/gcc/arm-none-eabi/5.4.1/../../../../arm-none-eabi/lib/armv7-m\libg_nano.a(lib_a-impure.o)
 .rodata.str1.1
                0x00006d62       0x12 c:/program files (x86)/cypress/psoc creator/4.2/psoc creator/import/gnu/arm/5.4.1/bin/../lib/gcc/arm-none-eabi/5.4.1/../../../../arm-none-eabi/lib/armv7-m\libg_nano.a(lib_a-nano-vfprintf_float.o)
 .rodata.str1.1
                0x00006d74       0x22 c:/program files (x86)/cypress/psoc creator/4.2/psoc creator/import/gnu/arm/5.4.1/bin/../lib/gcc/arm-none-eabi/5.4.1/../../../../arm-none-eabi/lib/armv7-m\libg_nano.a(lib_a-nano-vfprintf_i.o)
 .rodata.str1.1
                0x00006d96        0xd c:/program files (x86)/cypress/psoc creator/4.2/psoc creator/import/gnu/arm/5.4.1/bin/../lib/gcc/arm-none-eabi/5.4.1/../../../../arm-none-eabi/lib/armv7-m\libg_nano.a(lib_a-dtoa.o)
                                  0xf (size before relaxing)
 .rodata.str1.1
                0x00006da3        0x8 c:/program files (x86)/cypress/psoc creator/4.2/psoc creator/import/gnu/arm/5.4.1/bin/../lib/gcc/arm-none-eabi/5.4.1/../../../../arm-none-eabi/lib/armv7-m\libg_nano.a(lib_a-locale.o)
                                  0xb (size before relaxing)
 *fill*         0x00006dab        0x5 
 .rodata.__mprec_tens
                0x00006db0       0xc8 c:/program files (x86)/cypress/psoc creator/4.2/psoc creator/import/gnu/arm/5.4.1/bin/../lib/gcc/arm-none-eabi/5.4.1/../../../../arm-none-eabi/lib/armv7-m\libg_nano.a(lib_a-mprec.o)
                0x00006db0                __mprec_tens
 .rodata.p05.5408
                0x00006e78        0xc c:/program files (x86)/cypress/psoc creator/4.2/psoc creator/import/gnu/arm/5.4.1/bin/../lib/gcc/arm-none-eabi/5.4.1/../../../../arm-none-eabi/lib/armv7-m\libg_nano.a(lib_a-mprec.o)
 *fill*         0x00006e84        0x4 
 .rodata.__mprec_bigtens
                0x00006e88       0x28 c:/program files (x86)/cypress/psoc creator/4.2/psoc creator/import/gnu/arm/5.4.1/bin/../lib/gcc/arm-none-eabi/5.4.1/../../../../arm-none-eabi/lib/armv7-m\libg_nano.a(lib_a-mprec.o)
                0x00006e88                __mprec_bigtens
 .rodata.str1.1
                0x00006eb0       0x11 c:/program files (x86)/cypress/psoc creator/4.2/psoc creator/import/gnu/arm/5.4.1/bin/../lib/gcc/arm-none-eabi/5.4.1/../../../../arm-none-eabi/lib/armv7-m\libg_nano.a(lib_a-nano-svfprintf.o)
                0x00006ec4                . = ALIGN (0x4)
 *fill*         0x00006ec1        0x3 
 *(.init)
 .init          0x00006ec4        0x4 c:/program files (x86)/cypress/psoc creator/4.2/psoc creator/import/gnu/arm/5.4.1/bin/../lib/gcc/arm-none-eabi/5.4.1/armv7-m/crti.o
                0x00006ec4                _init
 .init          0x00006ec8        0x8 c:/program files (x86)/cypress/psoc creator/4.2/psoc creator/import/gnu/arm/5.4.1/bin/../lib/gcc/arm-none-eabi/5.4.1/armv7-m/crtn.o
                0x00006ed0                . = ALIGN (0x4)
                0x00006ed0                __preinit_array_start = .
 *(.preinit_array)
                0x00006ed0                __preinit_array_end = .
                0x00006ed0                . = ALIGN (0x4)
                0x00006ed0                __init_array_start = .
 *(SORT(.init_array.*))
 *(.init_array)
 .init_array    0x00006ed0        0x4 c:/program files (x86)/cypress/psoc creator/4.2/psoc creator/import/gnu/arm/5.4.1/bin/../lib/gcc/arm-none-eabi/5.4.1/armv7-m/crtbegin.o
 .init_array    0x00006ed4        0x4 .\CortexM3\ARM_GCC_541\Debug\Cm3Start.o
                0x00006ed8                __init_array_end = .
                0x00006ed8                . = ALIGN (0x4)
 *(.fini)
 .fini          0x00006ed8        0x4 c:/program files (x86)/cypress/psoc creator/4.2/psoc creator/import/gnu/arm/5.4.1/bin/../lib/gcc/arm-none-eabi/5.4.1/armv7-m/crti.o
                0x00006ed8                _fini
 .fini          0x00006edc        0x8 c:/program files (x86)/cypress/psoc creator/4.2/psoc creator/import/gnu/arm/5.4.1/bin/../lib/gcc/arm-none-eabi/5.4.1/armv7-m/crtn.o
                0x00006ee4                . = ALIGN (0x4)
                0x00006ee4                __fini_array_start = .
 *(.fini_array)
 .fini_array    0x00006ee4        0x4 c:/program files (x86)/cypress/psoc creator/4.2/psoc creator/import/gnu/arm/5.4.1/bin/../lib/gcc/arm-none-eabi/5.4.1/armv7-m/crtbegin.o
 *(SORT(.fini_array.*))
                0x00006ee8                __fini_array_end = .
                0x00006ee8                . = ALIGN (0x4)
 *crtbegin.o(.ctors)
 *(EXCLUDE_FILE(*crtend.o) .ctors)
 *(SORT(.ctors.*))
 *crtend.o(.ctors)
                0x00006ee8                . = ALIGN (0x4)
 *crtbegin.o(.dtors)
 *(EXCLUDE_FILE(*crtend.o) .dtors)
 *(SORT(.dtors.*))
 *crtend.o(.dtors)
                0x00006ee8                . = ALIGN (0x4)
                0x00006ee8                __cy_regions = .
                0x00006ee8        0x4 LONG 0x6ef8 __cy_region_init_ram
                0x00006eec        0x4 LONG 0x1fff80c8 __cy_region_start_data
                0x00006ef0        0x4 LONG 0xe8 __cy_region_init_size_ram
                0x00006ef4        0x4 LONG 0x190 __cy_region_zero_size_ram
                0x00006ef8                __cy_regions_end = .
                0x00006ef8                . = ALIGN (0x8)
                0x00006ef8                _etext = .

.cy_checksum_exclude
                0x00006ef8        0x0
 *(.cy_checksum_exclude)

.ramvectors     0x1fff8000       0xc0
                0x1fff8000                __cy_region_start_ram = .
 *(.ramvectors)
 .ramvectors    0x1fff8000       0xc0 .\CortexM3\ARM_GCC_541\Debug\Cm3Start.o
                0x1fff8000                CyRamVectors

.noinit         0x1fff80c0        0x1
 *(.noinit)
 .noinit        0x1fff80c0        0x1 .\CortexM3\ARM_GCC_541\Debug\Group17Robot.a(CyLib.o)
                0x1fff80c0                CyResetStatus

.data           0x1fff80c8       0xe8 load address 0x00006ef8
                0x1fff80c8                __cy_region_start_data = .
 *(.jcr)
 .jcr           0x1fff80c8        0x0 c:/program files (x86)/cypress/psoc creator/4.2/psoc creator/import/gnu/arm/5.4.1/bin/../lib/gcc/arm-none-eabi/5.4.1/armv7-m/crtbegin.o
 .jcr           0x1fff80c8        0x4 c:/program files (x86)/cypress/psoc creator/4.2/psoc creator/import/gnu/arm/5.4.1/bin/../lib/gcc/arm-none-eabi/5.4.1/armv7-m/crtend.o
 *(.got.plt)
 *(.got)
 *(.shdata)
 *(.data .data.* .gnu.linkonce.d.*)
 .data          0x1fff80cc       0x28 .\CortexM3\ARM_GCC_541\Debug\main.o
                0x1fff80cc                colour_flag
                0x1fff80d0                state
                0x1fff80d4                running
                0x1fff80d8                moveNow
                0x1fff80dc                currentOrientation
                0x1fff80e0                puckRackOffsetsFromWest
 .data          0x1fff80f4        0x4 .\CortexM3\ARM_GCC_541\Debug\ultrasonic.o
                0x1fff80f4                initialisation
 .data          0x1fff80f8        0x4 .\CortexM3\ARM_GCC_541\Debug\Cm3Start.o
 .data          0x1fff80fc       0x10 .\CortexM3\ARM_GCC_541\Debug\Group17Robot.a(CyLib.o)
                0x1fff80fc                cydelay_32k_ms
                0x1fff8100                cydelay_freq_khz
                0x1fff8104                cydelay_freq_mhz
                0x1fff8108                cydelay_freq_hz
 .data          0x1fff810c        0x1 .\CortexM3\ARM_GCC_541\Debug\Group17Robot.a(ADC.o)
                0x1fff810c                ADC_Config
 *fill*         0x1fff810d        0x3 
 .data.impure_data
                0x1fff8110       0x60 c:/program files (x86)/cypress/psoc creator/4.2/psoc creator/import/gnu/arm/5.4.1/bin/../lib/gcc/arm-none-eabi/5.4.1/../../../../arm-none-eabi/lib/armv7-m\libg_nano.a(lib_a-impure.o)
 .data._impure_ptr
                0x1fff8170        0x4 c:/program files (x86)/cypress/psoc creator/4.2/psoc creator/import/gnu/arm/5.4.1/bin/../lib/gcc/arm-none-eabi/5.4.1/../../../../arm-none-eabi/lib/armv7-m\libg_nano.a(lib_a-impure.o)
                0x1fff8170                _impure_ptr
 .data.lconv    0x1fff8174       0x38 c:/program files (x86)/cypress/psoc creator/4.2/psoc creator/import/gnu/arm/5.4.1/bin/../lib/gcc/arm-none-eabi/5.4.1/../../../../arm-none-eabi/lib/armv7-m\libg_nano.a(lib_a-locale.o)
                0x1fff81b0                . = ALIGN (0x8)
 *fill*         0x1fff81ac        0x4 
 *(.ram)
                0x1fff81b0                _edata = .

.igot.plt       0x1fff81b0        0x0 load address 0x00006fe0
 .igot.plt      0x1fff81b0        0x0 c:/program files (x86)/cypress/psoc creator/4.2/psoc creator/import/gnu/arm/5.4.1/bin/../lib/gcc/arm-none-eabi/5.4.1/armv7-m/crtbegin.o

.bss            0x1fff81b0      0x190 load address 0x00006fe0
                0x1fff81b0                PROVIDE (__bss_start__, .)
 *(.shbss)
 *(.bss .bss.* .gnu.linkonce.b.*)
 .bss           0x1fff81b0       0x1c c:/program files (x86)/cypress/psoc creator/4.2/psoc creator/import/gnu/arm/5.4.1/bin/../lib/gcc/arm-none-eabi/5.4.1/armv7-m/crtbegin.o
 .bss           0x1fff81cc       0x54 .\CortexM3\ARM_GCC_541\Debug\main.o
                0x1fff81cc                beginNavigation
                0x1fff81d0                idac_value
                0x1fff81d4                moving
                0x1fff81d8                block_edge_location
                0x1fff81e8                currentPuckStackSize
                0x1fff81ec                ColourSensingAlgorithm
                0x1fff81f0                turningRightFlag
                0x1fff81f2                turningLeftFlag
                0x1fff81f4                drivingBackwardFlag
                0x1fff81f6                drivingForwardFlag
                0x1fff81f8                motor2Enable
                0x1fff81fa                motor1Enable
                0x1fff81fc                currentPosition
                0x1fff8204                sweeping
                0x1fff8208                puckRackColours
                0x1fff821c                currentPuckRackScanningIndex
 .bss           0x1fff8220       0x2c .\CortexM3\ARM_GCC_541\Debug\ultrasonic.o
                0x1fff8220                count
                0x1fff8224                ultrasonic_mux_control
                0x1fff8228                ultrasonic_distances
                0x1fff823c                block_start
                0x1fff8240                puck_start
                0x1fff8244                distance_measured
                0x1fff8248                i
 .bss           0x1fff824c        0x1 .\CortexM3\ARM_GCC_541\Debug\Group17Robot.a(TIA_1.o)
                0x1fff824c                TIA_1_initVar
 .bss           0x1fff824d        0x2 .\CortexM3\ARM_GCC_541\Debug\Group17Robot.a(UART_1.o)
                0x1fff824d                UART_1_initVar
 *fill*         0x1fff824f        0x1 
 .bss           0x1fff8250       0x18 .\CortexM3\ARM_GCC_541\Debug\Group17Robot.a(ADC.o)
                0x1fff8260                ADC_stopConversion
                0x1fff8261                ADC_convDone
                0x1fff8262                ADC_initVar
                0x1fff8263                ADC_started
                0x1fff8264                ADC_Offset
 .bss           0x1fff8268        0x1 .\CortexM3\ARM_GCC_541\Debug\Group17Robot.a(IDAC8_1.o)
                0x1fff8268                IDAC8_1_initVar
 .bss           0x1fff8269        0x1 .\CortexM3\ARM_GCC_541\Debug\Group17Robot.a(Timer_1.o)
                0x1fff8269                Timer_1_initVar
 .bss           0x1fff826a        0x1 .\CortexM3\ARM_GCC_541\Debug\Group17Robot.a(Motor_2_driver.o)
                0x1fff826a                Motor_2_driver_initVar
 .bss           0x1fff826b        0x1 .\CortexM3\ARM_GCC_541\Debug\Group17Robot.a(Motor_1_driver.o)
                0x1fff826b                Motor_1_driver_initVar
 .bss           0x1fff826c        0x1 .\CortexM3\ARM_GCC_541\Debug\Group17Robot.a(Motor_2_Encoder_Counts.o)
                0x1fff826c                Motor_2_Encoder_Counts_initVar
 .bss           0x1fff826d        0x1 .\CortexM3\ARM_GCC_541\Debug\Group17Robot.a(Motor_1_Encoder_Counts.o)
                0x1fff826d                Motor_1_Encoder_Counts_initVar
 .bss           0x1fff826e        0x1 .\CortexM3\ARM_GCC_541\Debug\Group17Robot.a(Gripper_Servo_PWM.o)
                0x1fff826e                Gripper_Servo_PWM_initVar
 .bss           0x1fff826f        0x1 .\CortexM3\ARM_GCC_541\Debug\Group17Robot.a(Rack_Servo_PWM.o)
                0x1fff826f                Rack_Servo_PWM_initVar
 .bss           0x1fff8270        0x1 .\CortexM3\ARM_GCC_541\Debug\Group17Robot.a(Drift_Check_Timer.o)
                0x1fff8270                Drift_Check_Timer_initVar
 *fill*         0x1fff8271        0x3 
 .bss.__malloc_sbrk_start
                0x1fff8274        0x4 c:/program files (x86)/cypress/psoc creator/4.2/psoc creator/import/gnu/arm/5.4.1/bin/../lib/gcc/arm-none-eabi/5.4.1/../../../../arm-none-eabi/lib/armv7-m\libg_nano.a(lib_a-nano-mallocr.o)
                0x1fff8274                __malloc_sbrk_start
 .bss.__malloc_free_list
                0x1fff8278        0x4 c:/program files (x86)/cypress/psoc creator/4.2/psoc creator/import/gnu/arm/5.4.1/bin/../lib/gcc/arm-none-eabi/5.4.1/../../../../arm-none-eabi/lib/armv7-m\libg_nano.a(lib_a-nano-mallocr.o)
                0x1fff8278                __malloc_free_list
 *(COMMON)
 COMMON         0x1fff827c       0x64 .\CortexM3\ARM_GCC_541\Debug\main.o
                0x1fff827c                moveRightAllowed
                0x1fff8280                M2_BD
                0x1fff8284                output
                0x1fff82a4                desiredOrientation
                0x1fff82a8                moveForwardAllowed
                0x1fff82ac                pathPastBlock
                0x1fff82b0                driveStraightEnable
                0x1fff82b4                moveBackwardAllowed
                0x1fff82b8                M1_BD
                0x1fff82bc                pathToPucks
                0x1fff82c0                M1_FD
                0x1fff82c4                puckPileLocation
                0x1fff82c8                motor1EncoderCounts
                0x1fff82cc                moveLeftAllowed
                0x1fff82d0                motor2EncoderCounts
                0x1fff82d4                desiredPosition
                0x1fff82dc                M2_FD
 COMMON         0x1fff82e0       0x54 .\CortexM3\ARM_GCC_541\Debug\colour.o
                0x1fff82e0                test_white
                0x1fff82e4                test_red
                0x1fff82e8                ambient_current
                0x1fff82ec                input_current
                0x1fff82f0                colour_output
                0x1fff82f4                ambient_green
                0x1fff82f8                ambient_white
                0x1fff82fc                ambient_red
                0x1fff8300                test_blue
                0x1fff8304                ambient_blue
                0x1fff8308                pd_voltage
                0x1fff830c                stored
                0x1fff8330                test_green
 COMMON         0x1fff8334        0x4 .\CortexM3\ARM_GCC_541\Debug\Group17Robot.a(ADC.o)
                0x1fff8334                ADC_CountsPerVolt
 COMMON         0x1fff8338        0x4 c:/program files (x86)/cypress/psoc creator/4.2/psoc creator/import/gnu/arm/5.4.1/bin/../lib/gcc/arm-none-eabi/5.4.1/../../../../arm-none-eabi/lib/armv7-m\libg_nano.a(lib_a-reent.o)
                0x1fff8338                errno
                0x1fff8340                . = ALIGN (0x8)
 *fill*         0x1fff833c        0x4 
 *(.ram.b)
                0x1fff8340                _end = .
                0x1fff8340                __end = .
                0x1fff8340                PROVIDE (end, .)
                0x1fff8340                PROVIDE (__bss_end__, .)
                0x00006ef8                __cy_region_init_ram = LOADADDR (.data)
                0x000000e8                __cy_region_init_size_ram = (_edata - ADDR (.data))
                0x00000190                __cy_region_zero_size_ram = (_end - _edata)

.heap           0x1fff8340      0x200 load address 0x00006fe0
                0x1fff8340                . = _end
                0x1fff8540                . = (. + 0x200)
 *fill*         0x1fff8340      0x200 
                0x1fff8540                __cy_heap_limit = .

.stack          0x20007800      0x800
                0x20007800                __cy_stack_limit = .
                0x20008000                . = (. + 0x800)
 *fill*         0x20007800      0x800 
                0x00000001                ASSERT ((__cy_stack_limit >= __cy_heap_limit), region RAM overflowed with stack)
                0x00000000                cy_checksum_exclude_size = (CY_APPL_LOADABLE == 0x1)?SIZEOF (.cy_checksum_exclude):0x0
                0x00000001                ASSERT ((cy_checksum_exclude_size <= CY_CHECKSUM_EXCLUDE_SIZE), CY_BOOT: Section .cy_checksum_exclude size exceedes specified limit.)

.cyloadermeta
 *(.cyloadermeta)

.cyloadablemeta
 *(.cyloadablemeta)

.cyconfigecc    0x80000000      0xda4
 *(.cyconfigecc)
 .cyconfigecc   0x80000000      0xda4 .\CortexM3\ARM_GCC_541\Debug\cymetadata.o
                0x80000000                cy_meta_configecc

.cycustnvl      0x90000000        0x4
 *(.cycustnvl)
 .cycustnvl     0x90000000        0x4 .\CortexM3\ARM_GCC_541\Debug\cymetadata.o
                0x90000000                cy_meta_custnvl

.cywolatch      0x90100000        0x4
 *(.cywolatch)
 .cywolatch     0x90100000        0x4 .\CortexM3\ARM_GCC_541\Debug\cymetadata.o
                0x90100000                cy_meta_wonvl

.cyeeprom       0x90200000        0x0
 *(.cyeeprom)
                0x00000001                ASSERT ((. <= ((0x90200000 + ee_offset) + ee_size)), .cyeeprom data will not fit in EEPROM)

.cyflashprotect
                0x90400000      0x100
 *(.cyflashprotect)
 .cyflashprotect
                0x90400000      0x100 .\CortexM3\ARM_GCC_541\Debug\cymetadata.o
                0x90400000                cy_meta_flashprotect

.cymeta         0x90500000        0xc
 *(.cymeta)
 .cymeta        0x90500000        0xc .\CortexM3\ARM_GCC_541\Debug\cymetadata.o
                0x90500000                cy_metadata

.rel.dyn        0x00006fe0        0x0 load address 0x9050000c
 .rel.iplt      0x00006fe0        0x0 c:/program files (x86)/cypress/psoc creator/4.2/psoc creator/import/gnu/arm/5.4.1/bin/../lib/gcc/arm-none-eabi/5.4.1/armv7-m/crtbegin.o

.stab
 *(.stab)

.stabstr
 *(.stabstr)

.debug
 *(.debug)

.line
 *(.line)

.debug_srcinfo
 *(.debug_srcinfo)

.debug_sfnames
 *(.debug_sfnames)

.debug_aranges  0x00000000     0x13d8
 *(.debug_aranges)
 .debug_aranges
                0x00000000       0x48 .\CortexM3\ARM_GCC_541\Debug\main.o
 .debug_aranges
                0x00000048       0x38 .\CortexM3\ARM_GCC_541\Debug\colour.o
 .debug_aranges
                0x00000080       0x38 .\CortexM3\ARM_GCC_541\Debug\ultrasonic.o
 .debug_aranges
                0x000000b8       0xb0 .\CortexM3\ARM_GCC_541\Debug\dcmotor.o
 .debug_aranges
                0x00000168       0x68 .\CortexM3\ARM_GCC_541\Debug\servo.o
 .debug_aranges
                0x000001d0       0x20 .\CortexM3\ARM_GCC_541\Debug\customMath.o
 .debug_aranges
                0x000001f0       0x58 .\CortexM3\ARM_GCC_541\Debug\cyfitter_cfg.o
 .debug_aranges
                0x00000248       0x18 .\CortexM3\ARM_GCC_541\Debug\cymetadata.o
 .debug_aranges
                0x00000260       0x48 .\CortexM3\ARM_GCC_541\Debug\Cm3Start.o
 .debug_aranges
                0x000002a8       0x50 .\CortexM3\ARM_GCC_541\Debug\Group17Robot.a(TIA_1.o)
 .debug_aranges
                0x000002f8      0x2a0 .\CortexM3\ARM_GCC_541\Debug\Group17Robot.a(CyLib.o)
 .debug_aranges
                0x00000598       0x98 .\CortexM3\ARM_GCC_541\Debug\Group17Robot.a(cyPm.o)
 .debug_aranges
                0x00000630       0xf0 .\CortexM3\ARM_GCC_541\Debug\Group17Robot.a(UART_1.o)
 .debug_aranges
                0x00000720       0x70 .\CortexM3\ARM_GCC_541\Debug\Group17Robot.a(UART_1_IntClock.o)
 .debug_aranges
                0x00000790       0xe8 .\CortexM3\ARM_GCC_541\Debug\Group17Robot.a(ADC.o)
 .debug_aranges
                0x00000878       0x38 .\CortexM3\ARM_GCC_541\Debug\Group17Robot.a(ADC_INT.o)
 .debug_aranges
                0x000008b0       0x70 .\CortexM3\ARM_GCC_541\Debug\Group17Robot.a(ADC_Ext_CP_Clk.o)
 .debug_aranges
                0x00000920       0x80 .\CortexM3\ARM_GCC_541\Debug\Group17Robot.a(ADC_theACLK.o)
 .debug_aranges
                0x000009a0       0x60 .\CortexM3\ARM_GCC_541\Debug\Group17Robot.a(IDAC8_1.o)
 .debug_aranges
                0x00000a00       0x98 .\CortexM3\ARM_GCC_541\Debug\Group17Robot.a(Timer_1.o)
 .debug_aranges
                0x00000a98       0x38 .\CortexM3\ARM_GCC_541\Debug\Group17Robot.a(Trigger_1.o)
 .debug_aranges
                0x00000ad0       0x38 .\CortexM3\ARM_GCC_541\Debug\Group17Robot.a(Trigger_2.o)
 .debug_aranges
                0x00000b08       0x38 .\CortexM3\ARM_GCC_541\Debug\Group17Robot.a(Trigger_3.o)
 .debug_aranges
                0x00000b40       0x38 .\CortexM3\ARM_GCC_541\Debug\Group17Robot.a(Trigger_4.o)
 .debug_aranges
                0x00000b78       0x38 .\CortexM3\ARM_GCC_541\Debug\Group17Robot.a(Trigger_5.o)
 .debug_aranges
                0x00000bb0       0x28 .\CortexM3\ARM_GCC_541\Debug\Group17Robot.a(Ultrasonic_Mux_Control.o)
 .debug_aranges
                0x00000bd8       0xa8 .\CortexM3\ARM_GCC_541\Debug\Group17Robot.a(Motor_2_driver.o)
 .debug_aranges
                0x00000c80       0xa8 .\CortexM3\ARM_GCC_541\Debug\Group17Robot.a(Motor_1_driver.o)
 .debug_aranges
                0x00000d28       0x98 .\CortexM3\ARM_GCC_541\Debug\Group17Robot.a(Motor_2_Encoder_Counts.o)
 .debug_aranges
                0x00000dc0       0x98 .\CortexM3\ARM_GCC_541\Debug\Group17Robot.a(Motor_1_Encoder_Counts.o)
 .debug_aranges
                0x00000e58       0x78 .\CortexM3\ARM_GCC_541\Debug\Group17Robot.a(Gripper_Servo_PWM.o)
 .debug_aranges
                0x00000ed0       0x78 .\CortexM3\ARM_GCC_541\Debug\Group17Robot.a(Rack_Servo_PWM.o)
 .debug_aranges
                0x00000f48       0x28 .\CortexM3\ARM_GCC_541\Debug\Group17Robot.a(control_led.o)
 .debug_aranges
                0x00000f70       0x80 .\CortexM3\ARM_GCC_541\Debug\Group17Robot.a(Start.o)
 .debug_aranges
                0x00000ff0       0x80 .\CortexM3\ARM_GCC_541\Debug\Group17Robot.a(Sonic.o)
 .debug_aranges
                0x00001070       0x38 .\CortexM3\ARM_GCC_541\Debug\Group17Robot.a(Gripper_Servo_Disable.o)
 .debug_aranges
                0x000010a8       0x80 .\CortexM3\ARM_GCC_541\Debug\Group17Robot.a(Encoder_Counts_1_Interrupt.o)
 .debug_aranges
                0x00001128       0x80 .\CortexM3\ARM_GCC_541\Debug\Group17Robot.a(Encoder_Counts_2_Interrupt.o)
 .debug_aranges
                0x000011a8       0x88 .\CortexM3\ARM_GCC_541\Debug\Group17Robot.a(Drift_Check_Timer.o)
 .debug_aranges
                0x00001230       0x80 .\CortexM3\ARM_GCC_541\Debug\Group17Robot.a(Drift_Check_Interrupt.o)
 .debug_aranges
                0x000012b0       0x20 .\CortexM3\ARM_GCC_541\Debug\Group17Robot.a(CyBootAsmGnu.o)
 .debug_aranges
                0x000012d0       0x88 .\CortexM3\ARM_GCC_541\Debug\Group17Robot.a(CyFlash.o)
 .debug_aranges
                0x00001358       0x80 .\CortexM3\ARM_GCC_541\Debug\Group17Robot.a(CySpc.o)

.debug_pubnames
 *(.debug_pubnames)

.debug_info     0x00000000     0xa79b
 *(.debug_info .gnu.linkonce.wi.*)
 .debug_info    0x00000000      0x911 .\CortexM3\ARM_GCC_541\Debug\main.o
 .debug_info    0x00000911      0x52d .\CortexM3\ARM_GCC_541\Debug\colour.o
 .debug_info    0x00000e3e      0x57e .\CortexM3\ARM_GCC_541\Debug\ultrasonic.o
 .debug_info    0x000013bc      0xbfd .\CortexM3\ARM_GCC_541\Debug\dcmotor.o
 .debug_info    0x00001fb9      0x54f .\CortexM3\ARM_GCC_541\Debug\servo.o
 .debug_info    0x00002508       0x61 .\CortexM3\ARM_GCC_541\Debug\customMath.o
 .debug_info    0x00002569      0x62c .\CortexM3\ARM_GCC_541\Debug\cyfitter_cfg.o
 .debug_info    0x00002b95      0x139 .\CortexM3\ARM_GCC_541\Debug\cymetadata.o
 .debug_info    0x00002cce      0x3bb .\CortexM3\ARM_GCC_541\Debug\Cm3Start.o
 .debug_info    0x00003089      0x1d6 .\CortexM3\ARM_GCC_541\Debug\Group17Robot.a(TIA_1.o)
 .debug_info    0x0000325f     0x1374 .\CortexM3\ARM_GCC_541\Debug\Group17Robot.a(CyLib.o)
 .debug_info    0x000045d3      0xa2a .\CortexM3\ARM_GCC_541\Debug\Group17Robot.a(cyPm.o)
 .debug_info    0x00004ffd      0x60c .\CortexM3\ARM_GCC_541\Debug\Group17Robot.a(UART_1.o)
 .debug_info    0x00005609      0x283 .\CortexM3\ARM_GCC_541\Debug\Group17Robot.a(UART_1_IntClock.o)
 .debug_info    0x0000588c      0xb94 .\CortexM3\ARM_GCC_541\Debug\Group17Robot.a(ADC.o)
 .debug_info    0x00006420       0xd3 .\CortexM3\ARM_GCC_541\Debug\Group17Robot.a(ADC_INT.o)
 .debug_info    0x000064f3      0x283 .\CortexM3\ARM_GCC_541\Debug\Group17Robot.a(ADC_Ext_CP_Clk.o)
 .debug_info    0x00006776      0x2c4 .\CortexM3\ARM_GCC_541\Debug\Group17Robot.a(ADC_theACLK.o)
 .debug_info    0x00006a3a      0x20a .\CortexM3\ARM_GCC_541\Debug\Group17Robot.a(IDAC8_1.o)
 .debug_info    0x00006c44      0x328 .\CortexM3\ARM_GCC_541\Debug\Group17Robot.a(Timer_1.o)
 .debug_info    0x00006f6c      0x11f .\CortexM3\ARM_GCC_541\Debug\Group17Robot.a(Trigger_1.o)
 .debug_info    0x0000708b      0x11f .\CortexM3\ARM_GCC_541\Debug\Group17Robot.a(Trigger_2.o)
 .debug_info    0x000071aa      0x11f .\CortexM3\ARM_GCC_541\Debug\Group17Robot.a(Trigger_3.o)
 .debug_info    0x000072c9      0x11f .\CortexM3\ARM_GCC_541\Debug\Group17Robot.a(Trigger_4.o)
 .debug_info    0x000073e8      0x11f .\CortexM3\ARM_GCC_541\Debug\Group17Robot.a(Trigger_5.o)
 .debug_info    0x00007507       0xd6 .\CortexM3\ARM_GCC_541\Debug\Group17Robot.a(Ultrasonic_Mux_Control.o)
 .debug_info    0x000075dd      0x3a0 .\CortexM3\ARM_GCC_541\Debug\Group17Robot.a(Motor_2_driver.o)
 .debug_info    0x0000797d      0x3a0 .\CortexM3\ARM_GCC_541\Debug\Group17Robot.a(Motor_1_driver.o)
 .debug_info    0x00007d1d      0x344 .\CortexM3\ARM_GCC_541\Debug\Group17Robot.a(Motor_2_Encoder_Counts.o)
 .debug_info    0x00008061      0x344 .\CortexM3\ARM_GCC_541\Debug\Group17Robot.a(Motor_1_Encoder_Counts.o)
 .debug_info    0x000083a5      0x281 .\CortexM3\ARM_GCC_541\Debug\Group17Robot.a(Gripper_Servo_PWM.o)
 .debug_info    0x00008626      0x281 .\CortexM3\ARM_GCC_541\Debug\Group17Robot.a(Rack_Servo_PWM.o)
 .debug_info    0x000088a7       0xd6 .\CortexM3\ARM_GCC_541\Debug\Group17Robot.a(control_led.o)
 .debug_info    0x0000897d      0x2d2 .\CortexM3\ARM_GCC_541\Debug\Group17Robot.a(Start.o)
 .debug_info    0x00008c4f      0x2d2 .\CortexM3\ARM_GCC_541\Debug\Group17Robot.a(Sonic.o)
 .debug_info    0x00008f21      0x11f .\CortexM3\ARM_GCC_541\Debug\Group17Robot.a(Gripper_Servo_Disable.o)
 .debug_info    0x00009040      0x2d2 .\CortexM3\ARM_GCC_541\Debug\Group17Robot.a(Encoder_Counts_1_Interrupt.o)
 .debug_info    0x00009312      0x2d2 .\CortexM3\ARM_GCC_541\Debug\Group17Robot.a(Encoder_Counts_2_Interrupt.o)
 .debug_info    0x000095e4      0x291 .\CortexM3\ARM_GCC_541\Debug\Group17Robot.a(Drift_Check_Timer.o)
 .debug_info    0x00009875      0x2d2 .\CortexM3\ARM_GCC_541\Debug\Group17Robot.a(Drift_Check_Interrupt.o)
 .debug_info    0x00009b47       0xb7 .\CortexM3\ARM_GCC_541\Debug\Group17Robot.a(CyBootAsmGnu.o)
 .debug_info    0x00009bfe      0x64d .\CortexM3\ARM_GCC_541\Debug\Group17Robot.a(CyFlash.o)
 .debug_info    0x0000a24b      0x550 .\CortexM3\ARM_GCC_541\Debug\Group17Robot.a(CySpc.o)

.debug_abbrev   0x00000000     0x312d
 *(.debug_abbrev)
 .debug_abbrev  0x00000000      0x134 .\CortexM3\ARM_GCC_541\Debug\main.o
 .debug_abbrev  0x00000134      0x15a .\CortexM3\ARM_GCC_541\Debug\colour.o
 .debug_abbrev  0x0000028e      0x156 .\CortexM3\ARM_GCC_541\Debug\ultrasonic.o
 .debug_abbrev  0x000003e4      0x1e9 .\CortexM3\ARM_GCC_541\Debug\dcmotor.o
 .debug_abbrev  0x000005cd      0x149 .\CortexM3\ARM_GCC_541\Debug\servo.o
 .debug_abbrev  0x00000716       0x48 .\CortexM3\ARM_GCC_541\Debug\customMath.o
 .debug_abbrev  0x0000075e      0x20d .\CortexM3\ARM_GCC_541\Debug\cyfitter_cfg.o
 .debug_abbrev  0x0000096b       0x77 .\CortexM3\ARM_GCC_541\Debug\cymetadata.o
 .debug_abbrev  0x000009e2      0x1e8 .\CortexM3\ARM_GCC_541\Debug\Cm3Start.o
 .debug_abbrev  0x00000bca       0xf7 .\CortexM3\ARM_GCC_541\Debug\Group17Robot.a(TIA_1.o)
 .debug_abbrev  0x00000cc1      0x254 .\CortexM3\ARM_GCC_541\Debug\Group17Robot.a(CyLib.o)